Re, Hh^Qhh, Hh^Qhh, Hh^Qhh, Hh^Qhh, Hh^Qhh, Hh^Qhhf, Hh^Qhh, Hh^Fds, Hh, Hh, Hh, Hh^Fds, Gg, Hh, Gg, Gg^Qhh, Gg^Qhh, Hh^Fp, Gg, Md, Gg, Md, Wwg, Hh, Md, Md, Gg, Hh
Gg^Qhhf, Re, Re, Hh^Qhh, Hh^Qhh, Hh^Qhhf, Hh^Qhhf, Hh^Fds, Gg^Fp, Gg, Gg, Hh^Fds, Hh^Fds, Hh, Hh, Hh^Qhh, Hh^Fds, Hh^Fds, Hh^Fms, Hh, Hh^Fms, Md, Wwg, Wwg, Hh, Md, Gg^Fp, Hh^Fp, Gg^Fp
Gs^Fds, Gg^Qhhf, Gg^Qhhf, Rp, Re, Hh^Qhh, Rp, Gg^Fds, Gg^Fds, Gs^Es, Gg, Gg^Fds, Gg^Fms, Gg^Fms, Gg^Dr, Gg^Qhh, Gg^Fp, Hh, Hh^Fp, Gg, Hh^Fms, Hh^Fms, Wwrg, Hh, Hh^Fds, Hh, Hh, Hh^Fp, Gg
Ss, Gs^Qhhf, Gg^Fms, Gg^Qhhf, Gg^Qhh, Rp, Chr, Rp, Re, Gg^Fds, Gg^Wm, Gs, Gs^Fds, Gg^Efm, Gs^Efm, Gg^Qhh, Gg, Gg, Hh, Hh, Hh^Fds, Hh, Gs, Wwrg, Gs^Fms, Gs^Fetd, Hh, Gg, Gg
Sm, Gs^Fds, Gs, Gs^Qhh, Hh^Qhh, Chr, Hh, Gg, Gg, Re, Re, Re, Re, Gs, Gg^Fds, Gg^Qhh, Rb, Hh, Rb, Md, Rb, Rb, Wwrg, Wwg, Gs, Gg^Fms, Gg, Hh^Fms, Hh
Ss, Ss, Gs, Gs, Gg^Qhu, Hh, Gs, Gs^Efm, Hh, Gg, Gg, Gg^Efm, Gg^Efm, Rp, Rp, Rb^Qhh, Gg^Qhh, Rb, Md, Rb^Es, Gs^Fds, Gs^Fms, Wwrg, Hh, Gg^Efm, Gg^Efm, Gg, Hh, Hh
Sm, Ss^Ft, Ss, Gs^Ft, Gs^Qhu, Gg, Ds, Gg^Fds, Hh^Fds, Hh, Hh^Vhh, Gg^Efm, Gg, Gs^Vh, Rp, Gg^Efm, Gg^Dr, Gs^Qhh, Hh^Qhh, Hh, Gs, Hh, Wwg, Rb, Gs^Fms, Gg, Gs^_mh, Gg, Gg
Sm, Sm, Sm^Ft, Ww^Wkf, Ww^Qhu, Ww, Ww, Ds^Ewsh, Ds, Md, Hh, Hh, Hh, Gg, Re, Gg, Gg^Fds, Gg^Dr, Ds, Hh^Qhh, Gs^Qhh, Wwrg, Hh, Rb^Efm, Gs^Fds, Gs^Fds, Gs^Fds, Gg, Gg^Qhh
Sm, Sm^Ewl, Gs^Ft, Gs^Qhu, Gg, Gg, Gg^Efm, Ww, Ww, Ds, Hh, Hh^Fds, Hh, Hh, Re, Gg, Ds, Ds, Ww, Ww, Ww, Wwg^Qhh, Gg^Qhh, Rb^Qhh, Rb^Qhh, Gs^Vl, Rb^Qhh, Gg^Qhh, Wwr
Ss, Sm^Ewf, Gs^Es, Gs^Qhu, Gs^Qhu, Gg, Gg, Gg^Efm, Gs^Fds, Ww, Wwr, Hh, Md^Efm, Hh, Re, Hh, Ww, Ww, Gg^Qhh, Md^Qhh, Hh^Qhh, Ww, Ww, Ww, Ww, Rb^Qhh, Wwr, Wwr, Gg^Qhh
Sm, Ss, Ss, Gll^Ftr, Gll^Ftr, Gg^Qhu, Gg, Gs^Fds, Gg^Fet, Gs^Fms, Hh^Fds, Wwr, Ww, Gg, Wwf, Wwf, Gg^Qhh, Hh^Qhh, Gg^Fms, Hh^Fms, Gg^Fms, Hh^Qhh, Gg^Qhh, Gg^Qhh, Gg^Qhh, Ww, Gg^Qhh, Gg^Qhh, Gg
Sm, Sm, Sm^Ewl, Ss^Ft, Ww^Wkf, Ww^Qhu, Ww, Gg^Edp, Gs^Edp, Hh^Fds, Md, Gs^Fds, Ww, Wwf, Re^Qhh, Gg^Qhh, Gs^Fds, Gg^Efm, Hh, Gg^Efm, Gg^Es, Gs, Gs^Fds, Gg, Hh, Gg^Qhh, Gs^Fds, Gs^Fds, Gs^Fds
Sm, Sm, Sm, Ss, Gs^Efm, Gs^Qhu, Gg, Ww, Ww, Gs, Ww, Ww, Gg^Qhh, Ch^Qhh, Re, Gg, Gg^Fms, Hh^Fms, Gg^Efm, Gs, Hh, Gs^Fms, Gg^_mh, Hh, Hh^Fms, Gs^Efm, Gg^Efm, Gs^Fms, Gs^Fds
Ss, Gs^Es, Gs, Gs, Gs, Gs^Qhu, Gg^Fms, Gg^Fds, Ww, Wwr, Gg^Qhh, Md^Qhh, Hh, Gs, Gg, Re, Re, Hh, Gg^Eff, Gg^Eff, Gs^Eff, Gg, Re, Gg, Re^Vwm, Gg, Gg^Fms, Gg, Gg^Eff
Gg, Ss^Ewf, Ss, Ss^Ft, Gs^Ft, Gs^Qhu, Gg^Efm, Gg^Fds, Ww, Gg^Qhh, Gs^Fms, Hh^Fms, Hh^Efm, Gg^Efm, Hh, Gg, Gs^Ebn, Re^Eff, Re^Eff, Gs^Vh, Re, Re, Gg^Fds, Re, Hh, Gg^Fms, Gg^Eff, Gg^Eff, Gg^Gvs
Sm, Ss^Vhs, Sm, Sm^Ewl, Ww^Wkf, Gs^Qhu, Gg, Gg, Ww, Gg^Qhh, Gg, Gs^Efm, Gg^Efm, Gg, Re, Hh, Rp, Re, Ce, Rp, Rp, Gg^Fms, Gg^Fds, Gg, Gs^Eff, Gg^Eff, Gg^Gvs, Gg^Gvs, Rb^Gvs
Sm, Sm, Sm^Ewf, Sm, Gs, Ww^Qhu, Ww, Gg^Efm, Ww, Gg^Qhh, Gs^Fms, Hh, Rp, Re, Re, Re, Gg, Ce, Ke, Ce, Rp, Re, Gg, Gg, Gg^Eff, Gs^Eff, Rb^Gvs, Rb^Gvs, Gg
Ss, Ss, Ss, Gs^Efm, Gg^Qhu, Gg^Qhu, Gg, Ww^Wkf, Gg^Qhh, Gg^Qhh, Re, Re, Gs, Gs^Vh, Hh, Re, Gg, Ce, Ce, Ce, Re, Re, Gg^Eff, Gg^Eff, Rb^Gvs, Rb^Gvs, Gg^Gvs, Gg^Gvs, Rb^Gvs
Ss, Ss^Ewl, Gs^_ml, Gs, Gg^Qhu, Gg^Efm, Gg^Fms, Gg^Dr, Gg^Qhh, Re, Gs^Vh, Gs^Fds, Gs, Gg, Gg^Fms, Re, Gs^Fds, Gs^Fds, Gg, Gg, Gs^Vh, Re, Gg, Gg^Eff, Gg, Gg^Gvs, Rb^Gvs, Rb^Gvs, Gg^Gvs
Gg, Ss, Gs^Qhu, Gs^Qhu, Gg, Gg^Fms, Gg, Gg, Re^Qhh, Re, Gg, Gg, Gg, Gs^Fms, Gg, Re, Re, Gg, Gg, Gg^Dr, Ww, Re, Re^Fms, Gg, Gg^Fms, Gg^Eff, Gg^Eff, Gg^Gvs, Gg
