Sm, Ss, Ss, Aa, Aa, Aa^Qhu, Aa, Aa^Fda, Aa^Feta, Aa^Fda, Aa^Fda, Ai, Ai, Aa, Ai, Ai, Aa^Qhh, Ha^Qhh, Aa^Qhhf, Ha^Fda, Aa^Fda, Ha^Qhh, Aa^Qhh, Aa^Qhh, Aa^Qhh, Ai, Aa^Qhh, Aa^Qhh, Aa
Sm, Sm, Sm^Ewf, Ss, Ww^Wkf, Ww^Qhu, Ww, Aa, Aa, Aa^Fda, Aa, Aa^Fda, Ai, Ai, Rb^Qhh, Aa^Qhh, Aa^Fda, Aa^Efm, Ha, Aa^Efm, Aa^Es, Aa, Aa^Fda, Aa, Ha, Aa^Qhh, Aa^Fda, Aa^Fda, Aa^Fda
Sm, Sm, Sm, Ss, Aa^Efm, Aa^Qhu, Aa, Ww, Ai, Aa, Ai, Ai, Aa^Qhh, Cha^Qhh, Rb, Aa, Aa^Fda, Ha^Fda, Aa^Efm, Aa, Ha, Ha^Fda, Aa, Ha, Ha^Fda, Aa^Efm, Aa^Efm, Aa^Fda, Aa^Fda
Ss, Aa^Es, Aa^Fda, Aa, Aa^Esa, Aa^Qhu, Aa^Fda, Aa^Fda, Ww, Ai, Aa^Qhh, Ms^Qhh, Ha, Aa, Aa, Re, Re, Ha, Aa^Eff, Aa^Eff, Aa^Eff, Aa, Re, Aa, Re^Vwm, Aa, Aa^Fda, Aa, Aa^Eff
Gg, Ss, Ss, Ss^Fda, Aa, Aa^Qhu, Aa^Efm, Aa^Fda, Ai, Aa^Qhh, Aa^Fda, Ha^Fda, Ha^Efm, Aa^Efm, Ha, Aa^Esa, Aa^Ebn, Re^Eff, Re^Eff, Aa^Vha, Re, Re, Aa^Fda, Re, Ha, Aa^Fda, Aa^Eff, Aa^Eff, Rb^Gvs
Sm, Ss^Vhs, Sm^Bw\r, Sm^Ewl, Ww^Wkf, Aa^Qhu, Aa, Aa^Esa, Ai^Esa, Aa^Qhh, Aa, Aa^Efm, Aa^Efm, Aa, Re^Esa, Ha, Rp, Re, Cha, Rp, Rp, Aa^Fda, Aa^Fda, Aa, Aa^Eff, Aa^Eff, Re^Gvs, Rb^Gvs, Rb^Gvs
Sm, Sm, Sm, Sm, Ai, Ww^Qhu, Ww, Aa^Esa, Ai, Aa^Qhh, Aa^Fda, Ha, Rp, Re, Re, Re, Aa^Fda, Cha, Kea, Cea, Rp, Re^Esa, Aa, Aa, Aa^Eff, Aa^Eff, Re^Gvs, Re^Gvs, Re
Ss, Ss, Ss, Ai, Aa^Qhu, Aa^Qhu, Aa, Ai, Aa^Qhh, Aa^Qhh, Rb, Re, Aa, Aa^Vha, Ha, Re, Aa^Fda, Cea, Cea, Cea, Re, Re, Aa^Eff, Aa^Eff, Rb^Gvs, Rb^Gvs, Rb^Gvs, Re^Gvs, Re^Gvs
Ss, Ss, Aa^Esa, Ai^Esa, Aa^Qhu, Aa^Efm, Aa^Fda, Aa^Dr, Aa^Qhh, Rb, Aa^Vha, Aa^Fda, Aa, Aa, Aa^Fda, Re, Aa^Fda, Aa^Fda, Aa, Aa, Aa^Vha, Re, Aa, Aa^Eff, Rb, Rb^Gvs, Rb^Gvs, Rb^Gvs, Re^Gvs
Sm, Ss, Aa^Qhu, Aa^Qhu, Aa^Fda, Aa^Fda, Ha^Fda, Aa^Esa, Re^Qhh, Rb, Re^Esa, Aa, Aa, Aa^Fda, Aa^Fda, Re, Re, Re, Re, Aa^Dr, Ai, Re, Re, Rb, Aa^Fda, Aa^Eff, Aa^Eff, Re^Gvs, Re^Gvs
Ai, Ss, Aa^Qhu, Aa, Aa^Es, Ha^Feta, Ha^Fda, Aa, Aa^Qhh, Aa, Aa^Esa, Re^Esa, Re, Aa, Aa, Aa, Aa, Aa^Vha, Re^Efm, Re, Wo, Ai, Ha, Rb, Re, Re, Aa^Vha, Aa^Eff, Aa^Eff
Sm, Aa^Esa, Aa^Qhu, Aa, Ha, Ha^Fda, Aa^Fda, Aa, Aa^Qhh, Aa, Aa, Aa^Esa, Re, Re^Wm, Aa, Aa^Esa, Ai, Ai, Ai^Bw|r, Ai, Ai, Ai, Aa, Aa, Re, Aa, Aa, Aa^Esa, Aa^Esa
Sm, Sm^Ewl, Aa^Qhu, Aa, Aa, Ha^Fda, Aa^Esa, Aa, Aa, Aa^Qhh, Aa^Qhh, Aa, Re, Aa, Ai, Aa^Fda, Ai, Aa^Fda, Re, Aa, Aa^Vha, Aa^Ecf, Aa^Fda, Aa^Fda, Re, Aa^Es, Aa, Aa^Esa, Aa
Aa, Sm, Sm, Aa^Qhu, Aa^Qhu, Aa, Aa, Aa^Esa, Aa, Ha, Aa^Qhh, Aa^Es, Ai, Ai^Bw\r, Rb, Ai, Ha, Ha^Esa, Aa^Esa, Re^Esa, Re, Re, Re, Re, Re^Esa, Aa, Aa^Efm, Aa^Efm, Aa^Efm
Ss, Sm, Aa^Es, Aa, Aa^Fda, Aa^Qhu, Ww^Qhu, Aa, Aa, Ha, Ha, Aa^Qhh, Ai, Aa^Vha, Rb, Rb^Esa, Re^Esa, Ha, Aa, Aa, Aa^Es, Aa^Fda, Re, Aa^Esa, Rb^Esa, Aa^_mh, Aa^Efm, Aa^Efm, Aa
Aa, Ss, Sm, Sm, Sm, Sm, Aa^Fda, Ww^Qhu, Ww, Aa, Aa^Esa, Ai^Qhh, Aa^Qhhf, Aa^Qhhf, Re, Aa^Fda, Aa, Re^Esa, Re, Aa, Re, Re, Aa^Es, Rb, Rb, Aa, Aa, Aa^Fda, Aa^Fda
Rb^Esa, Ss, Ss, Ss^_ml, Ss, Aa^Fda, Aa^Fda, Aa^Qhuf, Aa^Fda, Ai^Esa, Ai, Ai, Aa^Qhhf, Re^Esa, Aa^Efm, Aa^Efm, Aa^Efm, Aa, Aa, Re, Cea, Aa, Aa, Aa, Re, Aa^Ecf, Aa^Fda, Aa^Fda, Ai
Rb^Esa, Aa^Esa, Ss, Ss, Aa, Aa^Fda, Aa, Aa^Qhuf, Aa^Qhuf, Aa^Vla, Re^Esa, Re, Re^Esa, Rb^Qhh, Aa^Qhhf, Aa, Aa^Efm, Aa^Esa, Aa^Esa, Cea, Kea, Aa, Aa^Fda, Aa, Aa^Vha, Aa, Ai, Ai, Aa
Ss, Ss, Rb, Aa, Sm, Aa^Esa, Aa^Qhu, Aa^Qhu, Aa, Aa^Eff, Aa^Eff, Aa^Eff, Aa^Fda, Aa^Qhhf, Aa^Qhhf, Aa^Qhhf, Aa, Aa^Esa, Aa, Aa, Re, Aa, Aa^Fda, Aa^Fda, Aa, Aa^Es, Aa, Aa^Esa, Aa^Esa
Aa, Ss, Sm, Sm, Ai, Ai, Aa^Qhu, Aa, Aa, Aa, Aa^Esa, Aa^Esa, Aa^Fda, Aa^Fda, Aa^Qhh, Aa^Qhh, Aa^Qhh, Aa^Es, Aa, Aa, Re, Aa, Aa^Qhh, Aa, Aa^Qhh, Aa^Qhh, Aa^Qhh, Aa^Esa, Aa
Re, Sm, Aa, Sm, Ss, Ai, Aa^Fda, Aa^Qhu, Aa^Qhu, Aa^Esa, Aa, Aa^Esa, Aa, Aa^Fda, Aa, Aa, Aa, Aa^Qhh, Aa^Qhh, Re, Aa^Qhh, Aa^Qhh, Aa, Aa^Qhh, Aa, Aa, Aa, Aa^Qhh, Aa^Qhh
Rb, Sm^Bw\r, Ss^Vhs, Ss^Bw/r, Sm^Bw\r, Aa^Fda, Aa^Fda, Aa, Ww, Aa^Qhu, Aa^Qhu, Aa, Aa^Esa, Aa^Esa, Aa^Es, Aa, Ai, Aa, Re, Re^Qhh, Aa, Aa, Re, Aa, Re, Re, Re^Esa, Aa, Aa
Ai, Sm, Sm, Ss, Aa^Es, Sm, Sm, Sm, Ai, Ww, Ww^Qhu, Ww, Ai, Aa^Esa, Aa, Aa, Ai, Ai, Aa^Esa, Re, Re, Re, Aa, Re, Aa^Dr, Aa, Aa^Esa, Re^Esa, Re
Rb, Ss, Rb, Sm, Sm, Sm, Ss, Aa, Aa^Esa, Ww, Aa^Qhuf, Aa^Es, Aa, Ai, Ww, Aa, Ai, Aa^Esa, Re, Re, Ww, Aa^Es, Ww, Aa, Ai, Aa, Ai, Ai, Ai
Rb, Rb, Ss, Rb, Aa, Aa, Aa^Fda, Aa, Aa^Fda, Aa, Aa^Qhuf, Aa, Aa, Aa, Aa, Ai, Aa, Ww, Ai, Ww^Bw\, Aa, Ww, Ww, Ai, Aa^Esa, Ai, Aa, Aa, Ha
Aa^Fda, Aa^Esa, Ss, Ss, Ss, Ss, Aa^Esa, Aa^Fda, Aa^Qhuf, Aa^Qhuf, Aa, Aa, Aa^Fda, Aa^Es, Aa^Fda, Aa, Aa, Aa, Ai, Aa^Fda, Aa^Fda, Aa^Vla, Aa^Feta, Ww, Aa, Aa^Esa, Aa^Esa, Ha^Fda, Aa
Aa^Fda, Aa^Fda, Rb^Fda, Aa^Esa, Sm, Ss, Aa^Esa, Aa^Esa, Aa^Qhuf, Aa, Aa^Fda, Aa^Fda, Aa^Esa, Aa^Fda, Aa^Esa, Aa^Fda, Aa, Ai, Ww, Ai, Wo, Aa^Fpa, Aa^Fpa, Ww, Aa, Aa^Esa, Ha^Fda, Ha^Fda, Aa
Aa, Ss, Rb^Esa, Sm, Sm^Ewl, Ai, Ai, Aa^Qhu, Aa, Aa, Aa^Fda, Aa^Fda, Aa^Feta, Aa^Esa, Aa, Aa^Esa, Aa, Aa, Aa, Aa, Aa, Wo, Wo, Wo, Aa, Aa^Fda, Aa, Ha^Fda, Aa^Fda
Ss, Ss, Ss, Sm, Aa, Ai, Ai, Aa^Qhu, Aa, Aa^Esa, Aa^Dr, Aa^Fda, Aa^Fda, Aa^Esa, Aa^Esa, Aa^Esa, Aa, Aa, Aa^Esa, Aa^Esa, Aa^Esa, Aa, Aa, Aa, Aa, Aa, Aa, Aa^Fda, Aa
