Wo^Qhux, Wo^Qhux, Wo^Qhux, Wo^Qhux, Wo^Qhux, Wo^Qhux, Sm^Qhux, Sm^Qhux, Aa, Aa^Esa, Ai^Esa, Ai^Esa, Ww^Esa, Ww^Fda, Aa^Fda, Re, Re, Re, Aa^Fda, Aa^Fda, Sm^Qhux, Aa, Aa, Aa, Ai^Esa, Ai, Aa^Es, Aa, Aa^Esa, Aa^Es, Aa^Es, Aa^Es, Aa^Es, Aa, Ss, Aa^Fda, Aa^Fda, Aa^Fda, Aa^Qhh, Aa^Qhh, Ha^Feta, Ha^Fda, Re, Re^Qhh, Ha, Re^Esa, Re^Esa, Aa, Aa, Aa^Fda, Aa, Re, Aa^Vha, Re, Re, Ai, Ai, Re, Rb, Aa^Fda, Re
Wo^Qhux, Wo^Qhux, Sm^Qhux, Wo^Qhux, Sm^Qhux, Sm^Qhux, Aa^Dr, Aa, Aa, Aa, Aa, Aa^Esa, Aa, Ww, Ss, Aa, Re, Re, Cer, Cer, Sm^Qhux, Sm^Qhux, Ai^Esa, Ai^Esa, Aa^Esa, Aa^Es, Aa^Es, Ai^Esa, Rb, Rb^Esa, Ss, Aa, Ww, Ww, Aa, Aa^Fda, Ss, Aa^Fda, Aa^Qhh, Aa, Ha^Fda, Ha^Fda, Re, Ha^Qhh, Ha, Aa^Esa, Aa^Esa, Re, Re^Dr, Aa, Aa^Esa, Aa, Ai, Re^Efm, Ai, Wo, Ai, Ha, Aa, Re, Aa
Wo^Qhux, Sm^Qhux, Sm^Qhux, Aa^Fda, Aa^Fda, Aa, Aa^Esa, Aa, Aa, Sm^Qhux, Sm^Qhux, Aa, Ai^Esa, Aa, Ww, Ww, Re, Gd, Cer, Ker, Cer, Gd, Ai, Ai^Dr, Rb, Rb^Esa, Ss, Rb, Rb^Esa, Ss, Ww, Ww^Bw\r, Rb^Esa, Aa^Esa, Sm^Qhux, Aa, Ss, Ss, Aa^Qhh, Ha, Ha^Fda, Rb, Ai, Aa^Qhh, Aa^Qhh, Aa, Aa, Re, Aa, Aa, Aa^Fda, Ai, Aa^Fda, Ai^Bw|r, Aa, Ai, Aa^Es, Aa, Aa^Fda, Re, Aa^Es
Aa, Sm^Qhux, Sm^Qhux, Aa^Fda, Aa^Esa, Sm^Qhux, Sm^Qhux, Rb^Es, Aa, Sm^Qhux, Sm^Qhux, Ss, Aa^Esa, Aa, Re, Ww^Bw/r, Gd, Gd^Esa, Gd, Cer, Rb^Es, Gd, Rb, Rb, Rb^Esa, Ss, Wo^Qhux, Rb, Sm^Qhux, Aa^Esa, Aa^Esa, Ww, Aa, Aa, Aa, Aa^Esa, Gd^Esa, Ss, Ss, Aa^Qhh, Aa^Qhh, Ai^Esa, Ai^Esa, Aa^_mh, Ha, Aa^Qhh, Aa^Es, Re, Ai^Bw\r, Ai, Ai, Ai, Ha^Esa, Re, Re^Esa, Rb^Dr, Re, Aa^Fda, Re, Re, Aa
Aa, Aa, Sm^Qhux, Sm^Qhux, Rb^Esa, Ww^Qhux, Ww^Qhux, Sm^Qhux, Sm^Qhux, Rb^Esa, Gd, Re, Gd, Re, Re, Ww, Sm^Qhux, Gd^Esa, Aa, Aa, Aa, Wo^Qhux, Wo^Qhux, Rb, Sm^Qhux, Aa^Esa, Sm^Qhux, Sm^Qhux, Ss, Sm^Qhux, Ww, Ww, Ww, Ww, Ww, Gd, Gd, Rb, Rb, Rb^Esa, Aa^Fda, Aa^Qhh, Aa^Qhh, Aa^Es, Ha, Aa^Qhh, Aa^Qhh, Ai, Cer, Rb, Rb^Esa, Ha, Ha, Aa^Esa, Aa, Re, Aa^Fda, Re, Aa^Esa, Re^Esa, Aa^_mhh
Ss, Aa, Aa, Rb^Esa, Ss, Ww^Qhux, Aa, Ai^Es, Ai^Bw/r, Re, Aa, Gd, Ss, Gd, Ww, Ww, Ai, Sm^Qhux, Sm^Qhux, Sm^Qhux, Sm^Qhux, Wo^Qhux, Sm^Qhux, Sm^Qhux, Ai, Sm^Qhux, Aa, Aa, Aa, Ai, Ai, Ww, Ai, Ai, Gd^Esa, Gd, Rb^Ecf, Rb, Re, Rb, Sm, Ha, Ha, Aa^Qhh, Aa, Ha, Ai^Qhh, Cer, Cer, Rb, Cer, Re^Esa, Re^Esa, Aa, Aa, Aa^Es, Re, Re, Rb, Rb^Esa, Aa
Ss, Ww, Ww, Rb^Esa, Ss, Re, Rb, Ai^Bw/r, Sm^Qhux, Ai, Sm^Qhux, Aa, Aa, Aa^Es, Aa, Aa^Es, Ai, Sm^Qhux, Sm^Qhux, Sm^Qhux, Re, Sm^Qhux, Re, Rb^Esa, Re, Ai, Gd, Aa, Re, Re, Ss, Ai, Ai, Ai, Ai, Rb, Re, Re, Re, Sm^Qhux, Ww, Aa, Aa^Esa, Aa^Qhh, Ai^Esa, Aa^Esa, Ai, Aa^Qhhf, Cer, Ker, Cer, Aa, Aa, Re, Re, Re, Aa, Aa^Es, Aa, Rb, Aa
Ww, Ww, Aa^Fda, Ss, Ss^Bw/r, Ss^Bw/r, Ss, Ss, Ss, Sm^Qhux, Sm^Qhux, Aa, Wo^Qhux, Wo^Qhux, Ai, Ai, Ai, Ai, Gd, Re, Ss^Es, Re, Gd, Re, Ai, Gd, Sm^Qhux, Sm^Qhux, Sm^Qhux, Rb^Esa, Ss^Bw\r, Ai, Ss^Bw\r, Ss, Rb, Rb, Rb^Esa, Re, Sm^Qhux, Sm^Qhux, Aa^Fda, Ai^Esa, Ww, Ww^Qhh, Aa^Qhh, Ai, Re, Aa^Qhhf, Rb^Qhh, Aa^Efm, Aa, Aa^Efm, Aa^Esa, Aa, Rb^Dr, Rb^Dr, Aa, Aa, Aa, Re, Aa
Rb, Aa^Fda, Rb, Ss^Bw/r, Ss, Ss^Bw\r, Ss^Bw\r, Aa, Sm^Qhux, Aa, Wo^Qhux, Sm^Qhux, Sm^Qhux, Aa, Sm^Qhux, Sm^Qhux, Sm^Qhux, Sm^Qhux, Rb, Re, Ss, Aa, Sm^Qhux, Sm^Qhux, Re, Ai^Es, Sm^Qhux, Ww^Qhux, Ww^Qhux, Ss, Ss, Ss^Bw/r, Ai, Rb, Ss, Rb^Esa, Aa^Esa, Aa^Esa, Rb, Aa^Es, Aa^Fda, Aa^Fda, Aa^Fda, Aa^Fda, Aa^Qhhf, Re^Esa, Aa^Fda, Re^Esa, Aa^Qhhf, Aa^Qhhf, Aa^Qhhf, Aa^Efm, Aa^Esa, Aa^Esa, Aa, Rb^Dr, Aa, Aa^Fda, Aa^Fda, Rb^Dr, Aa^Es
Ss, Rb, Sm^Qhux, Aa, Aa^Fda, Aa^Fda, Aa^Fda, Ss^Vhs, Gd, Sm^Qhux, Wo^Qhux, Wo^Qhux, Sm^Qhux, Sm^Qhux, Sm^Qhux, Sm^Qhux, Rb, Rb, Re, Ss, Gd^Esa, Ss, Ss^Vhs, Re, Re, Sm^Qhux, Aa^Esa, Aa^Esa, Aa^Esa, Sm^Qhux, Ss, Ai, Ai, Ai, Rb, Rb, Aa^Esa, Aa, Aa, Re, Ai, Aa^Es, Aa^Qhh, Aa^Qhhf, Aa^Eff, Rb^Dr, Aa^Eff, Aa^Fda, Aa^Fda, Aa^Qhhf, Aa^Qhh, Aa, Aa^Es, Aa, Aa, Re, Aa, Aa^Fda, Aa, Aa, Aa^Qhh
Sm^Qhux, Sm^Qhux, Sm^Qhux, Sm^Qhux, Aa^Fda, Aa^Fda, Ss, Gd, Rb, Aa, Aa^Esa, Aa, Sm^Qhux, Gll^Feth, Sm^Qhux, Sm^Qhux, Ai, Ai^Esa, Ai^Bw/r, Gd^Esa, Ss, Ss, Ss^Esa, Ss, Ss, Aa^Esa, Aa, Aa, Sm^Qhux, Sm^Qhux, Aa, Rb, Aa^Es, Ai, Rb, Rb, Re, Aa, Aa, Aa, Aa, Ai, Aa^Fda, Aa^Qhh, Aa^Qhh, Aa^Eff, Aa^Esa, Aa^Fda, Aa^Fda, Aa^Qhh, Aa^Es, Aa^Qhh, Aa^Qhh, Aa, Re, Re, Aa^Qhh, Aa^Qhh, Aa^Qhh, Aa^Qhh, Aa
Sm^Qhux, Sm^Qhux, Sm^Qhux, Sm^Qhux, Rb^Fda, Ss, Ss, Ss^Esa, Rb, Rb, Rb, Sm^Qhux, Sm^Qhux, Sm^Qhux, Sm^Qhux, Ai^Esa, Ai, Ai^Bw|r, Aa, Ai, Rb^Esa, Ss, Gd, Ss^Esa, Ai, Ai, Ai^Esa, Aa^Esa, Aa, Aa^Dr, Ai, Aa, Sm^Qhux, Aa, Rb, Rb^Esa, Ss, Sm^Bw\r, Ss^Bw/r, Ss^Bw/r, Sm^Bw\r, Aa^Fda, Aa^Fda, Aa^Esa, Aa, Aa^Qhh, Aa^Qhh, Aa, Aa^Esa, Aa, Aa, Aa, Aa, Aa^Qhh, Re^Qhh, Aa^Qhh, Aa, Aa, Aa, Aa, Re
Sm^Qhux, Sm^Qhux, Ss, Ss, Ss, Ss, Rb, Ss, Ss, Rb, Aa, Sm^Bw\r, Aa, Sm^Qhux, Ss, Ss, Ai, Ai^Bw|r, Aa, Rb, Re, Re, Rb, Ss, Gd, Gd, Aa^Esa, Aa^Esa, Aa, Ai, Ai, Sm^Qhux, Sm^Qhux, Rb, Ss^Vhs, Ss, Ai, Ss, Sm^Qhux, Sm^Qhux, Aa^Es, Re, Re, Aa, Ww, Ww, Ww^Qhh, Aa^Esa, Aa^Esa, Aa^Es, Aa, Ai, Ai, Re, Re, Aa, Re, Re, Re, Re, Aa
Aa^Fda, Aa^Fda, Aa^Fda, Ss, Ss^Vhs, Rb, Ce, Ce, Ss, Ss, Ss, Aa, Rb^Esa, Rb^Esa, Ss, Ss, Rb, Re, Re, Re, Aa, Aa, Aa, Rb, Aa, Rb, Ai^Bw\r, Ai, Ai, Ai, Rb, Re, Ww^Bw\r, Sm^Qhux, Rb, Ss, Sm^Qhux, Sm^Qhux, Rb, Sm^Qhux, Sm^Qhux, Sm^Qhux, Re, Aa, Cer^Es, Ww, Aa^Qhh, Ai, Ai, Aa, Aa, Ai, Aa^Esa, Aa^Esa, Re, Re, Aa^Es, Aa, Aa, Aa^Dr, Aa
Wo^Qhux, Aa^Fda, Sm^Qhux, Ss, Ss, Ss^Bw\r, Rb, Ke, Rb, Ss, Aa, Aa, Aa, Rb, Ss, Rb, Ss, Rb, Ss, Aa, Aa, Aa, Ss, Ai, Aa, Aa, Ai, Ai^Vhs, Ai^Bw\r, Ai^Bw/r, Gll, Re, Ww, Rb, Re, Rb, Sm^Qhux, Sm^Qhux, Ss, Rb, Aa, Rb, Aa^Fda, Cer^Es, Ker, Ai, Aa^Qhh, Aa, Aa, Ww, Ai, Ai, Ww, Re, Ww^Bw\, Ww, Ww, Ww, Ai, Ai, Ai
Sm^Qhux, Wo^Qhux, Sm^Qhux, Sm^Qhux, Aa, Rb, Rb, Rb^Ecf, Re, Rb, Ce, Aa, Aa^Es, Ss, Ss^Bw/r, Ss^Bw|r, Rb, Rb, Ss, Aa, Rb^Esa, Aa, Sm^Qhux, Sm^Qhux, Aa, Aa, Aa, Ai, Ai, Aa, Ww, Ww, Ww, Ww^Dr, Ww, Aa^Fda, Aa, Aa^Esa, Ss, Ss, Ss, Rb, Cer^Es, Cer^Es, Ai, Ai, Aa^Qhh, Aa, Aa^Es, Aa, Aa, Aa, Aa, Ai, Aa^Fda, Aa, Rb^Dr, Ww, Ww, Aa^Esa, Aa^Esa
Wo^Qhux, Sm^Qhux, Aa, Rb, Re, Re, Aa, Rb, Re, Re, Ss, Ss, Aa, Re, Ss, Rb^Esa, Aa^Vha, Aa, Ss, Ss, Aa, Aa, Sm^Qhux, Sm^Qhux, Aa, Aa, Ai, Ai, Aa, Rb^Esa, Aa^Fda, Aa, Aa, Ww, Ww, Aa^Fda, Aa, Aa^Fda, Rb^Fda, Aa^Esa, Sm, Aa^Fda, Aa^Fda, Ww, Aa^Qhh, Aa^Qhh, Aa^Fda, Aa^Fda, Aa^Fda, Aa^Fda, Aa^Fda, Aa, Ai, Ai, Ai, Aa^Fda, Aa^Fpa, Aa^Feta, Ww, Aa, Aa^Esa
Wo^Qhux, Wo^Qhux, Wo^Qhux, Rb, Aa^Fda, Re, Aa^Vha, Aa, Aa^Es, Ss^Bw\r, Ss^Bw\r, Ss^Bw/r, Ai, Ss, Ss, Ss, Aa, Aa, Aa^Es, Ss, Aa, Sm^Qhux, Aa^Fda, Aa^Es, Ai, Ai, Ai, Aa, Rb^Esa, Rb^Fda, Aa, Aa, Aa, Aa^Fda, Ww, Aa, Ww, Ss, Rb^Esa, Sm, Ww, Aa^Fda, Ww, Ww, Aa^Qhh, Aa^Fda, Aa^Fda, Aa^Esa, Aa^Esa, Aa^Esa, Aa^Esa, Aa^Es, Aa, Ww, Aa, Wo, Wo, Aa^Fpa, Wo, Aa, Aa^Fda
Sm^Qhux, Wo^Qhux, Sm^Qhux, Aa^Fda, Sm^Qhux, Aa, Sm^Qhux, Aa^Esa, Ss, Ss^Es, Ss, Ss, Ai, Ai, Aa^Es, Ss, Aa^Fda, Sm^Qhux, Ai, Ai, Sm^Qhux, Aa^Fda, Aa^Fda, Aa^Fda, Aa^Fda, Ai, Aa^Fda, Rb^Esa, Aa, Rb^Esa, Aa, Aa^Fda, Aa^Fda, Aa^Es, Aa^Es, Ww, Aa^Fda, Ww, Ww, Ww, Ww, Ww, Aa^Fda, Aa^Qhh, Aa^Esa, Aa^Fda, Aa^Fda, Aa^Feta, Aa^Esa, Aa^Es, Aa^Esa, Aa, Aa, Aa, Aa^Esa, Aa, Aa, Wo, Aa, Aa, Aa
Sm^Qhux, Sm^Qhux, Sm^Qhux, Sm^Qhux, Sm^Qhux, Sm^Qhux, Sm^Qhux, Sm^Qhux, Sm^Qhux, Ss, Ss, Ai, Ai, Aa^Fda, Aa^Fda, Aa^Fda, Aa^Fda, Sm^Qhux, Sm^Qhux, Sm^Qhux, Sm^Qhux, Sm^Qhux, Ai, Aa^Fda, Aa^Fda, Aa^Fda, Aa^Fda, Aa^Fda, Ai, Ai, Ai, Aa^Fda, Aa^Fda, Aa, Aa^Fda, Aa, Aa^Fda, Aa^Fda, Ai, Aa, Aa, Aa^Esa, Aa^Dr, Aa^Qhh, Aa^Fda, Aa^Dr, Aa^Esa, Aa^Fda, Ha^Fda, Aa^Esa, Ha^Fda, Aa, Ha^Fda, Aa^Esa, Aa, Aa^Esa, Aa, Aa, Aa, Aa, Aa
