Ss^Qhux, Sm^Qhux, Ss^Qhux, Ss^Qhux, Ss^Qhux, Ss^Qhux, Sm^Qhux, Sm^Qhux, Aa, Aa, Aa, Aa^Esa, Aa^Esa, Aa^Fda, Aa^Fda, Aa^Qhhf, Aa^Qhhf, Aa^Qhhf, Aa^Fda, Aa^Fda, Ss^Qhux, Aa, Aa, Aa, Ai^Esa, Ai, Aa, Aa, Aa, Aa, Ai, Ai, Ai, Ss, Aa^Qhh, Aa^Qhh, Aa^Qhh, Aa^Qhh, Aa^Qhh, Aa^Qhh
Ss^Qhux, Sm^Qhux, Sm^Qhux, Ss^Qhux, Sm^Qhux, Sm^Qhux, Aa^Dr, Aa, Aa^Es, Aa, Aa, Rb^Esa, Rb^Esa, Aa, Ss, Aa, Aa^Qhh, Aa^Qhh, Aa, Aa, Ss^Qhux, Ss^Qhux, Ai^Esa, Ai^Esa, Aa^Esa, Aa, Aa^Es, Aa^Es, Aa^Es, Aa^Cov, Ss^Cov, Ai, Sm^Cov, Ss, Aa^Qhh, Aa^Esa, Aa^Es, Aa^Fda, Aa^Fda, Aa^Qhh
Ss^Qhux, Ss^Qhux, Sm^Qhux, Aa^Fda, Aa^Fda, Aa, Aa^Esa, Aa, Rb^Esa, Sm^Qhu, Sm^Qhu, Rb^Esa, Ai^Esa, Aa, Ss, Ss, Ss^Bw/r, Ss^Bw/r, Ss^Bw\r, Ss, Ss, Ss^Qhux, Ai, Ai^Esa, Rb, Rb^Es, Ss^Vhs, Aa, Ss, Ss^Cov, Rb^Cov, Ai^Kov, Sm^Cov, Aa, Aa^Qhh, Aa^Fda, Aa^Fda, Aa^Fda, Aa^Fda, Aa^Qhh
Sm^Qhux, Sm^Qhux, Sm^Qhux, Aa^Fda, Rb^Esa, Sm^Qhux, Sm^Qhux, Rb^Es, Rb^Esa, Sm^Qhu, Sm^Qhu, Ss, Aa^Esa, Aa, Ai^Bw/r, Rb^Bw/r, Rb^Esa, Rb^Esa, Ss, Rb^Esa, Rb^Es, Rb^Esa, Ai^Bw/r, Ai^Bw/r, Rb, Ss, Ss, Ss^Bw\r, Rb^Esa, Rb^Esa, Sm, Rb, Sm, Sm, Aa^Qhh, Aa^Fda, Aa^Esa, Aa^Fda, Aa^Esa, Aa^_mhh
Sm^Qhux, Sm^_mll, Sm^Qhux, Sm^Qhux, Rb^Esa, Aa^Qhux, Ss^Qhux, Sm^Qhux, Sm^Qhux, Rb^Esa, Sm^Bw/r, Ss^Bw\r, Aa, Ss^Vhs, Aa, Ai, Sm, Rb^Esa, Aa, Aa, Aa, Rb^Esa, Ai^Esa, Ai, Aa, Aa^Esa, Aa^Esa, Ss, Aa, Rb, Rb, Aa^Esa, Rb, Sm, Sm, Aa^Qhh, Aa^Qhh, Aa^Esa, Aa^Qhh, Aa^Esa
Aa^Qhux, Ss^Qhux, Sm^Qhux, Rb^Esa, Rb^Esa, Ss^Qhux, Aa^Es, Aa^Es, Aa^Bw/r, Sm^Bw/r, Aa, Ss, Ss, Ss, Aa, Aa, Ai, Ss^Qhux, Ss^Qhux, Ss^Qhux, Ss^Qhux, Ss^Qhux, Ss^Qhux, Ai, Ss, Aa^Esa, Ss, Ss, Ss, Aa, Ss, Aa, Ss, Sm, Aa^Es, Aa, Aa, Aa^Qhh, Aa^Qhh, Aa^Qhh
Sm^Qhux, Ss^Qhux, Ss^Qhux, Rb^Esa, Ss^Vhs, Aa, Ss^Bw/r, Aa^Bw/r, Ss^Qhux, Aa, Ss^Qhux, Aa, Aa, Aa^Es, Aa, Aa^Es, Ai, Ss^Qhux, Ss^Qhux, Ss^Qhux, Aa^Es, Ss^Qhux, Aa, Rb^Esa, Rb, Aa, Aa, Ss, Aa, Ss^Bw|r, Aa, Ss, Aa^Es, Ss, Ai, Ai, Ai, Aa, Aa^Fda, Aa^Qhh
Sm^Qhux, Sm^Qhux, Aa^Qhu, Aa, Ss^Qhu, Aa^Bw\r, Aa, Aa, Aa, Ss^Qhux, Ss^Qhux, Aa, Sm^Qhux, Sm^Qhux, Ai, Ai, Ai, Ai, Aa, Ss, Ss, Aa, Aa^Esa, Sm, Re, Rb, Ss, Ss, Aa, Aa, Rb^Fda, Aa, Aa^Fda, Ss, Ss, Ss, Ss, Aa^Fda, Aa^Fda, Aa^Qhh
Sm^Qhux, Aa^Qhu, Aa^Esa, Aa^Esa, Ss^Qhu, Ss^Qhu, Ss^Qhu, Aa, Ss^Qhux, Aa, Ss^Qhux, Sm^Qhux, Ss^Qhux, Aa, Sm^Qhux, Ss^Qhux, Sm^Qhux, Ss^Qhux, Rb, Ss, Ss^Bw/r, Rb, Rb^Esa, Aa, Aa^Esa, Sm, Sm, Aa, Ss, Rb^Esa, Rb^Fda, Rb^Fda, Rb^Esa, Aa, Ss, Ss, Sm, Aa^Fda, Aa, Aa^Qhh
Aa^Qhux, Sm^Qhux, Sm^Qhux, Aa, Rb^Fda, Rb^Fda, Rb^Fda, Aa, Aa, Ss^Qhux, Sm^Qhux, Sm^Qhux, Sm^Qhux, Sm^Qhux, Sm^Qhux, Sm^Qhux, Rb, Rb, Re, Ss^Bw/r, Ss, Ss, Ss, Aa^Esa, Rb^Esa, Rb^Esa, Sm, Ss, Aa, Rb^Esa, Rb^Fda, Rb^Esa, Ss, Ss, Aa, Aa, Sm^Cov, Aa^Esa, Aa^Qhh, Aa^Qhh
Aa^Qhux, Sm^Qhux, Sm^Qhux, Sm^Qhux, Rb^Fda, Rb^Fda, Ss, Aa, Rb^Esa, Aa, Aa^Esa, Aa, Sm^Qhux, Gll^Feth, Sm^Qhux, Sm^Qhux, Aa, Aa, Ss, Ss, Ss, Ss, Aa^Esa, Ss, Ss, Rb, Sm^Bw\r, Sm, Ss, Aa, Aa, Rb, Aa, Ss, Sm, Sm, Ai^Cov, Ai^Kov, Aa^Qhh, Aa^_mhh
Sm^Qhux, Sm^Qhux, Aa^Qhux, Sm^Qhux, Rb^Fda, Ss, Aa^Es, Ss^Esa, Rb^Esa, Rb^Esa, Rb^Esa, Sm^Qhux, Sm^Qhux, Sm^Qhux, Sm^Qhux, Aa, Sm, Aa, Aa, Aa, Ss, Aa^Esa, Aa^Esa, Aa, Sm, Sm, Sm, Re^Bw\r, Aa^Es, Ss, Aa, Rb, Re, Sm, Aa, Sm, Ss, Ai^Cov, Aa^Fda, Aa^Qhh
Sm^Qhux, Sm^Qhux, Aa, Aa, Aa, Ss, Rb, Aa^Esa, Aa^Esa, Rb^Esa, Ss, Sm^Bw\r, Aa, Sm^Qhux, Sm, Sm, Sm, Ss, Ss, Ss, Ai, Ai, Ai^Esa, Aa^Esa, Sm, Rb^Dr, Sm, Aa, Aa, Aa, Ss, Ss, Rb, Sm^Bw\r, Ss^Vhs, Ss^Bw/r, Sm^Bw\r, Aa^Fda, Aa^Fda, Aa
Ss^Qhux, Ss^Qhux, Aa, Aa, Ss^Vhs, Rb, Aa^Es, Aa, Ss, Ss, Ss, Ss, Rb, Rb, Sm, Aa, Aa, Aa^Es, Rb^Esa, Rb^Esa, Ai^Bw\r, Ai^Esa, Aa^Esa, Aa^Esa, Sm, Sm, Ss, Ss, Ss, Ss, Ai, Aa, Ai, Sm, Sm, Ss, Aa^Es, Sm, Sm, Sm
Ss^Qhux, Sm^Qhux, Aa^Esa, Aa, Ss, Ss^Bw\r, Ss^Bw\r, Ss, Rb^Esa, Ss, Ss, Aa, Ss, Rb, Sm, Aa, Sm, Re, Rb^Esa, Ss, Ai^Esa, Ai^Bw\r, Ai^Bw\r, Aa, Ss, Sm, Rb^Esa, Ss, Ss, Ai, Aa, Ai^Esa, Rb, Ss, Aa, Sm, Sm, Sm, Ss, Aa
Sm^Qhux, Ss^Qhux, Aa, Rb^Esa, Aa, Ss, Ss, Rb^Esa, Rb^Esa, Rb^Esa, Ss, Ss, Aa^Es, Ss, Sm^Bw/r, Sm^Bw|r, Rb, Rb^Esa, Ss, Ai, Aa, Aa, Aa^Esa, Ss^Vhs, Ss^Bw\r, Ss^Bw/r, Rb^Esa, Ss^Bw\r, Aa, Re, Re, Re, Rb, Aa, Ss, Aa, Aa^Cov, Aa, Aa^Fda, Aa
Ss^Qhux, Sm^Qhux, Aa, Rb^Esa, Rb^Esa, Ss, Aa, Rb^Esa, Ss^Vhs, Rb^Esa, Ss, Ss, Aa, Rb, Sm, Rb, Rb^Esa, Aa, Ss^Qhux, Ss^Qhux, Sm, Sm^Esa, Sm, Ss, Ss, Ss, Ss, Ss, Aa, Aa^Dr, Ss^Qhu, Rb, Aa^Fda, Aa, Ss, Ss, Ss^Cov, Ss^Cov, Aa^Esa, Aa^Fda
Sm^Qhux, Aa^Qhux, Sm^Qhux, Rb, Aa^Fda, Ss, Aa^Esa, Aa, Aa^Es, Ss^Bw\r, Ai^Bw\r, Ss^Bw/r, Ai, Sm, Sm, Sm, Aa, Aa, Ss^Qhux, Ss^Qhux, Aa, Aa, Ai, Sm, Sm, Rb^Esa, Aa^Fda, Aa, Aa, Ss^Qhu, Ss^Qhu, Aa^Fda, Aa^Fda, Aa^Fda, Rb^Fda, Rb^Esa, Sm^Cov, Ss^Cov, Aa^Esa, Aa^Esa
Ss^Qhux, Ss^Qhux, Ss^Qhux, Aa^Fda, Sm^Qhux, Aa, Rb^Esa, Rb^Esa, Aa, Aa^Es, Aa, Aa, Ai, Ai, Aa^Es, Ss, Aa, Ss^Qhux, Rb^Esa, Aa^Es, Ai, Ai, Ai, Sm, Rb^Esa, Rb^Fda, Aa, Aa, Ss^Qhu, Ss^Qhu, Aa, Aa^Fda, Aa, Ss^Qhux, Rb^Esa, Sm, Sm, Ai^Kov, Ai, Aa^Qhh
Ss, Ss^Qhux, Sm^Qhux, Sm^Qhux, Aa^Qhux, Sm^Qhux, Sm^Qhux, Rb^Esa, Aa, Aa, Aa, Ai, Ai, Sm, Ai, Ai, Aa, Rb^Esa, Rb^Esa, Rb^Esa, Aa, Ai, Ai, Rb^Esa, Rb^Esa, Rb^Esa, Aa, Ss^Qhu, Aa, Aa, Ss^Qhux, Aa, Ss^Qhux, Ss^Qhux, Ss^Qhux, Sm, Aa, Ai, Ai, Aa^Qhh
