Xoi, Xoi, Xoi, Xoi, Xoi, Xoi, Xoi, Xoi, Xoi, Xoi, Xoi, Xoi, Xoi, Xoi, Xoi, Xoi, Xoi, Xoi, Xoi, Xoi, Xu, Xu, Xu, Xu, Xu, Xu, Xu, Xu, Xu, Xu, Xu, Xu, Qxua, Qxua, Qxua, Qxua, Xu, Xu, Xu
Xoi, Xoi, Xos, Xos, Xos, Xos, Xoi, Xoi, Iwc, Xoi, Xoi^Efs, Xoi, Xoi, Xos, Xos, Xos, Xos, Xos, Xos, Xos, Xu, Xu, Xue, Xue, Xue, Xu, Xu, Xu, Xu, Xu, Xu, Xu, Xu, Qxua, Qxua, Xu, Xu, Xu, Xu
Xoi, Xoi, Xos, Xos, Xoi, Xoi, Iwc, Xoi, Xoi^Efs, Iwr, Iwo, Xoi, Xoi, Xoi, Xos, Xos, Xos, Xos, Xos, Xos, Xue, Xu, Xue, Xue, Xue, Xue, Xue, Xue, Xue, Xu, Qxua, Xu, Xu, Xu, Qxua, Xue, Xu, Xu, Xu
Xoi, Xoi, Xoi, Xoi, Iwc, Xoi, Xoi^Efs, Iwo, Iwr, Iwr, Xoi, Iwr, Iwc, Xoi, Xoi, Xoi, Xoi, Xos, Xos, Xos, Xue, Xue, Xue, Xue, Xu, Xu, Xue, Qxua, Qxua, Qxua, Qxua, Xu, Qxua, Qxua, Xue, Xue, Xu, Xu, Xu
Xoi, Xoi, Iwc, Xoi, Xoi^Efs, Iwr, Iwr, Iwr, Xoi, Iwr, Iwc, Xoi, Xoi, Xoi, Xoi, Xoi, Xoi, Xos, Xos, Xue, Xue, Xue, Xue, Xu, Qxua, Xu, Xu, Xue, Qxua, Qxua, Xue, Qxua, Qxua, Qxua, Xue, Xue, Xue, Xu, Qxua
Xoi, Xoi, Xoi, Iwr, Iwr, Iwr, Xoi^Efs, Iwr, Iwc, Xoi, Xoi, Xoi, Xoi, Xos, Xos, Xoi, Xos, Xos, Xos, Xos, Xos, Xue, Xue, Qxua, Xue, Xu, Xu, Xu, Qxua, Xue, Qxua, Qxua, Gs, Qxua, Qxua, Qxua, Xue, Qxua, Xu
Xoi, Xoi, Iwr, Iwo, Iwr, Iwo, Iwr, Xoi, Xoi^Efs, Xoi, Xoi, Xoi, Xoc, Xoi, Xos, Xoc, Xoc^Exw, Xu, Xoc, Xos, Xu, Xu, Xue, Qxua, Qxua, Qxua, Iwc^Ii, Iwc, Xu, Xue, Qxua, Qxua, Qxua, Qxua, Qxua, Qxua, Qxua, Qxua, Xu
Xoi, Iwc, Xoi, Xoi, Iwo, Xoi, Xoi, Iwr, Iwr, Xoi, Xoi, Xoc, Isr^Qhh, Xos^Efs, Isr^Qhh, Isa^Qhh, Isa^Qhh, Xoc^Efs, Isr^Qhh, Xoc, Xos, Xoa, Qxua, Qxua, Qxua, Qxua, Qxua, Xu, Xu, Xu, Gg, Qxua, Qxua, Qxua, Gg, Qxua, Xu, Xu, Xu
Xoi, Xoi, Xoi, Xoi, Iwc, Xoi, Xoi, Xoi, Xoi, Rr^Pr/, Isr^Qhh, Isr^Qhh, Isc^Vhc, Isr^Qhh, Isc, Isc, Isc, Isr^Qhh, Isc^Vhc, Isr^Qhh, Isr^Qhh, Qxua, Qxua, Qxua, Qxua, Qxua, Qxua, Qxua, Xu, Xu, Gg, Qxua, Qxua, Gd^Es, Qxua, Qxua, Xu, Xu, Xu
Xoi, Xoi, Xoi, Xoi, Xoi, Xoi, Xoi, Xoi, Isr^Qhh, Isr^Qhh, Isr, Isr, Ww, Isc, Cf, Cf, Cf, Isc, Ww, Isr^_mhh, Isr, Isr^Qhh, Isa^Qhh, Qxua, Qxua, Qxua, Xue, Qxua, Xu, Xu, Qxua, Qxua, Qxua, Qxua, Qxua, Qxua, Xu, Xu, Xu
Xoi, Xoi, Xoi, Xoi, Xoi, Xoi, Ur, Rr^Pr\, Xoc, Isr^Qhh, Isr^Ebn, Ww, Isc, Isc^Ebn, Cf, Cv^Fet, Cf, Isc^Ebn, Isc, Ww, Isr^Ebn, Isr, Isa^Qhh, Qxua, Xue, Qxua, Qxua, Xue, Xu, Xu, Xur, Qxua, Qxua, Qxua, Gs^Efm, Xu, Xu, Xu, Xu
Xoi, Xoi, Xoi, Xoi, Xoi, Urb, Xoi, Ur, Xoc, Isr^Qhh, Isr, Ww, Isc^Vhc, Isc, Isc, Cf, Isc, Isc, Isc^Vhc, Ww, Isr, Isa, Isa^Qhh, Xos, Xu, Qxua, Xue, Xu, Qxua, Xur, Qxua, Qxua, Qxua, Gg, Xu, Xu, Xue, Xue, Xue
Xoi, Xoi, Xoi, Xoi, Xoi, Urb, Xoi, Urb, Xos, Isr^Qhh, Isr^Qhh, Isr^Qhh, Isr^Qhh, Isc^Qhh, Isc^Qhh, Isc^Qhh, Isc^Qhh, Isc^Qhh, Isr^Qhh, Isr^Qhh, Isr^Qhh, Isa^Qhh, Xoc, Xoc, Xoi, Xu, Xoi, Xu, Xu, Qxua, Qxua, Qxua, Qxua, Qxua, Qxua, Xu, Qxua, Qxua, Qxua
Xoi, Xoi, Xoi, Xoi, Urb, Urb, Urb, Urb, Xos, Xos^Efs, Isa, Isa, Isa, Xoc, Xoc^Efs, Xos, Xos^Efs, Xos, Isa, Isa, Isa, Xoc^Efs, Xoc, Xoc, Xoi, Xu, Xoi, Xoi, Xu, Xu, Gg, Qxua, Qxua, Xur, Xu, Qxua, Xue, Xu, Xu
Xoi, Xoi, Xoi, Xoi, Urb, Xoi, Urb, Xoi, Xoc, Tb^Tf, Uu, Uu, Uu, Isa, Urb, Uu^Ebn, Urb, Isa, Uu, Uu, Uu^Em, Tb^Tf, Xoc, Xoi, Xoi, Xoi, Xoi, Xoi, Xu, Xu, Qxua, Gs, Qxua, Qxua, Xur, Qxua, Qxua, Xue, Xu
Xoi, Xoi, Xoi, Xoi, Urb, Xoi, Urb, Xoi, Xoi, Tb^Tf, Uu^Em, Wwt^Ii, Wwt^Ii, Ur, Urb, Uu^Emf, Urb, Ur^Es, Wwt^Ii, Wwt^Ii, Uu, Tb^Tf, Xoc, Xoi, Xoi, Xoi, Xoi, Xoi, Xu, Qxua, Qxua, Qxua, Qxua, Qxua, Qxua, Qxua, Qxua, Xue, Xu
Xoi, Xoi, Xoi, Xoi, Xoi, Urb, Xoi, Urb, Xoi, Tb^Tf, Uu, Wwt^Ii, Uu, Ur^Em, Xoc, Uu^Emf, Xoc, Ur, Uu, Wwt^Ii, Uu, Tb^Tf, Xoi, Xoi, Xof, Xoi, Xoi, Xu, Xu, Qxua, Qxua, Qxua, Qxua, Qxua, Xu, Xu, Qxua, Xu, Xu
Xoi, Xoi, Xoi, Xoi, Xoi, Urb, Xoi, Urb, Xoi, Xoc, Uu^Vud, Uu, Isa, Ur^Es, Xoc, Uu^Emf, Xoc, Ur^Em, Isa, Uu, Uu^Vud, Xoc, Xof, Xof, Iwo, Xof, Xof, Xu, Xu, Xu, Qxua, Qxua, Gg, Gg^Efm, Xu, Qxua, Xu, Xu, Xu
Xoi, Xoi, Xoi, Xoi, Xoi, Urb, Urb, Urb, Xoi, Xoi, Xoc, Isa, Isa, Xos, Xoa, Xoi, Xoi, Xoc, Isa, Isa, Xoc, Xof, Iwr, Iwo, Iwc, Iwo, Iwo, Xof, Xu, Qxua, Qxua, Qxua, Qxua, Qxua, Xu, Xu, Xu, Xu, Xu
Xu, Xoi, Xue, Xoi, Xoi, Xos, Xos, Urb, Ur, Xoi, Xoc, Isa, Isa, Xoc^Efs, Xoc, Xoc, Xoc, Xoc^Efs, Isa, Isa, Xoc, Xof, Iwo, Iwo, Iwo, Iwr, Xof, Xof, Xu, Qxua, Qxua, Qxua, Qxua, Xu, Xu, Xu, Xu, Xu, Xu
Wo^Ewf, Xu, Xu, Xue, Xue, Xue, Xue, Xoc, Xos^Efs, Rr^Pr/, Isa, Isa, Ur^Es, Isa, Gs^Fds, Uu^Ebn, Gs^Fds, Ur, Ur^Es, Isa, Isa, Rr^Pr\, Xos^Efs, Xof, Xoc, Xof, Xur, Xur, Xue, Xue, Gs^Qhh, Xuf, Gg^Qhh, Xu^Qhh, Xur^Qhh, Xu^Qhh, Xu^Qhh, Xu, Xu
Wo^Ewf, Wo, Wo, Wo, Wo, Xue, Isa^Dr, Xoc, Isa, Isa, Isa^Em, Ur^Es, Wo, Wo, Ww, Gs^Fds, Ww, Wo, Wo, Isa, Isa, Isa, Isa, Xos, Isa, Xu, Wo, Wo, Wo, Hh^Qhh, Gg, Gs^Qhh, Gs, Xur^Qhh, Xur, Xu^Qhh, Xu^Qhh, Xu, Xu
Wo, Wo, Wo, Wo, Wo, Wo, Wo, Isa, Ww^Bsb\, Ww, Ww, Ww, Wo^Ewf, Wo^Ewl, Wo, Ww, Ww, Wo, Wo, Ww, Ww, Ww, Ww^Bsb/, Isa, Wo, Wo, Wo, Wo, Wo, Hh^Qhh, Gg^Em, Gs^Fet, Gs^_mh, Hhd^Qhh, Xue, Xu^Qhh, Xu, Xu, Qxu
Xu, Wo, Xu, Xu, Xu, Wo, Uu^Em, Ww, Uu, Ur, Uu^Dr, Ww, Ww, Wo, Ww^Wkf, Gg^Fet, Ww^Wkf, Ww, Ww, Ww, Ww, Ur, Uu, Ww, Uu^Em, Wo, Xoc, Xu, Xuf, Hh^Qhh, Hh^Em, Gg^Em, Hhd^Dr, Hhd^Es, Xu^Qhh, Xu^Qhh, Xu, Xu, Qxu
Xoi, Xu, Xoc, Xor, Xoi, Xor, Uu^Es, Uu, Ur^Vud, Ur, Ur^Em, Gs^Fds, Gs^Fds, Ww, Gs^Efm, Ww^Wkf, Ss, Ss, Ss, Ss, Ur^Em, Ur, Ur^Vud, Uu, Uu^Es, Xoc, Xor, Xu, Xu, Xuf^Qhh, Xuf^Qhh, Xuf^Qhh, Xu^Qhh, Xu, Xur, Xu, Xu, Qxu, Xu
Xoc, Xoc, Xoc, Xoc, Xof, Xof, Rr^Pr\, Ur, Uu, Uu, Uu, Ur, Xof^Qhh, Gd, Xof^Qhh, Ss, Xoc^Qhh, Ss, Xoc^Qhh, Ur, Uu, Uu, Uu, Ur, Rr^Pr/, Xos, Xos, Xor, Xoi, Xu^Qhh, Xu, Xu^Qhh, Xu^Qhh, Xur, Uu, Uue, Xu, Qxu, Qxu
Xoc, Xoc, Xoc, Xor, Xof, Iwr, Xof, Xoc, Xof^Qhh, Xof^Qhh, Uu^Qhh, Ur^Qhh, Tb^Tf, Xof^Qhh, Xoc^Efs, Xoc^Qhh, Xoc^Efs, Xoc^Qhh, Tb^Tf, Ur^Qhh, Uu^Qhh, Xof^Qhh, Xof^Qhh, Xoc, Xos, Ur, Isa, Isa, Ur^Es, Xu, Xor, Xor, Xu, Xur, Xu, Uue^Es, Qxu, Xu, Qxu
Xoc, Xoc, Xoc, Xof, Iwr, Iwr, Iwr, Xof, Xoc^Qhh, Gs^Fds, Xoc^Efs, Ur^Em, Ur, Tb^Tf, Ur, Ur^Vud, Ur, Tb^Tf, Ur, Ur, Xoc^Efs, Gs^Fds, Xof^Qhh, Xoc, Xos, Isa, Isa^Es, Isa, Isa, Ur, Isa, Xor, Xue, Xue, Ur, Qxu, Qxu, Qxu, Qxu
Xoc, Xoc, Xoc, Xof, Iwr, Iwr, Iwr, Xof, Xoc^Qhh, Gs^Fds, Gs^Fds, Uu, Ur, Ur, Cud, Tb^Tfi, Cud, Ur^_mh, Ur, Uu^Em, Gs^Fds, Gs^Fds, Xoc^Qhh, Xoc, Xos, Isa, Isa, Isa, Isa, Ur^Es, Xor, Xor, Xur, Uu^Em, Xu, Uue, Uue, Xur, Xur
Xoc, Xoc, Xoc, Xof, Iwr, Iwc^Ii, Iwr, Xof, Xoi^Qhh, Xoc, Xoc, Ur^Vud, Tb^Tf, Ur^Em, Cud, Kud, Cud, Ur, Tb^Tf, Ur^Vud, Xoc, Xoc^Qhh, Xoc, Xoc, Xoc, Xos, Xos, Xos, Xoi, Xor, Xu, Ur, Uue, Ur, Ur^Es, Tb^Tf, Uhe, Xur, Xu
Xoc, Xoc, Xoc, Xof, Xof, Iwr, Xof, Xof, Xor^Qhh, Xor, Xoc, Xoc, Tb^Tf, Ur, Ur, Cud, Ur, Ur^Em, Tb^Tf, Xoc, Xoc, Xor^Qhh, Xoc, Xoc, Xoc, Xoc, Xoc, Xof, Xu, Xu, Xu, Uue^Dr, Uu, Uh, Ur, Xu, Xue, Xue, Xu
Xoc, Xoc, Xoc, Xor, Xoc, Xof, Xoc, Xoc, Xor^Qhh, Xor, Xoc, Xoc, Xoc, Xof, Xof, Ur, Xof, Xof, Xoc, Xoc, Xur, Xoi^Qhh, Xur, Xoc, Xur, Xoc, Xoi, Xu, Xoc, Xu, Xur, Xu, Xu, Tb^Tf, Xue, Xue, Xue, Xu, Xu
Xoi, Xoc, Xoc, Xoc, Xor, Xoc, Xoc, Xoc, Xor^Qhh, Xoc, Xor, Xor, Xoc, Xuf, Xuf, Ur, Xuf, Xuf, Xuf, Xur, Xur, Xur, Xoc, Xur, Xur, Xur, Xur, Xur, Xur, Xur, Xur, Xur, Xur, Xue, Xur, Xur, Xu, Xu, Xu
