Mm, Ms^Xm, Mm, Mm^Xm, Mm, Mm, Mm, Mm, Mm, Mm, Mm, Mm, Hhd, Mm, Mm, Mm, Mm, Mm, Mm, Mm, Mm, Mm, Mm^Xm, Mm^Xm, Mm^Xm, Mm^Xm, Mm^Xm, Mm^Xm, Mm, Mm, Mm, Mm, Mm^Xm, Mm, Mm^Xm, Mm, Mm, Mm, Mm, Mm, Mm, Mm, Mm, Mm, Hh, Hh, Ss^Qhux, Ss^Qhux, Gll^Fdw, Gll^Fp
Ms^Xm, Ms^Xm, Mm, Mm^Xm, Mm^Xm, Mm^Xm, Mm^Xm, Mm, Mm, Mm, Mm, Mm, Mm, Hhd, Hhd^Fdw, Mm, Hhd^Fdw, Mm, Mm, Mm, Mm, Mm, Mm, Mm^Xm, Mm^Xm, Mm^Xm, Mm^Xm, Mm^Xm, Mm, Mm, Mm, Mm^Xm, Mm^Xm, Mm, Mm^Xm, Mm, Mm, Mm, Mm, Mm, Hhd, Mm, Hhd, Hhd^Fdw, Hhd, Hh, Ss^Qhux, Gll^Fdw, Gll^Fdw, Gll^Fdw
Ms^Xm, Ms^Xm, Ms^Xm, Ms^Xm, Mm^Xm, Ms^Xm, Ms^Xm, Mm, Ms^Xm, Mm^Xm, Mm^Xm, Mm^Xm, Mm, Mm, Mm, Mm, Mm, Mm, Mm, Mm, Mm, Hh, Mm, Mm, Mm^Xm, Mm, Mm^Xm, Mm^Xm, Mm, Mm, Mm, Mm^Xm, Mm, Mm^Xm, Mm^Xm, Mm, Hhd^Fdw, Mm, Hh^Dr, Hhd^Fdw, Hhd, Hhd^Fdw, Hhd, Hh, Sm, Ss^Qhux, Gll^Fdw, Gll^Fdw, Re, Ss^Fdw
Ms^Xm, Mm, Ms^Xm, Mm^Xm, Mm^Xm, Mm, Mm^Xm, Ms^Xm, Ms^Xm, Mm^Xm, Mm, Mm, Mm, Mm, Mm, Mm, Ce, Mm, Ce, Re^Vct, Hhd, Mm, Mm, Mm^Xm, Mm^Xm, Mm^Xm, Mm^Xm, Mm, Hhd^Fdw, Hhd^Fdw, Hhd^Fetd, Mm, Hhd, Mm, Mm, Hhd, Hh, Hhd, Hhd, Hh, Gd^Fdw, Hh, Sm^Efm, Sm, Chs, Gll^Fdw, Re^Edb, Re, Ss, Ss
Ms^Xm, Ms^Xm, Ms^Xm, Mm^Xm, Mm^Xm, Mm^Xm, Mm, Mm^Xm, Mm^Xm, Ms^Xm, Ms^Xm, Ms^Xm, Re^Es, Mm, Mm, Mm, Ce, Ke, Ce, Hhd^Fdw, Hhd, Hhd^Fdw, Mm^Xm, Mm^Xm, Mm, Mm, Mm, Mm, Hhd, Hhd, Hh, Hhd, Hhd, Hh, Hh, Hhd, Gll, Gll^Fdw, Gll^Fmw, Gd^Fmw, Gd^Fmw, Gd^Fdw, Sm^Bw/r, Sm^Bw/r, Ss, Re^Dc, Gll^Fdw, Gll^Fdw, Gll^Fdw, Gll^Fdw
Mm, Mm^Xm, Mm^Xm, Mm, Mm, Mm, Mm, Mm, Mm, Ms^Xm, Mm^Xm, Mm, Mm, Re, Rb, Mm, Ce, Ce, Hhd^Fdw, Hhd, Hhd, Re^Vct, Ce, Ww, Ww^Ewl, Mm, Mm, Mm, Gll^Fdw, Gll^Fdw, Sm^Qhux, Hh, Sm^Qhux, Sm^Qhux, Ss, Ss, Re^Dr, Gll^Fmw, Gll^Fdw, Gd^Fmw, Re, Re, Ss, Sm, Gll^Fdw, Gll^Fdw, Gll^Fdw, Ss, Sm^Ewl, Ss
Mm^Xm, Mm^Xm, Mm, Mm^Xm, Mm, Mm, Mm, Mm, Mm^Xm, Mm^Xm, Mm^Xm, Mm, Mm, Mm, Rb^Es, Hhd, Hhd, Hhd^Eb, Rb, Hhd, Re, Re^Dc, Ce, Ss, Gll^Dr, Gll^Vhr, Mm, Mm, Ss, Gll^Fdw, Sm^Qhux, Sm^Qhux, Ss, Sm, Ss, Gll^Fp, Re, Gll^Fdw, Rp, Re, Gd, Gll, Sm, Sm^Efm, Ss^Efm, Ss, Ss, Ss, Ss, Ss
Mm, Mm^Xm, Mm^Xm, Mm^Xm, Mm, Mm^Xm, Mm, Mm^Xm, Mm^Xm, Mm^Xm, Mm^Xm, Mm^Xm, Mm^Xm, Hh, Re^Vct, Re, Re, Re, Ce, Re, Gll, Ce, Sm, Ss, Gll^Fmw, Gll^Fmw, Gll^Fmw, Gll^Fmw, Sm, Ss, Sm^Ewf, Ss, Wwrg^Dr, Wwg^Wkf, Wwg, Gll^Vl, Gll^Fdw, Rp, Rp^Edt, Gll^Edt, Gll^Edt, Gll, Ss, Sm, Sm, Sm^Efm, Gll^Fdw, Ss, Sm, Ss
Mm^Xm, Mm, Mm^Xm, Mm, Mm, Mm, Mm, Mm^Xm, Mm, Mm, Mm, Mm^Xm, Mm^Xm, Ce, Ce, Hh, Re, Ce, Gs^Edt, Gll^Es, Gd^Efm, Ss, Ss, Ss, Ss, Gll^Fdw, Gll^Fdw, Ss, Wwf, Ss, Wwrg, Wwrg, Wwrg, Wwrg, Wwrg, Ss, Gll^Edt, Gd^Edt, Gll^Edt, Re, Rp, Gll^Efm, Gd^Edb, Sm, Sm, Sm^Efm, Gll^Fdw, Ss, Ss, Ss
Mm^Xm, Mm^Xm, Mm^Xm, Mm^Xm, Mm, Mm, Mm, Mm, Hhd^Fdw, Mm, Hhd, Hhd^Fdw, Hh^Fdw, Hhd^Fdw, Hh^Fdw, Hh, Ww^Bw|r, Ss, Gll, Gd, Gd^Efm, Gll^Efm, Wwrg, Wwg^Wkf, Wwg^Ewl, Ss, Wwg^Wkf, Wwf, Wwf, Wwf, Wwf, Wwg, Gll^Fdw, Wwg^Ewl, Ss, Ss, Sm, Gd^Edt, Gll^Edt, Gll^Edt, Rp, Gd^Edb, Gd^Edb, Gd^Wm, Sm, Sm, Sm, Gll^Fdw, Ss, Ss
Mm^Xm, Mm, Mm^Xm, Mm^Xm, Mm, Mm, Mm, Hhd^Fdw, Hh, Hhd, Hh, Hhd, Ss^Fdw, Hh, Ss, Ss, Rb, Ss, Wwf^Wkf, Wwf, Wwg, Wwg, Wwrg, Wwrg^Dr, Wwg, Wwg, Ss, Wwf, Ss, Wwf^Wkf, Wwf, Hh, Hhd, Hh, Hh, Ss, Sm, Ss, Sm, Chr, Isa, Gll^Edb, Gs^Vl, Ss, Sm, Ss, Ss, Sm, Ss, Ss
Mm^Xm, Mm^Xm, Mm^Xm, Mm, Mm, Mm, Mm, Hhd^Efm, Hhd^Fdw, Hhd^Fdw, Gll^Es, Gll, Ss, Sm^Ewl, Gll, Rb, Gll, Sm, Wwf, Wwf, Sm, Wwg, Wwrg^Dr, Wwrg, Wwrg, Wwg, Ss, Hh, Ss, Hh, Hh^Fdw, Hh, Hhd, Hh, Hhd, Hh, Chs^Dr, Sm^Ewl, Gll^Dr, Sm^Bsb/, Sm, Gll, Ss, Ss, Sm, Ss^Efm, Ss^Efm, Sm, Sm, Sm
Mm^Xm, Mm^Xm, Mm^Xm, Mm, Mm, Mm, Hhd^Vhhr, Hhd, Hhd, Hh, Hhd^Efm, Gll, Sm, Gll, Gll^Edt, Re, Ss^Vhs, Sm^Ewf, Ss, Wwf, Wwf, Wwf, Wwf, Wwrg, Ss, Wwg^Dr, Hh, Hh^Fdw, Mm^Xm, Mm^Xm, Mm^Xm, Mm, Hhd, Mm, Rp^Vhcr, Hhd, Rp, Re^Bsb/, Sm, Sm, Ss, Sm^Ewf, Ss, Gll^Fdw, Sm^Efm, Ss, Wog^Ewl, Sm, Wwg^Wkf, Sm
Mm^Xm, Mm^Xm, Mm, Mm^Xm, Mm, Mm, Mm, Hhd^Fdw, Hhd, Hhd, Hh, Ss, Ss, Gd, Re^Edt, Re^Edt, Ss, Sm^Gvs, Sm, Sm, Sm, Wwf, Rb, Chs, Ss, Hh, Mm^Xm, Mm^Xm, Mm^Xm, Mm, Hh, Hhd^Es, Rb^Edt, Rb^Edt, Re, Isa, Rb, Chs, Sm, Sm^Ewl, Ss, Sm, Gll^Fdw, Gll^Fdw, Ss, Sm, Sm, Wwg^Wkf, Wog^Wkf, Wog^Wkf
Mm^Xm, Mm^Xm, Mm^Xm, Mm, Mm, Mm, Mm, Hhd^Fdw, Hhd^Fetd, Hhd^Fdw, Hhd, Hh, Ss, Re, Gll^Edt, Gll^Edt, Gll^Edt, Sm^Ewf, Sm, Wwrg, Sm, Mm, Mm, Rb, Gll^Fdw, Hhd^Fdw, Mm^Xm, Mm, Mm^Xm, Hhd, Hh, Gd^Edt, Gll^Edt, Rp^Dr, Rp^Vhcr, Rb, Gll^Es, Rb, Hh, Ss, Hh, Ss, Ss, Ss, Ss, Sm, Sm, Wwg^Wkf, Wwg^Wkf, Wwg
Mm^Xm, Mm^Xm, Mm, Mm^Xm, Mm, Mm, Mm, Hhd, Mm, Hhd^Fdw, Hh, Hhd, Gll^Efm, Rp, Re^Efm, Gll^Edt, Gll^Edt, Ww, Sm, Sm, Wwrg, Hh, Mm, Rb, Rb, Mm, Mm^Xm, Mm^Xm, Hhd^Fdw, Hh, Rb, Gll, Isa, Isa, Re, Gll, Rb, Gd^Efm, Hh, Mm, Mm^Xm, Mm^Xm, Hh^Fdw, Ss, Ss, Gll^Vl, Sm, Wwg^Ewf, Wwg, Wog
Ms^Xm, Ms^Xm, Mm^Xm, Mm^Xm, Mm, Mm, Mm^Xm, Mm, Mm, Mm, Mm, Hhd^Fdw, Hh^Fdw, Gll^Fdw, Gll, Re, Ww, Wwrg, Ww, Wog, Wog^Wkf, Ss, Ss, Mm, Mm, Rb, Rb, Hhd, Hh, Rp^Vhcr, Rp, Rb, Chr^Edb, Chr^Edb, Chr^Edb, Isa, Isa^Dr, Rp^Vhcr, Mm, Mm^Xm, Mm, Mm^Xm, Mm, Hh, Re, Re^Dc, Sm, Sm, Sm, Wog
Ms^Xm, Ms^Xm, Mm, Mm, Mm, Mm, Mm, Mm, Mm, Mm, Mm, Mm, Mm, Hh, Re^Vhr, Re, Gll, Gll, Wwrg, Wwrg, Wog, Wog^Ewf, Wwrg, Hh, Mm, Mm, Re, Rb, Isa, Rb^Ecf, Re, Isa, Chr^Edb, Kh^Edb, Chr^Edb, Isa^Edb, Re, Hh, Hhd, Mm^Xm, Mm^Xm, Mm, Mm, Mm, Re, Sm, Ss, Sm, Ss, Sm
Mm^Xm, Mm^Xm, Mm^Xm, Mm, Mm^Xm, Mm, Mm, Mm, Mm, Mm, Mm, Mm, Hhd, Hh, Gll, Rp, Gll^Es, Gll^Dr, Gll^Es, Ss, Sm, Wog^Wkf, Wog, Ss, Chs, Mm, Isa, Re, Gll, Isa, Gll, Isa, Isa^Dr, Chr^Edb, Rb, Re, Rb, Re, Hhd, Mm^Xm, Mm, Mm^Xm, Mm, Mm, Gll^Fdw, Re, Re, Ss, Sm, Ss
Mm^Xm, Mm^Xm, Mm^Xm, Mm, Mm, Mm, Hh^Fdw, Mm, Hhd^Fdw, Hhd, Hh^Fdw, Hhd, Hhd, Ss^Qhux, Gll, Re, Gd, Gll, Gd, Ss, Ss, Ss, Wwg, Wwg, Wwg^Bsb/, Rp, Rb, Rp^Vhcr, Rb, Gll^Efm, Iwo^Edb, Rb, Isa, Re, Isa, Rb^Dr, Isa, Rb, Hhd, Hhd, Mm^Xm, Mm^Xm, Mm, Mm, Gll^Vl, Re, Re, Gll, Ss, Ss
Mm^Xm, Mm, Mm, Mm, Mm, Hhd, Hh, Hhd^Fdw, Hh^Fdw, Hhd, Gll, Hh, Gll^Fdw, Gll^Fdw, Gll^Efm, Re, Gll^Edt, Gd^Edt, Gll^Edt, Gll, Gll, Sm, Wwg^Bsb/, Ss^Bsb/, Sm, Chs, Rb, Rb, Ss^Bw/r, Iwr, Ss, Iwo, Iwr, Isa, Rb^Dc, Isa, Rp^Vhcr, Rb, Mm^Xm, Mm^Xm, Mm, Mm^Xm, Mm, Hh, Gll, Re, Re, Gll^Vl, Ss, Ss
Mm, Mm, Mm, Mm, Mm, Mm, Hh^Fdw, Hhd^Feth, Gll^Fdw, Gll, Ww, Ww, Gll, Gll^Efm, Gll^Efm, Re^Edt, Rp^Edt, Rp^Edt, Re, Gll^Es, Rp, Rp, Ss, Wwg^Dr, Wwg, Sm, Ss, Ss^Bw/r, Sm, Ss, Ss^Bw/r, Ss^Bw/r, Sm, Iwo^Edt, Gd^Edt, Gd^Edt, Hhd, Mm, Mm, Mm^Xm, Mm, Mm^Xm, Mm, Mm, Hh, Gll, Re, Ss, Sm, Ss
Mm, Mm, Mm, Mm, Mm, Hhd^Fdw, Hh, Gll, Gll, Gll^Es, Ww^Wkf, Gll, Gll, Gll^Efm, Re, Re, Gd, Gll^Edt, Gll^Edt, Rp^Edt, Rp, Gll, Ss, Wwg^Wkf, Wwg^Ewl, Wwg, Wwg^Wkf, Ss, Ss, Ss, Ss, Ss, Ss^Bw/r, Iwo^Edt, Rb, Hh, Hh^Fdw, Hhd^Fdw, Mm, Mm, Mm, Mm, Mm, Hhd, Gll^Efm, Re, Ss, Ss, Ss, Ss
Mm, Mm, Mm, Mm, Mm, Mm, Mm, Hhd, Hh, Gll, Ww, Ww^Dr, Ss, Ss, Re, Gll, Ss, Gll, Gd, Gll^Edt, Re, Gll, Gll, Sm, Ss, Wog, Wog, Wwg^Wkf, Wwg, Sm, Sm, Ss^Bw/r, Ss, Hh, Hh^Fdw, Hh, Mm, Mm, Hhd^Fdw, Hh^Fdw, Hhd^Fetd, Hh^Fdw, Hhd, Hhd^Fdw, Gll^Fdw, Re, Ss, Sm, Ss, Ss
Mm, Mm, Mm, Mm, Hhd^Vhhr, Mm, Hh^Edt, Hh, Re^Edt, Gll, Ww^Bw/r, Chw, Chw, Re, Ss, Ss, Sm, Ss^Fdw, Gd, Gd, Gll, Rp, Re, Ss^Fdw, Sm, Ss, Wwg^Wkf, Wog, Wwg, Wwg^Ewl, Ss, Ss, Sm, Gll, Hh, Hh^Dr, Hh, Hhd^Fdw, Hh^Fdw, Hhd, Hh^Fdw, Hh, Hh^Efm, Hhd, Gll^Efm, Re^Es, Gll, Ss, Sm, Ss
Mm, Mm, Hhd^Fdw, Hhd, Hh, Hh, Re^Dr, Re^Edt, Cer^Edt, Re^Dr, Ss^Vhs, Ww, Ww^Ewl, Ww^Wkf, Ww^Wkf, Sm, Gll^Fp, Ss, Ss, Ss, Sm, Ss, Gll^Dc, Re, Rp, Ss, Sm, Wwg, Wwg^Wkf, Wwg, Wwg, Ss, Wwg, Wwg^Wkf, Gll, Mm, Hh^Fdw, Hhd, Gll^Fdw, Gll, Hh, Hh, Gll, Gll^Efm, Gll^Efm, Re, Sm, Ss, Ss, Gll
Mm, Mm, Hhd^Fdw, Hhd^Fdw, Hh, Ker^Edt, Cer^Edt, Cer^Edt, Cer^Edt, Ss, Ww, Wo, Wo, Wo^Wkf, Ww, Wwg, Gll^Fdw, Gll^Fdw, Gll^Fdw, Gll^Fdw, Ss, Ss, Ss, Ss^Vhs, Ww^Bw|r, Gll, Gll, Ss, Sm, Wwg, Wog, Wwg^Wkf, Wwg, Wwg, Sm, Gll, Hh, Hh, Ss, Ss, Hhd^Fdw, Hh, Hhd, Ss, Re, Re, Sm, Gll, Gd, Gd
Mm, Mm, Hh^Fdw, Hh, Gll^Fdw, Ss, Gll^Ecf, Cer^Edt, Ss, Wwg^Ewf, Wo, Wo, Wo, Wo, Wo, Ww^Ewf, Ss, Gll^Fdw, Gll^Vhr, Gll^Fdw, Gll^Fmw, Gll^Fdw, Sm, Ss, Re, Ss, Ss, Ss, Wwg^Wkf, Sm, Wwg, Wog, Wog, Wwg, Wog, Wwg^Wkf, Wwrg, Gll, Ss, Sm, Hhd, Hhd^Efm, Sm, Ss, Ss, Sm^Bw\, Re, Sm, Sm, Gd
Mm, Hhd, Gll^Fdw, Hh^Fetd, Gll^Fdw, Ss, Ss, Gll, Ss^Vhs, Ww^Ewl, Ww^Wkf, Ww, Wo, Wo, Ww^Wkf, Ww, Wwg^Bw/r, Gd, Gll^Fmw, Gll^Fmw, Gll^Fmw, Gll^Fdw, Ss, Ss, Re, Gll^Es, Sm, Ss, Ss^Ewl, Wwg^Wkf, Wog^Ewf, Wog, Wog, Wog, Wog, Wog, Wwg, Wwg^Dr, Sm, Ss, Ss^Vhs, Sm, Ss, Ss, Ss, Sm^Wkf, Sm^Wkf, Re, Gll, Sm
Mm, Tb^Fdw, Gll^Fdw, Gll^Fdw, Hh^Fdw, Gll^Fdw, Ss, Wwg^Wkf, Wwg, Ww, Wo, Ww, Wo, Wo, Ww, Ww, Sm, Sm, Gll^Fmw, Gll^Fmw, Gll^Fmw, Gll^Fmw, Ss, Sm, Gll^Es, Re, Ss, Gll^Fdw, Ss, Sm, Ss, Wog^Wkf, Wwg, Wog^Wkf, Wwg, Wog, Wog, Wwg, Wog^Ewf, Wog^Wkf, Wog, Ss, Wwg^Wkf, Sm, Ss, Sm^Wkf, Wwf^Wkf, Gd^Vhr, Gll^Efm, Gll
Mm, Mm, Mm, Hhd^Fdw, Hh, Hh, Ss, Ww^Ewl, Wo^Wkf, Ww, Ww, Wo^Wkf, Wo, Ww, Ww, Sm^Ewl, Ss, Sm, Gd^Fmw, Gd^Fmw, Gll^Fmw, Gll^Fmw, Ss^Fdw, Ss, Re, Re, Ss, Gll^Dr, Gd^Vhr, Ss^Gvs, Ss, Wwg, Wwg^Ewf, Wwg, Wwg, Wwg, Wwg, Wwg, Wwg, Wog, Wog, Wog^Wkf, Wwg, Wwg, Wwf^Wkf, Wwf, Wwf, Ss, Sm, Gll
Mm^Xm, Mm^Xm, Mm, Mm, Mm, Mm, Hh, Ww^Wkf, Ww, Ww, Wo, Wo, Wo, Ww^Wkf, Wwg, Sm, Gd, Gd, Ss, Gd^Fmw, Ss, Ss, Ss, Re, Gll^Es, Gll, Tb, Gll^Fdw, Gll^Fdw, Ww, Ww, Ss, Sm, Ss, Ss^Fdw, Ss, Ss, Sm, Sm, Wwg, Wwg, Wog, Wwg, Wwg, Wwf, Wwf, Ss, Ss, Ss, Ss
Mm^Xm, Mm^Xm, Mm^Xm, Mm, Hh^Fdw, Hhd, Ss, Wwg^Ewf, Ww, Wo^Wkf, Wo, Ww, Ww^Ewf, Ww, Sm, Sm, Sm, Ss, Sm, Ss, Sm, Gll, Re, Re, Sm^Qhux, Sm^Qhux, Sm^Qhux, Gll^Fdw, Gll^Fdw, Gll^Fdw, Ss, Ss, Sm, Gll, Gll, Gll, Ss, Sm^Fdw, Ss, Sm^Ewl, Ss, Wwg, Wwg, Wwf, Wwf, Wwg^Wkf, Wwg^Wkf, Wwg^Wkf, Sm, Wwg
Mm^Xm, Mm^Xm, Mm, Mm, Hh, Ss, Sm, Gll, Ww^Wkf, Ww^Ewl, Ww, Ww, Ww^Ewl, Sm^Ewf, Sm, Ss, Ss, Ss, Sm, Ss, Ss^Gvs, Gll, Re, Tb, Sm^Qhux, Sm^Qhux, Sm^Qhux, Sm^Qhux, Ss, Ww, Ss, Sm^Ewl, Sm, Sm, Gd, Gll^Dr, Gll, Gll, Ss, Sm, Ss, Ss, Wwf, Wwf, Wwg, Wwg, Wog, Wog, Wog^Wkf, Wwg
Mm, Mm^Xm, Mm, Hhd^Fdw, Ss^Fdw, Ss, Ss, Ss, Ss, Gll, Wwg^Wkf, Gd^Vhr, Gd^Dc, Gll, Ss, Gd^Fdw, Ss, Ss, Ss^Fdw, Ss, Ss, Ss^Vhs, Rp, Ss, Tb, Sm^Qhux, Sm^Qhux, Sm^Qhux, Ss, Sm, Ss, Sm, Sm^Ewf, Gd, Gd^Efm, Gll^Efm, Gll^Efm, Ss^Fdw, Ss, Gd, Gll^Efm, Gll^Fmw, Gll^Fmw, Wwf, Wwg, Wwg, Wog, Wog, Wog, Wog
Mm, Mm, Mm, Hhd^Fdw, Ss, Ss, Gll^Fdw, Ss^Fdw, Ss, Gll, Gll^Efm, Gll^Es, Gd, Gd, Sm, Ss, Ss, Tb, Sm^Fdw, Ss, Sm, Ss, Ww^Bw|r, Ss^Fdw, Ss, Sm^Qhux, Gll^Fdw, Tb, Sm^Ewl, Sm, Sm, Gll, Ss, Ss, Sm, Gll^Fetd, Gll, Sm, Ss, Gd, Gll, Gll^Fmw, Ss, Sm, Ss, Wwg, Wwg, Wog, Wog, Wog
Mm, Mm, Mm, Hhd, Hh^Fdw, Ss^Fdw, Hh, Gll^Fdw, Sm, Ss, Ss^Fdw, Gll, Gll, Gll^Fetd, Sm, Ss, Ss, Ss, Ss, Ss, Ss, Ss, Re, Ss, Gll^Fdw, Gll^Fdw, Gll^Fdw, Ss, Ss, Ss^Fdw, Sm, Ss, Sm, Ss, Ss, Ss, Ss^Vhs, Ss, Sm, Gll^Ecf, Ker^Edt, Gll^Edt, Gll^Edt, Ss, Sm, Ss, Ss, Wwg, Wog, Wog
Mm, Mm, Hhd^Fdw, Hh^Fdw, Hh, Hhd, Gll^Fdw, Gll^Fdw, Ss, Ss, Sm, Ss, Gll, Ss, Ss, Sm^Fdw, Ss^Fdw, Hh, Hh^Fdw, Ss, Sm, Gll, Re, Ww^Ewf, Wwg, Gll^Fdw, Wwg, Gll^Fdw, Ss^Vhs, Ss^Gvs, Ss^Fdw, Ss, Gll, Ss, Sm, Ss, Ss^Fdw, Ss, Ss, Ss^Edt, Cer^Edt, Ss, Ss^Edt, Ss, Ss, Ss, Ss, Sm, Ss, Wwg
Hh, Hhd, Hh, Ss^Qhux, Ss^Qhux, Ss^Qhux, Gll^Fdw, Gll^Fdw, Sm, Ss, Ss^Vhs, Hh, Ss, Ss, Mm, Hh, Gll^Fdw, Mm, Mm, Ss, Ss, Gll, Re, Wwg, Wwg, Ww, Sm, Ss, Sm, Ss, Sm, Ss, Gll, Ss^Fdw, Ss, Ss, Sm, Ss, Ss, Cer^Edt, Cer^Edt, Cer^Edt, Ss^Edt, Gll^Fdw, Gll^Fdw, Gll^Fdw, Sm, Ss, Hh, Ss
Hh, Hh^Fdw, Ss^Qhux, Ss^Qhux, Ss^Qhux, Ss^Qhux, Gll^Fdw, Gll^Fdw, Gll^Fdw, Gll^Fdw, Sm, Hh, Hh, Hhd^Fdw, Mm, Mm, Mm^Xm, Mm^Xm, Hh, Ss, Ss, Re, Ss, Ww, Ww, Ww, Sm, Ss^Fdw, Ss, Ss, Gll^Efm, Gll, Gll^Es, Ss, Ss, Sm, Ss, Ss, Rp, Cer^Edt, Gll^Dr, Cer^Edt, Ss, Gll^Fdw, Gll^Fdw, Ss, Ss, Ss, Gll, Hh
Hh, Hh, Ss^Qhux, Ss^Qhux, Ss^Qhux, Ss^Qhux, Gll^Fdw, Gll^Fdw, Gll^Fdw, Gll^Fdw, Ss, Sm^Ewf, Hh, Ss, Ss^Fdw, Hh, Mm, Mm^Xm, Mm, Ss, Ww^Bw/r, Chs, Ss, Wwg, Ww, Ww^Ewl, Ss, Sm, Ss, Ss, Gll^Dr, Gll^Efm, Sm, Gll, Ss, Ss^Fdw, Ss, Re, Gd^Vhr, Gll^Fdw, Gll^Fdw, Gll^Fdw, Sm, Sm, Ss, Sm, Sm, Sm^Ewf, Sm, Hh
Hhd, Hhd, Gll, Gll^Efm, Gll^Efm, Ww^Qhux, Ww^Qhux, Ww^Qhux, Gll^Fdw, Gll^Fdw, Gll^Fdw, Ss, Ss, Ss, Ss, Ss, Hh, Hhd, Hh, Re, Ss, Ss, Sm, Ss^Vhs, Wwg, Sm, Sm, Sm^Ewf, Sm, Sm, Sm, Sm, Sm, Gll, Gll^Efm, Sm, Gll, Gd, Gd, Wwg, Ww, Ww, Ww, Sm, Sm, Ss, Sm, Sm, Wwg, Ww
Hhd, Hh, Gll^Fetd, Gd^Efm, Gll^Efm, Gll^Efm, Ww^Qhux, Ww^Qhux, Gll^Fmw, Gll^Fdw, Gll^Fmw, Gll^Fdw, Ss, Sm, Ss^Fdw, Ss, Gll^Eff, Gll^Wm, Gll^Vh, Rp, Gll, Sm, Ss, Gll, Ss, Sm, Ss, Ss, Sm, Ss, Gll, Ss, Tb, Sm, Gll^Efm, Gll^Efm, Ss, Gll, Wwg, Ww, Wwg, Ww, Ww^Ewl, Tb^Efm, Gll^Efm, Gll^Efm, Wwg, Ww^Ewf, Ww, Ww
Hh, Hh, Gll, Gd, Ss^Qhux, Ww^Qhux, Gll^Fmw, Gll^Fmw, Gll^Fmw, Gll^Fmw, Gll^Fmw, Tb, Sm, Ss, Gll^Efm, Gll^Eff, Gll^Eff, Wot^Qhu, Gd, Re, Gd, Gd, Gd^Es, Gll, Gd, Sm, Sm, Ss, Ss, Ss, Gll, Gll, Sm, Sm^Ewl, Ss, Sm, Ss^Fdw, Ss, Gll, Gll^Fdw, Gll^Fdw, Gll^Fdw, Gd, Gll^Efm, Gll, Gll, Ss, Ww, Wwg, Ww
Ss^Qhux, Ss^Qhux, Ss^Qhux, Gll^Es, Ss^Qhux, Gll^Fp, Gll^Fetd, Gll^Fmw, Gll^Fmw, Ww, Ss, Ss^Ewl, Ss, Ss^Fdw, Ss, Gll^Efm, Gll^Efm, Gd^Efm, Gd^Es, Re, Gd, Gll, Gll, Gd^Efm, Gd, Ss, Ss, Ss, Gll^Fmw, Ss, Gll^Dc, Gll, Hh, Hh, Ss^Fdw, Ss, Sm, Ss, Sm, Ss, Gll, Gll, Gll, Gll, Gll, Gll^Es, Gd, Gll, Sm, Sm
Ss^Qhux, Ss^Qhux, Hh, Ss^Qhux, Ss^Qhux, Ss^Qhux, Gll^Fmw, Gll^Fmw, Gll^Fmw, Gll^Fmw, Ss, Ww, Ss, Ss, Sm, Ss^Fdw, Ss, Ss, Gd, Re, Gll^Es, Gd^Efm, Re, Gd, Gd^Es, Ss, Ss, Gll^Fmw, Sm, Ss^Vhs, Ss, Hh, Mm^Xm, Hh^Fdw, Hhd, Ss, Ss, Ss, Ss, Ss, Gll^Efm, Gll^Es, Ss, Ss, Ss, Gd, Gd^Es, Ss, Sm, Sm
Hh, Hh, Hh, Hh, Ss, Ss^Fmw, Ss^Fmw, Gll^Fmw, Gll^Fmw, Gll^Fmw, Ww, Ww, Ww, Ss, Ww, Ww, Ww, Ss, Gll, Re, Re, Re, Gd, Re, Re, Sm, Ss, Ss, Ss, Ss, Hh, Hh, Mm^Xm, Mm^Xm, Mm^Xm, Hhd, Hhd, Ss^Fdw, Ss, Ss, Ss, Gll, Ss, Sm, Ss, Gd, Sm, Ss, Sm, Ss
