Qxu, Qxu, Uu, Uu, Xu, Xu, Qxu, Xu, Qxu, Qxu, Qxu, Xu, Xu, Xu, Qxu, Qxu, Qxu, Xu, Xu, Xu, Xu, Xu, Qxu, Xu, Xu, Xu, Uu, Ur^Br|, Uu, Qxu, Qxu, Xu, Xu, Uu, Qxu, Xu, Qxu, Qxu, Xu, Xu, Qxu, Xu, Ql, Ql, Ql, Ql, Ql, Ql, Ql, Ql, Xu, Xu, Qxu, Xu, Xu, Xu, Qxu, Xu, Xu, Xu, Xu, Xu, Xu, Xu, Xu, Xu, Xu, Xu, Xu, Xu, Xu, Xu, Xu, Xu, Xu, Qxu, Qxu, Xu, Xu, Qxu, Qxu, Xu, Xu, Xu, Xu, Xu, Uu, Uu, Uu, Uu, Xu, Xu, Uu, Uu, Xur, Xu, Xu, Xu, Uu, Xu, Xu, Uu
Xu, Qxu, Xu, Xu, Uu, Xu, Xu, Xu, Xu, Xu, Xu, Qxu, Xu, Qxu, Qxu, Qxu, Uu, Xu, Xu, Xu, Xu, Xu, Xu, Xu, Qxu, Tb^Em, Tb^Es, Ur^Br|, Uu^Vct, Uu, Qxu, Xu, Xu, Uu, Qxu, Qxu, Qxu, Uu, Xu, Qxu, Xu, Xu, Xu, Ql, Ql, Ql, Ql, Ql, Uu, Xu, Xu, Xu, Xu, Qxu, Xu, Xu, Xu, Xu, Xur, Xu, Uh, Xu, Uu^Vu, Xu, Xu, Xuf, Xur, Xur, Uu, Xu, Uu^Tf, Xu, Xur, Xu, Xuf, Xu, Xu, Xu, Xu, Qxu, Xu, Xu, Xu, Qxu, Uu, Uu, Xu, Xu, Xu, Xu, Xu, Xu, Xu, Uu, Xu, Xur, Uu^Em, Uu, Xu, Xur, Uu, Uu
Xu, Xu, Qxu, Xu, Xu, Qxu, Qxu, Uu, Xu, Uu, Qxu, Qxu, Qxu, Qxu, Xu, Qxu, Qxu, Qxu, Xu, Xu, Xu, Xu, Xur, Xu, Xu, Uu^Tf, Uu^Em, Ur^Br|, Ur^Br\, Uu, Uu^Eb, Qxu, Qxu, Qxu, Qxu, Uu, Xu, Qxu, Xu, Xu, Xu, Xu, Xu, Ql, Ql, Uu, Uu^Es, Uu^Ii, Xur, Xu, Xu, Xu, Xu, Xu, Xuf, Xu, Uh, Xu, Xur, Uh, Uh^Edb, Uu^Edb, Uu, Uu, Uu, Uu^Qhh, Uu, Uu, Uh^Em, Uh, Uu, Uu, Uu, Xur, Uh^Edb, Xu, Xu, Xu, Xu, Xu, Xu, Uu^Tf, Uu^Em, Ur^Em, Ur^Em, Xur, Xur, Xu, Qlf, Xu, Xu, Xur, Uu^Vu, Ur, Xu, Uu, Xu, Uu^Tf, Xu, Uu^Em, Xur, Xu
Xu, Xu, Qxu, Qxu, Qxu, Qxu, Qxu, Xu, Xu, Xu, Xu, Qxu, Uu, Qxu, Xu, Xu, Qxu, Xu, Uu, Xu, Uu^Vct, Xu, Uu, Xur, Uu, Uu, Ur^Br/, Ur^Br/, Uu^Eb, Ur^Br\, Ur^Br\, Uu^Dr, Qxu, Qxu, Qxu, Xur, Xur, Uu^Tf, Xu, Xu, Xur, Xur, Uh^Qhh, Uu, Uu^Em, Uu, Uu, Uu^Qhh, Uu, Xur, Xu, Xu, Xu, Xu, Uh, Xu, Uh, Xu, Uu, Cer, Cer, Uu, Xu, Ur^Edb, Xu, Uu, Uu, Uh^Edb, Uh^Edb, Uu^Ii, Uu, Xu, Ur, Uu^Edb, Uh^Edb, Xu, Xu, Xu, Xu, Xu, Xu, Xu, Uu^Em, Ur^Em, Uu, Uu^Em, Xu, Xu, Qlf, Xu, Uu, Uu, Uh, Uh, Uu^Ii, Uu^Em, Xu, Xur, Ur, Ur^Em, Uu, Uu
Xu, Xu, Xu, Uu, Qxu, Xu, Qxu, Qxu, Qxu, Qxu, Xu, Qxu, Qxu, Xu, Uu, Qxu, Xu, Qxu, Xu, Xu, Uu, Uu^Edb, Ker^Edb, Cer, Ur^Br/, Ur^Br/, Uu, Uu^Em, Qxu, Uu, Uu, Qxu, Qxu, Qxu, Uu, Qxu, Xu, Xu, Xu, Xu, Uu^Tf, Uh^Qhh, Uh, Uu^Es, Uu^Ii, Uu^Qhh, Uh^Qhh, Uh, Uu, Uu^Vu, Xu, Xu, Xur, Xur, Uu, Uh^Qhh, Uh, Uu^Qhh, Uu^Em, Uu, Xu, Xu, Xu, Xu, Xur, Xu, Uu^Em, Ur^Edb, Uh, Uu, Uu^Vu, Xu, Xu, Uu, Uu, Uh, Uu, Uu, Uh, Uu, Uu, Uu, Uu^Em, Uu, Uu^Vu, Xu, Xu, Qlf, Qlf, Xu, Uu, Xu, Xu, Xu, Tb, Xu, Uu, Ur^Em, Uh, Xu, Xur, Xu
Xu, Xu, Xu, Qxu, Xu, Qxu, Xu, Tb, Xu, Qxu, Qxu, Qxu, Xu, Qxu, Qxu, Qxu, Uu, Xu, Xur, Xur, Uu^Edb, Uu^Edb, Cer^Edb, Cer, Uu, Uu^Es, Uu^Es, Qxu, Uh, Qxu, Qxu, Qxu, Ur^Br\, Qxu, Uu, Xu, Uu^Qhh, Xu, Xur, Uu, Ur^Br/, Uu, Ur^Br/, Uu, Uh^Em, Uh^Qhh, Uh, Uu^Tf, Uh, Uu, Uh, Uu, Ur^Br/, Uu^Qhh, Ur^Br/, Uh, Uu^Edb, Uu^Qhh, Uu, Uu, Xu, Xur, Xu, Xur, Uu^Edb, Uu, Uu^Edb, Uu^Edb, Uu, Uu, Xu, Xu, Xu, Xu, Cer, Cer, Ur^Edb, Uu^Edb, Uh, Uh, Ur, Uu, Xu, Xu, Xu, Xu, Xur, Ql, Ql, Ql, Uu, Xu, Uu, Uu, Xu, Xur, Uu^Em, Xu, Xu, Xur, Uu^Em, Uu
Qxu, Qxu, Xu, Xu, Qxu, Xu, Xu, Xu, Uu, Xu, Qxu, Xu, Uu, Qxu, Xu, Qxu, Xu, Xu, Qxu^Ii, Uu^Ii, Uu, Uu^Edb, Uu, Uu, Uu, Uu^Vct, Uh, Uh, Uh, Qxu, Qxu, Qxu, Qxu, Ur^Br\, Ur^Br|, Uu^Es, Uu, Xu, Ur^Br/, Ur^Br/, Uu, Ur^Br\, Uu, Ur^Br\, Uh^Em, Uh, Uu, Uh, Uu, Cer, Uh^Qhh, Uh, Uu, Ur^Br\, Uu, Ur^Br\, Qxu, Uu^Edb, Qxu, Cer, Uu, Uu^Qhh, Uu^Edb, Uu^Edb, Uh^Edb, Uh, Uh^Em, Uu, Uu, Xu, Xu, Xu, Ker, Xu, Cer, Cer, Uu^Edb, Uu^Edb, Uh^Edb, Cer, Cer, Uu, Uu, Xu, Xu, Xu, Xu, Ql, Uh, Uh, Xu, Xu, Uu, Xu, Uu, Uu, Xur, Xu, Xu, Ur, Xu, Uu
Xu, Qxu, Qxu, Xu, Qxu, Qxu, Xu, Xu, Qxu, Qxu, Qxu, Xu, Xu, Xu, Xu, Xu, Qxu, Xu, Qxu, Qxu, Qxu, Qxu, Qxu, Qxu, Qxu, Uh, Qxu, Uh, Qxu, Qxu, Uu, Uu^Dr, Qxu, Uu^Es, Uu, Ur^Br\, Ur^Br\, Ur^Br/, Uu, Uu, Xu, Uu^Vu, Xu, Uu, Uu, Uu^Qhh, Uu, Xu, Xu, Cer, Uu, Uu, Uu^Qhh, Uu, Uu, Qxu, Uu^Vu, Qxu, Uu, Ur^Br\, Ur^Br\, Uu, Uu^Ii, Uu^Edb, Xu, Uh^Qhh, Xu, Uu, Ur^Edb, Uu^Edb, Uu, Xu, Uu, Cer, Uh, Uh, Uu, Uu^Ii, Uh, Uh, Xu, Xu, Xu, Xu, Xu, Xur, Uu, Uu, Xu, Xu, Uu^Tf, Uh, Xu, Xur, Uu, Xu, Uu, Uu^Em, Uu, Uu, Xu, Xu
Xu, Xu, Qxu, Qxu, Qxu, Qxu, Qxu, Qxu, Xur, Qxu, Qxu, Xu, Uh, Xu, Uh, Xu, Qxu, Qxu, Qxu, Qxu, Qxu, Qxu, Qxu, Qxu, Qxu, Qxu, Qxu, Qxu, Qxu, Qxu, Uu, Uu^Qhu, Uu, Uu, Xu, Uu^Ii, Uu, Ur^Br\, Uu, Uu^Qhh, Uh^Qhu, Xu, Xu, Xu, Xu, Xu, Xu, Xu, Xu, Uu, Uu, Uu, Uu^Qhh, Uu^Tf, Xu, Qxu, Xu, Uu, Xu, Uu, Uu, Ur^Br|, Uu, Xu, Xu, Xur, Xu, Uu, Uu^Edb, Uu^Edb, Xu, Uu, Uh, Uh, Uh, Ur, Xu, Uu, Xu, Uh, Xu, Xu, Xu, Xu, Xu, Xur, Ur, Xu, Xu, Xu, Tb, Tb, Xur, Uu, Xu, Xur, Uu, Xu, Xu, Xur, Uh, Uh
Xu, Qxu, Qxu, Xu, Xu, Uu, Xu, Xur, Xur, Xur, Qxu, Qxu, Qxu, Uu^Vu, Uh, Qxu, Qxu^Ii, Qxu, Qxu, Qxu, Qxu, Uu^Dr, Qxu, Qxu, Qxu, Qxu, Qxu, Qxu, Xu, Uu^Em, Xu, Tb, Xu, Uu^Tf, Xu, Uu^Qhh, Uh, Ur^Br|, Uu, Uh, Xu, Xu, Xu, Xu, Uu, Xu, Qxu, Uu, Xu, Xu, Xu, Xu, Xu, Xu, Qxu, Qxu, Uu, Xu, Xu, Xu, Uu, Ur^Br\, Ur^Br\, Xur, Uu, Uu^Tf, Ur, Uu, Xu, Uu^Dr, Xor, Xu, Xu, Uh^Em, Xu, Uu^Vu, Xu, Xu, Xu, Xu, Xu, Xu, Xur, Uu^Vu, Uh, Ur, Xu, Xu, Xu, Xu, Tb, Xu, Uu, Ur, Xu, Xu, Uu^Ii, Uu^Em, Uu^Vu, Uh, Uu^Em, Uu
Xu, Xu, Qxu, Qxu, Qxu, Xu, Xu, Qxu, Qxu, Xur, Xur, Qxu, Qxu, Uh, Qxu, Qxu, Qxu, Qxu, Qxu, Qxu, Qxu, Qxu, Qxu, Qxu, Qxu, Qxu, Qxu, Qxu, Qxu, Xu, Xu, Xu, Xu, Xu, Uu^Vu, Uu, Uh, Uh, Uh, Uh^Qhh, Xu, Xu, Xu, Xu, Qxu, Uu, Qxu, Qxu, Qxu, Qxu, Xu, Xu, Qxu, Xu, Qxu, Qxu, Qxu, Xu, Xur, Xu, Uu, Uu, Ur^Br|, Uu, Cer, Uu, Xu, Xu, Xu, Xor, Xur, Xu, Uh, Xu, Xur, Xu, Xuf, Xu, Xur, Xu, Uu, Xur, Uu, Uh, Uh^Tf, Uu^Qhu, Xu, Xu, Uu, Tb, Uu, Xu, Uh, Tb, Uu^Em, Uu^Em, Xu, Xu, Xu, Xu, Xu, Xu
Uu, Qxu, Xu, Xu, Xu, Xu, Xu, Qxu, Xu, Qxu, Xu, Xur, Qxu, Qxu, Qxu, Qxu, Qxu, Qxu, Uu^Es, Qxu, Uu^Em, Uu, Qxu, Qxu, Qxu, Uu, Qxu, Qxu, Qxu, Uu^Vu, Xu, Xu, Xu, Xu, Xu, Xu, Uu, Qxu, Qxu, Tb, Qxu, Xu, Xu, Uu, Qxu, Qxu, Qxu, Qxu, Uu, Qxu, Qxu, Xur, Qxu, Qxu, Xu, Uu, Xu, Qxu, Qxu, Qxu, Uu, Qxu, Qxu, Qxu, Qxu, Xu, Uh, Xur, Uu^Em, Xu, Uu^Edb, Uu^Tf, Ur^Vu, Uh, Uh, Xu, Qxu, Xu, Qxu, Uu, Xu, Uu, Xu, Uh, Uu, Tb, Xu, Uu, Uu, Xu, Xu, Uu, Uh, Xu, Xur, Xu, Xu, Xur, Uu^Em, Uu^Em, Uu, Uu
Qxu, Qxu, Qxu, Uu, Xur, Xu, Qxu, Xu, Xu, Xu, Qxu, Qxu, Xu, Qxu, Qxu, Qxu, Qxu, Qxu, Qxu, Uu^Es, Tb, Qxu, Uu^Es, Uu, Uh, Uu^Es, Qxu, Qxu, Uu, Xu, Xu, Xu, Xu, Xu, Xu, Uu^Qhu, Uu, Qxu, Qxu, Qxu, Xu, Qxu, Qxu, Qxu, Qxu, Xu, Qxu, Qxu, Xu, Xu, Qxu, Qxu, Qxu, Xu, Xu, Xu, Uh^Em, Qxu, Qxu, Uu, Qxu, Qxu, Uu, Qxu, Qxu, Qxu, Uh^Em, Uu, Uh, Uu^Edb, Uu^Edb, Uu^Edb, Uu, Uu, Uu, Uu, Qxu^Bp\, Qxu, Uu^Es, Uu, Xu, Xu, Uu, Uh, Uh, Uu, Uu, Uu, Xu, Xu, Qxu, Xu, Uu, Uh, Uu, Xur, Xu, Uu, Xu, Xu, Xu, Xu
Qxu, Qxu, Qxu, Uu, Qxu, Qxu, Xu, Xu, Xu, Xuf, Xu, Xu, Xur, Xu, Xu, Qxu, Uu, Qxu, Uu^Em, Uu^Es, Kte, Uu^Em, Uu, Uh, Uh, Uu^Qhh, Ur, Xu, Xur, Xu, Xuf, Xur, Xur, Xu, Xu, Xur, Uu, Ur^Br|, Uu, Uu, Xu, Uu, Xu, Xu, Qxu, Qxu, Qxu, Uu, Xu, Xu, Xu, Xu, Xu, Xu, Uh, Uh, Uh, Uu^Em, Uu^Em, Qxu, Uu^Dr, Qxu, Uu, Qxu, Uu, Qxu, Qxu, Uh, Uu, Uu, Uu^Dr, Uu, Qxu, Uu, Qxu, Qxu, Qxu, Uu, Uu^Em, Uu^Em, Uu^Em, Uu, Uh, Uh, Uu, Xu, Xu, Uu, Uu, Xu, Uu, Qxu, Uu^Edp, Wwg^Qhu, Wwg^Qhu, Uu, Xu, Uu^Em, Xu, Xu, Uu^Emf, Uu^Emf
Xur, Uu, Qxu, Qxu, Qxu, Qxu, Qxu, Xu, Uh, Uu^Tf, Uu, Uu^Dr, Tb, Xu, Uu^Es, Uu^Dr, Uu^Es, Uu^Tf, Cte, Uu, Ur, Uu, Cte, Uu, Uu, Uu^Es, Uu, Uu, Tb, Xu, Uu, Xu, Uu^Dr, Xu, Xu, Uu^Es, Uu^Es, Ur^Br|, Uu, Uu^Tf, Xu, Xu, Xu, Xu, Xu, Xu, Xu, Xu, Xu, Xu, Xu, Xu, Xu, Xu, Ur, Uh^Em, Uu, Uh, Ur^Br/, Ur^Br/, Uu, Uu, Uu^Es, Uu^Em, Uu, Qxu, Uu, Qxu^Bh/, Qxu, Qxu, Qxu, Uu, Qxu, Qxu, Qxu, Uu, Uu, Uu, Xu, Tb^Em, Xu, Xu, Xu, Uh, Xu, Xu, Xu, Xu, Uu, Uu^Edp, Wwg^Qhu, Uu, Wwg^Qhu, Wwg^Qhu, Wwg^Qhu, Uu^Ii, Uu, Uu, Uu^Edp, Uu^Em, Uu^Em, Uu
Uu, Xur, Qxu, Uu, Qxu, Uu^Qhh, Uu, Uu^Em, Ur, Uu, Uh, Uh, Uu^Em, Uu^Qhh, Uh, Qxu, Uu^Em, Uu, Uu, Uu, Ur^Ii, Uu, Uu, Uu, Uu, Uu^Tf, Uh, Uu^Es, Uu, Uh, Xu, Uu, Xor, Xor, Uu^Qhu, Uu, Ur^Br/, Ur^Br/, Ur^Br\, Uu, Uu, Xu, Uu^Qhu, Xu, Xuc, Xu, Xuc, Xu, Xu, Xuf, Xu, Xu, Uu^Em, Xu, Uu, Uu, Ur^Br/, Ur^Br/, Uu, Uu, Uu, Xu, Xu, Tb^Em, Uh, Uu, Uu^Em, Uu, Tb^Em, Qxu, Uu, Qxu, Uu^Em, Uu^Em, Uu, Uh, Uh, Xu, Xu, Xu, Uu^Emf, Uu^Em, Uu^Edp, Uu, Uu, Uu^Edp, Wwg^Qhu, Uu^Edp, Uu, Wwg^Qhu, Wog^Qhu, Wwg^Qhu, Xu, Wog^Qhu, Wog^Qhu, Wwg^Qhu, Uu^Edp, Wwg^Qhu, Wwg^Qhu, Wwg^Qhu, Wwg^Qhu, Wwg^Qhu
Qxu, Uu, Qxu, Qxu, Xu, Uu, Uu^Tf, Uh, Uu, Uu, Uu, Uu, Qxu, Uh, Uu^Tf, Uu, Uh^Em, Uh, Kte, Ur, Uu, Ur, Kte, Uu, Uu^Edpp, Uu^Qhh, Uh, Uu, Uh^Qhh, Uh, Xu, Xu, Xu, Uu, Qxu^Bp|, Uu^Dr, Qxu, Xu, Xu, Ur^Br\, Ur^Br\, Uu, Uu, Xuc, Uu, Xuc, Uu, Uu, Uu^Es, Uu^Es, Uu, Uu^Es, Ur^Br/, Ur^Br\, Ur^Br/, Ur^Br/, Uu^Es, Ur^Br\, Uu^Ii, Xu, Xu, Xu, Xu, Uh, Uh, Uu^Es, Uu^Es, Uu^Em, Uu^Es, Uu, Ur, Uu, Uu^Ii, Uu^Em, Uh, Uh, Uh, Qxu, Xu, Xu, Uu, Uu^Em, Wwg^Qhu, Wwg^Qhu, Wwg^Qhu, Wwg^Qhu, Wwg^Qhu, Wwg^Qhu, Wog^Qhu, Wog^Qhu, Wog^Qhu, Xu, Xu, Wog^Qhu, Wog^Qhu, Wog^Qhu, Wog^Qhu, Wog^Qhu, Uu^Em, Uu^Edp, Uu^Em, Wwg^Qhu
Xu, Qxu, Xu, Xu, Xu, Xu, Uu, Uu^Em, Uh, Uh^Qhh, Uu, Ur, Uu^Es, Uh, Uu^Dr, Uu, Ur, Uu, Uu, Uu, Cte, Uu, Uu, Uu, Qxu, Uu, Uu, Uu, Ur, Uh, Uh^Dr, Xor, Uu, Xu, Qxu, Qxu, Xu, Xu, Xu, Xu, Uu, Ur^Br\, Ur^Br/, Ur^Br\, Ur^Br/, Ur^Br\, Ur^Br/, Ur^Br\, Ur^Br/, Ur^Br\, Ur^Br/, Ur^Br/, Uu^Tf, Uu^Em, Xu, Uu, Uu^Es, Ur^Br|, Uu, Xu, Xu, Uu^Qhu, Ur, Uh, Uu, Uu, Ur^Br/, Ur^Br/, Ur^Br\, Ur^Qhu, Uu^Vct, Uu, Ur^Br/, Uu, Uu, Uu, Xu, Xu, Xuc, Xuc, Uu, Uu^Edp, Wwg^Qhu, Uu^Edp, Uu^Edp, Wwg^Qhu, Uu, Wwg^Qhu, Wwg^Qhu, Wwg^Qhu, Wwg^Qhu, Wog^Qhu, Wog^Qhu, Xu, Wog^Qhu, Wog^Qhu, Uu^Edp, Wwg^Qhu, Uu^Emf, Xu, Xu, Xu
Qxu, Qxu, Xu, Xu, Xue, Xor, Xor, Uu, Uh^Em, Uh, Xu, Uu, Xu, Uu, Uu, Uu, Uu, Qxu, Uh, Uu, Uu^Em, Uu^Em, Uu^Tf, Ur^Es, Uh, Uh^Dr, Xu, Uu, Xu, Uh^Em, Uh, Xor, Xu, Uu, Ur^Br|, Tb, Uu^Tf, Tb^WCtL, Uu^WCtL, Xu, Ur^WCtL, Ur^Br/, Uu, Uu, Uu^Vu, Uu, Xu, Uu^Ii, Uu^Em, Uu, Uu^Em, Uu^Em, Uu^Es, Tb^Em, Xu, Xu, Xu, Ur^Br|, Uu^Es, Xu, Uu^Em, Uu^Tf, Uu, Uh, Ur^Br/, Ur^Br/, Uu, Uu, Uu, Ur^Br\, Ur^Br/, Ur^Br/, Uu, Ur^Br\, Ur^Br\, Uu^Em, Ur^Edt, Uu^Qhu, Uu, Uu^Edp, Wwg^Qhu, Wwg^Qhu, Uu^Em, Uu^Em, Uu^Vct, Uu, Uu^Qhu, Uu^Edp, Rb^Ii, Rb^Edp, Uu, Wwg^Qhu, Uu^Edp, Wog^Qhu, Wog^Qhu, Wog^Qhu, Wog^Qhu, Uu^Em, Wwg^Qhu, Wwg^Qhu, Wwg^Qhu, Xu
Qxu, Xu, Xu, Xue, Uu^Edb, Uu^Edb, Uu^Edb, Xue, Xue, Xu, Xue, Xu, Xu, Xu, Qxu, Qxu, Qxu, Qxu, Uh^Qhh, Uh^Em, Xu, Xu, Xu, Tb^Em, Xu, Xu, Xu, Uu^WCtL, Uu, Xu, Xu, Xu, Xu, Uu^WCtL, Ur^Br|, Uu, Uu, Uu, Ur^Br/, Uu^Br/, Uu, Uu^WCtL, Xu, Xu, Xu, Xu, Uu, Uu, Xu, Xu, Xu, Xu, Xu, Xu, Xu, Xu, Xu, Ur^Br|, Uu^Em, Uu, Uu^Vct, Uu^Em, Ur^Br/, Ur^Br/, Uu^Em, Uu, Xu, Xu, Qxu, Uu, Xu, Xu, Xu, Uu^Es, Ur^Br|, Uu^Edt, Uu^Edt, Uu^Edt, Cer, Cer, Uu, Uu, Uu^Es, Uu^Em, Uu^Edpp, Uu, Uu, Uu, Uu^Br/, Uu^Br\, Uu^Br/, Uue^Edb, Tb^Edb, Uu^Edp, Uu, Uu, Uu^Edp, Wwg^Qhu, Uu, Uu, Wwg^Qhu, Xu
Xu, Xu, Xu, Xue, Uu^Edb, Uu^Edb, Uu^Edb, Uu^Edb, Xuc, Xuc, Xuc, Xu, Xu, Xu, Xu, Qxu, Xu, Qxu, Qxu, Qxu, Xu, Xu, Xu, Xu, Uu^WCtL, Xu, Xu, Xu, Ur^Edb, Xu, Uh, Uh^WCtL, Uh^WCtL, Xu, Ur^Br/, Uu^Ii, Ur^Br/, Ur^Br/, Tb, Uu, Uh^WCtL, Xu, Xu, Xu, Xu, Xu, Xu, Xu, Uu^Tf, Xu, Xu, Uu, Uu, Xu, Xu, Xu, Xu, Ur^Br|, Ur^Br\, Ur^Br/, Ur^Br\, Ur^Br/, Tb, Uu^Ii, Uu^Em, Uu^Em, Xu, Xuf, Xu, Xu, Xu, Xu, Qxu, Uu^Es, Ur^Br\, Uh, Ur^Br\, Ur^Br/, Ur^Br\, Ur^Br/, Ur^Br\, Uu^Edt, Cer^Edt, Cer^Edt, Cer^Edt, Cer, Ker, Uu^Br/, Uu^Dr, Rb, Xue, Uue^Br\, Uue^Edb, Uue^Vct, Xue, Uu, Xu, Uu, Qxu, Uu^Edp, Uu^Edp, Wwg^Qhu
Xu, Xu, Xu, Tb^Edb, Uu^Edb, Xuc, Xuc, Ur^Xo, Uu, Xuc, Xuc, Xue, Xu, Xu, Xu, Xu, Xu, Xu, Xu, Qxu, Xu, Xu, Xu, Xu, Uh, Uh, Tb, Uu^Tf, Uu^Edb, Ur^Edb, Uh, Uh, Ur^Br/, Ur^Br/, Uu, Ur^Br\, Uu, Tb, Uu^Tf, Uh, Xu, Xu, Xu, Xu, Xu, Xu, Uu, Xu, Qxu, Xu, Xu, Qxu, Xu, Xu, Qxu, Xu, Uu^Em, Uu, Ur^Br|, Uu, Uu^Em, Uu, Uu, Uu^Es, Xu, Uu, Uu^Qhu, Uu, Uu^Es, Xu, Xu, Xu, Xuc, Uu, Uu^Edt, Ur^Br/, Uu^Edt, Cer, Uue, Uue^Qhu, Uu, Cer, Rb, Uu^Edt, Cer^Edt, Rb, Cer, Uu, Rb, Rb, Xue, Uue^Br|, Uue^Br\, Xue, Xue, Xue, Xue, Qxu, Xue, Qxu, Xu, Uu
Xu, Xu, Xom, Uu^Edb, Ur^Xo, Xuc^Efs, Urb^Vu, Urb, Uu, Rb, Rb^Vu, Xuc, Xu, Xu, Uh, Xu, Xu, Uh, Xu, Xu, Xu, Xu, Xu, Xu, Uu, Uh, Ur^Br/, Ur^Br/, Ur^Br\, Ur^Br/, Ur^Br\, Ur^Br/, Uh, Uh, Uu^Edb, Uu, Uu, Uu, Uu^Edb, Uu^Edb, Tb, Xu, Xu, Xu, Xu, Xu, Xu, Qxu, Xur, Xur, Qxu, Qxu, Xu, Uu^Vu, Qxu, Uu, Qxu, Uu^Es, Ur^Br/, Uu, Uu, Xu, Xu, Tb, Xu, Xu, Xue, Xue, Uu^Em, Uu^Em, Xu, Xu, Uu^Ii, Uu, Ur^Edt, Uu^Eb, Uu, Cer, Tb, Uue^Vct, Uu, Cer, Rb, Cer, Uu, Uu, Cer, Uu^Edpp, Re^Vct, Rb, Xue, Uu, Xue, Uu^Dr, Xue, Xue, Uu, Xue, Xue, Qxu, Qxu, Xu
Xu, Xu, Xuc, Ur^Xo, Uu, Uue, Uu, Urb, Uue, Tb, Urb, Xuc^Efs, Xuc, Xu, Xu, Uh, Uh, Uh, Uu, Xu, Cer, Uu, Uu, Xu, Uu^WCtL, Ur^Br/, Uu, Uu, Uu, Uu^Dr, Uu^Ii, Uh, Uh, Uu^Edb, Uu^Edb, Uu^Edb, Xu, Uu^WCtL, Xu, Uu^Edb, Tb, Xu, Xu, Xu, Uu, Xu, Qxu, Qxu, Qxu, Qxu, Xu, Qxu, Qxu, Uu, Qxu, Qxu, Qxu, Ur^Dr, Uu^Es, Xu, Xu, Xu, Xu, Tb, Xu, Xue, Xue, Xue, Uu^Em, Uu^Em, Uu^Em, Xu, Uu^Em, Uu^Em, Uu^Fdw, Tb^Tf, Wwg^Qhu, Wwg^Qhu, Rb, Uu, Uu^Br/, Ker, Cer, Cer, Cer, Cer, Uu, Uu, Uhe, Xue, Xue, Xue, Xue, Xue, Xue, Xue, Qxu, Xue, Qxu, Qxu, Qxu, Qxu
Xuc, Xuc^Efs, Uu, Uu, Urb^Vu, Uu, Uue, Urb, Uu^Ecf, Urb, Uue, Uue, Xuc, Xu, Xu, Uu, Uu, Uh, Uu, Uu^Dr, Cer, Uu, Ur^Br/, Ur^Br/, Uu, Xu, Uu, Tb, Uu^WCtL, Uu, Uu, Uh, Uu, Uu, Uu^Edpp, Tb^WCtL, Xu, Uu, Xu, Tb, Uu^Tf, Xu, Xu, Xu, Xu, Qxu, Xu, Xu, Xu, Qxu, Xur, Uu, Qxu, Qxu, Qxu, Qxu, Qxu, Qxu, Uu, Xu, Xu, Xu, Xu, Xu, Xu, Xue, Tb^Tf, Tb^Tf, Tb^Fdw, Uu^Em, Uu^Edp, Uu, Wwf^Qhu, Uu^Edp, Wwg^Qhu, Wwg^Qhu, Wwg^Qhu, Tb^Tf, Rb, Rb^Br/, Uu^Edpp, Uu, Uue, Uue^Qhu, Uu^Br|, Uu, Uhe, Uhe, Rb^Qhu, Uu, Xue, Xue, Uu, Qxu, Qxu, Xue, Qxu, Qxu, Xue, Qxu, Uu, Qxu
Xuc, Urb^Vu, Urb, Uue, Uu, Urb, Urb, Ker, Cer, Cer, Cer, Cer, Xuc, Xu, Xuf, Xu, Uu, Uu^Vct, Ur, Uu, Ur^Br/, Ur^Br/, Uu^Dr, Uu, Xuc, Xu, Xu, Xu, Xu, Xuc, Tb^WCtL, Uu, Uu, Xu, Uu, Xu, Uu^WCtL, Xu, Uu, Tb, Xu, Uu, Xu, Xu, Xu, Qxu, Qxu, Xu, Uu, Qxu, Qxu, Qxu, Xur, Xu, Uu^Dr, Uu, Rb^Br|, Uu, Uu^Qhu, Xue, Xue, Xue, Xu, Xu, Xue, Xue, Tb^Tf, Tb^Tf, Tb^Fdw, Tb^Fdw, Wwg^Qhu, Tb, Wwf^Qhu, Wwf^Qhu, Wog^Qhu, Wog^Qhu, Wwg^Qhu, Uu^Edp, Rb^Edp, Rb^Br|, Re^Vct, Uu^Edt, Uue^Edt, Uue^Edt, Uu^Br|, Uu^Edpp, Uu^Edb, Uhe, Uu, Xue, Xue, Xue, Uu, Xu, Qxu, Qxu, Xue, Xue, Qxu, Qxu, Uu, Xu
Xuc, Uu, Uu, Urb, Urb, Urb, Uu, Uu, Cer, Ur^Br\, Ur^Br\, Cer, Xuc, Xu, Uu, Xu, Uu, Uu, Ur^Br/, Ur^Br/, Uu^Ii, Cer, Cer, Uu, Uu, Xu, Xu, Xu, Xu, Xuc, Xuc, Tb, Uu^Tf, Xu, Xu, Uu, Tb, Xu, Uu^Ii, Xu, Uu, Uu, Uu^WCtL, Xu, Xu, Xu, Xu, Xu, Xu, Qxu, Qxu, Xur, Uu, Xu, Xu, Uu, Rb^Br|, Rb^Br\, Rb^Br\, Rb, Rb^Br/, Xue, Xue, Xu, Uue, Uue, Uue, Uu^Edp, Wwg^Qhu, Wwg^Qhu, Wwg^Qhu, Wwg^Qhu, Wwg^Qhu, Wwf^Qhu, Wwf^Qhu, Wog^Qhu, Wwg^Qhu, Wwg^Qhu, Uu^Em, Uu^Br|, Uu, Rb, Xue, Uu^Edt, Rb^Br|, Uu^Ii, Rb, Xue, Xue, Xue, Xue, Xue, Xue, Xue, Qxu, Qxu, Xu, Qxu, Xu, Qxu, Xu, Xu
Xu, Xuc, Xuc, Urb^Vu, Xuc, Uue, Xu, Uu^Dr, Cer, Cer, Ur^Em, Ur^Br\, Ur^Br\, Uu, Ur^Em, Uu^Dr, Cer, Uu, Ur^Br|, Uu, Tb^Tf, Uu, Tb, Uu, Xuc, Xu, Xu, Xu, Xu, Xu, Xu, Tb, Uu^Edb, Uu^Edb, Uu^Edb, Uu, Uu, Uu, Uu, Uu, Uu^WCtL, Xu, Xu, Uu^Qhu, Uu^Qhu, Xu, Xu, Wwg, Wwg, Xu, Xu, Qxu, Qxu, Xur, Xu, Uu, Rb^Br/, Uu, Re, Rb^Br\, Uue^Vct, Xu, Xu, Xue, Uue, Re, Re, Wwg^Qhu, Wwg^Qhu, Wwg^Qhu, Wog^Qhu, Wog^Qhu, Wog^Qhu, Wog^Qhu, Wwf^Qhu, Wog^Qhu, Wwg^Qhu, Uu^Em, Uu^Edb, Rb^Br|, Xue, Xue, Tb, Rb, Rb, Uu^Br\, Uu^Dr, Xue, Xue, Xue, Uu, Xue, Xu, Qxu, Xu, Qxu, Qxu, Xur, Xur, Qxu, Xu, Xu
Xu, Xu, Xu, Xuc, Xu, Xu, Xu, Xu, Xuc, Xuc^Efs, Ur, Ur^Em, Ur, Ur^Br\, Ur^Br\, Ur^Ecf, Cer, Ker, Ur^Br|, Tb^Tf, Wwg^Qhu, Wwg^Qhu, Tb^Tf, Tb, Uu, Xuc, Xu, Xu, Qxu, Xu, Xu, Uu^WCtL, Uu^WCtL, Uu^Edb, Uu, Xu, Xu, Uu, Uh^WCtL, Xu, Xu, Uu, Xu, Xu, Uu^Qhu, Uu^Qhu, Tb^Qhu, Xu, Wwg^Qhu, Xu, Xur, Xu, Xu, Qxu, Xur, Ur^Br/, Xu, Uu, Uu, Rb^Dc, Uue, Uue^Tf, Re, Uu^Dr, Uu, Re, Uu, Tb, Wwg^Qhu, Wwg^Qhu, Wog^Qhu, Wog^Qhu, Wwg^Qhu, Wwg^Qhu, Uu^Edp, Wwf^Qhu, Tb, Uu^Edp, Uue^Vct, Uu^Br|, Xue, Xue, Uhe, Uu, Uu^Dr, Xue, Xue, Xue, Uu, Xu, Qxu, Uu, Xu, Xu, Xu, Xu, Qxu, Qxu, Xu, Xu, Xu, Xu
Xu, Xu, Xu, Xu, Xu, Xu, Xuc, Xuc, Uh, Uu, Uu, Cer, Cer, Ur, Ur^Em, Ur^Br/, Ur^Br\, Ur^Br/, Ur^Br|, Uu, Wwg^Qhu, Wog^Qhu, Wog^Qhu, Wwg^Qhu, Uu, Uu, Xu, Xu, Qxu, Xu, Xu, Xu, Xur, Xu, Xu, Xu, Uu^Edb, Uu^WCtL, Xu, Xu, Xur, Xu, Tb^Qhu, Uu^Qhu, Xu, Tb^Qhu, Xu, Xu, Uu^Qhu, Wwg^Qhu, Wwg^Qhu, Xur, Xu, Qxu, Qxu, Xu, Xu, Xu, Uu^Qhu, Re, Uu, Re, Uu, Re, Uu, Uu^Ii, Rb, Uu^Edp, Uu, Wwg^Qhu, Wwg^Qhu, Wwg^Qhu, Wwg^Qhu, Tb^Fdw, Rb, Rb, Uu^Dr, Uue, Uue^Br/, Uue^Br/, Uue, Uue, Uu, Uu, Xu, Xu, Xu, Xue, Xu, Qxu, Xu, Qxu, Xu, Xu, Uu, Qxu, Xu, Qxu, Qxu, Uu, Xu, Xu
Xu, Xu, Xu, Xu, Xue, Xuc, Xuc, Xuc, Uue, Uu, Rb, Uu^Dr, Ur, Ur^Ii, Ur, Ur, Re^Vct, Ur, Ur^Br\, Uu, Tb^Tf, Wwg^Qhu, Uu^Vct, Wwg^Qhu, Wwg^Qhu, Uu, Uu, Uh, Uu, Xu, Xu, Xu, Xur, Xur, Xur, Xu, Xur, Xur, Xur, Xur, Tb^Emf, Xu, Xu, Uu^Qhu, Tb^Qhu, Xur, Xur, Uh^Qhu, Xu, Xu, Xu, Wwg^Qhu, Xu, Xu, Xu, Qxu, Xu, Xu, Xu, Xu, Uu, Uhe, Uhe, Tb^Tf, Uhe^Tf, Uu, Uu, Uu^Edpp, Uu^Edpp, Wwg^Qhu, Wwg^Qhu, Wwg^Qhu, Uu^Edp, Uu, Tb^Tf, Rb, Xu, Xu, Xu, Qxu, Qxu, Uue, Xu, Uu, Xu, Xu, Uu, Xu, Xu, Xu, Xu, Qxu, Qxu, Xu, Qxu, Qxu, Xu, Xu, Qxu, Xu, Xu, Xu
Xu, Xu, Xuc, Xue, Uh, Uh, Uue, Uue, Uu, Rb, Ur^Em, Ur, Ur, Ur^Em, Uu, Rb^Dc, Rb, Ur^Em, Ur, Ur^Br\, Ur^Br\, Uu, Ur^Br/, Tb^Tf, Uu, Uu^Tf, Uu^Dr, Xuc, Xu, Xu, Xu, Xur, Qxu, Qxu, Xur, Xur, Qxu, Qxu, Xur, Tb^Tf, Tb^Qhu, Uu^Qhu, Uu^Qhu, Uu^Qhu, Uu^Qhu, Uh^Qhu, Xu, Uh^Emf, Tb^Qhu, Xur, Xu^Efs, Wwg^Qhu, Xu, Qxu, Qxu, Qxu, Qxu, Tb, Qxu, Xu, Xu, Xu, Xue, Tb, Uue, Re, Uue^Fdw, Uue, Wwg^Qhu, Wwg^Qhu, Uhe, Uhe, Xue, Tb^Tf, Xu, Uu, Xu, Xu, Xu, Qxu, Xu, Qxu, Xu, Xu, Xu, Qxu, Qxu, Qxu, Xu, Xu, Qxu, Qxu, Uu, Qxu, Qxu, Xu, Xu, Xu, Xu, Xu, Xu, Xu
Xu, Xuc, Uu, Uu, Ce, Uh, Uue, Uue, Ur, Ur, Uu^Em, Uh, Uu, Cer, Uu, Rb, Uu^Edpp, Uu, Uu, Ur^Em, Ur, Ur^Br|, Ur^Em, Ur^Br\, Ur^Br\, Cer, Uu, Xuc, Xuc, Xu, Xu, Xur, Qxu, Xur, Qxu, Xur, Ql, Ql, Qlf, Xur, Xu, Xur, Uu^Qhu, Uu^Qhu, Uu^Qhu, Xu, Xu, Tb^Qhu, Xur, Uu^Qhu, Uu^Qhu, Qxu^Qhu, Xu, Xu, Qxu, Qxu, Qxu, Qxu, Xue, Qxu, Xue, Xue, Xue, Uhe, Re, Uu^Edpp, Wwg^Qhu, Wwg^Qhu, Rb^Edpp, Tb, Uu^Vu, Xue, Xue, Xue, Uu, Xu, Xu, Xu, Xu, Xu, Xu, Qxu, Qxu, Xu, Xu, Xu, Qxu, Xu, Xu, Xu, Xu, Xu, Xu, Xu, Qxu, Xu, Xu, Uu, Isa, Qxu, Xu, Xu
Xuc, Xuc, Uue, Ce, Ke, Ce, Ur, Ur^Em, Uu, Uu, Uh, Uh^Em, Uu, Cer, Uu^Dr, Uu, Uh, Uu, Ker, Uu^Ecf, Ur, Ur^Br\, Ur^Em, Uu^Em, Uu^Edpp, Ur^Br\, Ur^Br\, Ur^Br/, Ur^Br\, Xuc, Xuc, Xu, Xu, Qxu, Xu, Qxu, Ql, Qlf, Qlf, Qlf, Xu, Uu^Qhu, Xur, Uh^Qhu, Tb^Qhu, Uu^Qhu, Uu^Qhu, Uu^Qhu, Xu, Xu, Xu, Uu^Qhu, Qxu, Qxu, Xue, Xur, Qxu, Qxu, Qxu, Xue, Xue, Xue, Gd^Edpp, Rb^Ii, Gll^Fdw, Wwg^Qhu, Wwg^Qhu, Re^Ii, Re^Ii, Rb, Xu, Xu, Xu, Uu, Xu, Xu, Xu, Qxu, Xu, Xu, Uu, Qxu, Xu, Xu, Qxu, Qxu, Xu, Qxu, Xu, Xu, Xu, Qxu, Qxu, Qxu, Xu, Qxu, Tb^Vud, Xu, Isa^Em, Xu, Uu^Br/, Uu^Br/
Rb^Ii, Uu, Uue, Ce, Ce, Ce, Uu, Uu, Xue, Uh, Uu, Uh, Xu, Uu, Uh, Uh, Uh, Uu^Dr, Cer, Cer, Ur, Ur^Br|, Ur^Ii, Xu, Xu, Uu, Tb, Uu, Uu, Ur^Br|, Uu, Uu, Xu, Xu, Xu, Qxu, Qxu, Ql, Xu, Qlf, Tb^Tf, Tb^Qhu, Uu^Qhu, Xu, Xu, Xu, Xu, Xu, Qxu, Qxu, Qxu, Qxu, Xue, Uu^Dr, Xue, Xu, Xue, Xue, Qxu, Xue, Xue, Gll^Edpp, Gs, Gll, Wwg, Wwg^Qhu, Wwg, Gll^Ii, Gd^Edpp, Xu, Xu, Xu, Xu, Qxu, Qxu, Uu, Qxu, Qxu, Qxu, Qxu, Qxu, Qxu, Qxu, Xu, Qxu, Xu, Xu, Uu, Xu, Xu, Qxu, Qxu, Qxu, Uu, Xu, Qxu, Tb^Tf, Uu^Br\, Uu^Br/, Uu^Br/, Xu, Xu
Rb^Ii, Rb, Rb, Rb, Rb, Uue, Xue, Xue, Xue, Xue, Xu, Xu, Xu, Xu, Xu, Uh, Xu, Uu, Uu, Uu^Vct, Ur, Ur^Br|, Ur^Em, Xu, Xu, Xu, Xu, Xu, Uu, Ur^Br\, Ur^Br\, Uu, Uu^Tf, Xu, Xu, Xu, Xu, Qxu, Xu, Xu, Xu, Xu, Xu, Xu, Qxu, Qxu, Qxu, Qxu, Qxu, Xue, Qxu, Xue, Xue, Uue, Rb, Xue, Xue, Xu, Xue, Xue, Xue, Gg^Edpp, Ss^Ii, Sm^Ii, Wwg, Wwg, Ss^Ii, Gs, Xue, Xue, Xu, Xu, Xu, Qxu, Xu, Xu, Xu, Qxu, Xu, Qxu, Uu, Xu, Qxu, Qxu, Uu, Qxu, Qxu, Xu, Xu, Xu, Qxu, Xu, Xu, Xu, Xu, Xu, Xu, Tb, Xu, Uh, Xu, Xu
Rb^Ii, Rb^Ii, Rb^Ii, Rb, Xue, Xue, Xue, Xue, Xu, Xu, Xu, Xu, Xu, Xu, Xu, Xu, Xu, Xu, Xu, Uu, Ur, Ur^Br|, Ur, Xu, Xu, Xu, Xu, Xu, Xu, Uu, Uu, Ur^Br|, Uu, Xu, Xu, Xu, Xu, Xu, Xu, Xu, Xu, Xu, Qxu, Qxu, Qxu, Xu, Xu, Xu, Xu, Xue, Xue, Xue, Xue, Xue, Xue, Rb^Ii, Rb, Xue, Xue, Xue, Ss, Ss^Ii, Ss, Ss^Ii, Wwg^Qhu, Ss^Ii, Ss^Ii, Gg, Xue, Xue, Xue, Xue, Xue, Xue, Xue, Xu, Xu, Qxu, Qxu, Xu, Xu, Xu, Xu, Xu, Xu, Xu, Xu, Xu, Xu, Qxu, Qxu, Xu, Xu, Xu, Xu, Xu, Xu, Xu, Xu, Xu, Xu, Xu
