Xu, Xu, Xu, Xu, Xu, Xu, Xu, Xu, Xu, Qxu, Qxu, Xu, Xu, Xu, Qxu, Qxu, Qxu, Xu, Xu, Xu, Xu, Xu, Xu, Xu, Xu, Xu, Uu, Ur^Br|, Uu, Qxu, Qxu, Xu, Xu, Qxu, Qxu, Xu, Qxu, Qxu, Xu, Xu, Xu, Xu, Ql, Ql, Ql, Ql, Ql, Ql, Ql, Ql, Xu, Xu, Xu, Xu, Xu, Xu, Xu, Xu, Xu, Xu, Xu, Xu, Xu, Xu, Xu, Xu, Xu, Xu, Xu, Xu, Xu, Xu, Xu, Xu, Xu, Xu, Xu, Xu, Xu, Xu, Xu, Xu, Xu, Xu, Xu, Xu, Uu, Uu, Uu, Uu, Xu, Xu, Uu, Uu, Xu, Xu, Xu, Xu, Uu, Xu, Xu, Uu
Xu, Xu, Xu, Xu, Xu, Xu, Xu, Xu, Xu, Xu, Xu, Qxu, Xu, Qxu, Qxu, Qxu, Xu, Xu, Xu, Xu, Xu, Xu, Xu, Xu, Xu, Uu, Uu, Ur^Br|, Uu^Vct, Uu, Qxu, Xu, Xu, Qxu, Qxu, Qxu, Xu, Xu, Xu, Xu, Xu, Xu, Xu, Ql, Ql, Ql, Ql, Ql, Uu, Xu, Xu, Xu, Xu, Xu, Xu, Xu, Xu, Xu, Xu, Xu, Uh, Xu, Uu^Vu, Xu, Xu, Xu, Xu, Xu, Uu, Xu, Uu, Xu, Xu, Xu, Xu, Xu, Xu, Xu, Xu, Xu, Xu, Xu, Xu, Xu, Uu, Uu, Xu, Xu, Xu, Xu, Xu, Xu, Xu, Uu, Xu, Xu, Uu, Uu, Xu, Xu, Uu, Uu
Xu, Xu, Qxu, Xu, Xu, Qxu, Qxu, Xu, Xu, Xu, Xu, Qxu, Qxu, Qxu, Xu, Qxu, Qxu, Xu, Xu, Xu, Xu, Xu, Xu, Xu, Xu, Uu, Uu, Ur^Br|, Ur^Br\, Uu, Uu, Qxu, Qxu, Qxu, Qxu, Xu, Xu, Xu, Xu, Xu, Xu, Xu, Xu, Ql, Ql, Uu, Uu, Uu, Xu, Xu, Xu, Xu, Xu, Xu, Xu, Xu, Uh, Xu, Xu, Uh, Uh^Edb, Uu^Edb, Uu, Uu, Uu, Uu, Uu, Uu, Uh, Uh, Uu, Uu, Uu, Xu, Uh^Edb, Xu, Xu, Xu, Xu, Xu, Xu, Xu, Uu, Ur, Ur, Xu, Xu, Xu, Qlf, Xu, Xu, Xu, Uu^Vu, Ur, Xu, Uu, Uu, Uu, Xu, Uu, Xu, Xu
Xu, Xu, Qxu, Qxu, Qxu, Qxu, Qxu, Xu, Xu, Xu, Xu, Qxu, Xu, Xu, Xu, Xu, Qxu, Xu, Xu, Xu, Uu^Vct, Xu, Uu, Xu, Uu, Uu, Ur^Br/, Ur^Br/, Uu, Ur^Br\, Ur^Br\, Uu^Dr, Qxu, Qxu, Qxu, Xu, Xu, Xu, Xu, Xu, Xu, Xu, Uh, Uu, Uu, Uu, Uu, Uu, Uu, Xu, Xu, Xu, Xu, Xu, Uh, Xu, Uh, Xu, Uu, Cer, Cer, Uu, Xu, Ur^Edb, Xu, Uu, Uu, Uh^Edb, Uh^Edb, Uu, Uu, Xu, Ur, Uu^Edb, Uh^Edb, Xu, Xu, Xu, Xu, Xu, Xu, Xu, Uu, Ur, Uu, Uu, Xu, Xu, Qlf, Xu, Xu, Xu, Uh, Uh, Uu, Uu, Xu, Xu, Ur, Ur, Uu, Uu
Xu, Xu, Xu, Xu, Qxu, Xu, Qxu, Qxu, Qxu, Xu, Xu, Qxu, Qxu, Xu, Xu, Qxu, Xu, Xu, Xu, Xu, Uu, Uu^Edb, Ker^Edb, Cer, Ur^Br/, Ur^Br/, Uu, Uu, Qxu, Uu, Uu, Qxu, Qxu, Qxu, Uu, Qxu, Xu, Xu, Xu, Xu, Uu, Uh, Uh, Uu, Uu, Uu, Uh, Uh, Uu, Uu^Vu, Xu, Xu, Xu, Xu, Uu, Uh, Uh, Uu^Edb, Uu^Edb, Uu, Xu, Xu, Xu, Xu, Xu, Xu, Uu^Edb, Ur^Edb, Uh, Uu, Uu^Vu, Xu, Xu, Uu, Uu, Uh, Uu, Uu, Uh, Uu, Uu, Uu, Uu, Uu, Uu^Vu, Xu, Xu, Qlf, Qlf, Xu, Uu, Uu, Xu, Xu, Uu, Uu^Qhu, Xu, Ur, Uh, Xu, Xu, Xu
Xu, Xu, Xu, Xu, Xu, Qxu, Xu, Xu, Xu, Qxu, Qxu, Qxu, Xu, Qxu, Qxu, Qxu, Xu, Xu, Xu, Xu, Uu^Edb, Uu^Edb, Cer^Edb, Cer, Uu, Uu^Es, Uu, Qxu, Uh, Qxu, Qxu, Qxu, Ur^Br\, Qxu, Uu, Xu, Uu^Qhu, Xu, Xu, Uu, Ur^Br/, Uu, Ur^Br/, Uu, Uh, Uh, Uh, Uu, Uh, Uu, Uh, Uu, Ur^Br/, Uu, Ur^Br/, Uh, Uu^Edb, Uu^Edb, Uu, Uu, Xu, Xu, Xu, Xu, Uu^Edb, Uu, Uu^Edb, Uu^Edb, Uu, Uu, Xu, Xu, Xu, Xu, Cer, Cer, Ur^Edb, Uu^Edb, Uh, Uh, Ur, Uu, Xu, Xu, Xu, Xu, Xu, Ql, Ql, Ql, Uu, Xu, Uu, Uu, Xu, Xu, Uu, Uh, Xu, Xu, Uu, Uu
Qxu, Xu, Xu, Xu, Xu, Xu, Xu, Xu, Qxu, Xu, Qxu, Xu, Xu, Xu, Xu, Qxu, Xu, Xu, Qxu, Uu, Uu, Uu^Edb, Uu, Uu, Uu, Uu^Vct, Uh, Uh, Uh, Qxu, Qxu, Qxu, Qxu, Ur^Br\, Ur^Br|, Uu, Uu, Xu, Ur^Br/, Ur^Br/, Uu, Ur^Br\, Uu, Ur^Br\, Uh, Uh, Uu, Uh, Uu, Cer, Uh, Uh, Uu, Ur^Br\, Uu, Ur^Br\, Qxu, Uu^Edb, Qxu, Cer, Uu, Uu, Uu^Edb, Uu^Edb, Uh^Edb, Uh, Uh, Uu, Uu, Xu, Xu, Xu, Ker, Xu, Cer, Cer, Uu^Edb, Uu^Edb, Uh^Edb, Cer, Cer, Uu, Xu, Xu, Xu, Xu, Xu, Ql, Uh, Uh, Xu, Xu, Uu, Xu, Uu, Uu, Xu, Xu, Uu, Ur, Xu, Uu
Xu, Qxu, Qxu, Xu, Qxu, Xu, Xu, Xu, Qxu, Qxu, Qxu, Xu, Xu, Xu, Xu, Xu, Qxu, Xu, Qxu, Qxu, Qxu, Qxu, Qxu, Qxu, Qxu, Uh, Qxu, Uh, Qxu, Qxu, Uu, Uu^Dr, Qxu, Uu, Uu, Ur^Br\, Ur^Br\, Ur^Br/, Uu, Uu, Xu, Uu^Vu, Xu, Uu, Uu, Uu, Xu, Xu, Xu, Cer, Uu, Uu, Uu, Uu, Uu, Qxu, Uu^Vu, Qxu, Uu, Ur^Br\, Ur^Br\, Uu, Uu^Edb, Uu^Edb, Xu, Uh, Xu, Uu, Ur^Edb, Uu^Edb, Uu, Xu, Uu, Cer, Uh, Uh, Uu, Uu, Uh, Uh, Xu, Xu, Xu, Xu, Xu, Xu, Uu, Uu, Xu, Xu, Uu, Uh, Xu, Xu, Uu, Xu, Uu, Uu, Xu, Xu, Uh, Xu
Xu, Xu, Qxu, Qxu, Qxu, Qxu, Qxu, Qxu, Xu, Qxu, Qxu, Xu, Uh, Xu, Uh, Xu, Qxu, Qxu, Qxu, Qxu, Qxu, Qxu, Qxu, Qxu, Qxu, Qxu, Qxu, Qxu, Qxu, Qxu, Uu, Uu^Qhu, Uu, Uu, Xu, Uu, Uu, Ur^Br\, Uu, Uu, Uh^Qhu, Xu, Xu, Xu, Xu, Xu, Qxu, Xu, Xu, Uu, Uu, Uu, Uu, Uu, Xu, Qxu, Xu, Uu, Xu, Uu, Uu, Ur^Br|, Uu, Xu, Xu, Xu, Xu, Uu, Uu^Edb, Uu^Edb, Xu, Uu, Uh, Uh, Uh, Ur, Xu, Uu, Xu, Uh, Xu, Xu, Xu, Xu, Xu, Xu, Ur, Xu, Xu, Xu, Uu, Uu, Xu, Uu, Xu, Xu, Uu, Xu, Uu, Xu, Uh, Uh
Xu, Xu, Qxu, Xu, Xu, Xu, Xu, Xu, Xu, Xu, Qxu, Qxu, Qxu, Uu^Vu, Uh, Qxu, Qxu, Qxu, Qxu, Qxu, Qxu, Uu^Dr, Qxu, Qxu, Qxu, Qxu, Qxu, Qxu, Xu, Uu, Xu, Uu, Xu, Xu, Xu, Uu, Uh, Ur^Br|, Uu, Uh, Xu, Xu, Xu, Xu, Xu, Xu, Qxu, Xu, Xu, Xu, Xu, Xu, Xu, Xu, Xu, Qxu, Qxu, Xu, Xu, Xu, Uu, Ur^Br\, Ur^Br\, Xu, Uu, Uu, Ur, Uu, Xu, Uu^Dr, Xor, Xu, Xu, Uh, Xu, Uu^Vu, Xu, Xu, Xu, Xu, Xu, Xu, Xu, Uu^Vu, Uh, Ur, Xu, Xu, Xu, Xu, Uu, Xu, Uu, Ur, Xu, Xu, Uu, Uu, Uu^Vu, Uh, Uu, Uu
Xu, Xu, Qxu, Qxu, Xu, Xu, Xu, Qxu, Qxu, Xu, Xu, Qxu, Qxu, Uh, Qxu, Qxu, Qxu, Qxu, Qxu, Qxu, Qxu, Qxu, Qxu, Qxu, Qxu, Qxu, Qxu, Qxu, Qxu, Xu, Xu, Xu, Xu, Xu, Uu^Vu, Uu, Uh, Uh, Uh, Uh, Xu, Xu, Xu, Xu, Qxu, Xu, Qxu, Qxu, Qxu, Qxu, Xu, Xu, Qxu, Xu, Qxu, Qxu, Qxu, Xu, Xu, Xu, Uu, Uu, Ur^Br|, Uu, Cer, Uu, Xu, Xu, Xu, Xor, Xu, Xu, Uh, Xu, Xu, Xu, Xu, Xu, Xu, Xu, Uu, Xu, Uu, Uh, Uh, Uu^Qhu, Xu, Xu, Uu, Uu, Uu, Xu, Uh, Uu, Uu, Uu, Xu, Xu, Xu, Xu, Xu, Xu
Qxu, Qxu, Xu, Xu, Xu, Xu, Xu, Qxu, Xu, Qxu, Xu, Xu, Qxu, Qxu, Qxu, Qxu, Qxu, Qxu, Qxu, Qxu, Qxu, Qxu, Qxu, Qxu, Qxu, Qxu, Qxu, Qxu, Qxu, Uu^Vu, Xu, Xu, Xu, Xu, Xu, Xu, Uu, Qxu, Qxu, Uh, Qxu, Xu, Xu, Xu, Qxu, Qxu, Qxu, Qxu, Xu, Qxu, Qxu, Xu, Qxu, Qxu, Xu, Xu, Xu, Qxu, Qxu, Qxu, Qxu, Qxu, Qxu, Qxu, Qxu, Xu, Uh, Xu, Uu, Xu, Uu^Edb, Uu, Ur^Vu, Uh, Uh, Xu, Qxu, Xu, Qxu, Uu, Xu, Uu, Xu, Uh, Uu, Uu, Xu, Uu, Uu, Xu, Xu, Uu, Uh, Xu, Xu, Xu, Xu, Xu, Uu, Uu, Uu, Uu
Qxu, Qxu, Qxu, Xu, Xu, Xu, Xu, Xu, Xu, Xu, Xu, Xu, Xu, Qxu, Qxu, Qxu, Qxu, Qxu, Qxu, Qxu, Uu, Qxu, Uu, Uu, Uh, Qxu, Qxu, Qxu, Xu, Xu, Xu, Xu, Xu, Xu, Xu, Uu^Qhu, Uu, Qxu, Qxu, Qxu, Xu, Qxu, Qxu, Qxu, Qxu, Xu, Qxu, Qxu, Xu, Xu, Qxu, Qxu, Qxu, Xu, Xu, Xu, Uh, Qxu, Qxu, Qxu, Qxu, Qxu, Qxu, Qxu, Qxu, Qxu, Uh, Uu, Uh, Uu^Edb, Uu^Edb, Uu^Edb, Uu, Uu, Uu, Uu, Qxu^Bp\, Qxu, Uu, Uu, Xu, Xu, Uu, Uh, Uh, Uu, Uu, Uu, Xu, Xu, Qxu, Xu, Uu, Uh, Uu, Xu, Xu, Uu, Xu, Xu, Xu, Xu
Qxu, Qxu, Qxu, Qxu, Qxu, Qxu, Xu, Xu, Xu, Xu, Xu, Xu, Xu, Xu, Xu, Qxu, Uu, Qxu, Uu, Uu, Kte, Uu, Uu, Uh, Uh, Uu, Ur, Xu, Xu, Xu, Xu, Xur, Xur, Xu, Xu, Xu, Uu, Ur^Br|, Uu, Uu, Xu, Xu, Xu, Xu, Qxu, Qxu, Qxu, Xu, Xu, Xu, Xu, Xu, Xu, Xu, Uh, Uh, Uh, Uu, Uu, Qxu, Uu^Dr, Qxu, Uu, Qxu, Qxu, Qxu, Qxu, Uh, Uu, Uu, Uu^Dr, Uu, Qxu, Uu, Qxu, Qxu, Qxu, Uu, Uu, Uu, Uu, Uu, Uh, Uh, Uu, Xu, Xu, Uu, Uu, Xu, Uu, Qxu, Uu, Uu, Wwg, Uu, Xu, Uu, Xu, Xu, Uu, Uu
Qxu, Qxu, Qxu, Qxu, Qxu, Qxu, Qxu, Xu, Uh, Uu, Uu, Uu, Uu, Xu, Uu, Uu, Uu, Uu, Cte, Uu, Ur, Uu, Cte, Uu, Uu, Uu^Es, Uu, Uu, Uu, Xu, Uu, Xu, Uu^Dr, Xu, Xu, Uu, Uu, Ur^Br|, Uu, Uu, Xu, Xu, Xu, Xu, Xu, Xu, Xu, Xu, Xu, Xu, Xu, Xu, Xu, Xu, Ur, Uh, Uu, Uh, Ur^Br/, Ur^Br/, Uu, Uu, Uu, Uu, Uu, Qxu, Uu, Qxu^Bh/, Qxu, Qxu, Qxu, Qxu, Qxu, Qxu, Qxu, Qxu, Uu, Uu, Xu, Uu, Xu, Xu, Xu, Uh, Xu, Xu, Xu, Xu, Uu, Uu, Wwg, Uu, Wwg, Wwg, Wwg, Uu, Uu, Uu, Uu, Uu, Uu, Uu
Qxu, Qxu, Qxu, Qxu, Qxu, Uu, Uu, Uu, Ur, Uu, Uh, Uh, Uu, Uu, Uh, Uu, Uu, Uu, Uu, Uu, Ur^Ii, Uu, Uu, Uu, Uu, Uu, Uh, Uu^Es, Uu, Uh, Xu, Uu, Xor, Xor, Uu^Qhu, Uu, Ur^Br/, Ur^Br/, Ur^Br\, Uu, Uu, Xu, Uu^Qhu, Xu, Xuc, Xu, Xuc, Xu, Xu, Xu, Xu, Xu, Uu, Xu, Uu, Uu, Ur^Br/, Ur^Br/, Uu, Uu, Xu, Xu, Xu, Uu, Uh, Uu, Uu, Uu, Uu, Qxu, Uu, Qxu, Uu, Uu, Uu, Uh, Uh, Xu, Xu, Xu, Uu, Uu, Uu, Uu, Uu, Uu, Wwg, Uu, Wwg, Wwg, Wog, Wwg, Xu, Wog, Wog, Wwg, Uu, Uu, Wwg, Wwg, Wwg, Wwg
Qxu, Qxu, Qxu, Qxu, Xu, Uu, Uu, Uh, Uu, Uu, Uu, Uu, Uu, Uh, Uu^Es, Uu, Uh, Uh, Kte, Ur, Uu, Ur, Kte, Uu, Uu, Uu, Uh, Uu, Uh, Uh, Xu, Xu, Xu, Uu, Qxu^Bp|, Uu^Dr, Qxu, Xu, Xu, Ur^Br\, Ur^Br\, Uu, Uu, Xuc, Uu, Xuc, Uu, Uu, Uu, Uu, Uu, Uu, Ur^Br/, Ur^Br\, Ur^Br/, Ur^Br/, Uu, Ur^Br\, Uu, Xu, Xu, Xu, Xu, Uh, Uh, Uu, Uu, Uu, Uu, Uu, Ur, Uu, Uu, Uu, Uh, Uh, Uh, Xu, Xu, Xu, Uu, Uu, Uu, Uu, Wwg, Wwg, Wwg, Wwg, Wog, Wog, Wog, Xu, Xu, Wog, Wog, Wog, Wog, Wog, Uu, Uu, Uu, Wwg
Xu, Qxu, Xu, Xu, Xu, Xu, Uu, Uu, Uh, Uh, Uu, Ur, Uu^Es, Uh, Uu, Uu, Ur, Uu, Uu, Uu, Cte, Uu, Uu, Uu, Uh, Uu, Uu, Uu, Ur, Uh, Uh^Dr, Xor, Uu, Xu, Qxu, Qxu, Xu, Xu, Xu, Xu, Uu, Ur^Br\, Ur^Br/, Ur^Br\, Ur^Br/, Ur^Br\, Ur^Br/, Ur^Br\, Ur^Br/, Ur^Br\, Ur^Br/, Ur^Br/, Uu, Uu, Xu, Uu, Uu, Ur^Br|, Uu, Xu, Xu, Uu^Qhu, Ur, Uh, Uu, Uu, Ur^Br/, Ur^Br/, Ur^Br\, Ur^Qhu, Uu^Vct, Uu, Ur^Br/, Uu, Uu, Uu, Xu, Xu, Xuc, Xuc, Uu, Uu, Wwg, Wwg, Uu, Wwg, Uu, Wwg, Wwg, Wwg, Wwg, Wog, Wog, Xu, Wog, Wog, Uu, Uu, Uu, Xu, Xu, Xu
Qxu, Qxu, Xu, Xu, Xue, Xor, Xor, Uu, Uh, Uh, Xu, Uu, Xu, Uu, Uu, Uu, Uu, Uu, Uh, Uu, Uu, Uu, Uu, Ur, Uh, Uh, Xu, Uu, Xu, Uh, Uh, Xor, Xu, Uu, Ur^Br|, Tb, Tb, Tb^WCtL, Uu^WCtL, Xu, Ur^WCtL, Ur^Br/, Uu, Uu, Uu^Vu, Uu, Xu, Uu, Uu^Qhu, Uu, Uu, Uu, Uu, Uu, Xu, Xu, Xu, Ur^Br|, Uu, Xu, Uu, Uu, Uu, Uh, Ur^Br/, Ur^Br/, Uu, Uu, Uu, Ur^Br\, Ur^Br/, Ur^Br/, Uu, Ur^Br\, Ur^Br\, Uu, Ur^Edt, Uu^Qhu, Uu, Uu, Wwg, Wwg, Uu, Uu, Uu^Vct, Uu, Uu^Qhu, Uu, Rb, Rb, Uu, Wwg, Uu^Edb, Wog, Wog, Wog, Wog, Uu, Wwg, Wwg, Wwg, Xu
Qxu, Xu, Xu, Xue, Uu^Edb, Uu^Edb, Uu^Edb, Xue, Xue, Xu, Xue, Xu, Xu, Xu, Qxu, Qxu, Qxu, Qxu, Uh, Uh, Xu, Xu, Xu, Uu, Xu, Xu, Xu, Uu^WCtL, Uu, Xu, Xu, Xu, Xu, Uu^WCtL, Ur^Br|, Uu, Uu, Uu, Ur^Br/, Uu^Br/, Uu, Uu^WCtL, Xu, Xu, Xu, Xu, Xu, Xu, Xu, Xu, Xu, Xu, Xu, Xu, Xu, Xu, Xu, Ur^Br|, Uu, Uu, Uu^Vct, Uu, Ur^Br/, Ur^Br/, Uu, Uu, Xu, Xu, Xu, Uu, Xu, Xu, Xu, Uu, Ur^Br|, Uu^Edt, Uu^Edt, Uu^Edt, Cer, Cer, Uu, Uu, Uu^Edt, Uu, Uu, Uu, Uu, Uu, Uu^Br/, Uu^Br\, Uu^Br/, Uue^Edb, Uu^Edb, Uu^Edb, Uu, Uu, Uu, Wwg, Uu, Uu, Wwg, Xu
Xu, Xu, Xu, Xue, Uu^Edb, Uu^Edb, Uu^Edb, Uu^Edb, Xuc, Xuc, Xuc, Xu, Xu, Xu, Xu, Qxu, Xu, Qxu, Qxu, Qxu, Xu, Xu, Xu, Xu, Uu^WCtL, Xu, Xu, Xu, Ur^Edb, Xu, Uh, Uh^WCtL, Uh^WCtL, Xu, Ur^Br/, Uu^Ii, Ur^Br/, Ur^Br/, Tb, Uu, Uh^WCtL, Xu, Xu, Xu, Xu, Xu, Xu, Xu, Qxu, Xu, Xu, Qxu, Qxu, Xu, Xu, Xu, Xu, Ur^Br|, Ur^Br\, Ur^Br/, Ur^Br\, Ur^Br/, Uu, Uu, Uu, Uu, Xu, Xu, Xu, Xu, Xu, Xu, Xu, Uu, Ur^Br\, Uu, Ur^Br\, Ur^Br/, Ur^Br\, Ur^Br/, Ur^Br\, Uu^Edt, Cer^Edt, Cer^Edt, Cer^Edt, Cer, Ker, Uu^Br/, Uu^Dr, Rb, Xue, Uue^Br\, Uue^Edb, Uue^Vct, Xue, Uu, Xu, Uu, Qxu, Uu, Uu, Wwg
Xu, Xu, Xu, Uu^Edb, Uu^Edb, Xuc, Xuc, Ur^Xo, Uu, Xuc, Xuc, Xue, Xu, Xu, Xu, Xu, Xu, Xu, Xu, Qxu, Xu, Xu, Xu, Xu, Uh, Uh, Tb, Tb, Uu^Edb, Ur^Edb, Uh, Uh, Ur^Br/, Ur^Br/, Uu, Ur^Br\, Uu, Tb, Tb, Uh, Xu, Xu, Xu, Xu, Xu, Xu, Xu, Xu, Qxu, Xu, Xu, Qxu, Xu, Xu, Qxu, Xu, Uu, Uu, Ur^Br|, Uu, Uu, Uu, Uu, Uu, Xu, Uu, Uu^Qhu, Uu, Uu, Xu, Xu, Xu, Xuc, Uu, Uu^Edt, Ur^Br/, Uu^Edt, Cer, Uue, Uue^Qhu, Uu, Cer, Rb, Uu^Edt, Cer^Edt, Rb, Cer, Uu, Rb, Rb, Xue, Uue^Br|, Uue^Br\, Xue, Xue, Xue, Xue, Qxu, Xue, Qxu, Xu, Uu
Xu, Xu, Xom, Uu^Edb, Ur^Xo, Xuc^Efs, Urb^Vu, Urb, Uu, Rb, Rb^Vu, Xuc, Xu, Xu, Xu, Xu, Xu, Xu, Xu, Xu, Xu, Xu, Xu, Xu, Uu, Uh, Ur^Br/, Ur^Br/, Ur^Br\, Ur^Br/, Ur^Br\, Ur^Br/, Uh, Uh, Uu^Edb, Uu, Uu, Uu, Uu^Edb, Uu^Edb, Tb, Xu, Xu, Xu, Xu, Xu, Xu, Qxu, Xu, Xu, Qxu, Qxu, Xu, Uu^Vu, Qxu, Uu, Uu, Uu, Ur^Br/, Uu, Xu, Xu, Xu, Xu, Xu, Xu, Xue, Xue, Uu, Uu, Xu, Xu, Uu, Uu, Ur^Edt, Uu^Edt, Uu, Cer, Uu, Uue^Vct, Uu, Cer, Rb, Cer, Uu, Uu, Cer, Uu, Re^Vct, Rb, Xue, Xue, Xue, Xue, Xue, Xue, Xue, Xue, Xue, Qxu, Qxu, Xu
Xu, Xu, Xuc, Ur^Xo, Uu, Uue, Uu, Urb, Uue, Uu, Urb, Xuc^Efs, Xuc, Xu, Xu, Xu, Uh, Uh, Uu, Xu, Cer, Uu, Uu, Xu, Uu^WCtL, Ur^Br/, Uu, Uu, Uu, Uu^Dr, Uu^Ii, Uh, Uh, Uu^Edb, Uu^Edb, Uu^Edb, Xu, Uu^WCtL, Xu, Uu^Edb, Tb, Xu, Xu, Xu, Qxu, Xu, Qxu, Qxu, Qxu, Qxu, Xu, Qxu, Qxu, Uu, Qxu, Qxu, Qxu, Ur^Br/, Uu, Xu, Xu, Xu, Xu, Xu, Xu, Xue, Xue, Xue, Uu, Uu, Uu, Xu, Uu, Uu, Uu, Tb^Tf, Wwg, Wwg, Rb, Uu, Uu^Br/, Ker, Cer, Cer, Cer, Cer, Uu, Uu, Uhe, Xue, Xue, Xue, Xue, Xue, Xue, Xue, Xue, Xue, Qxu, Qxu, Qxu, Qxu
Xuc, Xuc^Efs, Uu, Uu, Urb^Vu, Uu, Uue, Urb, Uu^Ecf, Urb, Uue, Uue, Xuc, Xu, Xu, Xu, Uu, Uh, Uu, Uu, Cer, Uu, Ur^Br/, Ur^Br/, Uu, Xu, Xu, Tb, Uu^WCtL, Uu, Uu, Uh, Uu, Uu, Uu, Tb^WCtL, Xu, Uu, Xu, Tb, Tb, Xu, Xu, Xu, Xu, Qxu, Xu, Xu, Xu, Qxu, Xu, Xu, Qxu, Qxu, Qxu, Qxu, Qxu, Qxu, Uu, Xu, Xu, Xu, Xu, Xu, Xu, Xue, Tb^Tf, Tb^Tf, Tb^Tf, Uu, Uu, Uu, Wwf, Uu, Wwg, Wwg, Wwg, Tb^Tf, Rb, Rb^Br/, Uu, Uu, Uue, Uue^Qhu, Uu^Br|, Uu, Uhe, Uhe, Rb^Qhu, Xue, Xue, Xue, Xue, Xue, Qxu, Xue, Qxu, Qxu, Xue, Qxu, Qxu, Qxu
Xuc, Urb^Vu, Urb, Uue, Uu, Urb, Urb, Ker, Cer, Cer, Cer, Cer, Xuc, Xu, Xu, Xu, Uu, Uu^Vct, Ur, Uu, Ur^Br/, Ur^Br/, Uu, Uu, Xuc, Xu, Xu, Xu, Xu, Xuc, Tb^WCtL, Uu, Uu, Xu, Uu, Xu, Uu^WCtL, Xu, Uu, Tb, Xu, Uu, Xu, Xu, Xu, Qxu, Qxu, Xu, Xu, Qxu, Qxu, Qxu, Xu, Xu, Uu, Uu, Rb^Br|, Uu, Uu^Qhu, Xue, Xue, Xue, Xu, Xu, Xue, Xue, Tb^Tf, Tb^Tf, Tb^Tf, Tb^Tf, Wwg, Tb, Wwf, Wwf, Wog, Wog, Wwg, Uu, Rb, Rb^Br|, Re^Vct, Uu^Edt, Uue^Edt, Uue^Edt, Uu^Br|, Uu^Edb, Uu^Edb, Uhe, Xue, Xue, Xue, Xue, Xue, Xue, Qxu, Qxu, Xue, Xue, Qxu, Qxu, Xu, Xu
Xuc, Uu, Uu, Urb, Urb, Urb, Uu, Uu, Cer, Ur^Br\, Ur^Br\, Cer, Xuc, Xu, Uu, Xu, Uu, Uu, Ur^Br/, Ur^Br/, Uu, Cer, Cer, Uu, Xu, Xu, Xu, Xu, Xu, Xuc, Xuc, Tb, Tb, Xu, Xu, Uu, Tb, Xu, Uu^Ii, Xu, Uu, Uu, Uu^WCtL, Xu, Xu, Xu, Xu, Xu, Qxu, Qxu, Qxu, Xu, Qxu, Xu, Xu, Uu, Rb^Br|, Rb^Br\, Rb^Br\, Rb, Rb^Br/, Xue, Xue, Xu, Uue, Uue, Uue, Uu, Wwg, Wwg, Wwg, Wwg, Wwg, Wwf, Wwf, Wog, Wwg, Wwg, Uu, Uu^Br|, Uu, Rb, Xue, Uu^Edt, Rb^Br|, Uu^Edb, Rb, Xue, Xue, Xue, Xue, Xue, Xue, Xue, Qxu, Qxu, Xu, Xu, Xu, Qxu, Xu, Xu
Xu, Xuc, Xuc, Urb^Vu, Xuc, Uue, Xu, Uu, Cer, Cer, Ur, Ur^Br\, Ur^Br\, Uu, Ur, Uu, Cer, Uu, Ur^Br|, Uu, Tb^Tf, Uu, Uu, Uu, Xuc, Xu, Xu, Xu, Xu, Xu, Xu, Tb, Uu^Edb, Uu^Edb, Uu^Edb, Uu, Uu, Uu, Uu, Uu, Uu^WCtL, Xu, Xu, Uu, Uu, Xu, Xu, Xu, Xu, Xu, Xu, Qxu, Qxu, Xu, Xu, Uu, Rb^Br/, Uu, Rb, Rb^Br\, Uue^Vct, Xu, Xu, Xue, Uue, Rb, Rb, Wwg, Wwg, Wwg, Wog, Wog, Wog, Wog, Wwf, Wog, Wwg, Uu, Uu^Edb, Rb^Br|, Xue, Xue, Uhe, Rb, Rb, Uu^Br\, Uu^Br\, Xue, Xue, Xue, Xue, Xue, Xu, Qxu, Xu, Qxu, Qxu, Xu, Xu, Xu, Xu, Xu
Xu, Xu, Xu, Xuc, Xu, Xu, Xu, Xu, Xuc, Xuc^Efs, Ur, Ur, Ur, Ur^Br\, Ur^Br\, Ur^Ecf, Cer, Ker, Ur^Br|, Tb^Tf, Wwg, Wwg, Tb^Tf, Uu, Uu, Xuc, Xu, Xu, Xu, Xu, Xu, Uu^WCtL, Uu^WCtL, Uu^Edb, Xu, Xu, Xu, Uu, Uh^WCtL, Xu, Xu, Uu, Xu, Xu, Uu, Xu, Xu, Xu, Uu, Xu, Xu, Xu, Xu, Qxu, Xu, Ur^Br/, Xu, Uu, Uu, Rb, Uue, Uue, Rb, Uu, Uu, Rb, Uu, Tb, Wwg, Wwg, Wog, Wog, Wwg, Wwg, Uu, Wwf, Tb, Uu, Uue^Vct, Uu^Br|, Xue, Xue, Uhe, Uu, Uu, Xue, Xue, Xue, Xu, Xu, Qxu, Xu, Xu, Xu, Xu, Xu, Qxu, Qxu, Xu, Xu, Xu, Xu
Xu, Xu, Xu, Xu, Xu, Xu, Xuc, Xuc, Uh, Uu, Uu, Cer, Cer, Ur, Ur, Ur^Br/, Ur^Br\, Ur^Br/, Ur^Br|, Uu, Wwg, Wwg, Wwg, Wwg, Uu, Uu, Xu, Xu, Xu, Xu, Xu, Xu, Xu, Xu, Xu, Xu, Uu^Edb, Uu^WCtL, Xu, Xu, Xu, Xu, Xu, Xu, Uu, Xu, Xu, Uu, Xu, Uu, Uu, Xu, Xu, Qxu, Qxu, Xu, Xu, Xu, Uu^Qhu, Rb, Uu, Rb, Uu, Rb, Uu, Uu, Rb, Uu, Uu, Wwg, Wwg, Wwg, Wwg, Tb^Tf, Rb, Rb, Uu, Uue, Uue^Br/, Uue^Br/, Uue, Uue, Uu, Uu, Xu, Xu, Xu, Xue, Xu, Qxu, Xu, Qxu, Xu, Xu, Xu, Qxu, Xu, Qxu, Qxu, Xu, Xu, Xu
Xu, Xu, Xu, Xu, Xue, Xuc, Xuc, Xuc, Uue, Uu, Rb, Uu, Ur, Ur, Ur, Ur, Re^Vct, Ur, Ur^Br\, Uu, Tb^Tf, Wwg, Uu^Vct, Wwg, Wwg, Uu, Uu, Xu, Xu, Xu, Xu, Xu, Xu, Xu, Xu, Xu, Xu, Xu, Xu, Xu, Xu, Xu, Xu, Xu, Uu, Xu, Xu, Uh, Xu, Xu, Xu, Uu, Xu, Xu, Xu, Qxu, Xu, Xu, Xu, Xu, Xu, Uhe, Uhe, Uhe, Uhe, Uu, Uu, Uu, Uu, Wwg, Wwg, Wwg, Uu, Uu, Tb^Tf, Rb, Xu, Xu, Xu, Qxu, Qxu, Uue, Xu, Xu, Xu, Xu, Qxu, Xu, Xu, Xu, Xu, Qxu, Qxu, Xu, Qxu, Qxu, Xu, Xu, Qxu, Xu, Xu, Xu
Xu, Xu, Xuc, Xue, Uh, Uh, Uue, Uue, Uu, Rb, Ur, Ur, Ur, Ur, Uu, Rb, Rb, Ur, Ur, Ur^Br\, Ur^Br\, Uu, Ur^Br/, Tb^Tf, Uu, Uu, Uu, Xuc, Xu, Xu, Xu, Xu, Xu, Xu, Xu, Xu, Xu, Xu, Xu, Xu, Xu, Xu, Xu, Xu, Uu, Xu, Xu, Uh, Uu, Xu, Xu^Efs, Uu, Xu, Qxu, Qxu, Qxu, Qxu, Xu, Qxu, Xu, Xu, Xu, Xue, Uhe, Uue, Uu, Uue, Uue, Wwg, Wwg, Uhe, Uhe, Xue, Tb^Tf, Xu, Xu, Xu, Xu, Xu, Xu, Xu, Qxu, Xu, Xu, Xu, Qxu, Qxu, Xu, Xu, Xu, Qxu, Qxu, Xu, Qxu, Qxu, Xu, Xu, Xu, Xu, Xu, Xu, Xu
Xu, Xuc, Uu, Uu, Ce, Uh, Uue, Uue, Ur, Ur, Uu, Uh, Uu, Cer, Uu, Rb, Uu, Uu, Uu, Ur, Ur, Ur^Br|, Ur, Ur^Br\, Ur^Br\, Cer, Uu, Xuc, Xuc, Xu, Xu, Xu, Xu, Xu, Xu, Xu, Xu, Xu, Xu, Xu, Xu, Xu, Uu, Uu, Xu, Xu, Xu, Uu, Xu, Uu, Uu, Qxu, Xu, Xu, Qxu, Qxu, Qxu, Qxu, Xue, Qxu, Xue, Xue, Xue, Uhe, Uue, Uu, Wwg, Wwg, Rb, Tb, Uu^Vu, Xue, Xue, Xue, Xu, Xu, Xu, Xu, Xu, Xu, Xu, Qxu, Qxu, Xu, Xu, Xu, Qxu, Xu, Xu, Xu, Xu, Xu, Xu, Xu, Qxu, Xu, Xu, Xu, Xu, Xu, Xu, Xu
Xuc, Xuc, Uue, Ce, Ke, Ce, Ur, Ur, Uu, Uu, Uh, Uh, Uu, Cer, Uu, Uu, Uh, Uu, Ker, Uu^Ecf, Ur, Ur^Br\, Ur, Uu, Uu, Ur^Br\, Ur^Br\, Ur^Br/, Ur^Br\, Xuc, Xuc, Xu, Xu, Xu, Xu, Xu, Xu, Xu, Xu, Xu, Xu, Xu, Xu, Uh, Uu, Uu, Uu, Uu, Xu, Xu, Xu, Uu, Qxu, Qxu, Xue, Xu, Qxu, Qxu, Qxu, Xue, Xue, Xue, Rb, Rb^Ii, Rb^Ii, Wwg, Wwg, Rb^Ii, Rb^Ii, Rb, Xu, Xu, Xu, Xu, Xu, Xu, Xu, Xu, Xu, Xu, Qxu, Qxu, Xu, Xu, Qxu, Qxu, Xu, Xu, Xu, Xu, Xu, Xu, Qxu, Qxu, Xu, Qxu, Tb^Vud, Xu, Uu, Xu, Uu^Br/, Uu^Br/
Rb^Ii, Uu, Uue, Ce, Ce, Ce, Uu, Uu, Xue, Uh, Uu, Uh, Xu, Uu, Uh, Uh, Uh, Uu, Cer, Cer, Ur, Ur^Br|, Ur, Xu, Xu, Uu, Uu, Uu, Uu, Ur^Br|, Uu, Xu, Xu, Xu, Xu, Xu, Xu, Xu, Xu, Xu, Xu, Xu, Xu, Xu, Xu, Xu, Xu, Xu, Qxu, Qxu, Qxu, Qxu, Xue, Uu^Dr, Xue, Xu, Xue, Xue, Qxu, Xue, Xue, Uhe, Rb, Rb, Sm, Wwg, Sm, Rb^Ii, Rb, Xu, Xu, Xu, Xu, Qxu, Qxu, Qxu, Qxu, Qxu, Qxu, Qxu, Qxu, Qxu, Qxu, Xu, Qxu, Xu, Xu, Xu, Xu, Xu, Qxu, Qxu, Xu, Xu, Xu, Qxu, Tb^Tf, Uu^Br\, Uu^Br/, Uu^Br/, Xu, Xu
Rb^Ii, Rb, Rb, Rb, Rb, Uue, Xue, Xue, Xue, Xue, Xu, Xu, Xu, Xu, Xu, Uh, Xu, Uu, Uu, Uu^Vct, Ur, Ur^Br|, Ur, Xu, Xu, Xu, Xu, Xu, Uu, Ur^Br\, Ur^Br\, Uu, Uu, Xu, Xu, Xu, Xu, Xu, Xu, Xu, Xu, Xu, Xu, Xu, Qxu, Qxu, Qxu, Qxu, Xu, Xue, Qxu, Xue, Xue, Uue, Rb, Xue, Xue, Xu, Xue, Xue, Xue, Rb^Ii, Ss^Ii, Sm^Ii, Sm, Sm, Ss^Ii, Rb, Xue, Xue, Xu, Xu, Xu, Xu, Xu, Xu, Xu, Qxu, Xu, Qxu, Xu, Xu, Xu, Qxu, Qxu, Qxu, Xu, Xu, Xu, Xu, Qxu, Xu, Xu, Xu, Xu, Xu, Xu, Uu, Xu, Uh, Xu, Xu
Rb^Ii, Rb^Ii, Rb^Ii, Rb, Xue, Xue, Xue, Xue, Xu, Xu, Xu, Xu, Xu, Xu, Xu, Xu, Xu, Xu, Xu, Uu, Ur, Ur^Br|, Ur, Xu, Xu, Xu, Xu, Xu, Xu, Uu, Uu, Ur^Br|, Uu, Xu, Xu, Xu, Xu, Xu, Xu, Xu, Xu, Xu, Qxu, Qxu, Qxu, Xu, Xu, Xu, Xu, Xue, Xue, Xue, Xue, Xue, Xue, Rb^Ii, Rb, Xue, Xue, Xue, Ss, Ss^Ii, Ss, Ss^Ii, Ss^Ii, Ss^Ii, Ss^Ii, Rb^Ii, Xue, Xue, Xue, Xue, Xue, Xue, Xue, Xu, Xu, Qxu, Qxu, Xu, Xu, Xu, Xu, Xu, Xu, Xu, Xu, Xu, Xu, Qxu, Qxu, Xu, Xu, Xu, Xu, Xu, Xu, Xu, Xu, Xu, Xu, Xu
