Gll^Fp, Gll^Fp, Gg, Ds, Wwg, Wwg, Wwg, Wo, Wo, Wo, Wo, Wo, Wwg, Wwg, Wwg, Ss, Ss, Ss, Ss, Ss, Mm, Mm, Hh, Re, Gd^Edt, Gd, Gd, Gg, Gll, Gll^Fp, Gll^Fp, Gll^Fp, Gll^Fp, Gll^Fp, Gll^Fp, Gd, Gll, Gll^Qhu, Wwg, Wwg, Wwg, Wwg, Ss, Wwg, Wwg, Wwg, Ss, Wwg, Ss, Ss, Ss, Sm, Ss, Ss, Ss, Ss, Ss, Ss, Ss, Gll, Wwg, Gg, Gll^Qhux
Gll^Fp, Gll^Fp, Gll^Fp, Ds, Ds, Wwg, Wwg, Wwg, Wwg, Wo, Wo, Wo, Wo, Wo, Wwg, Wwg, Wwg, Wwg, Ss, Ss, Mm, Mm, Hh, Re, Gd^Edt, Gd, Cer^Edt, Gll^Edt, Gll, Gll, Gll^Fp, Gll^Fp, Gs, Gll^Fp, Gll^Fp, Gll^Fp, Gll, Gll^Qhu, Gll, Wwg, Ss, Wwg, Ss, Ss, Ss, Wwg, Ss, Ss, Sm, Ss, Sm, Ss, Ss, Sm, Sm, Sm, Ss, Ss, Wwg, Wwg, Wwg, Ss^Qhux, Ss^Qhux
Gll^Fp, Gs, Gll^Fp, Gg, Gg, Ds, Wwg, Wwg, Wwg, Wwg, Wwg, Wo, Wo, Wo, Wo, Wwg, Wwg, Wwg, Mm, Mm, Mm, Mm, Hh, Re^Edt, Cer^Edt, Cer^Edt, Ker^Edt, Cer^Edt, Gll^Edt, Gll, Gs, Gs, Gg^Es, Gs, Gd, Gll^Fp, Gll^Fp, Gll^Qhu, Ss^Vhs, Ss, Ss, Ss, Sm, Gll, Gll^Edb, Ss^Edb, Gll^Edb, Sm^Edb, Gll^Edb, Ss^Vhs, Wwg, Wwg, Ss, Ss, Ss, Ss, Sm, Wwg, Ss, Wwg, Wwg, Ss^Qhux, Ss^Qhux
Gs, Gll^Fp, Gll^Fp, Gg^Es, Gg, Ds, Ds, Wwg, Ds, Wwg, Wwg, Wo, Wwg, Wo, Wwg, Wwg, Wwg, Wwg, Mm, Mm, Hh, Hh, Re, Re, Gd^Edt, Cer^Edt, Cer^Edt, Cer^Edt, Gd^Edb, Gs, Gg, Gs, Gd, Gg, Gd, Gd, Gd, Gg^Qhu, Gll^Qhu, Ss, Ss, Ss, Gll, Sm, Sm, Gll^Edb, Sm^Edb, Sm^Edb, Gll^Edb, Gll, Wwg, Wwg, Ss, Ss, Sm, Sm, Ss^Edt, Ss^Edt, Wwg^Edt, Wwg, Ss, Ss^Qhux, Ss
Rr, Gs, Gg, Gll^Fp, Gll^Fp, Gll^Fp, Gll^Fp, Ds, Ds, Wwg, Wwg, Wwg, Wwg, Wwg, Wwg, Wwg, Ds, Ds, Gs, Hh, Re, Re, Re^Edb, Gd^Edb, Gd^Edb, Gll^Edb, Gd^Edb, Gd^Edb, Gll^Edb, Gll, Gs, Gs, Gg, Gg^Edb, Gg^Edb, Gd, Gd, Gd, Gll, Gll^Qhu, Gll^Qhu, Ss, Ss, Ss, Ss, Sm^Edb, Sm, Gll^Edb, Gll^Edb, Wwg^Edb, Wwg, Ss, Ss^Edt, Sm^Edt, Ss^Edt, Sm^Edt, Sm^Edt, Sm^Edt, Gll, Sm, Ss, Wwg, Wwg
Gs, Rr, Rr, Rr, Rr, Gll^Fp, Gs, Gs, Gs, Ds, Wwg, Wwg, Ds, Ww^Vhs, Ds, Ds, Gs, Gs, Re, Re, Gs, Gs, Cer^Edb, Re^Edb, Re^Edb, Gll^Edb, Gll^Edb, Cer^Edb, Cer^Edb, Gll, Re, Gs^Vhr, Gg, Gd^Efm, Gd, Gd^Efm, Gg, Gd, Gd, Gll, Gg, Gll^Qhu, Gll^Qhu, Ss, Ss, Ss, Ss, Sm, Ss, Wwg^_ml, Ss, Gll, Gll^Edt, Sm^Edt, Sm^Edt, Sm^Edt, Sm^Edt, Gll^Edt, Ss^Edt, Ss, Sm, Ss^Qhux, Ss
Gll^Fp, Gll^Fp, Gll^Fp, Rr, Gll^Fp, Rr, Rr, Gs, Gs, Wwg, Gs, Ds, Gs, Ds, Gg, Gg, Re, Re, Gs, Gg, Gg, Gg, Gg, Gg^Edb, Gg, Re^Edb, Re^Edb, Gll, Re, Re, Gs, Gs, Gs^Qhhf, Gg, Gg^Qhhf, Gg, Gd^Qhhf, Gs, Gs, Gs, Gd, Gg, Gll, Gll^Qhu, Gll, Ss, Ss, Sm, Ss, Ss, Ss^Edt, Ss^Edt, Gll^Edt, Gll^Edt, Ss^Edt, Ss^Edt, Gll^Edt, Gll^Edt, Ss, Ss, Sm^Qhux, Ss^Qhux, Ss
Gll^Fp, Gll^Fp, Gll^Fp, Gll^Fp, Gll^Fp, Gll^Fp, Gs, Rr, Wwg^Bsb\, Wwg, Gs^Efm, Gs^Efm, Gs, Gs^Es, Rr, Re, Gg, Gg, Gs, Gg, Gg, Gg^Es, Gg, Gg, Gg, Gs^Edb, Gs^Efm, Re, Gll^Fp, Gs, Gll^Fp, Gs, Gll^Qhhf, Gs^Qhhf, Gll^Fp, Gg^Qhhf, Gg, Gg, Gll^Fp, Gg, Gd^Es, Gd, Gd, Gll^Qhu, Gll^Qhu, Ss, Ss, Ss, Ss, Ss, Ss^Edt, Ss^Edt, Gll^Edt, Gll^Edt, Ss^Edt, Ss^Edt, Ss, Ss, Ss, Sm, Sm, Ss^Qhux, Ss^Qhux
Gg, Gll^Fp, Gg, Gll^Fp, Gll^Fp, Gll^Fp, Wwg, Wwg, Ce, Rr, Rr, Gs^Efm, Rr, Rr, Gs, Gg, Gg, Gg, Gs^Efm, Gs^Efm, Gg^Efm, Gg, Gg, Gg^Ecf, Gs, Gs^Efm, Gs^Efm, Gs, Gs, Gll^Fp, Gg, Gll^Fp, Gll^Fp, Gll^Fp, Gll^Fp, Gll^Fp, Gg, Gll^Fp, Gll^Fp, Gg, Gg, Gg, Gd, Gg^Qhu, Gd^Qhu, Gll, Gll, Gll, Gll, Ss, Ss, Gll^Edt, Ss^Edt, Ss, Gll^Edt, Gll^Edt, Ss, Sm, Ss, Ss^Vhs, Ss, Ss, Ss
Gg, Gg, Gg, Gg, Wwg, Wwg, Wwg, Wwg, Gg, Gs, Gs, Rr, Gg, Rr, Rr^Edb, Gg^Edb, Gg^Edb, Gg, Gs^Efm, Gs^Efm, Gg^Efm, Gg^Efm, Cer, Gg, Gg, Ce, Ce, Gs, Gs, Gs, Gs, Gll^Fp, Gg, Gll^Fp, Gs, Gg, Gg, Gg, Gg, Gll^Fp, Gg, Gd^Es, Gd^Edb, Gd, Gd, Gg^Qhu, Gll, Gll, Ss, Ss, Ss, Gll^Edt, Ss^Edt, Ss^Edt, Gll, Gll, Ss^Edt, Ss, Ss, Ss, Wwg, Ss, Ss
Gg, Gg, Wwg, Wwg, Wwg, Wwg, Gs, Wwg, Gg, Gs, Gg, Re, Gg, Gg, Gg, Rr^Edb, Rr, Rr, Rr, Gs, Gg, Cer, Gg, Gg, Rr, Gg, Gg, Gs, Gg, Ce, Gs, Gs, Gs, Gs, Gs, Gs^Ecf, Re, Gs^Vhr, Gg, Gg, Gg, Gg^Edb, Gg, Gd, Gd, Gll^Qhu, Gll, Ss, Ss, Ss, Ss, Ss, Ss, Ss, Ss, Gll^Edt, Ss^Edt, Wwg, Wwg, Wwg, Wwg, Wwg, Ss
Wwg, Wwg, Gg, Gll, Gll^Es, Gg, Gs, Wwg, Wwg, Gg, Ce, Re, Gg, Gg, Gg, Gg^Ecf, Gg, Gg, Ce, Rb, Rb, Rb, Gd, Gg, Rr, Rr, Chr^Qhh, Gg, Gg, Gg, Gg, Re^Vct, Gg^Efm, Ce, Cer, Re, Gg, Gg, Gll^Fp, Gll^Fp, Gll^Fp, Gg^Edb, Gg^Edb, Gd^Edb, Gd, Gll^Qhu, Gll^Qhu, Ss, Ss, Ss, Ss, Ss, Ss, Ss, Gll, Ss^Edt, Sm, Ss, Wwg, Wwg, Ss, Wwg, Wwg
Gd, Gg, Gg^Edb, Gll^Edb, Gs^Edb, Gd^Ecf, Gd, Gd, Cer, Wwg, Wwg, Re, Gg^Dr, Gg, Gg, Gg, Gg, Ce, Gs, Rb, Rb, Rb, Rr, Rr, Ch^Qhh, Rr^Qhh, Rb, Chr^Qhh, Ch^Qhh, Gg, Gg, Gg, Gg^Efm, Gg^Efm, Gg, Re, Gg, Gll^Fp, Gll^Fp, Gg^Fet, Gll^Fp, Gg, Gg, Gd^Edb, Gd^Efm, Gd, Gd, Gll^Qhu, Gll^Qhu, Gll, Gll, Ss, Ss, Gll, Ss, Ss, Sm, Ss, Ss, Wwg, Wwg, Ss, Wwg
Gd, Gg, Cer^Edb, Cer, Gs, Gs^Edb, Gg^Edb, Gg, Gll, Cer, Gg, Wwg^Bw|r, Wwg, Gg, Gg, Gg^Es, Gs, Gs, Gg, Rr, Rr, Rr, Chr^Qhh, Rr^Qhh, Rr, Rr, Rr^Vhc, Rb, Rp, Ch^Qhh, Chr^Qhh, Gg, Gg^Efm, Gg^Efm, Gg, Re, Ce, Gg, Gg, Gll^Fp, Gll^Fp, Gll^Fp, Gg, Gd^Efm, Gd^Efm, Gd, Gd, Gll^Qhu, Gd, Gll^Qhu, Gll, Ss, Ss, Ss, Ss, Ss, Sm, Ss, Sm, Ss, Sm, Sm, Ss
Gd, Gd^Edb, Cer^Edb, Ker^Edb, Cer^Edb, Gd^Edb, Gg^Edb, Gll^Edb, Gll, Gll, Gs, Re, Gg, Wwg, Gg, Re^Vct, Gg, Gg, Gg, Rr, Rr^Qhh, Ch^Qhh, Rr, Rr, Rp, Rr, Rr, Rb, Rp^Vhcr, Rp, Chr^Qhh, Gg, Gg, Gg, Gg, Re, Ce, Gg^Ecf, Gg^Es, Gg, Gll^Fp, Gll^Fp, Gll^Fp, Gg^Efm, Gg, Gd, Gd, Gd, Gd, Gll^Qhu, Gll^Qhu, Ss, Ss, Ss, Ss^Edb, Ss, Ss, Sm, Ss, Sm, Sm, Sm^Qhux, Ss
Gs, Gd, Gs^Edb, Cer^Edb, Re^Edb, Re^Edb, Re^Edb, Gll^Edb, Gll^Edb, Gll, Re, Re, Cer, Wwg, Gg, Gg, Gg, Gg, Gg, Ch^Qhh, Rp, Rr, Rr^Vhcr, Rr, Rr, Rp^_mhh, Rp, Rr, Rb, Rp, Chr^Qhh, Gg, Gs, Re^Vct, Gg, Re, Gs, Gs, Gs, Gg, Gs, Gll^Fp, Gll^Fp, Gll^Fp, Gll^Fp, Gll^Fp, Gg^Qhhf, Gd^Es, Gd, Gd, Gd^Qhu, Gll, Gll^Edb, Gll^Edb, Ss^Edb, Cer^Edb, Cer, Gll, Cer, Ss, Ss, Ss^Qhux, Ss^Qhux
Gs, Gd^Edb, Re^Edb, Re^Edb, Gd^Edb, Gs^Edb, Gg^Edb, Re^Edb, Re, Re, Gd, Gd, Gg, Wwg^Bw\r, Gg^Efm, Gg, Gg^Edb, Gg, Gg, Ch^Qhh, Rp, Rr, Chr^Qhh, Rr, Ch^Ebn, Rp, Rr, Rb, Rr^Vhc, Rr, Ch^Qhh, Gs, Gs, Gg, Gg, Re, Gs, Gs, Gg^Efm, Gs, Gs, Gs, Gll^Fp, Gll^Fp, Gg, Gg^Qhhf, Gg^Qhhf, Gd^Qhhf, Gd^Qhhf, Gd, Gd, Gll^Qhu, Gll^Edb, Gll^Edb, Ss^Edb, Cer^Edb, Cer, Cer^Edb, Ker, Ss, Ss^Vhs, Ss^Qhux, Ss^Qhux
Re, Re, Gs, Gd, Gd, Gg, Gll, Gll, Gll, Gd^Dr, Gd^Efm, Gg^Efm, Gg^Efm, Wwg, Gg^Efm, Gg^Edb, Gs^Edb, Gg, Gs, Ch^Qhh, Rr^Qhh, Rr, Ch^Qhh, Chr^Qhh, Rb, Rb, Rr, Rb, Rr, Rr, Ch^Qhh, Gs, Gs, Gs, Gs, Re, Re, Gg, Gg, Gs^Efm, Gg^Efm, Gs, Gg, Gg, Gg^Es, Gg^Qhhf, Gg, Gd^Qhhf, Gd^Qhhf, Gd, Gd, Gll^Qhu, Gll, Ss^Edb, Ss^Edb, Ss^Edb, Cer^Edb, Cer^Edb, Ss, Ss, Ss, Ss, Ss^Qhux
Gs, Gg, Gll^Fp, Gd, Gs^Fds, Gg, Gll^Es, Gll, Gg^Efm, Gll^Efm, Gg, Gg^Efm, Cer, Wwg^Bw/r, Gs, Gs^Edb, Gs^Edb, Gs, Gs, Ce, Rr^Qhh, Rr^Vhc, Rr, Ch^Qhh, Rb^Vhcr, Rb, Rr, Rr, Ch^Qhh, Rr^Qhh, Rr, Gs, Gs, Gg, Re, Re, Gs, Re, Re, Gg^Efm, Gg, Gg^Efm, Ce, Gg, Gs^Edb, Gg, Gg^Edb, Gg^Es, Gg, Gg, Gd, Gll^Qhu, Gll, Ss, Ss^Edb, Ss^Edb, Gll^Edb, Gll^Edb, Sm, Ss, Sm^Qhux, Sm, Ss^Qhux
Gs, Gll^Fp, Gll^Fp, Gll^Fp, Gs^Fds, Gg, Gg, Gg, Gs^Fds, Gg, Gs^Fds, Gg, Gg, Wwg, Gs, Gs, Gs, Gg, Gs, Ch^Qhh, Ch^Qhh, Rr^Qhh, Rr^Qhh, Rp, Rp, Rr, Ch^Qhh, Rr^Qhh, Rr, Rr, Rp, Gg, Re, Re, Rb^Eqf, Rb^Eqf, Rb^Eqf, Gs, Gg, Re, Re, Gg^Efm, Ce, Gs, Gg^Ecf, Gs^Edb, Gs^Edb, Gg, Gd, Gd, Gll^Qhu, Gll^Qhu, Gll, Ss, Ss, Ss, Ss, Sm^Edb, Ss, Sm, Sm^Qhux, Sm^Qhux, Ss^Qhux
Gg, Gs^Fds, Gll^Fp, Gll^Fp, Gg, Gs^Fds, Gs^Vl, Gg, Gs^Fds, Gs^Fms, Gs^Fms, Gs^Fds, Gs^Fms, Wwg, Gg, Gs, Gs, Gs, Gs, Gs, Gs, Ce, Ce, Rp^Qhh, Rr^Qhh, Ch^Qhh, Rr, Rr, Rr, Rp, Rp, Rp, Rb^Eqf, Rb^Eqf, Rb, Rb, Rb, Rb^Eqf, Rb^Eqf, Gg, Gs, Re, Gg, Gg, Gs, Gg^Edb, Gg^Edb, Gg^Edb, Gg, Gd, Gll^Qhu, Gll, Gll, Gll, Gll, Ss, Ss, Sm, Wwg, Ss, Ss, Ss^Qhux, Ss^Qhux
Gll^Fp, Gs, Gll^Fp, Gll^Fp, Gs^Fds, Gs^Fds, Gs^Fds, Gs^Fds, Gs^Fms, Gs^Fms, Gs^Fds, Gs^Fds, Gs^Fms, Wwg, Gs^Fds, Gs^Fds, Gg, Gs, Gs, Gs, Gs, Gg, Gs, Ce, Gg, Rr, Rr, Rb, Rr, Rp, Rb^Eqf, Rp, Rb, Rb, Rb, Rb, Rb, Rb, Rb, Rb^Eqf, Gs^Eqf, Re, Re^Vhr, Gg, Gs, Gs^Edb, Gs^Edb, Gs^Edb, Gd, Gd, Gll^Qhu, Gll, Ss, Ss, Ss, Ss^Vhs, Ss, Ss, Wwg, Wwg, Ss, Ss^Qhux, Ss
Gll^Fp, Gll^Fp, Gll^Fp, Gs^Fds, Gs^Fds, Gg, Gs, Gs^Fds, Gs^Fms, Gs^Fds, Gs^Fds, Gs^Fds, Wwg, Wwg, Wwg, Gs^Fds, Gs^Fds, Gg, Re^Vct, Gg, Gs, Gs, Gs, Gg, Gg, Gg, Rb, Rb, Rr, Rb^Eqf, Rb^Eqf, Rb, Rb, Rb, Rb, Rb, Rb, Rb, Rb^Eqf, Rb^Eqf, Gs, Gg, Gs, Gg, Gg, Gg, Gg, Gd, Gd, Gll^Qhu, Gll, Gll, Ss, Ss^Qhux, Ss^Qhux, Ss, Ss, Ss, Ss, Wwg, Wwg, Ss, Ss
Gll^Fp, Gll^Fp, Gll^Fp, Gll^Fp, Gs^Fds, Gs^Fds, Gs^Fds, Gs^Fds, Gs^Fds, Gs^Fds, Wwg, Wwg, Gs^Fms, Gs^Fms, Gs^Fds, Wwg, Wwg, Gg, Gs, Gg, Gg, Gg, Gg, Gg, Gg, Rb, Rb, Gg, Rb, Gg, Gg, Rb^Eqf, Rb^Eqf, Rb, Rb, Rb, Rb^Eqf, Rb^Eqf, Rb, Rb, Gg, Gs, Gs, Gg, Gg^Edb, Gg, Gg^Es, Gd, Gd, Gll^Qhu, Gll, Ss, Ss^Qhux, Ss^Qhux, Ss, Ss, Ss, Ss, Ss, Wwg, Wwg, Wwg, Wwg
Gs^Fds, Gs^Fds, Gs^Fds, Gll^Fp, Gs^Fds, Gg^Fet, Gs^Fds, Gs^Fds, Wwg, Wwg, Gs^Fms, Gs^Fds, Gs^Fds, Gs^Fms, Gs^Fds, Gs^Fms, Gs^Fds, Wwg, Wwg, Wwg, Wwg^Bw/r, Gg, Wwg, Wwg, Wwg, Gs, Gg, Gg, Rr, Gg, Gg, Rb, Rb, Rb^Eqf, Rb^Eqf, Rb^Eqf, Gg, Gs, Gg, Gs^Es, Gs, Gs, Gs, Gg, Gg^Edb, Gg, Gd, Gd, Gd, Gll^Qhu, Gll, Ss, Ss^Qhux, Ss^Qhux, Gll, Gll^Edt, Gll^Edt, Ss, Gll, Ss, Ss, Ss, Ss
Gg, Gg, Gg, Gll^Fp, Gs^Fds, Gs^Fds, Gll^Fp, Gs^Fds, Wwg, Gs^Fds, Gs^Fms, Gs^Fms, Gs^Fms, Gs^Fds, Gg, Gs^Fds, Gg, Gs^Fds, Gll, Cer, Gd, Wwg, Wwg, Wwg, Wwg, Gg, Gg, Gg, Rb, Gg, Gg, Gg, Gs, Gg, Gg, Gg, Gg^Efm, Gs, Gs^Efm, Gs, Gs, Gs, Gs^Efm, Gg^Edb, Gg^Edb, Gg^Edb, Gg, Gd, Gd, Gll^Qhu, Gll, Ss, Ss, Ss, Gll, Gll^Edt, Gll^Edt, Ss, Gll, Ss, Gll, Gll, Ss
Gg, Gg, Gg, Gs^Fds, Gs^Vl, Gs^Fds, Gs^Fds, Gs^Fds, Wwg, Gs^Fms, Gs^Fms, Gs^Fms, Gg, Gs^Fds, Gs, Gg, Gll^Qhh, Gg^Qhh, Gd^Qhh, Gd, Gd, Gg, Wwg, Wwg, Wwg, Wwg, Ce, Gg, Rr, Gg, Gs, Gs, Ce, Gs^Es, Gs, Gg, Gg^Qhh, Gg^Qhh, Gg^Qhh, Gs^Efm, Gs^Efm, Gs^Efm, Gs, Gs, Gs, Gg, Gg, Gg, Gd, Gd^Qhu, Gg, Gll, Gll, Gll, Gll^Edt, Gll^Edt, Ss^Edt, Ss, Sm, Ss, Gll, Sm, Ss
Gg, Gg, Gg, Gg, Gg, Gg, Gg, Gs^Fds, Wwg, Gs^Fms, Gs^Fms, Gs, Gg, Gs, Gg^Qhh, Gs^Qhh, Re, Gll, Gg, Gg^Qhh, Gs^Qhh, Gs^Qhh, Gs^Qhh, Gs, Gg, Gg, Gll^Edb, Ce, Rr, Gg, Gg, Ce, Gs, Gs, Gs^Qhh, Gg^Qhh, Gg^Efm, Gg, Gg^Efm, Gs^Qhh, Gs^Qhh, Gg^Qhh, Gg^Qhh, Gg^Es, Gs, Gg, Gg^Dr, Gg, Gd, Gd^Qhu, Gd^Edt, Gll^Edt, Ss^Edt, Gll, Gll^Edt, Ss^Edt, Ss, Sm, Sm, Sm, Gll, Sm, Ss
Gg, Gg, Gg, Gs, Wwg, Gg, Wwg, Wwg, Gg^Qhh, Gg^Qhh, Gg^Qhh, Gg, Gg^Qhh, Gg^Qhh, Re, Re, Gg, Re, Re, Re, Re, Gg^Qhh, Gs, Gg^Qhh, Gll^Qhh, Gll^Edb, Gll^Edb, Gll^Edb, Rr, Gg^Ecf, Gd, Gs^Es, Gll^Qhh, Gs^Qhh, Gg, Gg, Re, Gg^Efm, Gg, Gg, Gg^Es, Gs^Qhh, Gs^Qhh, Gs, Gg^Efm, Gg^Efm, Gd^Efm, Gd, Gd, Gd^Qhu, Gd^Edt, Ss^Edt, Ss, Ss, Gll, Ss, Ss, Ss, Sm, Sm, Ss, Sm, Ss
Gs, Gs, Wwg, Wwg, Wwg, Wwg, Gg^Qhh, Gg^Qhh, Gg, Gg, Gg, Gg^Qhh, Re, Re, Gg, Gg, Gg, Gg, Gg^Eff, Gg, Gg, Re, Re, Gs, Gs^Es, Gs^Qhh, Gs^Qhh, Gg^Edb, Rr, Gd, Gll^Qhh, Gll^Qhh, Gg^Edb, Gs, Re, Re, Gs^Edb, Re, Re, Gg, Gg, Gg, Gg, Gg^Qhh, Gg, Gg^Efm, Gd, Gd, Gg^Qhu, Gd^Qhu, Gll^Edt, Gll^Edt, Gll^Edt, Ss^Vhs, Gll, Ss, Ss, Ss, Ss, Sm, Ss, Ss, Ss
Wwg, Wwg, Gg, Gs, Wwg, Gg^Qhh, Gg, Gs^Vhr, Re^Edb, Gd^Es, Re, Re^_mhh, Gg, Gs, Gs, Gg^Es, Gs^Eff, Gg^Eff, Gg^Vwm, Gg^Eff, Gg^Eff, Gg, Gg, Re, Re, Gs, Gg, Gg^Qhh, Rr^Qhh, Gd^Qhh, Re, Re, Re, Re, Gg, Gs^Edb, Gg^Edb, Gg^Edb, Gg, Gs^Vhr, Gs, Gg, Gg^Es, Gg^Qhh, Gg^Qhh, Gd, Gd, Gd, Gll^Qhu, Gll, Ss^Edt, Gll^Edt, Gll, Gll, Gll, Gll, Gll, Gll, Ss, Ss, Gll, Ss, Ss
Gg, Gs, Gg^Efm, Gs, Wwg, Gg^Qhh, Gll, Gll^Edb, Gll^Edb, Re^Edb, Gd^Edb, Gd, Gs, Gs, Gg^Eff, Gs^Eff, Rb^Gvs, Rb^Gvs, Rb^Gvs, Rb^Gvs, Rb^Gvs, Gg^Eff, Gg^Eff, Gg, Gg, Re, Re, Gg, Rr, Re, Gll, Gg, Gg, Gg, Gg, Gs, Gs, Gg^Edb, Gg, Gg, Gs, Gg, Gg, Gg, Gd^Qhhf, Gd, Gll^Qhu, Gll^Qhu, Gll, Ss, Ss^Qhux, Ss^Edt, Ss^Qhux, Ss, Ss, Gll, Gll, Gll, Ss, Gll, Gll, Gll, Ss
Gg, Gs^Efm, Gg, Gs, Wwg, Gg^Qhh, Gll^Edb, Gll^Edb, Gd^Edb, Re^Edb, Gd, Gd, Gs^Eff, Gg^Eff, Rb^Gvs, Rb^Gvs, Rb^Gvs, Rb^Gvs, Rb^Gvs, Rb^Gvs, Rb^Gvs, Rb^Gvs, Rb^Gvs, Gll^Edt, Gg^Edt, Gg, Gll, Rr, Gd, Gll^Edt, Gll^Edt, Gll, Gg^Es, Gg, Gg, Gg^Efm, Gs^Fds, Gs^Fds, Gs^Fds, Gs^Fds, Gs^Fds, Gs^Qhhf, Gg^Qhhf, Gg^Qhhf, Gd^Qhhf, Gd, Gll^Qhu, Gll, Gll, Ss^Qhux, Ss^Qhux, Ss^Qhux, Ss^Qhux, Ss^Qhux, Ss, Ss, Gll, Gll, Ss^Qhux, Ss, Ss, Gll, Ss
Gg, Gg^Efm, Gg^Efm, Gs^Efm, Wwg, Gg^Qhh, Gs^Qhh, Gll^Edb, Re^Edb, Re, Gg^Eff, Gs^Eff, Rb^Gvs, Rb^Gvs, Rb^Gvs, Rb^Gvs, Rb^Edb, Rb^Edb, Rb^Edb, Rb^Edb, Rb^Gvs, Rb^Gvs, Gg^Edt, Gll^Edt, Gg^Edt, Gll, Rr, Rr, Gd^Es, Gd^Edt, Gd^Edt, Gg, Gs, Gg, Gg^Efm, Gs^Fds, Gs^Fds, Gg^Fet, Gs^Fds, Gs^Fds, Gs^Fds, Gs^Qhhf, Gg, Gg, Gd, Gd, Gll^Qhu, Gll, Gll, Ss, Ss, Ss, Ss, Ss^Qhux, Sm, Sm, Gll, Gll, Ss^Qhux, Ss^Vhs, Ss, Ss, Ss
Gg, Gs, Gg, Gg, Wwg, Wwg, Wwg, Gs^Qhh, Re^Qhh, Gg^Eff, Gs^Eff, Rb^Gvs, Rb^Gvs, Rb^Gvs, Rb^Gvs, Rb^Edb, Rb^Gvs, Rb^Gvs, Rb^Gvs, Rb^Edb, Gg, Gg^Edt, Gg, Gg, Gd^Edt, Gg^Es, Rr, Gd, Gll, Gll, Gg, Gg, Gs, Gg, Gg^Efm, Gg, Gg^Efm, Gs^Fds, Gs, Gs^Qhhf, Gs^Qhhf, Gs^Qhhf, Gg, Gd, Gd, Gll^Qhu, Gll, Gll, Ss, Ss^Edb, Gll^Edb, Gll, Sm, Ss, Sm, Sm, Ss^_ml, Ss^Qhux, Ss^Qhux, Ss^Qhux, Wwg, Ss, Wwg
Gll, Gg, Gs^Edb, Gg^Ecf, Gs^Edb, Wwg, Wwg^Bw/r, Wwg^Bw/r, Gg^Qhh, Gs^Vhr, Gs, Gs^Eff, Gs^Eff, Rb^Gvs, Rb^Gvs, Rb^Gvs, Rb^Gvs, Rb^Gvs, Gg^Eff, Gg^Eff, Gg, Gg, Gd^Efm, Gd^Efm, Cer, Gd^Edt, Rr, Gg, Re, Gs, Re, Gll^Vhr, Gll, Gs, Gs^Efm, Gs^Efm, Gg^Efm, Gg, Gg^Qhhf, Gs^Qhhf, Gg^Qhhf, Gg^Qhhf, Gg, Gd, Gd, Gll^Qhu, Gll, Ss, Ss^Edb, Cer^Edb, Ker^Edb, Gll^Edb, Sm^Edb, Ss, Ss, Ss, Ss, Ss^Qhux, Ss^Qhux, Ss^Qhux, Wwg, Wwg, Ss
Gll, Gll^Edb, Ker^Edb, Cer^Edb, Re^Edb, Re, Gd, Wwg, Wwg, Gs^Qhh, Gg^Ecf, Gs, Gs, Gs^Eff, Gg^Eff, Rb^Gvs, Gs^Eff, Gg^Eff, Gg, Gg, Gg, Gg, Gd^Efm, Cer, Cer, Gg, Rr^Edb, Rr^Edb, Gd^Edb, Re, Gll, Gll, Gs, Gg, Gg^Efm, Gs^_mhh, Gs, Gg, Gg, Gg^Qhhf, Gg, Gg^Qhh, Gg^Efm, Gd^Efm, Gd, Gll^Qhu, Gll, Ss, Ss^Edb, Cer^Edb, Cer^Edb, Ss^Edb, Sm, Sm, Sm, Sm, Ss, Wwg, Ss, Wwg, Wwg, Wwg, Ss^Qhux
Re, Gll^Edb, Gll^Edb, Cer^Edb, Re^Edb, Gd, Gll^Efm, Gll, Wwg, Gg^Qhh, Gg, Gg, Gg, Gs^Efm, Gs^Efm, Gs^Eff, Gs, Gg, Gg, Gg^Es, Gg, Gg^Efm, Gg^Efm, Cer, Ker, Gll, Re^Qhh, Rr^Edb, Gd^Edb, Gll^Edb, Gll, Gll^Es, Gg, Gg, Gg, Gg, Gs, Gg, Gs^Es, Gg, Gs, Gg^Qhh, Gd^Efm, Gd^Efm, Gd, Gll^Qhu, Gll, Ss^Edb, Ss, Ss^Edb, Ss, Ss^Edb, Sm, Ss, Sm, Ss, Sm, Ss, Wwg, Wwg, Ss, Ss^Qhux, Ss^Qhux
Gg^Edb, Re^Edb, Re^Edb, Re^Edb, Gg^Efm, Gd^Efm, Gd^Efm, Gll, Wwg, Gg^Qhh, Gg^Qhh, Gg, Gg, Gg, Gg, Gs^Efm, Gg^Efm, Gg, Gg, Gg, Gg, Gg, Gg^Qhh, Cer^Qhh, Ch^Qhh, Chr^Qhh, Wwg, Rr^Qhh, Chr^Qhh, Gg, Gg^Qhh, Gg, Gg^Qhh, Gg, Gg, Gg, Gg, Gs, Gs, Gs^Efm, Gs^Efm, Gg^Qhh, Gd, Gd, Gll^Qhu, Gll^Qhu, Gll, Gll, Gll, Ss, Ss^Vhs, Ss, Wwg, Sm, Sm, Sm, Wwg, Wwg, Ss, Ss, Gll, Ss^Qhux, Ss
Gg, Gg^Edb, Gg^Edb, Gg^Edb, Gg^Efm, Gd^Efm, Wwg, Wwg, Wwg, Wwg, Wwg, Gg^Qhh, Gg, Gg^Es, Gg^Qhh, Gg, Gg^Qhh, Gg, Gg^Qhh, Gg, Gg^Qhh, Gg^Qhh, Wo, Wo, Wo, Wwg^Bw|r, Wwg, Wwg^Bw|r, Wwg, Chr^Qhh, Wwg, Gg^Qhh, Wo, Gg^Qhh, Gg^Qhh, Gg^Es, Gg, Gg^Efm, Gg^Efm, Gg^Efm, Gs^Qhh, Gg^Qhh, Gg, Gll^Qhu, Gll, Gll, Ss, Gll, Ss, Ss, Wwg, Wwg, Wwg, Ss, Wwg, Ss, Ss, Sm, Ss, Ss, Gll^Edt, Gll^Edt, Ss^Edt
Wo, Wo, Wo, Gg, Wo, Gg, Wo, Wwg, Wo, Wwg, Wwg, Gg^Qhh, Gg^Qhh, Gg^Qhh, Wo, Gg^Qhh, Wo, Gg^Qhh, Wo, Gg^Qhh, Wo, Wo, Wo, Wo, Wo, Wwg^Bw|r, Wwg, Cer, Wwg, Wwg^Bw|r, Wo, Wo, Wo, Wo, Wo, Gg^Qhh, Gg^Qhh, Gg, Gg^Qhh, Gg^Qhh, Gg, Gg, Gll^Qhu, Gll^Qhu, Ss^Edb, Ss, Ss, Ss, Ss, Ss, Wwg, Ss, Ss, Wwg, Wwg, Ss, Ss, Ss, Ss, Gll, Gll^Edt, Gll^Edt, Ss
Wo, Wo, Wo, Wo, Wo, Wo, Wo, Wo, Wo, Wo, Wo, Wwg, Wo, Wo, Wo, Wo, Wo, Wo, Wo, Wo, Wo, Wo, Wo, Wo, Wwg, Wwg^Bw|r, Wwg, Wwg^Bw|r, Wwg, Cer, Wo, Wo, Wo, Wo, Wo, Wo, Wo, Gg^Qhh, Gg, Gg, Gg, Gll^Qhu, Gll^Edb, Gll^Edb, Ss^Edb, Ss, Ss, Ss, Ss, Ss, Wwg, Wwg, Wwg, Wwg, Ss, Sm, Sm, Ss, Sm, Gll, Gll, Gll^Edt, Ss
Wo, Wo, Wo, Wo, Wo, Wo, Wo, Wo, Wo, Wo, Wo^Ewf, Wo, Wo, Wo, Wo, Wo, Wo, Wo, Wo^Ewf, Wo, Wo, Wo, Wo, Wo, Wwg, Cer, Wwf, Wwf, Wwf, Wwg^Bw|r, Wo, Wo, Wo, Wo, Wo, Wo, Wo, Wo, Wo, Wo, Wo, Wo, Wo, Gll^Edb, Sm, Ss, Sm, Ss, Ss, Ss, Ss, Ss, Ss, Ss, Ss, Ss, Ss, Sm, Ss, Sm, Ss^Vhs, Ss, Ss
Wo, Wo, Wo, Wo^Ewf, Wo, Wo, Wo, Wo, Wo, Wo, Wo, Wo, Wo, Wo, Wo, Wo, Ww^Wkf, Wo, Wo, Wo, Wo, Wo, Wo, Wo, Wo, Wwf^Bw|r, Re, Wwf, Re, Wo^Bw|r, Wo, Wo, Wo, Wo, Wo, Wo, Wo^Ewf, Wo, Wo, Wo, Wo, Wo, Wo^Ewf, Wo, Wwg, Sm, Wwg, Sm, Sm, Ss, Sm, Ss, Sm, Ss, Sm, Ss, Ss, Ss, Ss, Ss, Ss, Ss, Ss
Wo, Wo, Ww, Wo, Wo, Wo, Wo, Wo, Wo, Wo, Wo, Wo, Ww^Wkf, Wo, Ww^Wkf, Ww^Wkf, Ww^Wkf, Ww^Wkf, Ww^Wkf, Wo, Ww^Wkf, Wo, Gg, Wo, Cer, Cer, Re, Re, Re, Cer, Gg, Wo, Gg, Wo, Wo, Wo, Wo, Wo, Wo, Wo, Wo, Wo, Wo, Wo, Wo, Wwg, Wo, Sm, Sm, Sm, Sm, Sm, Sm, Sm, Sm, Sm, Sm, Sm, Sm, Ss, Sm, Sm, Sm
Mm, Ds^Esd, Ww, Ww, Wo, Wo, Wo, Wo, Ds^Esd, Wo, Ww^Wkf, Ww^Wkf, Ww^Wkf, Ww^Wkf, Ds, Ww^Wkf, Ds, Ww^Wkf, Ds, Ww^Wkf, Ds, Gg, Gg, Gg, Gg, Re, Re^Edb, Re^Edb, Re^Edb, Gg, Gg, Gg, Gg, Gg, Gg, Wo, Wo, Wo, Wo, Wo, Wo, Wo, Wo, Wo, Wo, Wo, Wo, Wo, Wo, Sm, Wwg, Sm, Wwg, Sm, Wwg, Sm, Sm, Sm, Sm, Sm, Sm, Sm, Wwg
Mm, Ds^Esd, Ww, Ww, Wo, Wo, Wo, Wo, Ds^Esd, Ds^Esd, Ds, Ds, Ww^Wkf, Ww^Wkf, Ds, Ds, Ds, Ds, Ds^Esd, Ds, Gg^Esd, Gg, Gg^Efm, Gg^Efm, Gg, Gg^Edt, Re^Edb, Re^Edb, Cer, Cer^Ecf, Gg, Gg^Es, Gg, Gg, Mm, Hh, Hh, Wo, Ww^Wkf, Ww^Wkf, Ww^Wkf, Ww^Wkf, Wo, Wo, Wo, Wo, Wo, Wo, Wo, Wwg, Wwg, Wwg, Gs^Fds, Wwg, Wwg, Wwg, Sm, Sm, Sm, Sm, Sm, Wwg, Wwg
Mm, Mm, Ds, Ww, Ww, Ww, Mm, Ds^Esd, Mm, Gg, Gg, Ds, Ds, Ds, Gg^Esd, Ds, Gg, Gg, Gg, Gg, Gg, Gg, Gs^Fds, Gg^Efm, Gs^Efm, Gg, Re, Cer, Cer, Ker, Gg, Gg, Mm, Mm, Mm, Hh, Hh, Hh, Ds, Ds, Ds, Ds, Ww, Wo, Wo, Wo, Wo, Wo^Ewf, Wo, Wo, Gd, Gs^Vl, Gd^Ecf, Gs^Fds, Gs^Fds, Wwg, Wo, Sm, Wo, Wwg, Wwg, Wwg, Wo
Mm, Mm, Mm, Ds, Ds, Mm, Mm, Mm, Mm, Mm, Mm, Gg, Gg, Gg, Gg, Gg, Gg, Gg^Efm, Gg, Gg, Gs^Efm, Gs^Efm, Gs^Fds, Gs^Fds, Gg, Gs^Efm, Re, Re, Gg, Gg, Hh, Mm, Mm, Mm, Mm, Mm, Hh, Ds, Dd^Dc, Ds, Ds, Ww, Ww, Ww, Ww, Wo, Wo, Wo, Wo, Wo, Wo, Gd, Gd, Gs^Fds, Gs^Fds, Gs^Fds, Gll^Feth, Wo, Wo, Wo, Wo, Wo, Wo
Mm, Mm, Mm, Ds, Mm, Mm, Mm, Mm, Mm, Mm, Mm, Mm, Gg, Gg, Gg, Gg, Gg, Gg^Efm, Gg^Efm, Gs, Gg^Efm, Gg^Efm, Gs^Fds, Gs^Fds, Gs, Gs^Efm, Re, Re, Gg, Gg, Mm, Mm, Mm^Xm, Mm^Xm, Mm, Hh, Hh, Ds^Esd, Ds^Esd, Ds, Ds, Ds, Ds, Ds, Ds, Ww, Ww, Wo, Wo, Wo, Wo, Wo, Wo, Gd, Wo, Gd^Dr, Wo, Wo, Wo, Wo, Wo, Wo, Wo
Mm, Mm, Mm, Mm, Mm, Mm, Mm, Mm, Mm, Mm, Mm, Mm, Hh, Gg, Hhd, Hh, Gs, Gg, Gs, Gg^Efm, Gs^Fds, Gs^Fds, Gs^Fds, Gs^Fds, Gg, Gs^Efm, Re, Gg, Gg, Hh, Mm, Mm^Xm, Mm, Mm, Hh, Hh, Gg, Gg, Gg^Esd, Ds^Esd, Ds^Esd, Ds, Ds, Ds, Ds, Ds, Wwg, Ww, Ds, Wo, Wo, Wo, Wo, Wo, Wo, Wo, Wo, Wo, Wo, Wo, Wo, Wo, Wo
Mm, Mm, Mm, Mm, Mm, Mm, Mm, Mm, Mm, Mm, Hh, Hh, Hhd, Hhd, Hhd, Gs, Gg, Gs, Gs, Gs^Fds, Gg, Gs^Fds, Gs^Fds, Gs^Fds, Re, Re, Gd^Efm, Re, Re, Hh, Mm, Mm, Mm, Mm, Hh, Gg, Gg, Gg, Gg, Gg, Gg, Gg^Esd, Gg, Ds, Ds, Ds, Wwg, Ds, Ds, Ds, Ds, Ds, Ds, Wo, Ds, Wo, Wo, Wo, Wo, Wo, Wo, Wo, Wo
Mm, Mm, Mm, Mm, Mm, Mm, Mm, Mm, Mm, Mm, Hh, Hhd, Hhd, Hhd, Gs, Gg, Gg, Gg, Re, Gs^Fds, Gg^Efm, Gg, Re^Ecf, Cer, Gll^Vhr, Gll^Efm, Gd, Gll^Es, Re, Hh, Mm, Mm, Mm, Hh, Hh, Gg, Gg, Gg, Gs, Gg, Gs, Gg, Gg, Gs^Vhr, Gs, Gg, Wwg, Ds, Gg^Esd, Ds, Gg^Esd, Ds, Ds^Esd, Ds, Ds, Ds, Ds, Ds, Ds, Ds, Ds, Wo, Ds
Mm, Mm, Mm, Mm, Mm, Md, Mm, Mm, Hh, Hh, Hhd, Hh, Hh, Gs, Gg, Gs, Re, Re, Gg, Re, Re, Re, Ker, Cer, Cer^Edb, Cer^Edb, Gll, Gd, Hh, Re, Re, Mm, Hh, Hh, Re, Gg, Gg, Gs, Gg, Gg, Gs^Fds, Gs^Fds, Gg, Re, Gg, Gs, Wwg, Gg, Wwg, Gg^Esd, Gg, Gg, Gg, Gg^Esd, Gg^Esd, Ds^Esd, Gg^Esd, Ds^Esd, Ds^Esd, Ds, Ds^Esd, Ds, Ds^Esd
Mm, Mm, Mm, Md, Md, Md, Md, Mm, Md, Hh, Hh, Hh, Hh, Gg, Hh, Gs, Re, Gs, Gd, Gd^Es, Gd, Gd, Cer, Cer, Gd^Edb, Gd^Edb, Gll, Gll, Hhd, Hhd, Hhd, Re, Re, Re, Hh, Re, Re, Gg, Gg, Gg^Es, Gs^Fds, Gs^Fds, Gs^Fds, Re, Gg, Gg^Es, Wwg, Wwg, Gg, Wwg, Gs^Fds, Gs^Fds, Gg, Gg, Re, Gg, Gg, Gg, Gg, Gg^Esd, Gg, Ds^Esd, Gg
Mm, Mm, Md^Xm, Mm, Mm, Md, Md, Md, Md, Hh, Md, Hh, Hh, Hh, Hh, Hh, Hhd^Vhhr, Gs, Hh, Gll, Gll, Gll, Gll, Re, Gd^Wm, Gd, Gg^Eff, Hh, Hh, Mm, Hh, Hh, Hhd, Hh, Hh, Hh, Hh, Re, Re, Gs, Gs^Fds, Gs^Fds, Gs, Re, Gg, Wwg, Wwg, Gs^Es, Gs, Gs^Fds, Gs^Fds, Gs^Fds, Re, Re, Gg, Re, Gs^Vhr, Gs, Gs, Gg, Gll^Es, Gg, Gg
Md^Xm, Md^Xm, Md^Xm, Md^Xm, Mm, Md, Md, Md, Md, Md, Md, Md, Md, Md, Mm, Mm, Mm, Hh, Ce, Gll, Gll, Gd^Es, Re, Re, Gg^Eff, Gg^Eff, Rb^Gvs, Gg^Eff, Hh^Eff, Hh, Hh, Hhd, Hhd, Hhd, Hh, Hh, Hh, Gg, Gg, Re, Re, Gs^Fds, Gg, Re, Gg, Wwg, Wwg, Gg, Gg, Gs, Re, Re, Gg^Edb, Gs^Edb, Gs^Edb, Gg^Edb, Gs^Edb, Gll^Edb, Gll, Gll, Gll, Gll, Gg
Md^Xm, Md^Xm, Md^Xm, Md^Xm, Md^Xm, Md, Mm, Mm^Xm, Mm^Xm, Md, Md, Md, Md, Mm, Mm, Mm, Hh, Re, Re, Re, Re, Re, Gg^Eff, Gg^Eff, Rb^Gvs, Rb^Gvs, Rb^Gvs, Rb^Gvs, Hh^Eff, Hh^Eff, Hhd, Hh, Mm, Hhd, Hh, Hh, Hh, Gg, Gg, Gg, Gg, Re, Re, Re, Re, Gg, Wwg, Cer, Re, Re, Re, Gg, Re^Edb, Gg^Edb, Gg, Gg, Gd, Gd, Gll^Edb, Gd^Edb, Cer^Edb, Cer^Edb, Gg
Md^Xm, Md^Xm, Md^Xm, Md^Xm, Md^Xm, Mm, Mm, Mm^Xm, Mm^Xm, Md, Md, Md, Md, Md, Md, Md, Md, Hh, Mm, Mm, Re, Gs^Eff, Gg^Eff, Rb^Gvs, Rb^Gvs, Rb^Gvs, Hh^Eff, Hh^Eff, Hh, Hh, Hh, Mm, Mm^Xm, Mm, Hh, Hhd, Hh, Hh, Hh, Gg, Gg, Gg, Gg, Re, Gs, Re, Wwg^Bw\, Re^Bw/r, Gg, Re, Gs, Re^Edb, Gg, Re, Re, Re, Re, Gll, Gd^Ecf, Cer^Edb, Cer^Edb, Ker^Edb, Gg
Md^Xm, Md^Xm, Md^Xm, Md^Xm, Mm, Mm, Mm^Xm, Mm^Xm, Mm^Xm, Mm, Md, Md, Md, Md, Md, Md, Md, Mm, Mm, Mm, Gs, Re, Gs^Dr, Gg^Eff, Gg^Eff, Gg^Eff, Hh, Hh, Hh, Hh, Mm, Mm^Xm, Mm^Xm, Mm^Xm, Hh, Hh, Hh, Hh, Hhd, Hhd, Hh, Gg, Gg, Gs, Wwg, Wwg, Gs^Fds, Gs^Fds, Gs^Fds, Re, Gg, Gs, Gs^Eff, Gg^Eff, Gg^Eff, Gg, Gg, Re, Re, Gd^Edb, Gd^Edb, Cer^Edb, Gd
Md^Xm, Md^Xm, Md^Xm, Md^Xm, Md^Xm, Md^Xm, Md^Xm, Mm^Xm, Mm^Xm, Md, Mm, Md, Md, Md, Md, Md, Md, Mm, Mm, Mm, Mm, Gg, Mm, Gg, Gg, Gg, Hh, Hh, Mm, Mm, Mm, Mm, Mm^Xm, Mm, Mm, Hhd^Vhhr, Hh, Hhd, Hhd, Hhd, Hh, Hh, Wwg, Wwg, Gg, Wwg, Gg, Gs^Fds, Gg, Re, Gg^Eff, Gg^Eff, Rb^Gvs, Rb^Gvs, Rb^Gvs, Gs^Eff, Gs^Eff, Gs, Gg, Re, Re, Gd^Edb, Gg
Md^Xm, Md^Xm, Md^Xm, Md^Xm, Md^Xm, Md^Xm, Md^Xm, Mm, Mm^Xm, Mm, Mm, Md, Md, Md, Md, Md, Mm, Mm, Mm, Mm, Mm, Mm, Mm, Mm, Mm, Hh, Mm, Hh, Hh, Mm, Mm^Xm, Mm^Xm, Mm^Xm, Mm^Xm, Mm, Mm, Mm, Hh, Hh, Hh, Wwg, Wwg, Hh, Hh, Hh, Gg, Hh, Gg, Re, Re, Gg^Eff, Gg^Eff, Rb^Gvs, Rb^Gvs, Rb^Gvs, Rb^Gvs, Rb^Gvs, Gs^Eff, Gg^Eff, Gs, Re, Gg, Gs
Md^Xm, Md^Xm, Md^Xm, Md^Xm, Md^Xm, Md^Xm, Md^Xm, Mm, Md^Xm, Md^Xm, Md^Xm, Mm, Mm, Mm, Mm, Mm, Mm, Mm, Mm, Mm, Mm, Mm, Mm, Mm, Mm, Mm, Mm, Mm, Mm, Mm^Xm, Mm, Mm^Xm, Mm^Xm, Mm^Xm, Mm^Xm, Mm^Xm, Mm^Xm, Mm, Mm, Wwg, Mm, Hh, Hh, Hh, Hh, Hh, Hh, Hh^Vhhr, Gg, Gg, Gs^Eff, Gs^Eff, Rb^Gvs, Rb^Gvs, Rb^Gvs, Rb^Gvs, Rb^Gvs, Rb^Gvs, Rb^Gvs, Gg^Eff, Gs^Eff, Re, Re
Md^Xm, Md^Xm, Md^Xm, Md^Xm, Md^Xm, Md^Xm, Md^Xm, Md^Xm, Md^Xm, Md^Xm, Md^Xm, Md^Xm, Mm, Mm, Mm, Mm, Mm, Mm, Mm, Mm, Mm, Mm, Mm, Mm, Mm, Mm, Mm, Mm, Mm, Mm, Mm, Mm^Xm, Hh, Mm^Xm, Mm^Xm, Mm^Xm, Hh, Mm, Mm, Wwg, Gg, Hh, Hh, Hh, Hh, Hh, Gg, Hh, Hh, Gg, Gg, Gs^Eff, Rb^Eff, Rb^Gvs, Rb^Gvs, Rb^Gvs, Rb^Gvs, Rb^Gvs, Rb^Gvs, Rb^Gvs, Rb^Gvs, Re^Eff, Gs^Eff
