Gll^Fp, Gll^Fp, Gg, Ds, Wwg^Wkf, Wwg^Wkf, Wwg, Wo, Wo, Wo, Wo, Wo, Wwg, Wwg, Wwg, Ss, Ss, Ss, Ss, Ss, Hh, Mm, Hhd, Rb, Gd^Edt, Gd, Gd, Gg, Gll, Gll^Fp, Gll^Fp, Gll^Fp, Gll^Fp, Gll^Fp, Gll^Fp, Gd, Gll, Gll^Qhu, Wwg, Wwg, Wwg, Wwg, Ss, Wwg, Wwg, Wwg, Ss, Wwg, Ss, Ss, Ss, Sm, Ss, Ss, Ss, Ss, Ss, Ss, Ss, Gll, Wwg, Gg, Gll^Qhux
Gll^Fp, Gs^Fp, Gs^Fms, Ds, Ds^Es, Wwg^Ewl, Wwg^Ewl, Wwg^Wkf, Wwg, Wo, Wo, Wo, Wo, Wo, Wwg^Wkf, Wwg^Ewf, Wwg, Wwg^Wkf, Ss, Ss, Hh, Mm, Hhd, Rb, Gd^Edt, Gd, Cer^Edt, Gll^Edt, Gll, Gll, Gll^Fp, Gll^Fp, Gs, Gll^Fms, Hh^Fmf, Gll^Fp, Gll, Gll^Qhu, Gs, Wwg^Wkf, Ss, Wwg, Ss, Ss, Ss, Wwg^Ewf, Ss, Ss, Sm, Ss^Gvs, Sm, Ss, Ss, Sm, Sm, Sm, Ss, Ss, Wwg, Wwg, Ss^Qhux, Ss^Qhux, Ss^Qhux
Gll^Fp, Gs^Tf, Gs^Fms, Gg, Ds^Es, Ds, Wwg^Wkf, Wo^Wkf, Wwrg, Wwrg, Wo, Wo, Wo, Wo, Wo, Wwg, Wo^Es, Wwg^Ewf, Hh, Hh, Mm, Mm, Hhd^Fms, Rb^Edt, Cer^Edt, Cer^Edt, Ker^Edt, Cer^Edt, Gll^Eb, Gll, Gs, Gs^Es, Hhd^Es, Gs^Es, Hhd, Gll^Fp, Gll^Fp, Gll^Qhu, Ss^Vhs, Ss, Ss, Ss, Sm^Em, Gs^Tf, Gll^Em, Wwg^Edb, Gs^Edb, Sm^Edb, Gll^Edb, Ss^Vhs, Wwg, Wwg, Ss, Ss, Ss, Ss, Sm, Wwg^Ewf, Ss, Wwg, Wwg, Ss^Qhux, Ss^Qhux
Gs, Gs^Fp, Hhd^Fp, Gd^Es, Ds, Wwg, Ds, Wwg^Es, Ds, Wwg^Es, Wwg, Wo, Wo, Wo^Wkf, Wwg^Ewl, Wwg, Wwg^Ewl, Wwrg^Wkf, Mm, Mm, Hhd^Fms, Mm, Hhd, Rb, Gd^Edt, Cer^Edt, Cer^Edt, Cer^Edt, Gd^Edb, Gs, Gg, Gs, Gd, Hhd, Hhd, Gd^Es, Hhd, Gg^Qhu, Gll^Qhu, Ss^Gvs, Ss, Wwg, Gll, Sm^Em, Sm, Gll^Edb, Sm^Edb, Sm^Edb, Gll^Edb, Gll, Wwg^Wkf, Wwg^Ewl, Ss, Ss, Sm^Ewf, Sm, Ss^Edt, Ss^Edt, Wwg^Edt, Wwg^Ewf, Ss, Ss^Qhux, Ss
Re, Hhd, Gd, Gs^Fp, Gd^Fp, Ds, Gs^Fms, Ds^Es, Ds^Es, Wwg^Ewf, Wo^Wkf, Wo, Wwg^Wkf, Wo, Wwg, Wwrg, Ds, Ds^Es, Gs, Hhd^Fms, Rb, Hhd^Fms, Rb^Edb, Rb, Gd^Edb, Gll^Edb, Gd^Edb, Gd^Edb, Gll^Edb, Gll, Gs, Hhd, Gg^Dr, Gg^Edb, Gg^Edb, Gd^Es, Hhd, Gd^Es, Gll, Gs^Qhu, Gll^Qhu, Ss, Ss, Wwg^Ewl, Ss, Sm^Edb, Sm, Gll^Edb, Gll^Edb, Wwg^Edb, Wwg, Ss, Ss^Edt, Sm^Edt, Ss^Edt, Sm^Edt, Sm^Edt, Sm^Em, Gs^Tf, Sm^Em, Ss, Wwg, Wwg
Gs, Re, Re, Rb, Rb, Gs^Fms, Gd, Gd, Gd, Ds, Wwg^Ewf, Wwg, Dd^Dc, Ww^Vhs, Ds, Wwg^Es, Ds^Es, Hhd, Rb, Rb, Gs^Fms, Rb, Cer^Edb, Rb^Edb, Rb^Edb, Hhd^Edb, Gll^Edb, Cer^Edb, Cer^Edb, Gll, Rb, Gs^Vhr, Gg, Gd^Efm, Gd, Hhd^Efm, Hhd, Hhd, Gd, Hh, Hhd, Gs^Qhu, Gll^Qhu, Gll, Ss, Gll, Wwg, Sm, Ss, Wwg^_ml, Ss, Gll, Gll^Edt, Sm^Edt, Sm^Edt, Sm^Edt, Sm^Edt, Gll^Edt, Ss^Em, Wwg, Sm, Ss^Qhux, Ss
Gll^Fp, Gs^Fp, Gs^Fms, Rb, Gs^Fp, Rb, Isa, Gd, Gs, Wo, Gs, Ds, Gs, Ds, Gd, Ds, Rb, Rb, Gs, Gg^Fmf, Gg^Fms, Gg, Gg, Hhd^Edb, Gg, Rb^Edb, Rb^Edb, Gll, Rb, Rb, Gs^Fmf, Gs, Gs^Qhhf, Hh, Gg^Qhhf, Gg, Gd^Qhhf, Gs^Es, Hhd, Gs, Gd, Gg, Gll, Gll^Qhu, Gll, Wwg^Ewf, Ss, Sm, Ss, Ss, Ss^Edt, Ss^Edt, Gs^Edt, Gll^Edt, Ss^Edt, Ss^Edt, Gll^Edt, Gs^Edt, Ss, Ss, Sm^Qhux, Ss^Qhux, Ss
Gll^Fp, Hhd^Fmf, Hhd^Fms, Gs^Fp, Gd^Fp, Gs^Fms, Gs, Isa, Wo^Bsb\, Wo, Gs^Efm, Gs^Efm, Hhd, Gs^Es, Rb, Rb, Gs, Gd, Gs, Hh, Hhd, Hhd^Es, Hhd, Gd, Gd, Gs^Edb, Gs^Efm, Rb, Gd^Fp, Gs, Gll^Fp, Gd, Gd^Qhhf, Gs^Qhhf, Gg, Gg^Qhhf, Gd, Gg, Gll^Fmf, Gd, Hhd^Es, Gd, Rb, Gll^Qhu, Gll^Qhu, Ss, Ss, Ss, Gll, Wwg^Wkf, Wwg^Edt, Ss^Edt, Gll^Edt, Gll^Edt, Ss^Edt, Ss^Edt, Ss, Ss, Ss, Sm, Sm^Dr, Ss^Qhux, Ss^Qhux
Gd, Gll^Fp, Hhd, Gs^Fp, Gs^Fms, Gs^Fp, Gg, Wo, Ce, Isa, Rb, Gs^Efm, Rb, Rb, Gs, Gd, Gs, Hhd, Gs^Efm, Gs^Efm, Gg^Efm, Hhd, Gs, Gd^Ecf, Gs, Gs^Efm, Gs^Efm, Hhd, Gs^Es, Hhd^Fms, Gd, Gll^Fms, Hhd^Fp, Gll^Fms, Gll^Fp, Gll^Fp, Gg, Gd^Fp, Gll^Fms, Gd, Gg, Gg, Rb, Gg^Qhu, Gd^Qhu, Gs, Gll^Em, Gll, Gll^Em, Ss, Ss, Gll^Edt, Ss^Edt, Ss, Gs^Edt, Gll^Edt, Ss, Sm, Wwg, Ss^Vhs, Ss, Ss, Ss
Gg, Gd, Gg, Gg, Gg, Gg, Wwg, Wo, Gd, Gs, Gd, Isa, Gd, Rb, Rb^Edb, Gs^Edb, Gs^Edb, Gs, Gs^Efm, Gs^Efm, Gd^Efm, Gs^Efm, Cer, Gd, Gs^Es, Ce, Ce, Gs, Gs, Gd, Gs^Dr, Gll^Fp, Gd, Gll^Fmf, Gs, Gd, Gs^Es, Gg, Gd, Gll^Fp, Gg^Fms, Gd^Es, Gd^Edb, Gd, Rb, Gg^Qhu, Gll^Em, Gs^Tf, Ss^Em, Gll, Wwg, Gll^Edt, Ss^Edt, Ss^Edt, Gll, Wwg^Ewl, Ss^Edt, Ss, Ss, Ss, Wwg, Wwg, Ss
Gg, Gg, Wwg, Wo, Wwg^Wkf, Wwg^Ewf, Gs, Wwg^Ewl, Gg, Gd, Gd, Rb, Gs, Gs^Es, Gd, Rb^Edb, Isa, Rb, Isa, Gs, Exos, Cer, Gs^Dr, Exos, Rr, Gd^Es, Sm^Qhu, Sm^Qhu, Gs, Ce, Exos, Gs^Es, Gs^Es, Gd, Gs, Gs^Ecf, Rb, Gs^Vhr, Gg, Gd, Gg, Gd^Edb, Gg, Gd, Rb, Gll^Qhu, Gll, Ss, Ss, Wwg^Ewl, Wwg^Wkf, Ss, Ss, Wwg, Ss, Gll^Edt, Ss^Edt, Wwg^Ewl, Wwg, Ss, Wwg, Wwg^Ewl, Ss
Wwg, Wo^Wkf, Gg, Gll, Gll^Es, Gg, Gs, Wo, Wwg, Gg, Ce, Rb, Gs, Gd, Gd, Gd^Ecf, Gs, Gd, Ce, Isa, Isa, Rb, Sm^Qhu, Sm^Qhu, Sm^Qhu, Rr, Chr^Qhh, Sm^Qhu, Gd, Gd, Gs, Re^Vct, Gs^Efm, Ce, Cer, Rb, Gg^Es, Gd, Gll^Fp, Gll^Fms, Gll^Fms, Hhd^Edb, Gg^Edb, Gd^Edb, Gd, Gll^Qhu, Gll^Qhu, Gs, Ss, Ss, Gll, Gs, Ss, Ss, Gll, Ss^Edt, Sm, Ss, Wwg^Wkf, Wwg, Ss, Wwg, Wwg
Gd, Gg, Gs^Edb, Gll^Edb, Gs^Edb, Gd^Ecf, Gd, Gd, Cer, Wwg^Ewl, Wwg, Rb, Gg^Dr, Hhd, Hhd, Gd, Gs^Es, Ce, Gs, Rb, Rb, Isa, Isa, Rr, Exos^Qhh, Isa^Qhh, Isa, Chr^Qhh, Ch^Qhh, Sm^Qhu, Sm^Qhu, Gd, Exos, Gs^Es, Gd, Rb, Gs, Gll^Fmf, Gll^Fms, Gg^Fet, Gll^Fms, Gd, Hhd, Hh^Fms, Gd^Efm, Rb, Rb, Gll^Qhu, Gll^Qhu, Gs^Tf, Gll^Em, Ss, Ss, Gs, Ss, Ss, Sm, Ss, Ss, Wwg, Wwg^Ewf, Ss, Wwg
Gd, Gg, Cer^Edb, Cer, Gs, Gs^Edb, Gs^Edb, Gg, Gll, Cer, Gg, Wwg^Bw|r, Wwg^Ewf, Gd, Gg, Gd^Es, Exos, Gs, Gd, Sm^Qhu, Sm^Qhu, Sm^Qhu, Chr^Qhh, Isa^Qhh, Re, Re, Isa^Vhc, Re, Re, Ch^Qhh, Chr^Qhh, Gs, Sm^Qhu, Exos, Gg^Dr, Rb, Ce, Gs, Hhd, Gll^Fms, Gll^Fms, Gll^Fmf, Gg, Hhd^Efm, Gd^Efm, Gd^Fms, Gd, Gll^Qhu, Rb, Gll^Qhu, Gll, Gs, Wwg, Gll, Ss, Ss, Sm, Ss, Sm, Ss, Sm, Sm, Ss
Gd, Gd^Edb, Cer^Edb, Ker^Edb, Cer^Edb, Gd^Edb, Gs^Edb, Gll^Edb, Gll, Gll, Gs, Rb, Wwg^Ewl, Wwg^Wkf, Gd, Gd^Vct, Gg^Es, Gs^Dr, Sm^Qhu, Rr, Isa^Qhh, Ch^Qhh, Re, Isa, Isa, Re, Re, Isa, Isa^Vhcr, Re, Chr^Qhh, Gd, Sm^Qhu, Exos, Gd, Rb, Ce, Gg^Ecf, Gs^Es, Gs, Hhd^Fp, Gd^Fp, Hh^Fp, Gg^Fms, Gg, Gd, Gd, Gd, Rb, Gll^Qhu, Gll^Qhu, Ss, Ss, Ss, Wwg^Edb, Ss, Ss, Sm, Ss, Sm, Sm, Sm^Qhux, Ss
Gs, Gd, Gs^Edb, Cer^Edb, Rb^Edb, Rb^Edb, Rb^Edb, Gll^Edb, Gll^Edb, Gll, Rb, Rb, Cer, Wwg^Wkf, Wo, Gd, Exos, Sm^Qhu, Gd, Ch^Qhh, Re, Re, Rp^Vhcr, Re, Re, Isa^_mhh, Re, Re, Re, Re, Chr^Qhh, Sm^Qhu, Gd, Re^Vct, Gd, Rb, Gs, Gs, Gs^Es, Gs, Gs, Gll^Fms, Gll^Fms, Gll^Fmf, Gll^Fp, Gd^Fp, Gg^Qhhf, Gd^Fms, Gd, Rb, Gd^Qhu, Gll, Gll^Edb, Gs^Edb, Ss^Edb, Cer^Edb, Cer, Gll, Cer, Ss, Ss, Ss^Qhux, Ss^Qhux
Gs, Gd^Edb, Rb^Edb, Re^Edb, Gd^Edb, Gs^Edb, Gs^Edb, Rb^Edb, Rb, Rb, Gd, Gd, Gg, Wwg^Bw\r, Wwg, Gg^Dr, Exos^Edb, Gd, Sm^Qhu, Ch^Qhh, Re, Re, Chr^Qhh, Re, Ch^Ebn, Re, Re, Isa, Isa^Vhc, Re, Ch^Qhh, Gd, Sm^Qhu, Gg, Gg^Es, Rb, Gs^Es, Hhd, Gd^Efm, Gll^Fms, Gs^Fms, Gs, Gll^Fp, Hh^Fp, Gd^Tf, Gd^Qhhf, Gd^Qhhf, Gd^Qhhf, Gd^Qhhf, Gd, Rb, Gll^Qhu, Gll^Edb, Gs^Edb, Ss^Edb, Cer^Edb, Cer, Cer^Edb, Ker, Ss, Ss^Vhs, Ss^Qhux, Ss^Qhux
Re, Re, Gs, Gd, Gd, Gs, Gll, Gll, Gll, Gd^Dr, Gd^Efm, Gg^Efm, Gg^Efm, Wwg^Ewf, Wwg, Gg^Edb, Gs^Edb, Gd, Sm^Qhu, Ch^Qhh, Isa^Qhh, Re, Ch^Qhh, Chr^Qhh, Isa, Isa, Re, Isa, Re, Re, Exos^Qhh, Gs, Sm^Qhu, Exos, Gs^Dr, Rb, Gd, Hhd, Gd^Es, Gs^Efm, Gg^Efm, Gs, Gd, Hhd, Hhd^Es, Gg^Qhhf, Gg^Fms, Gd^Qhhf, Gd^Qhhf, Gd, Rb, Gll^Qhu, Gll, Ss^Edb, Ss^Edb, Ss^Edb, Cer^Edb, Cer^Edb, Ss, Ss, Ss, Ss^Gvs, Ss^Qhux
Gs, Gg, Gll^Fp, Gd, Gs^Fds, Gs, Gll^Es, Gll, Gg^Efm, Gll^Efm, Gg, Gg^Efm, Cer, Wwg^Bw/r, Wo, Gs^Edb, Gs^Dr, Sm^Qhu, Gs, Ce, Isa^Qhh, Rp^Vhc, Re, Ch^Qhh, Rp^Vhcr, Isa, Re, Re, Ch^Qhh, Isa^Qhh, Rb, Sm^Qhu, Exos, Exos, Re^Efm, Rb, Rb, Gs^Efm, Gd, Gg^Efm, Gll^Fmf, Gd^Efm, Ce, Gg, Gs^Edb, Gg^Fms, Hh^Edb, Gg^Es, Gg, Gd, Rb, Gll^Qhu, Gs, Ss, Wwg^Edb, Ss^Edb, Gs^Edb, Gll^Edb, Sm, Ss, Sm^Qhux, Sm, Ss^Qhux
Gs, Gll^Fp, Gll^Fms, Gll^Fp, Gs^Fmf, Gs, Gg, Gs, Gs^Fds, Gg, Gs^Fds, Gg, Gg, Wwg^Ewl, Gd, Gs, Exos, Gs, Sm^Qhu, Ch^Qhh, Ch^Qhh, Isa^Qhh, Re^Qhh, Re, Re, Re, Ch^Qhh, Rr^Qhh, Isa, Rb, Sm^Qhu, Sm^Qhu, Re, Re^Dr, Rb^Eqf, Rb^Eqf, Rb^Eqf, Re^Efm, Re, Gs, Gs^Efm, Gg^Efm, Ce, Gd, Gg^Ecf, Gs^Edb, Gd^Edb, Hhd^Fmf, Hhd^Fms, Gd, Gll^Qhu, Gll^Qhu, Gll, Ss, Ss^Em, Ss, Ss, Sm^Edb, Ss, Sm, Sm^Qhux, Sm^Qhux, Ss^Qhux
Gg, Gs^Fmf, Gll^Fp, Gd^Fms, Gd, Gs^Dr, Gs^Vl, Gd, Gs^Fmf, Gs^Fms, Gg^Tf, Gs^Fds, Wwg, Wwg, Gg, Gs, Gs, Exos, Sm^Qhu, Sm^Qhu, Gs^Dr, Exos, Ce, Isa^Qhh, Isa^Qhh, Ch^Qhh, Rb, Isa, Isa, Isa, Rb, Rb, Rb^Eqf, Rb^Eqf, Rb, Rb, Rb, Rb^Eqf, Rb^Eqf, Re^Efm, Re, Re, Gs, Gs, Gs^Fms, Gg^Edb, Gg^Fms, Gg^Edb, Gd, Gd, Gll^Qhu, Gll, Gs, Gll^Em, Gs^Tf, Ss^Em, Ss, Sm, Wwg, Ss, Ss, Ss^Qhux, Ss^Qhux
Gll^Fp, Gs, Gll^Fms, Gd^Fp, Gd^Fms, Gd^Fmf, Gs^Fms, Gs^Fmf, Hhd^Fms, Hhd^Fp, Gs^Fds, Gs^Fms, Wo, Wwg^Wkf, Gs^Fds, Gll^Fmf, Hhd, Gd^Dr, Gs, Gs, Exos, Sm^Qhu, Gs^Es, Ce, Sm^Qhu, Rb, Rb, Rb, Isa, Rb, Rb^Eqf, Isa, Rb, Rb, Rb, Rb, Rb, Rb, Rb, Rb^Eqf, Re^Eqf, Re, Re^Vhr, Hhd, Gs^Fmf, Gs^Edb, Gs^Edb, Gs^Edb, Gd, Rb, Gll^Qhu, Gll, Ss, Ss^Em, Ss, Ss^Vhs, Ss, Ss, Wwg, Wwg^Ewf, Ss, Ss^Qhux, Ss
Gll^Fp, Gll^Fp, Gg^Tf, Gd^Fmf, Gd^Fms, Gd, Gs, Gs^Fds, Gs^Fp, Gs^Fds, Wwg^Ewl, Wo, Wwg, Wwg, Wwg, Gs^Fds, Hhd^Fds, Gd, Re^Vct, Gs^Es, Gs^Es, Sm^Qhu, Gs, Sm^Qhu, Sm^Qhu, Gg^Dr, Exos, Rb, Rb, Rb^Eqf, Rb^Eqf, Rb, Rb, Isa, Rb, Rb, Rb, Rb, Rb^Eqf, Rb^Eqf, Re, Re, Hhd, Gg^Gvs, Gg, Hhd, Gd, Gd, Gd, Gll^Qhu, Gll, Gll, Ss, Ss^Qhux, Ss^Qhux, Ss^Gvs, Wwg^Ewl, Ss, Ss, Wwg, Wwg, Ss, Ss
Gll^Fp, Gll^Fp, Gll^Fms, Gll^Fp, Gs^Fds, Gd^Fds, Gs^Fmf, Gs^Fds, Gs^Fms, Gs^Fds, Wwg, Wwg^Ewf, Gs^Fms, Gd^Fms, Gs^Fds, Wwg, Wwg, Gg, Gd, Gd, Gg, Gd, Gd, Gg, Gg^Es, Exos, Rb, Gg^Es, Isa, Re, Re^Efm, Rb^Eqf, Rb^Eqf, Rb, Rb, Rb, Rb^Eqf, Rb^Eqf, Re^Efm, Re, Gd, Gs^Efm, Gs, Gg, Hhd^Fms, Gd, Gg^Es, Gd, Rb, Gll^Qhu, Gs, Ss, Ss^Qhux, Ss^Qhux, Ss, Ss, Ss, Wwg, Ss, Wwg, Wwg^Ewf, Wwg, Wwg
Gs^Fds, Gs^Fds, Gs^Fmf, Gll^Fp, Gs^Fds, Gg^Fet, Gs^Fds, Gs^Fms, Wwg^Ewl, Wwg, Wo, Gll^Fmf, Hhd^Fms, Gg, Gs^Fds, Wwg^Ewl, Gll^Fmf, Wwg^Wkf, Wwg, Wwg, Wwg^Bw/r, Gg, Wwg, Wwg^Wkf, Wwg^Ewf, Gs^Es, Gd, Gd, Rb, Hhd, Gs^Efm, Re^Efm, Re, Rb^Eqf, Rb^Eqf, Rb^Eqf, Re, Re^Efm, Gd, Gs^Es, Gd, Gs^Fmf, Hhd, Hhd, Gg^Edb, Hhd, Gd^Fms, Hhd, Rb, Gll^Qhu, Gs^Tf, Ss^Em, Ss^Qhux, Ss^Qhux, Gs, Gll^Edt, Gs^Edt, Ss, Gs, Ss, Ss, Ss, Ss
Gg, Gd, Gd, Gll^Fp, Gs^Fmf, Gs^Fms, Gg, Gs^Fds, Wo, Wwg, Gs^Fms, Gs^Fms, Hhd, Hhd^Fmf, Gd, Gs^Fms, Gg, Gs^Fds, Gll, Cer, Gd, Wwg^Ewl, Wwg, Wo, Wwg, Gg, Gd, Gg, Rb, Gg, Gd, Gs, Gs, Re^Efm, Re, Re, Gg^Efm, Gd, Gs^Efm, Gs, Hhd, Gs, Gs^Fms, Hhd^Fms, Gg^Edb, Gg^Edb, Gg, Gd, Gd, Gll^Qhu, Gll, Ss^Em, Ss, Ss, Gll, Gll^Edt, Gll^Edt, Ss, Gll, Ss, Gll, Gs^Tf, Ss
Gg, Gd, Gg^Gvs, Gs^Fds, Gs^Vl, Gs^Fds, Wwg^Ewl, Gs^Fms, Wwg, Wwg^Ewf, Gg, Gd^Fms, Gg, Gs^Fds, Gd, Rb^Qhh, Gll^Qhh, Gd^Qhh, Rb^Qhh, Gd, Gd, Gg, Wwg^Wkf, Wo^Wkf, Wwg, Wwg, Ce, Gg, Re, Gd, Gs, Gd, Ce, Gs^Es, Rb^Qhh, Rb^Qhh, Gd^Qhh, Rb^Qhh, Hhd^Qhh, Gs^Efm, Gs^Fms, Gs^Efm, Gs, Gd, Hhd^Fms, Hhd, Gd, Gg, Rb, Gd^Qhu, Gll, Gll, Gll, Gs, Gll^Edt, Gll^Edt, Ss^Edt, Ss, Sm, Wwg, Gll, Sm, Ss
Gll^Fp, Gs, Gg, Gg^Gvs, Gg, Gg, Wwg, Wwg, Wwg^Wkf, Gd^Fms, Gs^Fms, Gd, Gd, Rb^Qhh, Gs^Qhh, Gd^Qhh, Rb, Gll, Gs, Rb^Qhh, Gd^Qhh, Gs^Qhh, Rb^Qhh, Gs, Rb^Qhh, Gg, Gll^Edb, Ce, Isa, Gd, Gg, Ce, Gd, Gd, Gd^Qhh, Gg^Qhh, Gg^Fms, Gd, Gd^Efm, Gd^Qhh, Gd^Qhh, Hhd^Qhh, Hhd^Qhh, Gg^Fms, Gd, Gg, Gg^Dr, Gd, Rb, Gd^Qhu, Gd^Edt, Gll^Edt, Ss^Edt, Gll, Gs^Edt, Ss^Edt, Ss, Sm^Ewf, Sm, Sm, Wwg^Ewf, Sm, Ss
Gg, Gll^Fp, Gg, Wwg^Ewf, Wwg, Wwg, Wo, Rb^Qhh, Rb^Qhh, Rb^Qhh, Gd^Qhh, Gg, Rb^Qhh, Rb^Qhh, Rb, Rb, Gd, Rb, Rb, Rb, Rb, Gd^Qhh, Rb, Rb^Qhh, Gd^Qhh, Gll^Edb, Gll^Edb, Gll^Edb, Isa, Gg^Ecf, Rb^Qhh, Gs^Es, Rb^Qhh, Rb^Qhh, Gs, Gd, Rb, Gs^Efm, Gd, Gg^Fms, Hhd^Fms, Gs^Fms, Gd^Qhh, Gs^Fms, Gg^Efm, Hh^Fms, Gd^Efm, Gd, Rb, Gd^Qhu, Gd^Edt, Ss^Edt, Ss^Gvs, Ss, Gll, Ss, Wwg, Ss, Wwg, Sm, Ss, Sm, Ss
Gs, Gs, Wwg, Wwg^Wkf, Wwg^Es, Wwrg, Gs^Qhh, Gd^Qhh, Gs^Gvs, Gs, Gs, Gd^Qhh, Rb, Rb, Gd, Gd, Gd, Gs, Gd^Eff, Gd, Gs, Rb, Rb, Gd, Gs^Es, Rb^Qhh, Gd^Qhh, Gg^Edb, Re, Gd, Rb^Qhh, Gd^Qhh, Gs^Edb, Gd, Rb, Rb, Gs^Edb, Rb, Rb, Gs, Gg^Dr, Gd, Hhd, Rb^Qhh, Gg^Fms, Gg^Fms, Gd, Gd, Gll^Qhu, Gd^Qhu, Gll^Edt, Gll^Edt, Gll^Edt, Ss^Vhs, Gll, Ss, Ss, Ss, Ss, Sm^Ewf, Ss, Ss, Ss
Wwg, Wwg^Ewf, Gg, Wo^Wkf, Wwg, Rb^Qhh, Gd, Gs^Vhr, Rb^Edb, Gd^Es, Rb, Re^_mhh, Gd, Gd, Gd, Gs^Es, Gd^Eff, Gd^Eff, Gd^Vwm, Gs^Eff, Gd^Eff, Gd, Gs, Rb, Rb, Gs, Rb, Rb^Qhh, Rb^Qhh, Gd^Qhh, Rb, Rb, Rb, Rb, Gd, Gs^Edb, Gg^Edb, Gs^Edb, Gg^Fms, Gs^Vhr, Gs^Gvs, Hhd^Fms, Gg^Fms, Rb^Qhh, Rb^Qhh, Gd, Rb, Rb, Gll^Qhu, Gll, Ss^Edt, Gs^Edt, Gs, Gll, Gll, Gs, Gll, Gs, Ss, Ss, Gll, Wwg^Ewf, Ss
Gg, Gs, Wwg^Ewl, Wwg, Rb^Qhh, Gd^Qhh, Gll, Gll^Edb, Gll^Edb, Rb^Edb, Gd^Edb, Gd, Gs, Gs, Gs^Eff, Gd^Eff, Rb^Gvs, Rb^Gvs, Rb^Gvs, Rb^Gvs, Rb^Gvs, Gd^Eff, Gd^Eff, Gd, Gd, Rb, Rb, Gd, Isa, Rb, Gll, Gs, Gd, Gs, Gd, Gs^Fms, Gd, Gs^Edb, Gg^Fms, Gg^Gvs, Gs, Hhd, Gd, Hhd, Gd^Qhhf, Gd, Gll^Qhu, Gll^Qhu, Gll, Ss, Ss^Qhux, Ss^Edt, Ss^Qhux, Ss, Ss, Gll, Gll, Gll, Ss, Gs, Gll, Gll, Ss
Gg, Gs^Efm, Gg, Wwg, Wwg^Ewf, Gs^Qhh, Gll^Edb, Gll^Edb, Gd^Edb, Rb^Edb, Gd, Gd, Gs^Eff, Gd^Eff, Rb^Gvs, Rb^Gvs, Rb^Gvs, Rb^Gvs, Rb^Gvs, Rb^Gvs, Rb^Gvs, Rb^Gvs, Rb^Gvs, Gll^Edt, Gs^Edt, Gd, Gll, Rb, Gd, Gll^Edt, Gll^Edt, Gll, Gd^Es, Gd, Hhd, Gg^Efm, Gs^Fms, Gs^Fds, Gs^Fds, Gs^Fms, Gs^Fmf, Gs^Qhhf, Gd^Qhhf, Gd^Qhhf, Gd^Qhhf, Gd, Gll^Qhu, Gll, Gs, Ss^Qhux, Ss^Qhux, Ss^Qhux, Ss^Qhux, Ss^Qhux, Ss, Ss, Gs^Em, Gs, Ss^Qhux, Ss, Ss^Gvs, Gs, Ss
Gd, Gg^Efm, Gg^Efm, Wwg, Wo, Rb^Qhh, Gs^Qhh, Gll^Edb, Rb^Edb, Rb, Gd^Eff, Gs^Eff, Rb^Gvs, Rb^Gvs, Rb^Gvs, Rb^Gvs, Rb^Edb, Rb^Edb, Rb^Edb, Rb^Edb, Rb^Gvs, Rb^Gvs, Gs^Edt, Gll^Edt, Gd^Edt, Gll, Isa, Isa, Gd^Es, Gd^Edt, Gd^Edt, Gd, Gs, Gd, Gg^Efm, Gs^Fmf, Gs^Fds, Gg^Fet, Gs^Fmf, Gs^Fds, Gs^Fms, Gs^Qhhf, Gd^Qhh, Gg, Hhd, Rb, Gll^Qhu, Gll, Gs, Ss, Ss, Ss, Ss, Ss^Qhux, Sm, Sm^Em, Gs^Tf, Gll^Em, Ss^Qhux, Ss^Vhs, Ss, Ss, Ss
Gg, Gd, Gd, Wwg, Wwg^Wkf, Rb^Qhh, Wwg, Gd^Qhh, Re^Qhh, Gs^Eff, Gs^Eff, Rb^Gvs, Rb^Gvs, Rb^Gvs, Rb^Gvs, Rb^Edb, Rb^Gvs, Rb^Gvs, Rb^Gvs, Rb^Edb, Gg, Gd^Edt, Gs, Gs, Gd^Edt, Gs^Es, Isa, Gd, Gll, Gll, Gg^Gvs, Gg^Gvs, Gs, Gd^Es, Hhd^Es, Hh^Fms, Gg^Efm, Gs^Fds, Hhd, Gs^Qhhf, Gs^Qhhf, Gd^Qhhf, Hhd, Gd, Gd, Gll^Qhu, Gs, Gll^Ewl, Ss, Ss^Edb, Gll^Edb, Gs, Sm^Ewf, Ss, Sm, Sm^Ewl, Ss^_ml, Ss^Qhux, Ss^Qhux, Ss^Qhux, Wwg, Ss, Wwg
Gll, Gd, Gd^Dr, Gg^Ecf, Gs^Edb, Wwg, Wwg^Bw/r, Wwg^Bw/r, Rb^Qhh, Gd^Vhr, Gs, Gd^Eff, Gs^Eff, Rb^Gvs, Rb^Gvs, Rb^Gvs, Rb^Gvs, Rb^Gvs, Gd^Eff, Gg^Eff, Gd^Fms, Gg, Gd^Efm, Gd^Efm, Cer, Gd^Edt, Rb, Gd, Rb, Gs, Rb, Gll^Vhr, Gll, Gs, Gs^Es, Gs^Es, Hhd^Fms, Gs, Hhd^Qhhf, Gs^Qhhf, Gg^Qhhf, Gg^Qhhf, Hhd, Hhd, Gd, Gll^Qhu, Gll, Ss, Ss^Edb, Cer^Edb, Ker^Edb, Gll^Edb, Sm^Edb, Ss, Ss, Ss, Ss, Ss^Qhux, Ss^Qhux, Ss^Qhux, Wwg, Wwg^Ewf, Ss
Gll, Gll^Edb, Ker^Edb, Cer^Edb, Rb^Edb, Re, Wwg^Ewl, Wo, Wwg^Ewf, Rb^Qhh, Gg^Ecf, Hh^Fms, Hhd, Gd^Eff, Gd^Eff, Rb^Gvs, Gd^Eff, Gd^Eff, Gd, Gd, Gg^Fms, Gd, Gd^Efm, Cer, Cer, Gg^Dr, Rb^Edb, Rb^Edb, Gd^Edb, Rb, Gll, Gll, Gs, Gd, Hhd^Efm, Hhd^_mhh, Hhd^Fms, Hhd^Fms, Gs, Gg^Qhhf, Hhd, Gd^Qhh, Gd^Qhh, Gd^Efm, Rb, Gll^Qhu, Gll, Gs, Ss^Edb, Cer^Edb, Cer^Edb, Ss^Edb, Sm, Sm, Sm, Sm, Ss, Wwg, Ss, Wwg, Wwg, Wwg, Ss^Qhux
Re, Gll^Edb, Gll^Edb, Cer^Edb, Rb^Edb, Gd, Wwg, Wwg^Wkf, Rb^Qhh, Hhd^Qhh, Gd, Hhd, Hhd^Fms, Hhd^Fms, Hhd^Efm, Gs^Eff, Gs, Gg^Fms, Hhd, Gg^Es, Gd, Gg^Efm, Gg^Efm, Cer, Ker, Gll, Isa^Qhh, Isa^Edb, Gd^Edb, Gll^Edb, Gll, Gll^Es, Hhd, Gd, Gd, Gd, Hhd, Hhd, Hhd^Fms, Gg^Fp, Hh^Fmf, Gg^Qhh, Hhd^Efm, Gd^Efm, Rb, Gll^Qhu, Gll, Ss^Edb, Ss^Em, Gll^Eb, Ss, Ss^Edb, Sm^Ewf, Ss, Sm, Ss, Sm, Ss, Ss, Wwg^Wkf, Ss, Ss^Qhux, Ss^Qhux
Gd^Edb, Rb^Edb, Rb^Edb, Rb^Edb, Gg^Efm, Gd^Efm, Wwg, Wo, Wwg^Wkf, Rb^Qhh, Hhd^Qhh, Gg^Fms, Hhd^Fms, Hhd^Fp, Hhd^Fms, Gs^Efm, Hhd^Fms, Gd, Hhd^Fms, Gg^Fms, Gd, Gd, Gd^Qhh, Cer^Qhh, Ch^Qhh, Chr^Qhh, Wwf, Isa^Qhh, Chr^Qhh, Gd^Dr, Gd^Qhh, Gd, Gd^Qhh, Gs, Hhd^Fms, Gg^Fms, Gd, Hhd, Hhd, Hh^Fms, Gd^Efm, Rb^Qhh, Gd, Rb, Gll^Qhu, Gs^Qhu, Gs, Gs^Em, Gs^Tf, Ss^Em, Ss^Vhs, Ss, Wwg, Sm, Sm, Sm, Wwg, Re^Ewl, Ss, Ss, Gll, Ss^Qhux, Ss
Gg, Gg^Edb, Gg^Edb, Gg^Edb, Gg^Efm, Gd^Efm, Wwg^Ewf, Wo, Wo, Wwg^Ewl, Wwrg^Wkf, Hhd^Qhh, Hhd^Fms, Hhd^Fms, Hhd^Qhh, Gg^Fms, Gd^Qhh, Gd, Gd^Qhh, Gd, Hhd^Qhh, Rb^Qhh, Wwg^Wkf, Wwg^Ewl, Wo, Wwg^Bw|r, Wwg, Wwg^Bw|r, Wwg, Chr^Qhh, Wwg, Rb^Qhh, Wwg^Ewf, Rb^Qhh, Rb^Qhh, Hhd^Es, Gg, Hh^Fms, Gg^Fms, Hhd^Fms, Hhd^Qhh, Gs^Qhh, Gg, Gll^Qhu, Gs, Gs, Ss, Gs^Ewl, Ss^Em, Ss^Gvs, Wwg, Wwg^Ewf, Wwg^Wkf, Ss, Wwg, Ss, Ss, Sm, Ss^Ewl, Ss, Gll^Edt, Gll^Edt, Ss^Edt
Wwg, Wwg^Ewl, Wwg, Gg, Wwg, Gg, Wwg, Wo, Wo, Wwg, Wwg^Wkf, Rb^Qhh, Rb^Qhh, Gd^Qhh, Wwg^Ewl, Rb^Qhh, Wwg^Ewf, Hhd^Qhh, Rb^Qhh, Gd^Qhh, Wwg^Es, Rb^Qhh, Wo^Wkf, Wwg, Wo, Wwg^Bw|r, Wwg, Cer, Wwg, Wwg^Bw|r, Wo, Wwrg, Wwg, Wwg^Wkf, Rb^Qhh, Hhd^Qhh, Gd^Qhh, Gd, Hhd^Qhh, Gd^Qhh, Gg, Gg, Gll^Qhu, Gs^Qhu, Ss^Edb, Gs, Ss, Ss, Gll, Ss, Wwg, Ss, Ss, Wwg, Wwg^Ewf, Ss, Ss, Wwg^Ewl, Ss, Gll, Gll^Edt, Gll^Edt, Ss
Wo^Wkf, Wo^Wkf, Wo, Wwg, Wo, Wwg^Wkf, Wo^Wkf, Wo, Wwg, Wo, Wo, Wwg, Wo, Wwg^Es, Wo, Wo, Wwg, Rb^Qhh, Wo, Wwg^Ewf, Wwg^Wkf, Wo, Wo^Es, Wo, Wwg, Wwg^Bw|r, Wwg, Wwg^Bw|r, Wwg, Cer, Wo, Wo, Wo^Es, Wo^Ewl, Wwg^Wkf, Wwg^Wkf, Wwg^Ewl, Hhd^Qhh, Gg, Gg, Gg, Gll^Qhu, Gll^Edb, Gll^Edb, Ss^Edb, Ss, Gll, Ss, Ss, Gll, Wwg^Ewf, Wwg, Wwg, Wwg, Ss, Sm, Sm, Ss, Sm, Gll, Gll^Dr, Gll^Edt, Ss
Wo, Wwg, Ds, Wo, Ds, Wo, Wo, Wo, Wo, Ds, Wo, Wo, Wo, Wwg, Wo, Wo, Wo, Wo, Wo, Wo, Wo, Wo, Wo, Wo, Wwg, Cer, Wwf, Wwf, Wwf, Wwg^Bw|r, Wo, Wo, Wo, Wo, Wo, Wo, Wo^Es, Wwrg, Wo, Wwg^Ewl, Wwg, Wwf, Wwf, Gll^Edb, Sm, Ss, Sm, Ss, Ss, Ss, Ss, Ss, Ss, Wwg^Wkf, Ss, Gll, Ss, Sm, Ss, Sm, Ss^Vhs, Ss, Ss
Wo, Wo, Wo, Ds, Ds, Ds, Wwg, Wo, Wo, Wo, Wo, Wo, Wo, Wo^Wkf, Wo, Wo, Wwg, Wo, Wo, Wo, Wo, Wwg, Wwg, Wo, Wo, Wwf^Bw|r, Re, Wwf, Re, Wo^Bw|r, Wwg, Wo, Wwg, Wo, Wo, Wo, Wo, Wwg, Wo, Wo, Wwg, Wo, Wo, Wwg^Wkf, Wwg, Sm, Wwg^Ewl, Sm, Sm, Ss, Sm, Ss, Sm, Ss, Sm^Ewl, Ss, Ss, Ss, Ss, Ss, Ss, Ss, Ss
Wo, Wo^Wkf, Wwg, Wo, Wo, Wo, Wo, Wo, Wo, Wwg, Wo, Wo, Wwg, Wo, Wwg^Wkf, Wwg, Wwg^Wkf, Wwg^Wkf, Wwg^Es, Wo, Wwg^Wkf, Wwg, Ds, Wwf, Cer, Cer, Rb, Re, Rb, Cer, Ds, Wwg, Ds, Wo, Wwg, Wo, Wwg^Es, Wo, Wo, Wo, Wo, Wo, Wo, Wo^Wkf, Wwg, Wwg, Wo, Sm, Sm^Ewf, Wwg^Wkf, Wwg, Sm^Ewl, Sm, Wwg^Wkf, Sm, Sm^Ewf, Sm, Sm, Sm, Ss, Sm, Sm^Ewl, Sm
Ds^Esd, Ds^Esd, Wwg, Wwg, Wo, Wwg, Wo, Wwg^Wkf, Ds^Esd, Wo, Wwg^Wkf, Wwg^Wkf, Wwg, Wwg^Wkf, Ds, Wwg^Wkf, Ds, Wwrg, Ds^Es, Wwg^Wkf, Ds, Gg, Gd, Ds, Gg, Rb, Rb^Edb, Rb^Edb, Re^Edb, Gs, Hh, Gg^Fds, Ds, Ds, Gg, Wwg^Ewl, Wwrg, Wo^Es, Wo, Wo^Es, Wo, Wo, Wo, Ds, Ds, Wo, Wo^Wkf, Wwg, Wo, Sm, Wwg, Wwg, Wwg^Ewf, Wwg, Wwg, Wwg, Sm, Wwg^Wkf, Sm^Wkf, Sm, Sm, Sm, Wwg
Gs, Ds^Esd, Wwg^Wkf, Wwg^Wkf, Wo, Wo, Wo^Wkf, Wwg, Ds^Esd, Ds^Esd, Ds, Ds, Wwg^Wkf, Wwg^Wkf, Ds^Es, Ds, Gs, Ds^Es, Ds^Esd, Ds, Gg^Fds, Gd, Gg^Efm, Gg, Gd, Gs^Edt, Re^Edb, Rb^Edb, Cer, Cer, Gd^Ecf, Gd^Es, Gg^Fds, Hh, Mm, Hhd, Hhd^Es, Wwrg^Ewl, Wwg^Wkf, Wwg^Wkf, Wwg^Wkf, Wwg^Wkf, Wo, Wo, Wo, Wo, Wwg, Wo, Wwg, Wwg, Wwrg, Gd^Es, Gs^Fds, Hh, Hh, Wwg^Wkf, Wwf, Wwg, Wwg, Sm^Ewl, Sm, Wwg^Wkf, Wwg
Hh, Gs, Ds, Wwg, Wwg, Wwg^Ewl, Gs, Ds^Esd, Gs, Gg, Gg^Fds, Ds, Ds^Es, Ds, Gg^Esd, Ds, Gg^Fds, Gd, Gd, Gg, Gd, Gd, Gs^Fds, Gg^Efm, Gd^Efm, Gs, Rb, Cer, Cer, Ker, Gs, Hhd, Mm, Mm, Mm, Hhd^Fp, Hhd^Fds, Hhd^Es, Ds, Ds, Ds, Ds, Wwg, Wo, Wo^Wkf, Wo, Wo, Wo, Wog, Ds, Ds, Gs^Efm, Gd^Ecf, Khr, Gs^Fmf, Gs^Es, Gd, Wwf, Wo^Wkf, Wwg, Wwg, Wwg, Wog
Hh, Hh, Gs, Ds, Ds, Gs, Hhd, Hh^Fds, Hh, Hhd^Fmf, Hh, Gg^Es, Hh, Ds, Hh, Gd, Gg, Gg^Efm, Gg^Fmf, Gd^Fds, Gg, Gd^Efm, Gg, Gd, Gg, Gs^Efm, Rb, Re, Gd, Gs, Hhd^Fds, Mm, Mm, Mm, Mm, Mm, Hhd, Ds, Dd^Dc, Ds, Gs, Wwg, Wwg, Wwg, Wwg^Ewl, Wo, Wo, Wo, Wo, Wwg, Wwg, Ds, Gd^Es, Gs^Fds, Gs^Fds, Gs^Fds, Gll^Efm, Wwg^Ewl, Wwg, Wo, Wo, Wog, Wog
Mm, Hhd, Hhd, Ds, Hhd, Gs, Hhd, Mm, Hhd^Fds, Hhd, Mm, Hh, Gg, Gg^Es, Gg^Es, Gg^Es, Gg^Fds, Gs^Efm, Hhd, Gs, Gs^Fds, Gs^Efm, Gd, Gd, Gs^Fds, Gs^Efm, Re, Re, Hhd, Gs, Mm, Mm, Mm^Xm, Mm^Xm, Mm, Hhd^Fds, Hhd^Es, Gs^Esd, Ds^Esd, Ds, Ds, Ds, Ds, Rb, Rb, Wwg^Wkf, Wwg, Wo^Wkf, Wwg, Wwg, Wwg, Wwf, Wwg, Ds, Wwg, Gll^Efm, Ds, Gd^Es, Wwg, Wwg, Wwg, Ds, Wo
Mm, Hhd, Hhd, Gs, Hhd, Mm, Hh^Tf, Mm, Mm, Hhd, Hhd, Hhd, Hhd^Fds, Gg^Fds, Hhd^Fds, Hhd, Gs, Gs, Gs, Gg^Efm, Gs^Fds, Gs^Es, Gs^Es, Gd, Gs, Hhd^Efm, Rb, Gg, Gg^Fds, Hhd^Fds, Mm, Mm^Xm, Mm, Mm, Hhd^Fms, Hhd^Fp, Hhd^Es, Gd, Gs^Esd, Gs^Esd, Ds^Esd, Ds, Gd, Rb, Ss, Ss, Wwg, Wwg, Rb, Wwf, Wwf, Wwg, Wwg, Wwg, Wwg, Wwg, Wwg, Wwg, Wog, Wog, Wog, Wo, Wo
Mm, Mm, Mm, Hhd, Mm, Mm, Mm, Mm, Mm, Mm, Hh, Hh^Fds, Gs, Hhd, Hhd^Fmf, Gd, Hhd, Gs^Fds, Gs^Es, Gs, Gs, Gd, Gd, Gd, Re, Rb, Gd^Efm, Re, Rb, Hhd, Mm, Mm, Mm, Mm, Hhd^Fds, Gd, Gs^Es, Gs^Es, Hhd, Gd, Gs, Gs^Esd, Gs, Rb, Rb, Ss^Ewl, Wwg, Ss, Rb, Rb, Ds, Ds, Ds, Wwg^Ewf, Gg, Wwg^Ewf, Wwf, Wwf, Wwg^Wkf, Wog, Wwg, Wo^Wkf, Wo
Mm, Mm, Mm, Mm, Mm, Mm, Mm, Hhd, Hhd^Fds, Mm, Hh^Fds, Hhd^Fds, Hhd, Gs^Fds, Gd^Es, Gd, Gg^Fds, Gs, Re, Gs^Fds, Gs^Efm, Gd, Re^Ecf, Cer, Gll^Vhr, Gll^Efm, Gd, Gll^Es, Rb, Hhd, Mm, Mm, Mm, Hhd, Hhd^Es, Gg^Fds, Gs, Gd, Gs, Gd, Gd, Gd^Gvs, Gg^Gvs, Gs^Vhr, Rb, Rb^Fms, Wwg, Ss^Em, Ss^Esd, Ds, Gg^Esd, Ds, Ds^Esd, Gd, Ds, Gg^Es, Ds, Ds, Ds, Ds, Gg, Wwg^Ewl, Ds
Mm^Xm, Mm^Xm, Mm, Mm, Mm, Md, Hhd, Hhd, Hhd^Fds, Hhd^Fds, Hhd^Fds, Gs, Hhd, Gs^Fds, Gg, Gd^Es, Re^Es, Re, Gs, Rb, Re, Rb, Ker, Cer, Cer^Edb, Cer^Edb, Gll, Gd, Hh, Rb, Rb, Mm, Hhd, Hhd^Fds, Rb, Gd, Hhd^Es, Hhd, Gs, Gs, Gg^Es, Gs^Fds, Gg, Re, Gg^Fds, Rb^Fms, Wwg, Ss^Fms, Ss, Gg^Esd, Gg, Gs, Gs, Gg^Esd, Gg^Esd, Ds^Esd, Gg^Esd, Ds^Esd, Gs^Esd, Gd, Ds^Esd, Ds, Ds^Esd
Mm, Mm^Xm, Mm, Md, Md, Md, Hhd, Hhd^Fds, Md, Hhd, Hh^Fmf, Hhd, Gs, Gg, Hhd^Fds, Gs^Fds, Re, Gs, Gd, Gd^Es, Rb, Rb, Cer, Cer, Gd^Edb, Gd^Edb, Gd, Gd, Hhd, Md, Hh, Rb, Rb, Re, Md, Re, Rb, Gg^Fds, Gs, Gs^Es, Gs^Fds, Gs^Fds, Gs^Fds, Re, Ss, Sm^Es, Wwg, Ss, Gg^Em, Ss, Gs^Fds, Gs^Fds, Gd, Gs, Re, Gs, Gg^Gvs, Gs, Gg^Fds, Gg^Esd, Gd, Ds^Esd, Gd
Mm, Mm, Md^Xm, Mm, Mm, Md, Md, Md, Md, Hhd, Md, Hhd, Hhd, Hhd, Hhd, Hhd^Dr, Hhd^Vhhr, Gs, Hhd, Re, Re, Re^Dr, Rb, Re, Re^Wm, Gd^Eff, Gd^Eff, Hh, Gd, Md, Md, Hh, Hhd^Fds, Hhd, Hhd, Hhd, Hhd^Es, Re, Rb, Gs^Fmf, Gs^Fds, Gg^Es, Gs, Re, Gg^Fms, Wwg, Wwg^Ewl, Gs^Fms, Gs, Gs^Fds, Hhd^Fds, Gs^Fmf, Rb, Re, Gg^Fds, Re, Gs^Vhr, Gs^Gvs, Gs, Gs^Es, Hhd^Es, Gd^Es, Gg
Md^Xm, Md^Xm, Md, Md, Mm, Md, Md, Md, Md, Md, Md, Md, Md, Md, Mm, Mm, Mm, Hhd, Ce, Gll, Gll^Br/, Re^Dr, Rb, Re^Eff, Gd^Eff, Gs^Eff, Rb^Gvs, Gs^Eff, Gd^Eff, Hhd, Hhd, Hhd^Fds, Md, Hhd^Fmf, Md, Gg^Fds, Hhd, Gd, Hhd, Rb, Re, Gs^Fds, Gd, Re, Gg^Em, Wwg, Wwg, Ss, Gg, Gs, Rb, Rb^Es, Hhd^Edb, Gd^Edb, Gs^Edb, Gg^Edb, Gs^Edb, Gll^Edb, Gll, Gll, Gll, Hhd, Gg
Md, Md^Xm, Md^Xm, Md^Xm, Md^Xm, Md, Mm, Mm^Xm, Mm^Xm, Md, Md, Md, Md, Mm, Hhd, Mm, Hhd, Re^Br\, Re^Br\, Gll^Br/, Rb, Re, Re, Gs^Eff, Rb^Gvs, Rb^Gvs, Rb^Gvs, Rb^Gvs, Gd^Eff, Gd^Eff, Hhd, Hhd^Es, Mm, Hhd^Fds, Hhd, Hhd^Fds, Hhd, Gg, Gd^Es, Gs, Gs, Re, Re, Re, Re, Gg^Fms, Wwg, Cer, Rb, Rb, Rb, Hhd, Re^Edb, Gs^Edb, Gs^Fds, Gd, Gd, Gd, Gll^Edb, Gd^Edb, Cer^Edb, Cer^Edb, Gg^Dr
Md^Xm, Md, Md^Xm, Md, Md^Xm, Mm, Mm, Mm^Xm, Mm^Xm, Md, Mm^Xm, Md, Md, Md, Md, Md, Md, Hhd, Mm, Mm, Re^Eff, Gs^Eff, Rb^Gvs, Rb^Gvs, Rb^Gvs, Rb^Gvs, Gd^Eff, Gd^Eff, Hhd, Gd, Hhd^Fds, Mm, Mm^Xm, Mm, Md, Md, Hhd, Hhd^Es, Hhd, Hhd, Gg^Fds, Gs, Gg, Re, Ss, Re, Wwg^Bw\, Re^Bw/r, Gg, Rb, Gs, Re^Edb, Gd, Rb, Rb, Re, Re, Gll, Gd^Ecf, Cer^Edb, Cer^Edb, Ker^Edb, Gg^Dr
Md^Xm, Md^Xm, Md, Md^Xm, Mm, Mm, Mm^Xm, Mm^Xm, Mm^Xm, Mm, Md, Md, Md, Md, Hhd, Md, Hhd, Mm, Mm, Mm, Hhd, Re^Eff, Gs^Eff, Rb^Gvs, Gd^Eff, Gd^Eff, Hhd, Gd, Hhd, Hhd^Fds, Mm, Mm^Xm, Mm^Xm, Mm^Xm, Hhd^Tf, Hhd^Fds, Hhd, Md, Gd, Hhd^Fds, Gg, Gg, Wwg^Ewf, Gs^Fms, Wwg, Wwg, Gs^Fds, Gs^Fmf, Gs^Fmf, Re, Gg^Fms, Hhd, Gd^Eff, Gd^Eff, Gs^Eff, Gd, Gg^Fmf, Rb, Rb, Gd^Edb, Gd^Edb, Cer^Edb, Gd
Md, Md^Xm, Md^Xm, Md^Xm, Md^Xm, Md^Xm, Md^Xm, Mm^Xm, Mm^Xm, Mm^Xm, Mm^Xm, Mm^Xm, Md, Md, Md, Md, Md, Mm, Mm, Mm, Mm, Gg^Fds, Hhd, Gs^Eff, Gd, Gg^Fds, Hhd, Hhd, Mm, Mm, Mm, Mm, Mm^Xm, Mm, Mm, Hhd^Vhhr, Hhd, Md, Md, Gg^Fmf, Gg, Ss, Wwg, Wwg, Ss^Fms, Wwg, Gg, Gs^Fds, Gs, Re, Gd^Eff, Gs^Eff, Rb^Gvs, Rb^Gvs, Rb^Gvs, Gd^Eff, Gs^Eff, Gs^Fds, Gs, Re, Re, Gd^Edb, Gg
Md^Xm, Md^Xm, Md^Xm, Md^Xm, Md^Xm, Md^Xm, Md^Xm, Mm, Mm^Xm, Mm, Mm, Md, Mm^Xm, Mm^Xm, Md, Md, Md, Mm, Mm, Mm, Tb^Tf, Tb^Tf, Hh^Fds, Hhd, Mm, Hh, Mm, Hh^Fds, Hh, Mm, Mm^Xm, Mm^Xm, Mm^Xm, Mm^Xm, Mm, Mm, Mm, Hhd, Hh, Gg, Wwg, Wwg, Ss^Fms, Wwg, Sm^Em, Ss, Hh, Gg^Dr, Re, Re, Gd^Eff, Gd^Eff, Rb^Gvs, Rb^Gvs, Rb^Gvs, Rb^Gvs, Rb^Gvs, Gs^Eff, Gd^Eff, Gd, Re, Gd, Gs
Md^Xm, Md^Xm, Md^Xm, Md^Xm, Md, Md^Xm, Md^Xm, Mm, Md^Xm, Md^Xm, Md^Xm, Mm, Mm, Mm, Mm^Xm, Mm^Xm, Md, Md, Mm, Mm, Mm, Mm, Mm, Mm, Mm, Mm, Mm, Mm, Mm, Mm^Xm, Mm, Mm^Xm, Mm^Xm, Mm^Xm, Mm^Xm, Mm^Xm, Mm^Xm, Mm, Mm, Wwg, Ss, Sm, Ss^Em, Sm^Ewl, Gg^Fms, Gg, Hhd, Hh^Vhhr, Gd, Gg^Fds, Gd^Eff, Gd^Eff, Rb^Gvs, Rb^Gvs, Rb^Gvs, Rb^Gvs, Rb^Gvs, Rb^Gvs, Rb^Gvs, Gs^Eff, Gs^Eff, Re, Re
Md^Xm, Md^Xm, Md^Xm, Md^Xm, Md, Md, Md^Xm, Md^Xm, Md^Xm, Md^Xm, Md^Xm, Md^Xm, Mm, Mm^Xm, Mm^Xm, Mm^Xm, Mm^Xm, Mm^Xm, Mm, Mm, Mm, Mm, Mm, Mm, Mm, Mm, Mm, Mm, Mm, Mm, Mm, Mm^Xm, Hh, Mm^Xm, Mm^Xm, Mm^Xm, Hh, Mm, Mm, Wwg, Gg, Sm^Em, Gg, Gg, Hh, Gd, Gg, Hhd, Hhd, Hhd, Gg, Gd^Eff, Rb^Eff, Rb^Gvs, Rb^Gvs, Rb^Gvs, Rb^Gvs, Rb^Gvs, Rb^Gvs, Rb^Gvs, Rb^Gvs, Re^Eff, Gs^Eff
