Uu, Uu, Qxu, Qxu, Urb, Qxu, Qxua, Qxua, Uu^Efm, Uu^Efm, Qxua, Qxu, Gd, Gd, Re, Gd, Qxu, Qxu, Qxu, Gll^Fdf, Qxu^Qhux, Qxu^Qhux, Qxu^Qhux, Qxu^Qhux, Gll^Fdf, Gll^Fdf, Gll^Fdf, Gll^Fdf, Qxu^Qhux, Qxu, Gll^Fmf, Gll^Fmf, Qxu, Qxu, Ss^Vhs, Qxu, Qxu, Qxu, Qxua, Qxu, Qxu, Qxu, Qxu, Qxu, Ai, Qxu, Qxu
Uu, Uu, Qxu, Qxu, Qxu, Xoi, Xoi^Efm, Qxua, Qxua, Uu^Efm, Qxua, Qxua, Qxu, Gd, Qxu, Re, Qxu, Qxu^Qhux, Qxu, Qxu, Qxu, Qxu, Qxu, Qxu^Qhux, Qxu, Qxu, Qxu, Qxu^Qhux, Qxu^Qhux, Qxu, Gll^Fmf, Gll^Fmf, Qxu, Qxu, Ss, Aa, Aa, Qxua, Qxua, Qxu, Ss^Qhux, Qxu, Ss^Qhux, Ai^Esa, Qxu, Qxu, Qxu
Qxu, Qxu, Qxu, Qxu, Xoi, Qxu, Xoi, Qxua, Qxua, Qxua, Qxua, Qxua, Qxu, Qxu, Qxu^Qhux, Qxu, Qxu, Qxu, Re, Gs^Vl, Gd^Fdf, Gd^Fdf, Gd^Fdf, Qxu, Gd^Fdf, Qxu, Gll^Fmf, Qxu, Qxu, Qxu, Qxu, Qxu, Qxu, Qxu, Qxu, Aa, Aa^Es, Qxua, Qxua, Ss^Qhux, Ss^Qhux, Qxu, Ss^Qhux, Ss^Qhux, Qxu, Qxua, Qxu
Qxu, Qxu, Xoi, Urb, Xoi, Qxu, Qxu, Qxua, Qxu, Uu, Uu, Qxu, Ur, Qxu, Qxu, Qxu^Qhux, Gd^Fdf, Gs^Vl, Gs, Re, Gd, Gd^Fdf, Gd^Fdf, Gd^Fmf, Gd^Fmf, Gd^Fmf, Gll^Fmf, Qxu, Qxu, Ss^Qhux, Ss^Qhux, Ss^Qhux, Qxu, Qxu, Sm^Qhux, Qxu, Qxua, Qxua, Qxu, Ss^Qhux, Ss, Qxu, Qxu, Qxu, Sm, Qxua, Qxua
Xoi, Xoi, Xoi, Urb, Qxu, Urb, Qxu, Qxu, Xoi, Uu^Vud, Isa, Isa, Xoc, Xoc, Qxu^Qhux, Qxu^Qhux, Gd^Fdf, Gd^Fdf, Gd^Fdf, Gd^Fdf, Gd^Fdf, Gd, Gd, Gd^Fdf, Gd^Fmf, Gd^Fdf, Qxu, Qxu, Qxu, Qxu, Qxu, Ss^Qhux, Sm^Qhux, Sm^Qhux, Qxu, Qxu, Ss^Qhux, Qxua, Ss^Qhux, Qxu, Qxu, Qxu, Qxu, Aa^Esa, Aa, Qxua, Qxu
Qxu, Xoi, Qxu, Xos, Qxu, Qxu, Qxu, Xoi, Xoi, Xoc, Isa, Isa, Xoc^Efs, Xoa, Qxua, Qxu^Qhux, Qxu^Qhux, Qxu^Qhux, Gd^Fmf, Gd^Fmf, Gd, Gd, Gd^Fmf, Gll^Fmf, Gll^Fmf, Qxu, Qxu, Gll^Fmf, Qxu, Ss^Qhux, Ss^Qhux, Ss^Qhux, Sm^Qhux, Ss^Qhux, Sm^Qhux, Sm^Qhux, Sm^Qhux, Sm^Qhux, Aa, Qxu, Ss^Bw/r, Ss^Bw/r, Ss, Qxu, Aa^Esa, Qxu, Qxu
Qxu, Qxu, Qxu^Qhux, Qxu^Qhux, Qxu^Qhux, Qxu^Qhux, Xoc, Urb, Rr^Pr/o, Xoc, Isa, Isa, Qxua, Xoc, Uu^Ebn, Qxua, Qxua, Gd^Fmf, Gd^Fmf, Gll^Fdf, Gd, Gll^Fdf, Gd^Fdf, Gd^Fdf, Gd^Fmf, Gll^Fmf, Gd^Fmf, Qxu, Qxu^Qhux, Qxu, Qxu, Sm^Qhux, Qxu, Sm^Qhux, Gll^Feth, Sm^Qhux, Sm^Qhux, Aa, Aa, Qxu, Qxu, Ss, Qxu, Qxu, Ss, Qxu, Rb
Wo, Qxu, Qxu, Qxu^Qhux, Qxu^Qhux, Qxu, Xoc, Xos^Efs, Isa, Isa, Ur^Es, Ur^Es, Qxua, Qxua, Qxua, Qxua, Qxua, Qxu, Qxu^Xo, Qxu^Xo, Qxu^Xo, Gll^Fdf, Qxua, Qxua, Qxua, Qxua, Qxua, Qxu, Qxu^Qhux, Qxu^Qhux, Qxu^Qhux, Qxu, Sm^Qhux, Sm^Qhux, Sm^Qhux, Sm^Qhux, Aa, Aa, Qxu, Qxu, Qxu, Ss, Qxu, Aa^Esa, Aa, Ss, Qxu
Wo, Wo, Wo, Qxu^Qhux, Qxu^Qhux, Isa, Isa, Isa, Ww, Isa, Ww, Ww, Qxu, Qxua^Qhux, Qxua^Qhux, Qxu^Qhux, Qxu^Xo, Qxu^Xo, Qxu, Ur, Qxu, Qxua^Xo, Qxua^Xo, Qxua^Xo, Qxua^Xo, Qxua, Qxu^Xo, Qxu^Xo, Qxu^Xo, Qxu^Xo, Qxu^Xo, Qxu, Qxu^Xo, Sm^Qhux, Sm^Qhux, Sm^Qhux, Sm, Sm, Ss, Qxu, Ss, Qxu, Qxu^Qhux, Aa^Esa, Aa^Esa, Qxu, Qxu
Xu, Xu, Qxu, Qxu^Qhux, Qxu^Qhux, Wo, Ww, Ww^Bsb\, Ur, Ww, Qxu, Wo, Qxu, Qxua^Qhux, Qxu^Xo, Qxu^Xo, Qxua, Qxua, Ur, Qxu, Ur, Ur, Ur, Ur, Ur, Qxu^Xo, Qxua, Qxua^Xo, Qxua, Ur, Ur, Qxu^Xo, Ur, Qxu^Xo, Qxu, Sm, Aa, Sm, Aa^Es, Ss, Rb^Esa, Ai, Qxu^Qhux, Qxu^Qhux, Qxu, Qxu, Qxu
Xoc, Xor, Qxua, Qxu, Qxu, Qxu, Uu, Uu, Ur, Uu, Qxua, Qxu, Qxu, Qxu^Xo, Ur, Ur, Ur, Qxua, Qxua, Ur, Ur, Ur, Ur, Cte^Xo, Ur, Ur, Qxua^Bp\, Qxua, Qxua, Ur, Ur, Ur, Ur, Qxu^Xo, Qxu^Xo, Qxu, Aa, Aa, Qxu, Qxu, Qxu, Qxu, Qxu^Qhux, Qxu^Qhux, Ai, Qxu, Aa^Qhh
Qxu, Qxua, Qxua, Xoi, Qxu, Qxu, Ur, Ur^Vud, Uu, Ur, Qxua, Gs^Fds, Qxu, Qxu^Xo, Ur, Cte^Xo, Ur, Ur, Ur, Ur, Qxua, Ur, Ur, Ur, Ur, Ur, Qxua, Qxua^Bp\, Ur, Ur, Ur, Cte^Xo, Ur, Ur, Qxu^Xo, Qxu, Sm^Bw|r, Sm, Qxu, Qxu, Ai, Qxu, Qxu, Qxu^Qhux, Qxu, Aa^Qhh, Qxu
Qxua, Qxua, Xor, Xof, Iwr, Qxu, Qxu, Uu, Xoc^Qhh, Qxua, Ur^Qhh, Xoc^Qhh, Qxu^Xo, Qxu^Xo, Ur, Ur, Qxua, Ur, Ur, Ur, Ur, Qxua, Qxua, Qxua, Ur, Ur, Qxua, Qxua, Ur, Ur, Ur, Ur, Qxu, Qxu^Xo, Qxua, Qxua, Qxu, Qxu, Qxu, Ss, Ss^Qhux, Qxu, Ha^Esa, Ha, Aa^Efm, Qxu, Qxu
Qxua, Qxua, Xof, Xof, Qxu, Qxu, Qxu^Qhux, Qxu^Qhux, Qxu, Qxu, Qxu, Tb^Tf, Qxu^Xo, Ur, Ur, Ur, Qxua, Ur, Ur, Ur, Qxua, Qxua^Bp\, Ur, Ur, Ur, Qxua, Ur, Ur, Ur, Ur, Ur, Ur, Qxu, Qxu^Xo, Qxua, Qxua, Aa^Es, Qxu^Qhux, Qxu, Qxu, Qxu, Qxu, Aa, Ha^Esa, Aa, Aa^Efm, Qxu
Qxu, Xoc, Qxu, Qxu, Qxu, Iwo, Qxu^Qhux, Qxu^Qhux, Qxu, Qxu, Qxu^Qhux, Qxu^Qhux, Qxu^Xo, Ur, Ur, Ur, Ur, Qxua^Bp/, Ur, 2 Ur, Qxua, Qxua, Ur, Ur, Ur, Ur, Ur, 1 Ur, Ur, Ur, Ur, Ur, Qxu, Qxua^Xo, Qxua, Re, Qxu, Qxu, Aa^Vha, Aa^Efm, Re, Qxu, Aa^_mh, Aa^Vwm, Qxu, Qxu, Qxu
Qxu, Qxu, Qxu, Qxu, Qxu, Iwo, Qxu^Qhux, Qxu^Qhux, Ch^Efs, Xoc^Exw, Qxu, Qxu^Qhux, Qxu^Xo, Qxu, Qxu, Ur, Ur, Qxua, Qxua, Qxua, Qxua, Qxua, Ur, Ur, Ur, Qxua, Qxua, Ur, Ur, Ur, Ur, Ur, Ur, Qxu^Xo, Qxua, Qxu, Re, Re, Rp, Re, Aa^Fda, Qxu, Qxu, Qxu, Aa^Eff, Aa^Eff, Re^Gvs
Qxu, Xoc, Xoc, Xoc, Qxu, Qxu, Xoc^Exw, Ch, Kf, Ch, Qxu, Qxu^Qhux, Qxua^Xo, Qxu, Ur, Ur, Ur, Qxua, Ur, Ur, Qxua, Ur, Ur, Ur, Ur, Ur, Ur, Qxua^Bp/, Ur, Ur, Ur, Ur, Ur, Qxu^Xo, Qxu, Rp, Cha, Cha, Cea, Rp, Re, Aa^Fda, Aa, Qxu, Aa, Re^Gvs, Re^Gvs
Xoc, Xoc, Qxua, Xoc, Qxu, Xoc^Qhh, Ch, Ch^Efs, Ch, Ch^Efs, Ch, Qxu, Qxua, Qxua^Xo, Ur, Cte^Xo, Ur, Ur, Ur, Qxua, Qxua, Ur, Ur, Ur, Ur, Ur, Ur, Qxua, Ur, Ur, Ur, Cte^Xo, Ur, Qxu^Xo, Qxu^Xo, Aa^Fda, Cea, Kea, Cea, Rp, Re, Aa, Aa^Eff, Qxu, Re^Gvs, Re^Gvs, Re^Gvs
Qxu, Qxua, Qxua, Qxu, Qxu, Xoc^Qhh, Xoc^Efs, Ch, Isc, Ch, Xoc^Efs, Qxua, Qxua, Qxua^Xo, Qxu^Xo, Ur, Ur, Ur, Ur, Ur, Ur, Ur, Ur, Cte^Xo, Ur, Ur, Qxu, Qxua, Qxua, Ur, Ur, Ur, Qxu, Ur, Qxua^Xo, Aa^Fda, Aa^Fda, Cea, Aa, Re, Re, Aa^Eff, Aa^Eff, Qxu, Re^Gvs, Re^Gvs, Re^Gvs
Qxua, Qxua, Xoc, Xoc, Qxu, Ch, Isr, Isc, Isc, Isc, Isr^_mhh, Ch, Qxu, Qxua, Qxu, Qxu^Xo, Qxu^Xo, Ur, Qxu^Xo, Qxu^Xo, Qxu^Xo, Qxu^Xo, Qxu^Xo, Ur, Qxu^Xo, Qxu, Ur, Qxu, Qxua, Ur, Qxu^Xo, Ur, Qxu^Xo, Qxua^Xo, Qxua, Aa^Fda, Re, Aa, Aa^Dr, Aa^Vha, Re, Aa, Re, Qxu, Qxu^Qhux, Qxu, Qxu
Qxua, Qxu, Rr^Pr/, Xoc^Efs, Qxu, Qxu, Isc, Isc, Isc^Qhh, Isc, Isc, Isr, Isr^Qhh, Qxu, Qxu, Qxu, Qxua, Qxu^Xo, Qxu, Qxu, Qxu, Qxu^Qhux, Qxua^Qhux, Qxu^Xo, Qxu, Qxu^Xo, Qxu^Xo, Qxua^Xo, Qxua^Xo, Qxu^Xo, Qxu, Qxu^Xo, Aa, Aa^Fda, Qxua, Re, Aa^Vha, Re, Re, Ai, Ai, Re, Qxu^Qhux, Qxu^Qhux, Qxu, Qxu, Qxu
Xoi, Xoi, Qxu, Isr, Qxu^Qhux, Qxu, Isr^Qhh, Isc^Qhh, Isr, Isc^Qhh, Isr^Qhh, Isr^Qhh, Isr, Isr, Isr^_mh, Qxu, Qxua, Qxua, Hh, Hh, Qxu, Hh^Qhux, Qxua, Qxua, Qxu, Hh, Hh, Hh, Gs, Qxua, Qxu, Re, Re, Qxua, Aa^Esa, Aa, Ai, Re, Ai, Wo, Qxu, Qxu^Qhux, Qxu^Qhux, Re, Aa, Qxu, Qxu
Rr^Pr\, Isr, Isr^Ebn, Qxu, Qxu^Qhux, Qxu^Qhux, Isr, Isr, Isr, Isr, Isr, Xoc^Efs, Isr, Isr, Qxu, Qxu, Qxua, Qxua, Qxua, Hh, Hh, Qxua, Hh, Gg, Hh, Gg, Gg, Gg, Hh, Gg, Hh, Qxu, Qxu, Qxua, Aa^Fda, Ai, Aa^Fda, Ai^Bw|r, Aa, Ai, Qxu, Qxu^Qhux, Aa^Fda, Re, Qxu, Qxu, Aa
Qxu, Xoc, Qxu, Qxu, Qxu^Qhux, Wwt, Isr, Isr, Isr, Isr, Isr, Wwt, Isr, Isr, Qxu, Qxu^Qhux, Qxu, Hh, Hh, Hh^Qhh, Hh, Hh, Hh, Re^Vct, Hh, Gg, Ker, Gg, Hh, Hh, Qxu, Qxu, Qxu, Ai, Ai, Ai, Ha^Esa, Re, Qxu, Qxu, Qxu, Aa^Fda, Re, Qxu, Qxu, Aa, Aa^Efm
Qxua, Qxu, Wwt, Wwt, Qxu, Wwt, Isr, Qxua, Qxua, Isr, Isr, Wwt, Qxu, Qxu, Qxu^Qhux, Qxu^Qhux, Qxu, Qxu, Gg, Gg^Qhh, Gg, Hh, Hh, Hh, Hh, Hh, Cer, Hh, Hh, Hh, Qxu, Hh, Hh, Qxu^Qhux, Qxu, Qxu, Qxu, Qxu, Aa, Qxu, Qxu^Qhux, Re, Aa^Esa, Qxu, Aa, Aa^Efm, Aa^Efm
Qxua, Qxua, Xoc, Wwt, Wwt, Qxu, Qxua, Qxua, Qxua, Isr, Qxu, Xoc^Efs, Qxu, Qxu, Gg^Wm, Qxu, Qxu, Gg^Efm, Gs^Efm, Gg^Qhh, Qxua, Gg, Hh, Hh, Hh, Cer, Cer, Cer, Gs, Re^Vct, Qxu, Hh, Qxu, Qxu^Qhux, Aa^Fda, Qxu, Re, Aa, Aa, Qxu, Qxu^Qhux, Qxu, Qxu, Qxu, Qxu, Aa^Efm, Aa
Wwt, Qxua, Qxu, Isr^Ebn, Isr, Qxu, Qxua, Qxua, Qxua, Qxu, Qxu^Qhux, Qxu^Qhux, Qxu, Qxu, Re, Re, Re, Qxu, Qxua, Qxua, Qxua, Gg, Gs, Re^Vct, Gg, Gg^_mh, Gg, Gs^Ecf, Gs, Qxu, Gg, Qxu, Qxu^Qhux, Qxu^Qhux, Aa^Efm, Aa, Aa, Re, Qxu, Qxu, Qxu^Qhux, Qxu^Qhux, Aa, Qxu, Aa^Ecf, Qxu, Qxu
Wwt, Xoc, Xoc^Qhh, Qxu, Qxu, Qxu, Xoc^Efs, Isr, Iwc, Qxu, Qxu^Qhux, Qxu, Hh, Qxu, Qxu, Qxu, Qxu, Qxu, Qxu, Qxua, Qxua, Qxu, Qxu, Qxu, Gg, Gg, Gs, Gg, Qxua, Qxua, Qxua, Gg, Qxu, Qxu, Aa, Aa^Efm, Aa, Aa, Cea, Cea, Qxu, Qxu, Aa, Re, Qxu, Qxua, Qxua
Xoc^Qhh, Xoc^Qhh, Xoc^Qhh, Qxu, Qxu^Qhux, Qxu, Ch, Iwc, Iwc, Iwc, Ch, Qxu, Qxu, Qxu, Hh^Vhh, Gg^Efm, Qxu, Gs^Vh, Re, Gg, Gg, Gs^Qhh, Qxu^Qhux, Qxu^Qhux, Qxu, Qxu, Qxu, Qxu, Gs^Fds, Qxua, Gs^_mh, Qxua, Qxu, Qxu, Qxu, Qxu, Qxu^Qhux, Qxu, Qxu, Kea, Qxu, Aa^Fda, Aa^Fda, Aa^Vha, Aa^Es, Qxua, Qxua
Qxu, Xoc^Qhh, Qxu, Qxu, Qxu^Qhux, Qxu^Qhux, Qxu, Iwc, Iwc, Iwc, Qxu, Qxu, Qxu, Qxu, Hh, Hh, Qxu, Gg, Re, Gg, Gg, Qxu, Qxu, Qxu^Qhux, Gg^Qhh, Gg, Qxu, Qxu, Gs^Fds, Gs^Fds, Gs^Fds, Qxua, Qxu, Qxu^Qhux, Qxu^Qhux, Qxu^Qhux, Qxu^Qhux, Qxu^Qhux, Qxu, Qxu, Qxu, Qxu, Qxu, Aa, Qxu, Qxu, Qxu
