Xoi, Xoi, Xoi, Xoi, Xoi, Xoi, Xoi, Xoi, Xoi, Xoi, Xoi, Xoi, Xoi, Xoi, Xoi, Xoi, Xoi, Xoi, Xoi, Xoi, Xoi, Xoi, Xoi, Xoi, Xoi
Xoi, Xoi, Xoi, Xoi, Xoi, Xoi, Xoi, Xoi, Xoi, Xoi, Xoi, Xoi, Xoi, Xoi, Xoi, Xoi, Xoi, Xoi, Xoi, Xoi, Xoi, Xoi, Xoi, Xoi, Xoi
Xoi, Xoi, Xoi, Xoi, Xoi, Xoi, Xoi, Xoi, Xoc^Exw, Xoi, Xoi, Xoi, Xoi, Xoi, Xoi, Xoi, Xoi, Xoi, Xoc^Exw, Xoi, Xoi, Xoi, Xoi, Xoi, Xoi
Xoi, Xoi, Xoi, Xoc^Exw, Xoi, Xoi, Xoi, Xoi, Xoi, Xoc^Exw, Xoi, Xoi, Xoi, Xoi, Xoi, Xoi, Xoc^Exw, Xoc^Exw, Xoi, Xoi, Xoc^Exw, Xoi, Xoi, Xoi, Xoi
Xoi, Xoi, Xoi, Xoi, Xoi, Xoi, Xoi, Xoi, Xoi, Xoi, Xoi, Xoc^Exw, Xoi, Xoi, Xoc^Exw, Xoc^Exw, Xoi, Xoi, Xoi, Xoi, Xoi, Xoc^Exw, Xoc^Eff, Xoi, Xoi
Xoi, Xoi, Xoi, Xoi, Xoi, Xoi, Xoi, Xoi, Xoi, Xoi, Xoi, Xoi, Xoi^Exw, Xoi, Xoi, Xoi, Xoi, Xoi, Xoi, Xoi, Xoi, Xoi, Xoi, Xoc^Exw, Xoi
Xoi, Xoi, Xoi, Xoi, Isr, Xoi^Efs, Xoi, Xoi, Xoi, Xoi, Xoi, Xoi^Exw, Xoi^Exw, Xoi^Efs, Isa, Xoi^Efs, Xoi, Xoi, Xoi, Xoi, Xoi, Xoi, Xoi, Xoi, Xoi
Xoi, Xoi, Isa, Isa^Ebn, Isa, Isr, Isr, Xoi, Xoi, Xoi, Xoi, Xoi^Efs, Isa, Isa, Isr^Qhu, Isa, Isa, Xoi^Efs, Xoi, Xoi, Xoi, Xoi, Xoi, Xoi, Xoi
Xoi, Xoi, Xoi, Isa, Isr, Isr, Isr^Pw/, Xoi, Isa, Xoi, Xoi, Isa, Isa, Isa^Qhh, Isr^Qhu, Isa^Qhh, Isa, Isa, Xoi^Exw, Xoi^Exw, Xoi^Efs, Xoi, Xoi, Xoi, Xoi
Xoi, Xoi, Xoi, Xoi, Xoi, Xoi, Isa, Isa, Wwt^Qhu, Isa, Isa, Xoi, Isa^Pw\, Isa, Isa, Isa, Xoi^Exw, Xoi^Exw, Isr, Isr, Isa, Xoi^Efs, Xoi^Efs, Xoi, Xoi
Xoi, Xoi, Xoi, Xoi^Efs, Isr^Qhu, Xoi, Isa^Pw\, Isa, Isa, Wwt^Qhu, Isa^Ebn, Isa, Isa, Xoi, Xoi, Xoi^Exw, Isr, Isr, Isr^Qhh, Isr^Qhh, Isr^Qhh, Isa, Isr, Xoi^Exw, Xoi
Xoi, Xoi, Isr^Qhu, Isr, Isr, Isr, Isr, Xoc^Exw, Xoc^Exw, Isa, Isa, Isa, Wwt^Qhu, Isa, Isa, Xoi, Xoi, Isa, Isa, Isr^Qhh, Isr, Isr, Xoi, Xoi, Xoi
Xoi, Xoi, Isr^Pw\, Isr, Isr^Eff, Isr^Eff, Isa, Isa, Isa, Xoc^Exw, Xoi, Isa, Isa, Wwt^Qhu, Isa, Isa, Isa, Isa^Pw\, Xoi, Isr, Xoi, Xoi, Xoi, Xoi, Xoi
Xoi, Isa^Qhh, Isa^Qhh, Xoi, Xoi, Isr^Ebn, Isr, Isa, Isr, Isr^Qhu, Xoi^Exw, Xoi, Xoi, Isa, Isa, Isa, Wwt^Qhu, Isa, Isa, Xoi, Xoi, Xoi, Xoi, Xoi, Xoi
Xoi, Xoi, Xoi^Qhu, Isa^Qhu, Xoi^Qhu, Xoi, Xoi, Isr^Qhu, Xoi, Xoi^Exw, Isr^Ebn, Isr, Isr, Isa^Pw\, Xoi, Isa, Isa, Wwt^Qhu, Isa^Ebn, Isa, Isa, Xoi, Xoi, Xoi, Xoi
Xoi, Xoi, Xoi^Qhu, Qxu^Qhu, Xoi, Xoc^Exw, Xoi, Xoi, Xoi, Isr, Isr, Isr^Qhh, Isr^Ebn, Isr, Xoi^Efs, Xoi, Xoi, Isa, Isa, Isa, Isa, Xoi, Xoi, Xoi, Xoi
Xoi, Xoi, Xoi, Xoi, Xoi, Xoi, Xoi, Xoi, Xoi, Xoi, Xoc^Exw, Isr, Xoi, Xoi, Iwo^Qhh, Iwo, Iwo, Isa^Pw\, Xoi, Xoi, Xoi, Isa, Isa, Xoi, Isa
Xoi, Xoi, Xoi, Xoi, Xoi, Xoi, Xoi, Xoi, Xoi, Xoi, Xoi, Xoc^Exw, Xoi, Iwo^Qhh, Iwo, Iwo, Iwo^Eff, Iwo, Iwo, Xoi^Exw, Xoi^Exw, Xoi, Xoi, Isa, Isa
Xoi, Xoi, Xoi, Xoi, Xoi, Xoi, Xoi, Xoi, Xoi, Xoi, Xoi, Xoi, Xoi, Xoi, Xoc^Exw, Iwo^Eff, Isr, Iwo^Eff, Iwo, Iwo^Ebn, Xoi, Xoi, Xoi, Xoi, Xoi
Xoi, Xoi, Xoi, Xoi, Xoi, Xoi, Xoi, Xoi, Xoi, Xoi, Xoi, Xoi, Xoi, Xoi, Xoi, Xoc^Exw, Xoc^Exw, Isr, Xoi, Xoi, Xoi, Xoi, Xoi, Xoi, Xoi
Xoi, Xoi, Xoi, Xoi, Xoi, Xoi, Xoi, Xoi, Xoi, Xoi, Xoi, Xoi, Xoi, Xoi, Xoi, Xoi, Xoi, Xoi, Xoi, Xoi, Xoi, Xoi, Xoi, Xoi, Xoi
