Wog, Wog, Wwg, Wwg, Gs, Gs, Gs, Gs^Xo, Gs, Rb, Rb, Gs^Fdf, Gd^Xo, Gs^Fdf, Gs^Fdf, Gs, Gd, Hh^Fdf, Hh^Fdf, Hh^Fdf, Mm, Mm, Mm, Mm, Mm^Xo, Hhd^Xo, Mm, Mm, Mm, Mm, Mm, Mm, Mm, Mm, Mm, Mm, Mm
Wog, Wog, Wwg, Wwg, Gs, Gs, Gd, Gd^Xo, Gs, Rb, Rb, Gs^Fdf, Gs^Xo, Gs^Fdf, Gd^Fdf, Gs, Gs, Hh^Fdf, Hh^Fdf, Hh^Fdf, Mm, Mm, Mm^Xo, Mm^Xo, Mm, Hhd, Mm, Mm, Mm, Mm, Mm, Mm, Mm, Mm, Mm, Mm, Mm
Wwg, Wwg, Gs, Gs, Gs, Mm, Gs, Gd^Xo, Gs^Xo, Gs, Rb, Gd, Gs^Xo, Gd^Fdf, Mm, Mm, Mm^Xo, Mm, Mm, Hh^Fdf, Mm^Xo, Mm^Xo, Wwg, Mm, Mm, Mm, Mm, Mm, Mm, Hhd, Mm, Mm, Mm, Mm, Mm, Mm, Mm
Gs, Gs, Gs^Fdf, Gs^Fdf, Gd, Mm, Mm, Gs, Gs^Xo, Gs, Rb, Gd^Ebn, Ce^Xo, Hhd^Xo, Mm^Xo, Mm^Xo, Mm, Mm^Xo, Mm^Xo, Mm^Xo, Mm, Mm, Wwg, Mm, Mm, Mm, Mm, Mm, Mm, Mm, Mm, Mm, Mm, Mm, Mm, Mm, Mm
Gs^Fds, Gs^Fds, Gs, Gd^Fdf, Gd, Mm, Mm, Hhd, Hhd^Xo, Gs^Ebn, Ce^Xo, Rb, Hhd, Hhd, Mm, Mm, Mm, Mm, Mm, Mm, Mm, Wwg, Wwg, Wwg, Gs^Fdf, Mm, Hhd, Hhd, Hhd^Fdf, Hhd, Hhd, Hhd, Wwg, Wwg, Mm, Mm, Mm
Gs^Fdf, Gs^Fds, Mm, Gd, Gs, Gs, Mm^Xo, Mm^Xo, Mm, Hhd^Xo, Hhd, Rb, Hhd, Mm, Mm, Mm, Mm, Mm, Hhd, Hhd, Hhd, Wwg, Hhd, Gd^Fmf, Gs^Fdf, Hhd^Fdf, Hhd^Fdf, Hhd^Fdf, Hhd^Fdf, Gs^Fdf, Gd^Fmf, Gs^Fdf, Wwg, Mm, Mm, Mm, Mm
Mm, Mm, Mm^Xo, Mm^Xo, Mm^Xo, Mm^Xo, Mm, Mm, Mm, Mm, Hhd, Rb, Hhd, Mm, Mm, Mm, Mm, Hhd, Hh, Hhd, Hhd^Fdf, Wwg, Hhd^Fdf, Hhd^Fdf, Gs^Fds, Gs^Fdf, Rb, Rb, Rb, Gll^Fdf, Wwg, Wwg, Hhd^Fdf, Mm, Mm, Mm, Mm
Mm^Xo, Mm^Xo, Mm, Mm, Mm, Mm, Mm, Mm, Mm, Hhd, Hhd, Rb, Hhd, Hhd, Hhd, Mm, Hhd, Hhd, Hh, Hh, Gs^Fdf, Wwg, Wwg, Gd, Wwg, Gs^Fdf, Rb, Rb^Feth, Rb, Wwg, Gs^Fdf, Hhd^Fdf, Hhd^Fmf, Mm, Mm, Mm, Mm
Mm^Xm, Mm^Xm, Mm^Xm, Mm, Mm, Mm, Mm, Mm, Mm, Mm, Hhd, Rb, Rb, Hhd, Mm, Mm, Hhd, Hh^Fds, Hh^Fdf, Hh^Fdf, Gs^Fds, Gs^Fdf, Wwg, Wwg, Wwg, Gll^Fdf, Gll^Fdf, Rb, Wwg, Gll^Fds, Gs^Fds, Gs^Fmf, Hhd^Fmf, Hhd^Fdf, Hhd^Fdf, Mm, Mm^Qhh
Mm^Xm, Mm^Xm, Mm^Xm, Mm^Xm, Mm, Mm, Mm, Mm, Mm, Hh^Fdf, Hhd, Hhd, Rb, Hhd, Hhd, Hhd, Hhd, Hh, Gs^Fdf, Gs^Fds, Gs^Fds, Gs^Fdf, Gs^Fds, Wwg, Wwg, Wwg, Wwg, Wwg, Wwg, Gll^Fds, Gd, Gs^Fmf, Gs, Gs^Fdf, Mm^Qhh, Mm^Qhh, Mm
Mm^Xm, Mm^Xm, Mm^Xm, Mm, Mm, Mm, Mm, Mm, Mm, Hhd, Hhd^Fdf, Hhd, Rb, Hhd, Gs, Gs^Efm, Rb^Gvs, Gs, Gs^Fdf, Gs^Fdf, Gs^Fdf, Gs^Fdf, Wwg, Wwg, Wwg, Wwg, Wog, Wwg, Wwg, Wwg, Gs^Fdf, Gs^Fdf, Gs^Qhhf, Mm^Qhh, Mm, Mm, Mm
Mm^Xm, Mm^Xm, Mm^Xm, Mm, Mm^Xm, Mm, Mm, Mm, Mm, Mm, Gs^Fdf, Gs^Fds, Gs, Rb, Rb, Gd, Rb^Gvs, Rb^Gvs, Gd, Gd, Wwg, Wwg, Wwg, Wwg, Wog, Wog, Wog, Wwrg, Wwg, Ds^Vhs, Gs^Qhhf, Gs^Qhhf, Gs^Fdf, Gs^Fdf, Gll^Fdf, Mm, Mm
Mm^Xm, Mm^Xm, Mm, Mm, Mm, Mm, Mm, Mm, Mm, Gd^Fdf, Hhd, Gs^Fds, Gs, Gd, Rb, Gd^Vh, Gd^Eff, Rb^Gvs, Gd^Eff, Wwg, Wwg, Wwg, Wog^Ewl, Wog, Wog, Wog^Ewl, Wwg, Wwg, Wwrg, Wwg, Gd^Qhh, Gd^Qhh, Gd, Gs^Fdf, Gll^Fdf, Mm, Mm
Mm^Xm, Mm^Xm, Mm, Mm, Mm, Mm, Mm, Mm, Mm, Mm, Mm, Hh, Hh^Fds, Gs^Es, Gd, Rb, Rb, Gd^Eff, Gs^Fdf, Wwg, Wwg, Wog, Wog, Wog, Wog, Wog^Ewl, Wog, Wwrg, Wog, Wog, Wog, Gd^Qhh, Gd, Gd, Mm, Mm, Mm
Mm, Mm, Mm, Mm, Mm, Mm, Hhd^Fdf, Mm, Hhd^Fdf, Mm, Mm, Hh, Hh, Gs, Gd^Efm, Gd, Rb, Gd, Gs^Fdf, Wwg, Wwg, Wog, Wwg, Wwg, Ds, Wog, Wog^Ewl, Wog, Wog, Wog, Gs^Qhh, Gd^Qhh, Gs^Fdf, Gd^Efm, Mm, Mm, Mm
Mm, Mm, Mm, Mm, Mm, Hhd^Fmf, Gs^Fdf, Gs^Fds, Gs^Fdf, Mm, Hhd, Hh, Hhd, Gs, Gs, Gd, Rb, Gd^Fdf, Wwg, Wwg, Wwg, Wwg, Wwg, Wwrg, Ds, Wwg^Wkf, Gs^Qhh, Gs^Qhh, Gs^Qhh, Gs^Qhh, Gd^Es, Gd, Gs^Eff, Gs^Fdf, Gs, Mm, Mm
Mm, Mm, Mm, Mm, Hh^Fdf, Hh^Fdf, Gs^Fmf, Gll^Fdf, Wwg, Gs^Fdf, Wwg, Hhd, Hhd, Hhd, Gs^Es, Gd, Gd, Rb, Wwg, Wwg, Ds, Wwg^Wkf, Gs^Qhhf, Gs^Qhhf, Gs^Qhh, Gs^Qhh, Gs, Gs^Qhh, Rr, Gs, Gs^Eff, Gd^Eff, Rb^Gvs, Gs^Eff, Gd^Vh, Mm, Mm
Mm, Mm, Mm, Mm, Hh^Fmf, Hh^Fds, Gd^Fds, Wwg, Wwg, Ss, Wwg, Gs, Gs, Gs, Gs, Gs, Gd, Rb, Gd^Vh, Wwg, Ds, Gs^Qhhf, Gs^Fdf, Gs^Fdf, Ce^Xo, Ce^Xo, Ce^Xo, Rr, Gs^Eff, Gs^Eff, Rb^Gvs, Rb^Gvs, Rb^Gvs, Rb^Gvs, Gd, Md, Mm
Mm, Mm, Mm, Mm, Hh^Fdf, Hh^Fdf, Gll^Fdf, Ss, Rb^Em, Ss, Ss, Gs^Fds, Gd, Hhd, Gd^Efm, Gd^Es, Gd, Rb, Gd, Wwg, Gs^Qhh, Gs^Qhhf, Gs^Vh, Gd, Ce^Xo, Kh^Xo, Ce^Xo, Rb, Gs, Gs^Eff, Gs^Eff, Rb^Gvs, Gd, Gd^Wm, Hhd, Hhd, Mm
Mm, Mm, Mm, Hhd, Hhd, Gll^Fmf, Hhd, Hhd^Em, Rb^Em, Ss, Wwg, Ss, Rb, Gs, Rb, Gd, Rb, Rb, Wwg^Wkf, Wwg, Gs, Gd, Gs, Gs, Rr, Rr, Re, Rb, Gs^Efm, Gs^Fdf, Gs^Fdf, Gd, Hhd, Hhd, Md, Gd, Mm
Mm, Mm, Md, Hhd, Mm, Hhd, Mm, Rb^Em, Rb^Em, Ce^Xo, Rb, Wwg^Bw/, Wwg, Rb, Ss, Rb, Ss, Rb, Wwg^Bw\, Gs^Ebn, Rr, Gs, Rr, Rr, Gs, Re, Gs, Gs^Fdf, Gs^Fmf, Gs^Fmf, Gs^Fmf, Md, Md, Md, Mm, Mm, Mm
Md, Md, Md, Md, Md, Hhd, Hhd, Rb, Rb, Rb, Rb^Es, Rb, Ss, Ss, Ss, Ss, Ss, Sm^Wkf, Gs, Rr, Gd^Vh, Rr, Gs, Gs, Gd^Es, Gs, Gs^Fdf, Gs^Fdf, Md, Gg^Fdf, Mm, Hh^Fdf, Mm, Mm, Mm, Mm, Mm
Mm, Md, Md, Md, Hhd, Hhd, Rb, Rb, Rb, Rb^Es, Md, Wwg, Wwg, Wwg, Ss, Ss, Ss, Ss, Hh^Fmf, Hh, Hh, Gs, Mm, Mm, Mm, Gd^Es, Mm, Md, Mm, Mm, Mm, Mm, Mm, Mm, Mm, Mm, Mm
Mm, Mm, Mm, Md, Ce, Hhd, Rb, Rb^Ecf, Rb, Md, Md, Hhd, Hhd, Wwg, Gs, Gs, Mm, Gs^Fds, Gs^Fmf, Hh^Fmf, Hhd, Mm, Mm, Mm, Mm, Mm, Mm, Mm, Mm, Mm, Mm, Mm, Mm, Mm, Mm, Mm, Mm
Mm, Mm, Mm, Ket^Xo, Ce, Rb, Hhd, Rb, Rb, Rb, Ce^Xo, Mm, Mm, Hhd, Mm, Gs, Mm, Gs^Fdf, Mm, Mm, Mm, Mm, Mm, Mm, Mm, Mm, Mm, Mm, Mm, Mm, Gs, Mm, Mm, Mm, Mm, Mm, Mm
Mm, Mm, Mm, Mm, Mm, Hhd, Mm, Md, Ce^Xo, Rb, Rb, Hhd, Mm, Mm, Mm, Mm, Mm, Mm, Mm, Mm, Mm, Mm, Mm, Mm, Mm, Mm, Mm, Mm, Mm, Mm, Mm, Gs, Mm, Mm, Mm, Mm, Mm
Mm, Mm, Mm, Mm, Mm, Mm, Mm, Mm, Hh, Rb, Rb, Hhd, Mm, Mm, Mm, Mm, Mm, Mm, Mm, Mm, Mm, Mm, Mm, Mm, Mm, Mm, Mm, Mm, Mm, Mm, Mm, Mm, Mm, Mm, Mm, Mm^_mh, Mm
