Xoc, Xoc, Xoc, Xoc, Xoc, Xoc, Xoc, Xoc, Xoc, Xoc, Xoc, Xoc, Xoc, Xoc, Xoc, Xoc, Xoc, Xoc, Xoc, Xoc, Xoc, Xoc, Xoc, Xoc, Xoc
Xoc, Xoc, Xoc, Xoc, Xoc, Xoc, Xoc, Xoc, Xoc, Xoc, Xoc, Xoc, Xoc, Xoc, Xoc, Xoc, Xoc, Xoc, Xoc, Xoc, Xoc, Xoc, Xoc, Xoc, Xoc
Xoc, Xoc, Xoc, Xoc, Xoc^Exw, Xoc, Iwo, Xoc, Xoc^Exw, Xoc, Xoc, Xoc, Xoc, Xoc, Xoc, Xoc, Xoc, Xoc, Xoc^Exw, Xoc, Xoc, Xoc, Xoc, Xoc, Xoc
Xoc, Xoc, Xoc, Xoc^Exw, Iwr, Iwr^Ebn, Iwo, Iwo^Qhh, Iwr^Qhh, Xoc^Exw, Xoc, Xoc, Xoc, Xoc, Xoc, Xoc, Xoc^Exw, Xoc^Exw, Isa, Xoc^Exw, Xoc^Exw, Xoc, Xoc, Xoc, Xoc
Xoc, Xoc, Xoc, Iwo, Iwo^Qhh, Iwo, Iwo, Iwr, Iwo, Iwo, Iwc^Eff, Xoc^Exw, Xoc^Exw, Xoc, Xoc^Exw, Xoc^Exw, Iwr^Qhh, Iwr^Qhh, Isa, Isa, Iwr^Ebn, Xoc^Exw, Xoc^Eff, Xoc, Xoc
Xoc, Xoc, Xoc, Xoc, Xoc, Iwo^Qhh, Iwo, Iwo, Iwc, Iwc^Eff, Iwc^Eff, Iwc, Iwc, Xoc, Xoc, Isa, Isa, Isa, Iwr, Iwr, Iwr, Iwr^Eff, Iwr, Xoc^Exw, Xoc
Xoc, Xoc, Xoc^Exw, Xoc^Exw, Isr, Xoc^Exw, Xoc^Exw, Iwc, Iwc, Iwc, Iwc, Iwc, Iwc^Pw/o, Xoc, Isa, Xoc, Iwr^Pw\, Iwr, Iwr^Eff, Iwr^Eff, Iwr^Qhh, Iwr^Qhh, Xoc, Xoc, Xoc
Xoc, Xoc, Isa, Isa^Ebn, Isa, Isr, Isr, Xoc, Xoc, Iwc, Xoc, Xoc, Isa, Isa, Isa^Qhu, Isa, Isa, Xoc, Xoc, Iwr, Xoc, Xoc, Xoc, Xoc, Xoc
Xoc, Xoc, Xoc, Isa, Isr, Isr, Isr^Pw/, Xoc, Isa, Xoc, Xoc, Isa, Isa, Isa^Qhh, Isa^Qhu, Isa^Qhh, Isa, Isa, Xoc^Exw, Xoc^Exw, Xoc^Exw, Xoc, Xoc, Xoc, Xoc
Xoc, Xoc, Xoc, Xoc, Xoc, Xoc, Isa, Isa, Wwt^Qhu, Isa, Isa, Xoc, Isa^Pw\o, Isa, Isa, Isa, Xoc^Exw, Xoc^Exw, Isr, Isr, Isa, Xoc^Exw, Xoc^Exw, Xoc, Xoc
Xoc, Xoc, Xoc^Exw, Xoc^Exw, Isr^Qhu, Xoc, Isa^Pw\, Isa, Isa, Wwt^Qhu, Isa^Ebn, Isa, Isa, Xoc, Xoc, Xoc, Isr, Isr, Isr^Qhh, Isr^Qhh, Isr^Qhh, Isa, Isr, Xoc^Exw, Xoc
Xoc, Xoc, Isr^Qhu, Isr, Isr, Isr, Isr, Xoc^Exw, Xoc^Exw, Isa, Isa, Isa, Wwt^Qhu, Isa, Isa, Xoc, Xoc, Isr, Isr, Isr^Qhh, Isr, Isr, Xoc, Xoc, Xoc
Xoc, Xoc, Isr^Pw\, Isr, Isr^Eff, Isr^Eff, Isa, Isa, Isa, Xoc^Exw, Xoc, Isa, Isa, Wwt^Qhu, Isa, Isa, Isa, Isr^Pw\, Xoc, Isr, Xoc, Xoc, Xoc, Xoc, Xoc
Xoc, Isa^Qhu, Isa^Qhu, Xoc, Xoc, Isr^Ebn, Isr, Isa, Isr, Isr^Qhu, Xoc, Xoc, Xoc, Isa, Isa, Isa, Wwt^Qhu, Isa, Isa, Xoc, Xoc^Exw, Xoc, Xoc, Xoc, Xoc
Xoc, Xoc, Xoc, Isa^Qhu, Isa^Qhu, Xoc, Xoc, Isr^Qhu, Xoc, Xoc, Isr^Ebn, Isr, Isr, Isa^Pw\o, Xoc, Isa, Isa, Wwt^Qhu, Isa^Ebn, Isa, Isa, Xoc, Xoc, Xoc, Xoc
Xoc, Xoc, Xoc, Xoc, Xoc^Exw, Xoc^Exw, Isa, Xoc, Xoc, Isr, Isr, Isr^Qhh, Isr^Ebn, Isr, Xoc^Exw, Xoc, Xoc, Isa, Isa, Isa, Xoc, Xoc, Xoc, Xoc, Xoc
Xoc, Xoc, Xoc, Xoc^Exw, Isa, Isa^Ebn, Isa^Qhu, Isa, Isa, Isr^Pw\o, Xoc^Exw, Isr, Xoc, Xoc^Exw, Iwo^Qhh, Iwo, Iwo, Isa^Pw\o, Xoc, Xoc, Xoc, Xoc, Xoc, Xoc, Xoc
Xoc, Xoc, Xoc, Xoc, Xoc, Isa, Isa, Isa, Isa, Isa, Isa, Xoc^Exw, Xoc, Iwo^Qhh, Iwo, Iwo, Iwo^Eff, Iwo, Iwo, Xoc^Exw, Xoc, Xoc, Xoc, Xoc, Xoc
Xoc, Xoc, Xoc, Xoc, Xoc, Xoc, Xoc, Isa, Isa, Isa^Qhu, Isa, Isa, Xoc, Xoc, Xoc^Exw, Iwo^Eff, Isr, Iwo^Eff, Iwo, Iwo^Ebn, Xoc, Xoc, Xoc, Xoc, Xoc
Xoc, Xoc, Xoc, Xoc, Xoc, Xoc, Xoc, Xoc, Xoc, Isa, Xoc, Isa^Pw/, Isa, Isa, Isa, Xoc^Exw, Xoc^Exw, Isr, Xoc, Xoc, Xoc, Xoc, Xoc, Xoc, Xoc
Xoc, Xoc, Xoc, Xoc, Xoc, Xoc, Xoc, Xoc, Xoc, Xoc, Xoc, Isa, Isa, Isa, Isa, Isa, Isa, Xoc^Exw, Xoc^Exw, Xoc, Xoc, Xoc, Xoc, Xoc, Xoc
