Xoa, Xoa, Xoa, Xoa, Xoa, Xoa, Xoa, Xoa, Xoa, Xoa, Xoa, Xoa, Xoa, Xoa, Xoa, Xoa, Xoa, Xoa, Xoa, Xoa, Xoa, Xoa, Xoa, Xoa, Xoa
Xoa, Xoa, Xoa, Xoa, Xoa, Xoa, Xoa, Xoa, Xoa, Xoa, Xoa, Xoa, Xoa, Xoa, Xoa, Xoa, Xoa, Xoa, Xoa, Xoa, Xoa, Xoa, Xoa, Xoa, Xoa
Xoa, Xoa, Xoa, Xoa, Xoa, Xoa, Xoa, Xoa, Xoa, Xoa, Xoa, Xoa, Xoa, Xoa, Rb^Qhu, Xoa, Xoa, Xoa, Xoa, Xoa, Xoa, Xoa, Xoa, Xoa, Xoa
Xoa, Xoa, Xoa, Xoa, Xoa, Xoa, Xoa, Xoa, Xoa, Xoa, Xoa, Xoa, Uu^Qhu, Xoa, Xoa, Uu^Qhu, Isa^Pr/, Xoa, Xoa, Xoa, Xoa, Xoa, Xoa, Xoa, Xoa
Xoa, Xoa, Xoa, Xoa, Xoa, Xoa, Uu^Qhu, Xoa, Xoa, Xoa, Rb^Qhu, Xoa, Xoa, Rb^Qhu, Isa^Pr/, Xoa, Isa^Es, Isa^Dr, Isa^Bw\r, Xoa, Xoa, Xoa, Xoa, Xoa, Xoa
Xoa, Xoa, Xoa, Xoa, Rb^Qhu, Uu^Qhu, Re^Qhu, Isa^Qhu, Rb^Qhu, Xoa, Xoa, Uu^Qhu, Isa^Pr/, Xoa, Isa^Es, Isa^Em, Isa^Qhu, Isa^Ebn, Isa^Em, Isa^Dr, Re^Pr/, Xoa, Xoa, Xoa, Xoa
Xoa, Xoa, Xoa, Uu^Qhu, Rb^Qhu, Re^Qhu, Isa^Qhu, Re^Qhu, Isa, Re^Dr, Xoa, Xoa, Isa^Em, Isa^Em, Isa^Eb, Isa^Qhu, Isa^Em, Isa, Isa^Pr/, Xoa, Xoa, Isa^Qhu, Uu^Qhu, Xoa, Xoa
Xoa, Xoa, Xoa, Xoa, Xoa, Isa^Qhu, Rb, Isa, Re^Pr/, Xoa, Isa^Em, Isa, Isa^Qhu, Isa^Qhu, Isa^Em, Isa, Rb^Pr/, Xoa, Xoa, Rb^Qhu, Re^Qhu, Xoa, Xoa, Xoa, Xoa
Xoa, Xoa, Xoa, Xoa, Xoa, Xoa, Xoa, Xoa, Rb^Em, Isa, Isa^Qhu, Isa^Qhu, Isa, Isa^Es, Xoa, Xoa, Xoa, Isa^Qhu, Uu^Qhu, Xoa^Qhu, Xoa, Xoa, Xoa, Xoa, Xoa
Xoa, Xoa, Xoa, Xoa, Xoa, Xoa, Uu^Qhu, Xoa, Xoa, Isa^Em, Isa^Em, Isa^Qhu, Isa^Qhu, Isa^Es, Isa^Es, Xoa, Xoa, Xoa, Xoa, Xoa, Xoa, Xoa, Xoa, Xoa, Xoa
Xoa, Xoa, Xoa, Xoa, Re^Pr\, Isa^Qhu, Xoa, Xoa, Re^Qhu, Xoa, Xoa, Isa^Es, Isa, Isa^Qhu, Isa^Eb, Isa^Es, Isa^Em, Xoa^Exw, Xoa^Exw, Xoa, Xoa, Xoa, Xoa, Xoa, Xoa
Xoa, Xoa, Isa^Bw/r, Isa^Em, Isa^Ebn, Xoa, Re^Pr\, Uu^Qhu, Xoa, Xoa, Uu^Dr, Xoa, Xoa, Isa^Em, Isa, Isa^Qhu, Isa^Qhu, Isa^Es, Isa^Es, Xoa^Exw, Xoa, Xoa, Xoa, Xoa, Xoa
Xoa, Xoa, Xoa, Isa, Isa^Em, Isa^Em, Isa, Xoa, Isa^Pr\, Re^Qhu, Xoa, Xoa, Ur^Dr, Xoa, Xoa, Isa^Em, Isa^Es, Isa^Qhu, Isa^Qhu, Isa, Isa^Dr, Xoa, Xoa, Xoa, Xoa
Xoa, Xoa, Xoa, Xoa, Xoa, Isa^Es, Isa^Es, Isa^Em, Isa^Eb, Xoa, Re^Pr\, Rb^Qhu, Xoa, Xoa, Isa^Dr, Isa, Isa^Es, Isa, Isa^Es, Isa^Es, Xoa, Xoa, Xoa, Xoa, Xoa
Xoa, Xoa, Xoa, Xoa, Xoa, Xoa, Xoa, Isa^Em, Isa^Es, Isa, Isa, Xoa, Isa, Isa^Dr, Isa^Em, Isa^Es, Isa^Es, Isa, Xoa, Xoa, Xoa, Xoa, Xoa, Xoa, Xoa
Xoa, Xoa, Xoa, Xoa, Xoa, Xoa, Xoa, Xoa, Xos, Isa^Es, Isa, Isa^Em, Isa^Em, Isa^Em, Isa, Isa^Es, Xoa, Xoa, Xoa, Xom, Xoa, Xoa, Xoa, Xoa, Xoa
Xoa, Xoa, Xoa, Xoa, Xoa, Xoa, Xos, Xos, Isa^Em, Isa^Dr, Isa^Em, Isa^Es, Isa, Isa, Xos, Isa^Pr/, Isa, Isa^Em, Re^Qhu, Xoa, Xoa, Xoa, Xoa, Xoa, Xoa
Xoa, Xoa, Xoa, Xoa, Xos, Xos, Isa, Isa^Em, Isa, Isa^Es, Isa^Em, Isa, Xos, Xos, Xoa, Isa, Re^Qhu, Rb^Qhu, Uu^Qhu, Isa^Qhu, Uu^Qhu, Xoa, Xoa, Xoa, Xoa
Xoa, Xoa, Xoa, Xoa, Xos, Isa, Isa, Isa, Isa^Em, Isa^Dr, Xos, Xos, Xoa, Xoa, Xoa, Xoa, Xoa, Isa^Qhu, Re^Qhu, Rb^Qhu, Xoa, Xoa, Xoa, Xoa, Xoa
Xoa, Xoa, Xos, Xos, Isa, Isa^Pr\o, Xos, Isa, Xos, Xos, Xoa, Xoa, Xoa, Xoa, Xoa, Xoa, Xoa, Xoa, Xoa, Xoa, Xoa, Xoa, Xoa, Xoa, Xoa
Xoa, Xos, Isa, Isa, Xos, Xos, Xoa, Xoa, Xoa, Xoa, Xoa, Xoa, Xoa, Xoa, Xoa, Xoa, Xoa, Xoa, Xoa, Xoa, Xoa, Xoa, Xoa, Xoa, Xoa
