Xom, Xom, Xom, Xom, Xom, Xom, Xom, Xom, Xom, Xom, Xom, Xom, Xom, Xom, Xom, Xom, Xom, Xom, Xom, Xom, Xom, Xom, Xom, Xom, Xom
Xom^Exw, Xom, Xom^Exw, Xom, Xom, Xom, Xom, Xom, Xom, Xom, Xom, Xom, Xoc, Xom, Xom, Xom, Xom, Xom, Xom, Xom, Xom, Xom, Xom, Xom, Xom^Exw
Urc, Xom^Exw, Xom^Exw, Xom, Xom, Xom, Xom, Xom, Xom, Xom, Xoc^Exw, Xoc^Exw, Xoc^Efs, Xoc, Xoc, Xom, Xom, Xom, Xom, Xom, Xom, Xom, Xom^Exw, Xom^Exw, Urc
Urc, Urc, Urc, Xom^Exw, Xom^Exw, Xom, Xom, Xom, Xoc^Exw, Xoc^Exw, Isr^Qhh, Isr^Eqf, Isc^Qhh, Isr^Eqf, Isr^Qhh, Xoc^Exw, Xoc^Exw, Xom, Xom, Xom, Xom^Exw, Xom^Exw, Urc, Urc, Urc
Urc, Urc, Urc, Urc, Isa^Qhh, Xom^Exw, Xom^Exw, Xom, Xoc, Isr, Isr^Ebn, Isc^Qhh, Isc^Qhh, Isc^Qhh, Isr^Ebn, Isr, Xoc, Xom, Xom^Exw, Xom^Exw, Isa^Qhh, Urc, Urc, Urc, Urc
Urc, Urc, Isa^Qhh, Isa^Qhh, Iwr^Qhu, Isa^Qhh, Xom, Xom, Xoc, Isr^Eff, Isr^Eff, Isc^Qhh, Isc^Qhh, Isc^Qhh, Isr^Eff, Isr^Eff, Xoc, Xom, Xom, Isa^Qhh, Iwr^Qhu, Isa^Qhh, Isa^Qhh, Urc, Urc
Xom, Isa^Qhh, Isa^Qhh, Iwr^Qhu, Iwr^Qhu, Xom^Efs, Xom^Efs, Xom, Xom, Isr^Qhh, Isr, Isr^Ebn, Isc^Qhh, Isr^Ebn, Isr, Isr^Qhh, Xom, Xom, Xom^Efs, Xom^Efs, Iwr^Qhu, Iwr^Qhu, Isa^Qhh, Isa^Qhh, Xom
Xom, Xom, Xom, Xom, Xom, Iwr^Qhu, Isr^Pr/o, Xom, Isr^Eff, Isr^Eff, Isr, Isc^Qhh, Isc^Qhh, Isc^Qhh, Isr, Isr^Eff, Isr^Eff, Xom, Isr^Pr\o, Iwr^Qhu, Xom, Xom, Xom, Xom, Xom
Xom, Xom, Xom, Xom, Xom, Xom, Isr, Isr, Isr, Dd, Isr, Isc^Qhh, Isc^Qhh, Isc^Qhh, Isr, Dd, Isr, Isr^Efs, Isr, Xom, Xom, Xom, Xom, Xom, Xom
Xom, Xom, Xom, Xom, Isa^Qhu, Isr, Isa^Qhu, Isr, Isa^Qhu, Xos, Isr^Efs, Isc, Isc, Isc, Isr^Efs, Xos, Isa^Qhu, Isr, Isa^Qhu, Isr, Isa^Qhu, Xom, Xom, Xom, Xom
Xom, Xom, Xom, Xom, Isa^Ebn, Isa^Qhu, Wwt^Qhh, Isa^Qhu, Isa^Qhu, Isa^Qhu, Isr, Isc, Isc, Isc, Isr, Isa^Qhu, Isa^Qhu, Isa^Qhu, Wwt^Qhh, Isa^Qhu, Isa^Ebn, Xom, Xom, Xom, Xom
Xom^Exw, Xom, Xom, Xom, Isa^Ebn, Isa^Qhu, Wwt^Qhh, Wwt^Qhh, Isa^Qhu, Xos, Isr^Efs, Isc, Isc, Isc, Isr^Efs, Xos, Isa^Qhu, Wwt^Qhh, Wwt^Qhh, Isa^Qhu, Isa^Ebn, Xom, Xom, Xom, Xom^Exw
Iwo, Xom^Exw, Xom^Exw, Xom, Isa^Qhu, Isa^Qhu, Isa^Qhu, Isa^Qhu, Isa^Qhu, Isa^Qhu, Isr, Isc, Isc, Isc, Isr, Isa^Qhu, Isa^Qhu, Isa^Qhu, Isa^Qhu, Isa^Qhu, Isa^Qhu, Xom, Xom^Exw, Xom^Exw, Iwo
Iwo, Iwo^Ebn, Iwo, Xom^Exw, Xom^Exw, Isr, Isr, Isr, Isr, Xos, Isr^Efs, Isc, Isc, Isc, Isr^Efs, Xos, Isr, Isr, Isr, Isr, Xom^Exw, Xom^Exw, Iwo, Iwo^Ebn, Iwo
Iwo, Iwo, Iwr^Pr/o, Xom, Isa^Qhh, Xom^Efs, Xom^Efs, Isr, Isr^Qhh, Isr, Isr, Isc, Isc, Isc, Isr, Isr, Isr^Qhh, Isr, Xom^Efs, Xom^Efs, Isa^Qhh, Xom, Iwr^Pr\, Iwo, Iwr
Xom, Xom, Iwr, Iwr^Eff, Iwo^Eff, Isa^Qhh, Isa^Qhh, Xom^Exw, Xom^Exw, Isr^Qhh, Isr, Dd, Isr, Dd, Isr, Isr^Qhh, Xom^Exw, Xom^Exw, Isa^Qhh, Isa^Qhh, Iwo^Eff, Iwo^Eff, Iwo, Xom, Xom
Xom, Xom, Xom, Iwo, Iwo, Iwo^Eff, Iwr^Eff, Isa^Qhh, Xom, Iwr, Iwr, Isr, Isr^Qhh, Isr, Iwr, Iwr, Xom, Isa^Qhh, Iwo^Eff, Iwo^Eff, Iwo, Iwo, Xom, Xom, Xom
Xom, Xom, Xom, Xom, Xom, Iwo, Xom, Iwr^Pr/, Iwr, Iwr^Ebn, Iwr, Isr^Qhh, Isr^Qhh, Isr^Qhh, Iwr, Iwr^Ebn, Iwr, Iwo^Pr\o, Xom, Iwo, Xom, Xom, Xom, Xom, Xom
Xom, Xom, Xom, Xom, Xom, Xom, Isa^Qhu, Iwr^Ebn, Iwr, Iwr, Iwr, Isr^Qhh, Isr^Qhh, Isr^Qhh, Iwr, Iwr, Iwr, Iwr^Ebn, Isa^Qhu, Xom, Xom, Xom, Xom, Xom, Xom
Xom, Xom, Xom, Xom, Xom, Xom, Isa^Qhu, Isa^Qhu, Isa^Qhu, Iwr, Iwr, Isr^Qhh, Isr^Qhh, Isr^Qhh, Iwr, Iwr, Isa^Qhu, Isa^Qhu, Isa^Qhu, Xom, Xom, Xom, Xom, Xom, Xom
Xom, Xom, Xom, Xom, Xom, Xom, Xom, Isa^Qhu, Isa^Qhu, Isa^Qhu, Isa^Qhu, Isr^Qhh, Isr, Isr^Qhh, Isa^Qhu, Isa^Qhu, Isa^Qhu, Isa^Qhu, Xom, Xom, Xom, Xom, Xom, Xom, Xom
