Rb, Rb, Rb^Qhu, Hhd, Gll^Efm, Isa, Ss, Ss, Ss, Sm, Sm, Sm, Wot^Ewf, Sm, Sm, Ss, Ss, Ss, Ss, Ss, Ss, Rb^Qhux, Wot, Sm, Sm
Gll, Hhd, Hhd, Rb, Wot^Wkf, Wwt, Sm, Rb^Qhu, Ss^Ft, Sm^Efm, Sm, Wwt, Wot^Wkf, Sm, Gg^Es, Ss^Ft, Sm^Dr, Rb^Ft, Rb, Ss, Gg^Edpp, Ss, Wot^Wkf, Sm^Wkf, Sm
Hhd, Gll^Efm, Gll, Rb^Qhu, Sm, Wot^Wkf, Sm^Es, Ss, Ss, Wot^Wkf, Wot^Ewf, Wot^Ewf, Ss, Ss^Qhu, Gg^Efm, Ss, Gg^Dr, Gg^Dr, Rb^Es, Ss, Ss, Ss^Ft, Ss, Wot, Ss
Hhd, Hhd, Rb, Rb^Es, Ss, Wot^Ewl, Ss^Ft, Gg^Dr, Ss^Qhu, Rb^Es, Ss^Ft, Gg^Edpp, Ss, Rb, Ss, Ss^Ft, Ss, Sm, Ss, Ss^Qhu, Ss, Ss^Ft, Ss^Qhu, Wot^Wkf, Wot
Hhd, Hhd, Hhd, Re, Rb^Qhu, Wot, Wot^Ewl, Ss, Ss, Ss^Qhu, Ss, Ss^Qhu, Wot^Wkf, Wwt^Ewl, Wot, Ss^Feth, Ss^Ft, Ss^Qhu, Ss, Gg, Ss^Qhu, Gg, Ss, Ss, Ss
Rb, Hhd, Rb^Efm, Rb^Qhu, Rb, Sm, Wot^Wkf, Wwt, Ss^Ft, Gg^Qhu, Ss, Wwt, Wot^Ewl, Wot, Rb^Wkf, Wwt^Wkf, Ss, Gg^Wkf, Wwt, Sm, Wot, Ss, Ss, Gg, Ss
Rb, Gll, Rb, Rb, Rb^Qhu, Wot, Rb, Wot^Ewf, Gg^Efm, Ss, Sm, Wot^Wkf, Sm, Gg^Efm, Ss, Ss, Wwt, Ss, Wot, Wot^Ewl, Sm, Wot^Wkf, Wot^Ewf, Ss, Ss
Gll, Hhd, Gll, Gll^Qhu, Rb, Rb^Qhu, Wot^Ewl, Ss, Ss, Ss^Ft, Wot, Wot^Ewf, Sm, Ss^Ft, Gg^Efm, Ss^Ft, Wot, Wot^Ewf, Ss, Gg^Ft, Gg^Es, Wwt, Wot, Sm, Wwt
Rb^Qhu, Re, Rb^Qhu, Rb, Gll^Edpp, Rb, Sm, Rb, Wot^Wkf, Wot^Ewf, Ss, Wwt, Ss^Ft, Ss, Wot^Ewl, Wot, Ss, Wwt, Ss^Ft, Rb^Qhu, Gg^Efm, Ss, Sm, Wot^Ewl, Wot
Rb, Re, Wot^Wkf, Re^Efm, Wot, Rb^Qhu, Wot^Wkf, Sm, Wot, Ss^Ft, Ss^Qhu, Gg^Es, Gg^Efm, Ss, Wot, Wot, Ss^Ft, Ss, Sm, Ss, Rb, Ss, Ss^Fetd, Sm, Ss
Wwt, Wot^Wkf, Wot, Wot, Wot, Wot^Ewf, Gg^Efm, Wot^Wkf, Ss, Rb^Es, Ss^Qhu, Ss^Ft, Wot^Ewf, Wot, Ss, Gg^Es, Ss, Wwt, Wot^Wkf, Wwt, Ss, Gg^Ft, Ss, Wot^Ewf, Wwt
Wot^Ewl, Wot^Ewl, Wot^Wkf, Wwt, Wot^Wkf, Ss^Fetd, Ss^Qhu, Ss^Ft, Wwt, Gg^Es, Wot^Ewl, Wot, Sm^Ft, Sm, Gg^Ft, Ss, Wot^Wkf, Wot^Ewf, Sm, Wot^Ewl, Ss^Qhu, Gg^Qhu, Rb^Edpp, Wot^Wkf, Ss
Re^Qhu, Wwt, Rb^Es, Rb^Edpp, Wot^Ewl, Ss^Ft, Gg, Sm, Wwt^Wkf, Sm, Ss, Wot, Wwt, Gg^Es, Gg^Efm, Wot, Wwt^Wkf, Ss, Ss, Rb, Gg^Efm, Ss, Sm^Es, Wot^Wkf, Wwt
Rb, Re, Hhd, Rb^Qhu, Rb, Gg, Ss, Sm, Sm^Ft, Sm, Wwt, Wot^Ewf, Ss, Sm, Ss, Wot^Wkf, Ss, Ss, Gg, Ss^Ft, Ss, Sm^Es, Sm^Dr, Sm^Es, Ss
Re^Efm, Gll, Rb, Ss, Wwt, Wot^Ewf, Wwt, Gg^Efm, Rb, Ss, Gg^Qhu, Ss^Qhu, Ss^Ft, Ss, Wot, Wot^Ewl, Sm, Ss^Ft, Rb, Gg^Efm, Rb, Sm^Dr, Sm^Es, Sm^Es, Ss
Rb, Re^Efm, Rb, Gll^Ft, Rb^Qhu, Wot^Wkf, Wot^Ewf, Ss^Qhu, Ss, Ss^Ft, Ss, Ss, Wot, Wot^Wkf, Wwt, Sm, Wot^Ewf, Ss, Ss^Qhu, Ss, Sm, Ss^Ft, Wot^Wkf, Wwt^Wkf, Wwt
Rb^Qhu, Hhd, Rb^Efm, Rb^Qhu, Ss, Rb^Qhu, Wot^Ewl, Ss, Sm^Ft, Sm, Gg^Efm, Ss^Qhu, Wot^Wkf, Ss, Rb^Es, Sm, Ss^Ft, Gg^Feth, Ss, Rb, Sm, Wot^Ewl, Ss^Ft, Ss^Qhu, Ss
Rb, Gll, Rb^Es, Rb, Rb^Qhu, Ss, Wwt, Wot^Ewf, Wot^Wkf, Wot^Ewl, Wot, Wot^Wkf, Wot^Ewf, Rb, Rb^Es, Sm, Rb, Ss, Wwt^Ewf, Sm, Rb^Es, Wot, Rb^Es, Wot, Ss
Hhd, Hhd, Hhd, Re^Qhu, Rb^Edpp, Gll, Ss, Wot, Wwt, Wot, Ss, Rb, Rb, Sm, Rb, Re^Edpp, Rb, Rb^Edpp, Sm, Rb, Rb^Qhu, Rb, Rb, Sm, Sm
Gll, Gll^Efm, Rb, Rb^Es, Re^Edpp, Gg^Efm, Wot^Ewl, Wot^Wkf, Wot^Ewl, Ss^Ft, Gg^Efm, Gll, Hhd, Rb, Re^Qhu, Hhd, Rb^Efm, Re, Hhd, Rb, Re^Efm, Re^Qhu, Hhd, Rb^Efm, Rb
Rb, Hhd, Hhd, Gll, Rb, Rb^Qhu, Rb, Wwt, Rb, Gg^Efm, Rb, Gll, Rb, Hhd, Rb^Qhu, Hhd, Rb, Gll, Rb, Rb^Edpp, Rb, Rb^Qhu, Rb^Qhu, Gll^Efm, Rb
