Gg^Fdf, Gg^Fdf, Gll^Fmf, Gll^Fmf, Gg^Fdf, Gg^Fdf, Gll^Fmf, Gll^Fmf, Gg^Fdf, Gg^Fdf, Gll^Fmf, Gg^Fdf, Gg^Fdf, Gg^Fdf, Gg^Fmf, Gg^Fdf, Gg^Fdf, Gg^Fdf, Hhd^Fmf, Gg^Fmf, Hh^Fdf, Gg^Fdf, Hh^Fdf, Gg, Gg^Fdf
Gll^Fmf, Gll^Fmf, Hh^Fdf, Gg^Fdf, Hh^Fdf, Gg^Fdf, Gs^Fdf, Gs^Fdf, Gs^Fdf, Gll^Fmf, Gs^Fdf, Gll^Fmf, Gs^Fdf, Gs^Fdf, Gs^Fdf, Gg^Fdf, Gg^Fdf, Hhd^Fdf, Gg^Fdf, Hh^Fmf, Gg^Fmf, Hh^Fdf, Hh^Fmf, Hh^Fmf, Hh^Fdf
Hh^Fdf, Hh^Fdf, Gs^Fdf, Gs^Fdf, Gll^Fmf, Gs, Gs, Hh^Fdf, Gs, Hh^Efm, Gll^Fmf, Hh, Gs^Fdf, Hh^Fdf, Gs^Fdf, Hh^Fdf, Gs^Fmf, Gg^Fmf, Gg^Fdf, Gg^Fdf, Gg^Fdf, Hh^Fdf, Hh^Fdf, Hh^Fdf, Hh^Fdf
Gg^Fdf, Gll^Fmf, Hh^Fdf, Gs^Fdf, Gs^Fdf, Gs^Efm, Gg^Fdf, Gs, Gs, Hh, Gs, Gs^Efm, Gll^Fmf, Gs^Fdf, Gs, Gs^Efm, Hh^Fdf, Hh^Fdf, Gs^Fdf, Hh^Fdf, Gg^Fmf, Hhd^Fmf, Gg^Fdf, Hh^Fdf, Hh^Fdf
Gg, Gs^Fdf, Hh, Gs^Fdf, Gs, Gs^Efm, Gs, Gs, Gd^Edpp, Gd^Edpp, Gd^Em, Gd, Gd, Gs^Efm, Gg^Fdf, Gs^Fdf, Hh^Fdf, Gs^Fdf, Gs^Efm, Hh^Fdf, Gg^Fdf, Hh^Fdf, Gg^Fdf, Gg^Fdf, Gg^Fdf
Hh^Fdf, Gs^Fdf, Gs^Fdf, Gs, Gll^Fmf, Gd, Re, Hh, Hhd, Re^Dc, Re^Em, Re, Re^Edpp, Gd, Gd, Gll^Fmf, Gs^Fdf, Gs^Fdf, Hh, Gs^Fdf, Gs^Fdf, Hh^Fdf, Hh^Fmf, Gg^Fmf, Gg^Fdf
Gs^Fdf, Gll^Fmf, Gs^Fdf, Gs, Gd, Gd^Edpp, Re^Em, Hhd, Re^Em, Re, Re^Dr, Hhd, Re, Re^Em, Re^Edpp, Gd, Gd, Gs, Gll^Fmf, Gs, Gs^Fdf, Gll^Fmf, Gs^Fdf, Gg^Fdf, Gg^Fdf
Gll^Fmf, Gs^Fdf, Hh^Fdf, Gs^Efm, Gd, Re, Re, Re^Em, Re^Qhu, Re^Qhu, Re^Em, Re^Em, Re^Dr, Re^Edpp, Re^Em, Re^Dc, Re^Edpp, Gd, Gd, Gg^Fdf, Gs, Gs^Fdf, Gs, Gg^Fdf, Hh^Fdf
Gs^Fdf, Hh^Fdf, Gs^Fdf, Gg^Fdf, Gd^Efm, Re^Edpp, Re^Em, Re, Uu, Rb, Uu, Uu, Uu, Qxu, Re^Qhu, Re^Dr, Re^Em, Gd^Em, Gd^Edpp, Gd, Gs, Hh^Efm, Gs^Fdf, Gg^Fdf, Gg^Fdf
Gs^Fdf, Gs^Fdf, Gll^Fmf, Gd^Efm, Gd^Edpp, Re, Re^Dr, Re, Rb^Em, Rb^Em, Qxu, Rb^Qhu, Qxu, Rb, Rb, Re, Re^Edpp, Re, Gd, Gd, Gg^Fdf, Gll^Fmf, Gs^Fdf, Hh^Fmf, Hh^Fdf
Gs^Fdf, Gs^Fdf, Gs^Fdf, Gs, Hh, Hhd, Re^Edpp, Re^Qhu, Rb, Uu, Qxu, Rb^Feth, Rb, Uu, Rb, Rb^Qhu, Re, Hhd, Re^Dc, Gd, Gd, Gs^Efm, Gs, Gs^Fdf, Gg^Fdf
Gs, Hh^Fmf, Gs^Efm, Gs, Gd, Hhd, Re^Em, Qxu, Re^Em, Rb^Dr, Uu, Rb^Qhu, Uu, Rb, Uu^Dr, Rb, Re^Qhu, Re, Re^Edpp, Gd^Edpp, Gll^Fmf, Gs, Gs^Fdf, Gs^Fdf, Gll^Fmf
Gs^Fdf, Hh^Fdf, Gs^Fdf, Gll^Fmf, Gd, Re^Edpp, Re^Em, Re, Re^Dr, Rb^Em, Rb^Em, Rb^Em, Rb^Dr, Rb, Uu, Rb, Qxu, Re^Dr, Hhd, Re, Gd, Gg^Fdf, Gs^Fdf, Hh^Fmf, Gs^Fdf
Gs^Fdf, Gll^Fmf, Gs^Fdf, Gs, Gd^Efm, Gd, Re^Dc, Re^Edpp, Re, Re^Qhu, Re, Uu, Uu, Rb, Rb, Re^Qhu, Re^Qhu, Re, Re, Gd^Edpp, Gs, Gs^Efm, Gs^Fdf, Gs^Fdf, Gg^Fdf
Gg, Gs^Fdf, Gs^Fdf, Hh^Fdf, Gs^Fdf, Gd, Gll^Fmf, Hhd, Hhd, Re, Qxu, Re^Qhu, Re^Qhu, Rb, Rb^Em, Re^Dr, Re, Re, Gd^Em, Gd, Gll^Fmf, Gs, Gs, Gll^Fmf, Gg
Gg^Fdf, Hh^Fdf, Gs^Fdf, Gll^Fmf, Gs^Fdf, Gd^Efm, Gd, Gd^Edpp, Re, Re^Em, Re^Edpp, Re^Dr, Re^Edpp, Re, Re, Rb, Rb, Gd^Edpp, Gd, Gd, Gs, Gs^Efm, Gs, Gs, Gg
Gll^Fmf, Gg^Fdf, Gll^Fmf, Gs^Fdf, Hh^Efm, Gs, Gg^Fdf, Gs, Gs^Edpp, Gd, Gd, Re^Dc, Gd^Em, Re, Gd^Em, Re, Rb^Em, Re, Re, Gs, Gs^Em, Gs, Gs, Gg^Efm, Gg
Gg^Fdf, Gll^Fmf, Hh^Fdf, Hh^Fdf, Gs^Fdf, Gs, Gs, Gs, Gll^Fmf, Gs^Efm, Gs, Gd, Gs, Gg^Fdf, Gs, Gs, Re, Re, Rb, Gs, Re, Gs^Em, Re, Rb, Rb
Gg^Fdf, Gg^Fdf, Gg^Fdf, Gll^Fmf, Hh^Fdf, Gs^Fdf, Gs^Fdf, Gs^Efm, Gs, Gg^Fdf, Gs^Fdf, Gs, Gs, Gs, Gs^Efm, Gs^Em, Gs^Em, Re, Re, Re, Re, Re, Re, Re, Re
Gg^Fdf, Hh^Fdf, Gg^Fdf, Gll^Fmf, Gll^Fmf, Gg^Fdf, Gg^Fdf, Gll^Fmf, Gs^Fdf, Gs^Fdf, Gs^Fdf, Gs^Fdf, Gs, Gs, Gs, Gs, Gs, Gs, Gg, Re, Gg, Re, Gg, Gg^Efm, Gg
Gg, Gll^Fmf, Gg^Fdf, Gg^Fdf, Gg, Gg^Fdf, Gg, Gll^Fmf, Gg^Fdf, Gg^Fdf, Gg^Fdf, Gs^Fdf, Gg, Gs, Gg, Gg, Gg, Gg, Gg, Gg, Gg, Gg, Gg, Gg, Gg
