Isa, Xoi^Exw, Xoi^Exw, Xoi, Xoi, Xoi, Xoi, Xoi, Xoi, Xoi, Xoi, Xoi, Xoi, Xoi, Xoi, Xoi, Xoi, Xoi, Xoi, Xoi, Xoi, Xoi, Xos^Exw, Xos^Exw, Isa
Isa, Isa, Isa, Xoi, Xoi^Exw, Xoi, Xoi, Xoi, Xoi, Xoi, Isr^Qhh, Isr^Eqf, Isc^Qhh, Isr^Eqf, Isr^Qhh, Xoi, Xoi, Xoi, Xoi, Xoi, Xos^Exw, Xos, Isa, Isa, Isa
Xoi, Isa, Isa, Isa, Isa^Qhh, Xoi^Exw, Xoi, Xoi, Xoc, Isr, Isr^Ebn, Isc^Qhh, Isc^Qhh, Isc^Qhh, Isr^Ebn, Isr, Xoi, Xoi, Xoi, Xos^Exw, Isa^Qhh, Isa, Isa, Isa, Xos
Xoi, Isa, Isa^Qhh, Isa^Qhh, Isa^Qhu, Isa^Qhh, Xoi, Xoi, Xoc, Isr, Isr, Isc^Qhh, Isc^Qhh, Isc^Qhh, Isr, Isr, Xoi, Xoi, Xoi, Isa^Qhh, Isa^Qhu, Isa^Qhh, Isa^Qhh, Isa, Xos
Xoi, Isa^Qhh, Isa^Qhh, Isa^Qhu, Isa^Qhu, Xoi, Xoi, Xoi, Xoi, Isa^Qhh, Isr, Isr^Ebn, Isc^Qhh, Isr^Ebn, Isr, Isa^Qhh, Xoi, Xoi, Xos, Xos^Efs, Isa^Qhu, Isa^Qhu, Isa^Qhh, Isa^Qhh, Xos
Xoi, Xoi, Xoi, Xoi, Xoi, Isa^Qhu, Isr^Pr/, Xoi, Isr, Isr, Isr, Isc^Qhh, Isc^Qhh, Isc^Qhh, Isr, Isr, Isr, Xoi, Isr^Pr\, Isa^Qhu, Xos, Xos, Xos, Xos, Xoi
Xoi, Xoi, Xoi, Xoi, Xoi, Xoi, Isr, Isr, Isr, Isr, Isr, Isc^Qhh, Isc^Qhh, Isc^Qhh, Isr, Isr, Isr, Isr^Efs, Isr, Xoi, Xoi, Xoi, Xoi, Xoi, Xoi
Xoi, Xoi, Xoi, Xoi, Isa^Qhu, Isr, Isa^Qhu, Isr, Isa^Qhu, Xoi, Isr^Efs, Isc, Isc, Isc, Isr^Efs, Xoi, Isa^Qhu, Isr, Isa^Qhu, Isr, Isa^Qhu, Xoi, Xoi, Xoi, Xoi
Xoi, Xoi, Xoi, Xoi, Isa^Ebn, Isa^Qhu, Wwt^Qhh, Isa^Qhu, Isa^Qhu, Isa^Qhu, Isr, Isc, Isc, Isc, Isr, Isa^Qhu, Isa^Qhu, Isa^Qhu, Wwt^Qhh, Isa^Qhu, Isa^Ebn, Xoi, Xoi, Xoi, Xoi
Xoi, Xoi, Xoi, Xoi, Isa^Ebn, Isa^Qhu, Wwt^Qhh, Wwt^Qhh, Isa^Qhu, Xoi, Isr^Efs, Isc, Isc, Isc, Isr^Efs, Xoi, Isa^Qhu, Wwt^Qhh, Wwt^Qhh, Isa^Qhu, Isa^Ebn, Xoi, Xoi, Xoi, Xoi
Xoi, Xoi, Xoi, Xoi, Isa^Qhu, Isa^Qhu, Isa^Qhu, Isa^Qhu, Isa^Qhu, Isa^Qhu, Isr, Isc, Isc, Isc, Isr, Isa^Qhu, Isa^Qhu, Isa^Qhu, Isa^Qhu, Isa^Qhu, Isa^Qhu, Xoi, Xoi, Xoi, Xoi
Xoi, Xoi, Xoi, Xoi, Xoi, Isr, Isr, Isr, Isr, Xoi, Isr^Efs, Isc, Isc, Isc, Isr^Efs, Xoi, Isr, Isr, Isr, Isr, Xoi, Xoi, Xoi, Xoi, Xoi
Xoi, Xoi, Xoc^Efs, Xoi, Xoi, Xoi, Xoi, Isr, Isa^Qhh, Isr, Isr, Isc, Isc, Isc, Isr, Isr, Isa^Qhh, Isr, Xoi, Xoi, Xos, Xoi, Xos^Efs, Xoi, Xoi
Xos, Xoc, Xos, Xoc, Xoc, Xoi, Xoi^Efs, Xoi, Xoi, Isa^Qhh, Isr, Isr, Isr, Isr, Isr, Isa^Qhh, Xoi, Xoi, Xos, Xoi, Xos, Xos, Xos, Xos, Xos
Xos, Xos, Xos, Xos, Xos, Xos, Xos, Xoc, Xos, Xoi, Xoi, Isr, Isr^Qhh, Isr, Xoi, Xoi, Xos, Xos, Xos, Xos, Xos, Xos, Xos, Xos, Xos
Xos, Xos, Xos, Xos, Xos, Xos, Xos, Xos, Xos, Xos, Xoc, Isr^Qhh, Isr^Qhh, Isr^Qhh, Xoc, Xos, Xos, Xos, Xos, Xos, Xos, Xos, Xos, Xos, Xos
