Re, Gd, Gd, Gd, Gs, Ww, Ww, Wo, Wo, Wo, Wo, Wo, Wo, Wo, Wo, Wo, Wo, Wo, Wo, Wo, Wo, Wo, Wo, Wo, Wo
Re, Re, Gd, Gd, Gs^Fmf, Ww^Wkf, Ww^Wkf, Wo^Wkf, Wo, Wo, Wo, Wo^Wkf, Wo^Wkf, Wo, Wo^Wkf, Wo, Ww, Wo, Wo, Wo^Wkf, Wo, Wo, Wo, Wo, Wo
Re, Re^Em, Re^Es, Gd^Es, Gs^Efm, Wwr, Ww, Ww^Es, Ww, Ww^Wkf, Wo^Es, Wo, Wo^Wkf, Ww, Wwr, Ww, Ww, Wo^Wkf, Wo, Wo^Wkf, Wo, Wo, Wo, Wo, Wo
Re, Re, Re, Gd^Es, Gs^Edpp, Ww^Ewl, Ww^Wkf, Ww^Wkf, Wwr, Ww^Es, Ww^Ewf, Wo, Ww^Wkf, Wwr, Wwr^Ewl, Ww^Ewf, Ww^Wkf, Wo, Wo^Es, Wo, Ww, Wo^Wkf, Wo^Wkf, Wo^Wkf, Wo
Rr, Re, Gd^Em, Gll^Efm, Gd^Es, Gs^Fmf, Gs, Wwr, Ww^Ewf, Gs, Re, Ww^Es, Gs^Em, Gll, Hhd, Gs^Edpp, Ww^Wkf, Ww^Es, Ww, Ww^Wkf, Ww, Wo, Wo, Wo, Wo
Re, Re, Gd^Edpp, Gd^Fmf, Gll^Fmf, Gd^Em, Hhd^Em, Gs^Edpp, Re, Re, Xom^Exw, Re, Re, Gd^Es, Gd^Dr, Gd^Dr, Hhd^Em, Gs, Ww^Ewl, Ww, Ww, Wo, Wo, Wo, Wo
Rp, Re^Es, Re, Hhd, Gd^Em, Gd^Es, Re, Re, Xom^Exw, Xom^Exw, Iwo, Xom^Exw, Xom^Efs, Re, Re^Dc, Gd^Dr, Hhd^Es, Gll, Gs, Wwr, Ww^Wkf, Ww, Ww, Wo^Wkf, Wo
Re, Rr, Re, Hhd, Hhd, Re^Es, Re, Xom, Xom, Iwo, Iwo, Iwo, Urc, Xom^Exw, Xom^Exw, Hhd, Re, Gd^Em, Ww^Wkf, Wwr, Ww, Ww, Wo^Wkf, Wo, Wo
Re, Re, Re^Es, Gd^Efm, Re, Gd^Es, Gd^Edpp, Re, Re^Dr, Xom, Xos^Exw, Urc^Eb, Urc, Urc, Urc, Xom^Exw, Xom^Exw, Re, Ww^Ewf, Ww^Wkf, Ww, Ww, Wo, Wo, Wo
Gd^Em, Gd^Efm, Rr^Es, Re, Re^Edpp, Re, Re^Edpp, Re, Xom^Efs, Xom^Exw, Isr^Ebn, Xos, Isa^Pw\, Urc, Xom, Xom^Exw, Re, Re, Gs^Wkf, Ww^Es, Ww^Wkf, Ww, Ww^Wkf, Wo, Wo
Gd, Gd^Fmf, Re, Rp, Re, Re, Xom^Exw, Xom^Exw, Iwr^Qhh, Iwr^Qhh, Iwr^Qhh, Isa, Isa, Xom^Exw, Xom^Exw, Re^Dr, Re, Hhd^Wkf, Wwr, Ww^Es, Wo, Wo^Wkf, Wo, Wo^Wkf, Wo
Gd, Gd^Edpp, Gd^Edpp, Rr, Re, Xom^Exw, Xom^Exw, Iwr^Qhh, Iwr^Qhh, Iwr^Qhh, Isa, Isa, Isa, Urc, Xom^Exw, Xom^Exw, Re^Wkf, Ww^Ewl, Ww, Ww, Wo, Wo, Wo, Wo, Wo
Gll^Fmf, Gd^Fmf, Hhd, Re^Em, Rp, Re, Re, Xom^Exw, Xom^Exw, Isa, Isa, Isa, Isa^Pw/, Xom, Re, Re, Ww^Wkf, Ww^Wkf, Ww^Bw/, Ww, Ww, Wo, Wo, Wo, Wo
Gd, Gd^Fmf, Gll^Efm, Hhd, Re, Re, Hhd, Re, Re, Xom^Exw, Xom, Xom^Exw, Rp, Rp, Rp, Gs^Es, Rp, Ww^Bw/, Ww^Wkf, Ww, Ww, Wo, Wo^Wkf, Wo, Wo
Gd, Gd, Gd, Re^Es, Re, Re, Re, Hhd, Re^Es, Re, Re, Re, Rb^Eff, Gd^Dr, Gd^Edpp, Rp^Efm, Gd^Ecf, Ww^Es, Gs^Fmf, Ww^Wkf, Ww, Ww^Wkf, Ww^Wkf, Wo^Wkf, Wo
Gd, Gll^Edpp, Gd^Fmf, Gd^Efs, Rp, Rr, Gll^Efs, Gd, Gll^Efm, Gd^Efm, Rb^Eff, Rb^Eff, Rb^Gvs, Rb^Eff, Rb^Em, Rp, Gll, Gs, Hhd, Wwr^Ewl, Ww^Es, Ww, Wo^Wkf, Wo, Wo
Gd, Gd^Es, Re, Re, Re^Em, Re, Gd^Efm, Gd^Fmf, Rb^Eff, Rb^Eff, Sm^Emf, Sm^Emf, Sm, Rb^Gvs, Rb^Es, Rb^Es, Rb^Eff, Hhd, Ww^Ewl, Wwr^Ewf, Wwr, Ww^Wkf, Wo, Wo, Wo
Re, Gd^Efm, Rp, Re, Gd^Edpp, Re, Gd^Edpp, Rb^Eff, Rb^Eff, Rb^Gvs, Rb^Gvs, Sm^Dc, Rb, Rb, Rb^Gvs, Rb^Gvs, Rb^Eff, Rb^Eff, Gll^Edpp, Gs, Gs^Efm, Ww, Ww, Wo, Ww^Wkf
Re, Rr, Re, Re, Gd^Edpp, Gd, Gd^Fmf, Hhd, Hhd, Rb^Eff, Rb^Eff, Rb, Rb^Gvs, Rb^Gvs, Rb^Eff, Rb^Eff, Gd^Es, Gd, Gd^Em, Gd, Ww^Ewl, Ww^Ewf, Ww^Wkf, Ww^Wkf, Ww
Re, Re, Gd, Gd^Efm, Gll, Gll^Es, Gd^Efm, Gd, Hhd^Fmf, Gd, Gd^Efm, Rb^Eff, Rb^Em, Rb^Eff, Hhd, Hhd, Gd, Gll^Fmf, Gd, Gs^Edpp, Gs^Efm, Wwr, Ww, Ww, Ww
Gd, Gd, Gd, Gd^Fmf, Gs, Gs, Gd, Gd^Fmf, Gd, Gd, Gd, Gd^Edpp, Gs, Gd, Gd, Gll^Fmf, Gd, Gd^Fmf, Gd, Hhd, Gd, Wwr, Ww, Wwr, Ww
