Rb, Rb, Rb^Qhu, Hhd, Gll^Efm, Wog, Wog, Ss, Ss, Sm, Sm, Sm, Wog^Ewf, Sm, Sm, Ss, Ss, Ss, Ss, Ss, Ss, Wog^Qhux, Wog, Sm, Sm
Gll, Hhd, Hhd, Rb, Wog^Wkf, Wog, Sm, Rb^Qhu, Ss^Ft, Sm^Efm, Sm, Wwg, Wog^Wkf, Wog, Wog^Es, Ss^Ft, Sm^Dr, Rb^Ft, Rb, Ss, Gg^Edpp, Ss, Wog^Wkf, Sm^Wkf, Sm
Hhd, Gll^Efm, Gll, Rb^Qhu, Sm, Wog^Wkf, Sm^Es, Ss, Ss, Wog^Wkf, Wog^Ewf, Wog^Ewf, Ss, Ss^Qhu, Gg^Efm, Wog, Gg^Dr, Gg^Dr, Wog^Es, Wog, Wog, Wog, Ss, Wog, Ss
Hhd, Hhd, Rb, Rb^Es, Ss, Wog^Ewl, Ss^Ft, Gg^Dr, Ss^Qhu, Rb^Es, Ss^Ft, Gg^Edpp, Ss, Rb, Ss, Wog, Wog, Wog, Ss, Ss^Qhu, Ss, Ss^Ft, Ss^Qhu, Wog^Wkf, Wog
Hhd, Hhd, Hhd, Re, Rb^Qhu, Wog, Wog^Ewl, Ss, Ss, Ss^Qhu, Ss, Ss^Qhu, Wog^Wkf, Wwg^Ewl, Wog, Wog, Ss^Ft, Ss^Qhu, Ss, Gg, Ss^Qhu, Gg, Ss, Ss, Ss
Rb, Hhd, Rb^Efm, Rb^Qhu, Rb, Sm, Wog^Wkf, Wwg, Wog, Gg^Qhu, Wog, Wwg, Wog^Ewl, Wog, Rb^Wkf, Wwg^Wkf, Ss, Gg^Wkf, Wwg, Sm, Wog, Ss, Ss, Gg, Ss
Rb, Gll, Rb, Rb, Rb^Qhu, Wog, Rb, Wog^Ewf, Gg^Efm, Wog, Sm, Wog^Wkf, Wog, Gg^Efm, Ss, Ss, Wwg, Ss, Wog, Wog^Ewl, Sm, Wwg^Wkf, Wog^Ewf, Ss, Ss
Gll, Hhd, Gll, Gll^Qhu, Rb, Rb^Qhu, Wog^Ewl, Ss, Ss, Ss^Ft, Wog, Wog^Ewf, Sm, Wog, Wog, Ss^Ft, Wog, Wog^Ewf, Ss, Gg^Ft, Gg^Es, Wwg, Wog, Sm, Wwg
Rb^Qhu, Re, Rb^Qhu, Rb, Gll^Edpp, Rb, Sm, Rb, Wog^Wkf, Wog^Ewf, Ss, Wwg, Ss^Ft, Ss, Wot^Ewl, Wog, Wog, Wwg, Ss^Ft, Rb^Qhu, Gg^Efm, Ss, Sm, Wog^Ewl, Wog
Rb, Re, Wog^Wkf, Re^Efm, Wog, Rb^Qhu, Wog^Wkf, Sm, Wog, Ss^Ft, Ss^Qhu, Gg^Es, Gg^Efm, Ss, Wog, Wog, Ss^Ft, Wog, Wog, Ss, Rb, Ss, Ss^Fetd, Sm, Ss
Wog, Wog^Wkf, Wog, Wog, Wog, Wog^Ewf, Gg^Efm, Wog^Wkf, Ss, Wog, Ss^Qhu, Ss^Ft, Wog^Ewf, Wog, Ss, Gg^Es, Ss, Wwg, Wog^Wkf, Wwg, Ss, Gg^Ft, Ss, Wog^Ewf, Wog
Wog^Ewl, Wog^Ewl, Wog^Wkf, Wwg, Wog^Wkf, Ss^Fetd, Ss^Qhu, Ss^Ft, Wwg, Wog, Wog^Ewl, Wog, Sm^Ft, Sm, Gg^Ft, Ss, Wog^Wkf, Wog^Ewf, Sm, Wog^Ewl, Ss^Qhu, Gg^Qhu, Rb^Edpp, Wog^Wkf, Ss
Re^Qhu, Wwg, Rb^Es, Rb^Edpp, Wog^Ewl, Ss^Ft, Gg, Sm, Wwg^Wkf, Sm, Ss, Wog, Wog, Gg^Es, Gg^Efm, Wog, Wwg^Wkf, Ss, Ss, Rb, Gg^Efm, Ss, Sm^Es, Wog^Wkf, Wog
Rb, Re, Hhd, Rb^Qhu, Rb, Wog, Ss, Sm, Sm^Ft, Sm, Wwg, Wot^Ewf, Ss, Wog, Wog, Wog^Wkf, Ss, Ss, Gg, Ss^Ft, Ss, Sm^Es, Sm^Dr, Sm^Es, Ss
Re^Efm, Gll, Rb, Ss, Wwg, Wog^Ewf, Wwg, Gg^Efm, Rb, Ss, Gg^Qhu, Ss^Qhu, Ss^Ft, Ss, Wog, Wog^Ewl, Sm, Ss^Ft, Rb, Gg^Efm, Rb, Sm^Dr, Sm^Es, Sm^Es, Ss
Rb, Re^Efm, Rb, Gll^Ft, Rb^Qhu, Wog^Wkf, Wog^Ewf, Ss^Qhu, Ss, Ss^Ft, Ss, Ss, Wog, Wog^Wkf, Wwg, Sm, Wog^Ewf, Ss, Ss^Qhu, Ss, Sm, Ss^Ft, Wog^Wkf, Wwg^Wkf, Wwg
Rb^Qhu, Hhd, Rb^Efm, Rb^Qhu, Ss, Rb^Qhu, Wog^Ewl, Ss, Sm^Ft, Sm, Gg^Efm, Ss^Qhu, Wog^Wkf, Ss, Rb^Es, Sm, Ss^Ft, Gg^Feth, Ss, Rb, Sm, Wog^Ewl, Ss^Ft, Ss^Qhu, Ss
Rb, Gll, Rb^Es, Rb, Rb^Qhu, Ss, Wwg, Wog^Ewf, Wog^Wkf, Wot^Ewl, Wog, Wog^Wkf, Wog^Ewf, Rb, Rb^Es, Sm, Rb, Ss, Wwg^Ewf, Sm, Rb^Es, Wog, Rb^Es, Wog, Ss
Hhd, Hhd, Hhd, Re^Qhu, Rb^Edpp, Gll, Ss, Wog, Wwg, Wog, Ss, Rb, Rb, Sm, Rb, Re^Edpp, Rb, Rb^Edpp, Sm, Rb, Rb^Qhu, Rb, Rb, Sm, Sm
Gll, Gll^Efm, Rb, Rb^Es, Re^Edpp, Gg^Efm, Wog^Ewl, Wwg^Wkf, Wog^Ewl, Ss^Ft, Gg^Efm, Gll, Hhd, Rb, Re^Qhu, Hhd, Rb^Efm, Re, Hhd, Rb, Re^Efm, Re^Qhu, Hhd, Rb^Efm, Rb
Rb, Hhd, Hhd, Gll, Rb, Rb^Qhu, Rb, Wwg, Wog, Wog, Rb, Gll, Rb, Hhd, Rb^Qhu, Hhd, Rb, Gll, Rb, Rb^Edpp, Rb, Rb^Qhu, Rb^Qhu, Gll^Efm, Rb
