Gg, Gg, Gg, Hh, Hh, Gg, Gg, Gg, Gg, Gg, Gs, Gg, Gs^Eff, Gg, Re, Re, Re, Gd^Gvs, Gd^Gvs, Gd^Gvs, Gg, Gg, Gd^Gvs, Gd, Gd
Gg^Fmf, Gg^Fmf, Gg^Es, Gs, Hh^Fmf, Hh, Gg, Gg^Es, Gg, Gs^Wkf, Re, Gg^Efm, Gd^Fetd, Gs^Eff, Re, Re, Re^Edpp, Re, Re, Gg^Efm, Gd^Gvs, Gd^Gvs, Gd^Gvs, Gd^Gvs, Gg
Gg, Gs, Gg^Es, Gg^Fmf, Gs, Gs^Es, Gg^Edpp, Gg^Efm, Re, Re, Xom, Re, Re, Re, Gs^Edpp, Gg^Eff, Gg^Eff, Re^Es, Re, Re, Re^Es, Gd^Gvs, Gg^Es, Gg, Gd^Gvs
Gg, Gg, Gg^Efm, Gs, Gg^Efm, Gg, Re, Re, Xom, Xom, Rrd^Eb, Xom^Efs, Xom, Re, Re, Re, Re^Edpp, Gg^Eff, Gs^Eff, Re^Edpp, Re, Re, Re, Gd^Gvs, Gd^Gvs
Gg, Gg, Gs, Gg, Gs, Gg^Wkf, Re, Xom, Xom, Rrd^Dr, Rrd^Dr, Rrd^Qhu, Rrd^Qhu, Xom, Xom, Xom, Xom, Re^Es, Re^Edpp, Gs^Eff, Gg^Eff, Re, Re^Es, Re, Re
Gg^Fds, Gg^Fmf, Hh, Hh, Gg, Gg, Gg^Es, Re, Re^Es, Xom, Xom, Rrd^Dr, Xom, Isa^Pw/, Isa, Isa, Isa^Ebn, Xom^Efs, Xom, Re, Re^Es, Gg^Eff, Gg^Eff, Re, Re
Gg, Gg^Fds, Gg^Edpp, Gg, Gg^Efm, Gg, Gs, Gg^Fmf, Re^Es, Re^Dr, Xos, Xom, Isa, Isa, Urc, Isa, Isa, Wo^Qhu, Isa^Ebn, Xom, Xom^Eff, Re, Xuf, Gg^Eff, Gg^Eff
Gs, Gg, Gg, Gs^Es, Xuf, Xuf, Re, Re, Xos, Xos, Isa, Xos, Isa^Pw\, Urc, Urc, Urc, Urc, Isa, Isa^Pr/, Xom, Sm^Emf, Re^Eff, Re^Eff, Xuf, Gg
Gd, Gs, Gg^Efm, Gg, Re, Re^Es, Xos, Xos, Urc, Isa, Isa, Isa, Isa, Xos, Xos, Urc, Xom, Xom, Rp^Wkf, Rp, Sm^Gvs, Sm^Gvs, Re^Eff, Re^Eff, Gg^Efm
Gg, Gg^Es, Gs, Re, Xos, Xos, Urc^Eb, Urc, Urc, Urc, Xos^Efs, Isa, Isr^Qhh, Isr^Qhh, Isr^Qhh, Xos, Xom, Sm^Emf, Sm^Gvs, Re, Re, Re^Eff, Gg^Efm, Gg^Efm, Re
Hh, Gg, Gs, Re, Re, Xos, Xos, Urc, Isa, Isa, Isa, Isr^Qhh, Isr^Qhh, Isr^Qhh, Isr^Qhh, Isr^Qhh, Isr^Qhh, Xos, Xos, Re^Wkf, Re, Gg^Efm, Re, Re, Re
Rb, Hh, Gg^Edpp, Re, Gg^Efm, Gg^Efm, Gg^Eff, Xos, Xos, Isa, Isa, Isa, Isa, Xos^Efs, Isr^Qhh, Isr^Qhh, Isr^Qhh, Isr^Ebn, Xos, Xos, Re^Eqp, Re, Re, Re, Xuf
Sm, Rp, Rb, Re, Gg^Eff, Gg^Eff, Gg^Efm, Gg^Efm, Rr^Es, Isa^Pr\, Xos, Isa, Isa, Isa, Isa, Isr^Qhh, Xos, Xos, Re^Dr, Re^Dr, Re^Dr, Re^Eqp, Re, Gg^Efm, Gg^Efm
Gg^Wkf, Rb, Rr, Rb^Eff, Gg^Eff, Gg^Efm, Rb^Es, Rb, Rp, Rr, Re, Xos, Xos, Isa, Xos, Xom, Re^Es, Re^Es, Re^Es, Re^Wkf, Gg^Eff, Gg^Eff, Re, Re^Eqp, Re^Eqp
Gs^Efm, Gg, Rb, Rp, Rb^Efs, Rr, Rb, Rr, Gg^Efm, Gg^Efm, Xuf, Re, Re, Xos, Re, Re, Gg^Efm, Re, Re, Re, Re, Re, Re^Ewsh, Gg^Edpp, Gg
Gd, Gg, Rb, Rr, Sm, Sm, Gg^Efs, Gg^Eff, Gg^Eff, Gs^Eff, Gs^Eff, Xuf, Gg^Emf, Re, Xuf, Gg^Emf, Gg^Eff, Gg^Eff, Re, Re, Re^Ewsh, Re^Dc, Wwt, Re^Ewsh, Gg
Gs, Gs, Gg^Es, Rb^Es, Rb, Sm, Rr, Gg^Es, Gg, Gg^Es, Sm, Gg^Eff, Gg^Eff, Gs^Efm, Gg^Eff, Gs^Eff, Gs^Fmf, Re, Gg, Gg^Edpp, Re^Ewsh, Wwt^Wkf, Re^Dc, Re^Ewsh, Gg^Efm
Gs^Fmf, Gs^Fds, Gs^Wkf, Gg, Gg^Efm, Rb, Rb, Rb^Es, Rr, Rb, Rb, Rb, Rb, Gg, Re, Re, Re, Re, Re, Gs^Fmf, Re, Re^Ewsh, Re, Re, Gs
Gg, Gg, Gs^Fds, Gg^Wkf, Gs, Gg, Gg^Fds, Rr, Rp, Rb, Gg^Efm, Rr, Sm, Rb, Rb, Gg^Edpp, Gg^Efm, Gg, Gs, Re, Gg^Efm, Gg^Wkf, Hh, Gs, Gd
Gg, Gg, Gg^Fds, Gg^Fmf, Gg^Es, Gg^Edpp, Gs^Fds, Gg^Wkf, Gg^Wkf, Gg, Gs, Gg, Gg^Edpp, Sm, Rb, Rb, Re, Gg^Edpp, Gs, Gg, Gs^Fmf, Gs, Gg, Hh^Efm, Gg
Gg, Gg, Gg^Fds, Gs^Fds, Gg, Gs, Gg, Gg^Wkf, Gg, Gs, Gd, Gg, Gg, Gg^Edpp, Gg, Re, Re, Rb, Gg, Gs^Fmf, Gs^Fmf, Gs^Fds, Gg, Gg, Gg
