Xu, Xu, Xu, Xu, Xu, Xu, Xu, Xu, Xu, Xu, Xu, Xu, Xu, Xu, Xu, Xu, Xu, Xu, Xu, Xu, Xu, Xu, Xu, Xu, Xu
Xu, Xu, Xu, Xu, Xu, Xu, Xu, Xu, Xu, Xu, Xu, Xu, Xue, Xu, Xu, Xu, Xu, Xu, Xuf, Xu, Xue, Xu, Xu, Xu, Xu
Xu, Xu, Xu, Xu, Xu, Xu, Xue, Xuf, Xu, Xue, Xue, Xue, Xue, Xur, Xur, Xu, Xu, Xue, Uu^Qhh, Xur, Uu^Em, Xu, Xue, Xu, Xu
Xu, Xu, Xur, Xuf, Xue, Xue, Tb^Qhh, Uu^Qhu, Ur^Qhh, Xur, Uu^Em, Uu^Qhh, Tb^Qhh, Uu, Xur, Xue, Uu^Em, Wo^Wkf, Uu, Uu^Emf, Tb^Qhh, Uu^Qhh, Xu, Xu, Xu
Xu, Xu, Uu, Xur, Xu, Uu^Qhu, Uu^Em, Tb^Emf, Ur^Em, Ur^Dr, Uu^Em, Ur^Qhh, Ur^Es, Ur^Qhh, Ur^Dr, Ur^Em, Uu^Qhh, Tb^Emf, Xu, Xu, Tb^Emf, Uu^Em, Uu^Qhh, Xue, Xu
Xu, Xu, Xue, Tb^Em, Uu^Dr, Uu^Qhh, Uu^Qhh, Ur^Em, Xue, Xur, Tb^Emf, Uu^Em, Xu, Ur^Em, Tb^Qhh, Ur^Qhu, Tb^Emf, Uu^Qhh, Xue, Xu, Uu^Em, Uu^Em, Xue, Xue, Xu
Xu, Xu, Wo^Wkf, Tb^Emf, Uu, Tb^Emf, Ur^Dr, Uu^Qhu, Uu^Es, Tb^Em, Uu, Uu^Qhu, Xu, Uu, Xu, Uu^Qhh, Uu^Qhu, Uu, Uu^Em, Uu^Qhu, Uu^Qhh, Uu^Qhu, Uu, Xur, Xu
Xu, Xu, Xur, Xu, Uu^Qhu, Ur^Qhh, Tb^Qhh, Xu, Xue, Wo^Wkf, Xu, Xu, Xue, Xuf, Ur, Ur^Qhh, Ur^Qhh, Ur^Em, Xu, Uu^Em, Uu, Tb, Xuf, Xur, Xu
Xu, Xue, Uu^Qhu, Xur, Uu^Emf, Ur^Qhh, Ur^Qhh, Xuf, Xom, Xom, Xuc, Xur, Ur, Ur^Qhh, Uu^Dr, Uu^Qhh, Uu, Ur^Dr, Uu^Em, Uu^Qhh, Uu, Xue, Xu, Xu, Xu
Xu, Xu, Xu, Uu^Qhh, Tb^Emf, Uu^Em, Xu, Xom, Urb^Qhu, Urb^Qhu, Urb^Qhu, Uu, Xuc, Xu, Xom, Xu, Xu, Tb^Qhh, Uu^Qhu, Tb^Emf, Uu^Em, Uu^Qhh, Xu, Xu, Xu
Xu, Xu, Xuf, Tb, Wo^Wkf, Ur^Qhh, Xur, Xom, Xom, Urb^Qhu, Isa^Efs, Isa, Isa^Em, Xom, Isa^Eb, Xom, Xom, Uu^Qhh, Uu^Em, Uu^Em, Uu^Dr, Xue, Xu, Xu, Xu
Xu, Xu, Xu, Uu^Qhh, Ur^Qhh, Tb^Emf, Uu^Emf, Xue, Xur, Xom, Xom, Isa^Efs, Isa^Es, Isa^Eff, Isa^Eff, Isa^Qhh, Xom, Xuf, Xuf, Xu, Xu, Xuf, Xu, Xu, Xu
Xu, Xu, Xu, Xue, Uu^Dr, Ur^Qhh, Ur^Emf, Ur^Em, Ur^Es, Xue, Xu, Xom, Xom, Isa^Em, Isa^Es, Isa^Eff, Isa, Xom, Xu, Xu, Xu, Xu, Xu, Xu, Xu
Xu, Xu, Xu, Xu, Uu, Tb^Em, Ur^Em, Urc^Qhh, Xu, Xu, Xom, Xom, Isa^Es, Isa^Pw\, Xom, Isa^Es, Xom^Efs, Xom, Xom, Xu, Xu, Xu, Xu, Xu, Xu
Xu, Xu, Xu, Xu, Xu, Xu, Xu, Xu, Xom^Efs, Xom, Isa^Qhh, Isa, Isa^Es, Xom, Xom^Efs, Xom, Isa^Em, Isa^Qhh, Xoi, Xu, Xu, Xu, Xu, Xu, Xu
Xu, Xu, Xu, Xu, Xu, Xu, Xom, Xom, Isa^Qhh, Isa^Qhh, Urc^Es, Isa, Isa, Isa, Isa^Pw/, Xom, Isa^Qhu, Isa^Em, Xom, Xu, Xu, Xu, Xu, Xu, Xu
Xu, Xu, Xu, Xu, Xu, Xu, Xom, Isa^Qhh, Isa^Qhh, Urc^Eb, Isa^Qhh, Isa^Qhh, Isa^Qhh, Xom, Xom, Isa^Qhu, Xom, Xom, Xu, Xu, Xu, Xu, Xu, Xu, Xu
Xu, Xu, Xu, Xu, Xu, Xu, Xu, Xom, Xom, Isa^Qhh, Isa^Qhh, Isa^Qhh, Xom, Xom, Xu, Xu, Xu, Xu, Xu, Xu, Xu, Xu, Xu, Xu, Xu
Xu, Xu, Xu, Xu, Xu, Xu, Xu, Xu, Xu, Xom, Xom, Xom, Xu, Xu, Xu, Xu, Xu, Xu, Xu, Xu, Xu, Xu, Xu, Xu, Xu
Xu, Xu, Xu, Xu, Xu, Xu, Xu, Xu, Xu, Xu, Xu, Xu, Xu, Xu, Xu, Xu, Xu, Xu, Xu, Xu, Xu, Xu, Xu, Xu, Xu
Xu, Xu, Xu, Xu, Xu, Xu, Xu, Xu, Xu, Xu, Xu, Xu, Xu, Xu, Xu, Xu, Xu, Xu, Xu, Xu, Xu, Xu, Xu, Xu, Xu
