Gll^Fmf, Gll^Fdf, Gll^Fdf, Gll^Fdf, Gll^Fmf, Gll^Fdf, Gll^Fdf, Gll^Fdf, Gll^Fdf, Gll^Fmf, Gll^Fdf, Gll^Fdf, Hhd^Fdf, Gll^Fmf, Gll^Fmf, Gll^Fdf, Gll^Fdf, Gll^Fdf, Gll^Fdf, Gll^Fdf, Gll^Fmf, Gll^Fdf, Gll^Fdf, Gll^Fdf, Gll^Fmf
Gll^Fdf, Gll^Fmf, Gll^Es, Gll^Fdf, Gll^Fmf, Hhd^Fdf, Gll^Fmf, Gll^Fdf, Gll^Fdf, Hhd^Fmf, Gll^Fdf, Gll^Fdf, Gll^Fdf, Gll^Fdf, Hhd^Fdf, Gll^Es, Hhd^Fdf, Hhd^Fmf, Gll^Fdf, Gll^Fdf, Gll^Fdf, Gll^Fdf, Gll^Fdf, Gll^Fmf, Gll^Fdf
Gll^Fdf, Gll^Fdf, Gll^Fdf, Gll^Fdf, Gll^Fdf, Gll^Fdf, Gll^Fmf, Hhd^Fdf, Gll^Fdf, Gll^Fmf, Gll^Fdf, Gll^Es, Gll^Fmf, Gll^Fdf, Gd, Gll^Fdf, Gll^Fdf, Gll^Fdf, Gll^Es, Gll^Fdf, Gll^Fdf, Gll^Fetd, Gll^Qhhf, Gll^Qhhf, Gll^Qhh
Gll^Fdf, Hhd^Fdf, Gll^Fdf, Gll^Fmf, Gll^Fdf, Gll^Fdf, Gd^Es, Gll^Fdf, Gll^Fdf, Gll^Efm, Hhd^Fmf, Gll^Fdf, Gll^Fmf, Gll^Fmf, Hhd^Fmf, Gd, Gd, Gd, Gll^Qhhf, Hhd^Es, Gd, Gll^Fdf, Gll^Qhh, Gll^Qhhf, Gd
Gll^Fmf, Gll^Fdf, Gll^Fdf, Gll^Efm, Gll^Fmf, Gd, Gd, Gll^Fmf, Gs, Gll^Fmf, Gll^Fmf, Hhd^Fdf, Gd, Hhd, Gll^Fmf, Gll^Fmf, Gll^Fmf, Hhd, Hhd, Gd^Qhhf, Gll^Fmf, Gd, Hhd, Gll^Fmf, Gd
Gll^Fdf, Gll^Es, Gll^Fdf, Gll^Fmf, Gd^Qhh, Rb, Gll^Fdf, Rb, Gd, Gs^Es, Gd^Efm, Gll^Fdf, Hhd, Gd, Hhd, Hhd, Hhd, Gs^Qhhf, Gll^Fdf, Hhd, Gs^Qhhf, Gd^Es, Gd^Qhhf, Gll^Fmf, Gll^Fmf
Gll^Fdf, Hhd^Fmf, Gll^Qhhf, Gll^Qhhf, Gs^Qhhf, Gll^Fmf, Gd^Qhh, Gd^Es, Rb, Gs^Dr, Gd^Dc, Gll^Fmf, Gd, Gd, Gll^Fmf, Gd^Qhhf, Gs, Gs^Qhh, Gd^Qhhf, Gs, Gs, Hhd^Efm, Gs, Hhd, Hhd
Gll^Fdf, Gll^Fdf, Gll^Fdf, Gll^Qhhf, Hhd^Efm, Gs^Qhhf, Gll^Fmf, Gd^Efm, Rb, Gs^Ecf, Rb^Es, Gd, Gd, Gd, Rb, Gd, Gs^Efm, Gd, Gs, Gd, Gs^Es, Gd, Gd^Es, Gs, Gs
Gll^Fmf, Gll^Fdf, Gll^Es, Gll^Fdf, Hh^Qhhf, Hhd^Fdf, Gll^Fmf, Gd, Gd^Dr, Rb^Efm, Gd, Rb, Rb, Rb, Xoc, Rb, Rb, Gs, Gs, Gs^Es, Rb, Gs, Rb, Gs, Gs
Gll^Fdf, Gll^Fmf, Gll^Feth, Gll^Fmf, Hhd^Fdf, Hhd^Fdf, Gd, Gll^Fmf, Gd, Gs, Rb, Rb^Es, Xom, Xom, Isr^Ebn, Xom, Xom, Rb^Pr/, Rp, Rp, Gs, Rp, Gd, Rb^Es, Gs
Gll^Fdf, Gll^Fmf, Gll^Fdf, Hhd^Fdf, Gll^Fdf, Gll^Fdf, Gd^Es, Hhd, Hhd, Gd, Rb, Xoi, Xom, Isr, Isr, Isr, Isa, Isa^Pw\, Xom, Rp^Pr/, Rb, Gs, Gs, Rp, Rb
Gll^Fdf, Hh^Fdf, Gll^Fmf, Gll^Efm, Hhd, Gll^Fmf, Gd, Hhd^Fdf, Gd, Gd, Rb^Efm, Rb^Dr, Xom, Xom, Xom, Isa, Isa, Isa, Isa^Qhu, Xom, Xoi, Rb^Efm, Gd, Hhd, Gs
Gll^Fdf, Hhd^Fmf, Hhd^Fdf, Gll^Fmf, Hhd^Es, Gd, Gd^Efm, Gd, Rb, Rb^Es, Xom^Efs, Xom^Efs, Isr^Qhh, Isa, Isa, Isa^Pw\, Xom, Isa^Qhu, Xom, Xoi, Rb, Rb^Efm, Gs, Gs, Hhd
Gll^Fdf, Gll^Fmf, Gll^Fdf, Hhd, Gd, Gs, Rb, Rb, Xom, Xom, Isr^Qhh, Isr^Qhh, Isr^Qhh, Isr^Qhh, Isa, Isa, Xom, Xom, Xom, Rb, Rb, Gs, Gs, Hhd^Efm, Gs
Gll^Fdf, Gll^Efm, Gll^Fdf, Gll^Fmf, Gd, Gll^Fdf, Rb, Xoi, Xom, Isa, Isa, Isr^Qhh, Isa, Isa, Xom, Xom, Isa^Qhu, Qxu, Xoi, Xoi, Rb, Hhd, Hhd, Hhd^Efm, Hhd
Gll^Fdf, Hhd^Fdf, Gd, Gll^Fmf, Hhd^Fdf, Gs, Gs^Qhh, Rb, Rb^Es, Xom, Xom, Isa, Isa^Pw/, Xom, Isa^Qhh, Isa, Xom, Xom, Rb^Es, Rb, Gs^Efm, Gs, Hhd, Hhd, Gs
Gll^Fdf, Gd, Gll^Fmf, Hhd^Qhhf, Gs^Qhh, Hhd^Fmf, Gd^Qhhf, Gs^Qhh, Gs, Rb^Efm, Rb, Xom, Xoi, Isa^Qhh, Xom, Xom, Rb, Rb^Es, Uue^Gvs, Re^Eff, Re^Eff, Gs, Gs, Hhd, Gs
Gs, Gll^Fdf, Hhd^Es, Hhd^Qhhf, Gs^Qhh, Hhd, Gs, Gs, Gs^Dr, Gs, Gs^Dr, Rb, Rb, Xoi, Rb, Rb, Uue^Gvs, Re, Re^Efm, Uue^Gvs, Re^Eff, Re^Eff, Gs^Es, Gs, Gs
Gs^Qhh, Gs^Qhhf, Gs^Qhh, Hhd^Qhh, Gs^Qhhf, Gd^Qhh, Gd, Hhd^Qhh, Hhd, Gs, Gd^Dr, Gs^Dr, Gd, Rb^Efm, Gs^Efm, Re^Eff, Re^Eff, Uue^Gvs, Re^Eff, Re^Eff, Gd, Gs^Efm, Gs^Es, Gs, Gs
Gs, Gs^Qhh, Hhd^Qhh, Gd^Qhh, Hhd, Gs^Qhh, Hhd^Es, Hhd^Es, Hhd^Qhh, Gd, Gs^Efm, Gs^Es, Gs, Gs, Hhd, Gs, Gd, Re, Gs^Efm, Gs, Gs, Gs, Gs^Es, Hhd, Hhd
Hhd, Gs^Efm, Gs^Qhh, Hhd, Hhd, Gs, Gs, Hhd, Gs, Gs, Hhd, Gs, Gs, Hhd, Hhd, Hhd, Gs, Gs, Gs, Gs, Gs, Gs, Gs, Hhd, Gs
