Gll^Fdf, Gll^Fdf, Gll^Fdf, Gll^Fdf, Gll^Fdf, Gll^Fdf, Gll^Fdf, Gll^Fdf, Hhd^Qhh, Hhd^Qhhf, Hhd^Qhhf, Hhd^Qhhf, Hhd^Qhhf, Hhd^Qhhf, Gll^Fdf, Gll^Fdf, Gll^Fdf, Gll^Fdf, Gll^Fdf, Gll^Fdf, Gll^Fdf, Gll^Fdf, Gll^Fdf, Gll^Fdf, Gll^Fdf, Gll^Fdf, Gll^Fdf, Gll^Fdf, Gll^Fmf, Gll^Fdf, Gll^Fdf, Gll^Fdw, Md, Md, Md, Hhd^Qhux, Hhd^Qhux, Hhd, Hhd, Hhd^Qhux, Hhd^Qhux, Mm, Mm, Gll^Qhh, Hhd, Gll^Qhh, Rb^Qhh, Gll, Gd, Gll, Gll, Gll, Gll, Gll, Gll, Gll
Gll^Fdf, Gll^Fmf, Gll^Fmf, Gll^Fdf, Gll^Fdf, Gll^Fdf, Gll^Fdf, Gll^Fdf, Hhd^Qhh, Hhd^Qhhf, Hhd^Qhhf, Hhd^Qhhf, Hhd^Qhhf, Gll^Fdf, Rb^Fdf, Rb^Fdf, Rb^Fdf, Rb^Fdf, Rb^Fdf, Rb^Fdf, Rb^Fdf, Gll^Fdf, Rb^Fdf, Gll^Fdf, Gll^Fdf, Gll^Fdf, Gll^Fdf, Gll^Fmf, Gll^Fdf, Gll^Fdf, Gll^Fdf, Gll^Fdw, Gd^Fdw, Md, Md, Mm, Hhd, Hhd^Qhux, Hhd^Qhux, Hhd^Qhux, Hhd^Qhux, Hhd, Gll, Hhd, Hhd, Hhd^Qhh, Hhd^Qhh, Rb^Qhh, Rb, Gd, Gd, Gd, Rb, Rb, Rb, Rb
Gll^Fdf, Gll^Fmf, Gll^Fmf, Gll^Fdf, Gll^Fmf, Gll^Fdf, Gll^Fdf, Gll^Fdf, Gll^Fdf, Hhd^Qhh, Hhd^Qhh, Hhd^Qhhf, Hhd^Qhhf, Hhd^Qhhf, Rb^Fdf, Rb, Rb, Rb, Rb, Rb, Rb, Rb^Fdf, Rb, Rb^Fdf, Gll^Fdf, Gll^Fdf, Gll^Fdf, Gll^Fdf, Gll^Fdf, Gll^Fdf, Gll^Fdf, Gd^Fdw, Gd^Fdf, Hhd, Hhd, Hhd, Hhd, Hhd, Hhd^Qhux, Hhd^Qhux, Hhd, Hhd, Gd^Qhh, Gd^Qhh, Gd^Qhh, Gll^Qhh, Gll^Qhh, Rb, Rb, Rb, Rp, Rb, Rb, Rb, Rb, Gll
Gll^Fdf, Gll^Fmf, Gll^Fdf, Gll^Fmf, Gll^Fmf, Gll^Fmf, Gll^Fdf, Gll^Fdf, Gll^Fdf, Hhd^Qhh, Hhd^Qhh, Hhd^Qhhf, Gll^Fdf, Gll^Fdf, Rb^Fdf, Rb, Rb, Rb, Rb^Feth, Rb, Rb, Rb, Rb^Fdf, Rb^Fdf, Gll^Fdf, Gll^Fdf, Gll^Fmf, Gll^Fdf, Gll^Fdf, Gll^Fdf, Gll^Fdf, Gd^Fdf, Gd^Fdf, Gd^Fdf, Gll^Fdw, Gll^Fdw, Hhd, Hhd, Gd, Hhd, Gll^Qhh, Gd^Qhh, Gd^Efm, Gd, Gll, Gd^Qhh, Gll, Rb, Rb, Rp, Rp, Rp, Rp, Gll, Gll^Efm, Gll
Gll^Fdf, Gll^Fmf, Gll^Fmf, Gll^Fmf, Gll^Fdf, Gll^Fmf, Gll^Fdf, Gll^Fdf, Gll^Fdf, Gll^Fdf, Gll^Qhhf, Gll^Qhhf, Gll^Qhhf, Gll^Fdf, Rb^Fdf, Rb, Rb, Rb, Rb, Rb, Rb, Rb, Rb^Fdf, Gll^Fdf, Gll^Fmf, Gll^Fmf, Gll^Fdf, Gll^Fmf, Gll^Fdf, Gll^Fmf, Gll^Fdf, Gll^Fdf, Gll^Fdf, Gll^Fdf, Gll^Fdf, Gll^Fdw, Gll^Fdf, Hhd, Gd^Qhh, Gll^Qhh, Gll^Efm, Gd^Efm, Gd^Efm, Gd, Gll, Gll, Rp, Rb, Rp, Rp, Rb, Rp, Rp, Gll^Efm, Gll^Efm, Gll
Gll^Fdf, Gll^Fdf, Gll^Fdf, Gll^Fdf, Gll^Fmf, Gll^Fmf, Rb^Fmf, Rb^Fdf, Rb^Qhhf, Gll^Qhhf, Rb^Qhhf, Gll^Qhhf, Gll^Qhhf, Gll^Qhhf, Gll^Fdf, Rb^Fdf, Rb^Fdf, Rb^Dr, Rb^Fdf, Rb, Rb, Rb^Fdf, Gll^Fmf, Gll^Fmf, Gll^Fdf, Gll^Fmf, Gll^Fmf, Gll^Fmf, Gll^Fdf, Gll^Fmf, Gll^Fmf, Gll^Fmf, Gll^Fdf, Gll^Fdf, Gll^Fdf, Gll^Fdf, Gll^Fdf, Gd^Qhhf, Hhd, Hhd, Hhd, Gll^Efm, Hhd, Gd, Rp, Rp, Rb, Rp, Rb, Rp, Rb, Gd, Rb, Gd, Rb, Gll
Gll^Fdf, Gll^Fdf, Gll^Fdf, Gll^Fdf, Rb^Fdf, Rb^Fdf, Hhd^Qhh, Hhd^Qhh, Hhd^Qhhf, Rb^Qhhf, Hhd^Qhh, Rb^Qhhf, Gll^Qhhf, Gll^Qhhf, Gll^Fdf, Rb^Fdf, Gll^Fdf, Rb^Fdf, Gll^Fdf, Rb^Fdf, Rb^Fdf, Rb^Fdf, Gll^Fmf, Gll^Fdf, Gll^Fmf, Gll^Fmf, Gll^Fdf, Gll^Fmf, Gll^Fmf, Gll^Fdf, Gll^Fmf, Gll^Fdf, Re, Re, Re, Gll^Fdf, Gll^Fdf, Gd^Qhhf, Hhd, Hhd, Hhd, Hhd, Hhd, Rp, Rb, Rb, Gd, Gd, Gd, Gll, Gll, Gd, Gd, Gd, Gll, Rb
Gd^Fdf, Gd^Fdf, Gd^Fdf, Gd^Fdf, Rb^Fdf, Hhd^Qhh, Hhd^Qhh, Hhd^Qhh, Hhd^Qhh, Hhd^Qhh, Rb^Qhhf, Rb^Qhhf, Gll^Qhhf, Gll^Qhhf, Gll^Fdf, Gll^Fdf, Gll^Fdf, Gll^Fdf, Gll^Fdf, Gll^Fdf, Gll^Fdf, Gll^Fdf, Md, Gll^Fmf, Hhd, Gll^Fdf, Gll^Fdf, Gll^Fdf, Gll^Fdf, Gll^Fdf, Gll^Fdf, Re, Re, Re, Re, Gll^Fdf, Gll^Fdf, Gll^Qhhf, Gll, Hhd, Gll, Gll, Rb, Rb, Gll, Gll, Gll, Gd, Gll, Hhd, Hhd, Gll, Gll, Gll, Gd, Gd
Gll^Fdf, Gd^Fdf, Gd^Fdf, Gd^Fdf, Rb^Fdf, Hhd^Qhh, Gd, Gd, Gd, Gd, Chr^Edt, Gll^Qhhf, Gll^Qhhf, Gll^Qhhf, Gll^Qhhf, Gll^Fdf, Hhd^Fdf, Gll^_mh, Hhd^Fdf, Gll^Fdf, Hhd, Hhd, Md, Md, Md, Md, Md, Hhd, Hhd, Gll^Fdf, Gll^Fdf, Re, Re, Re, Gll^Fdf, Re, Gll^Qhhf, Gll^Qhhf, Rb, Hhd, Rb, Rb, Rb, Gll, Gll, Gll, Gll, Gll, Hhd, Hhd, Gll, Gll, Gll, Gll, Hhd, Gll
Gd, Gd, Gll, Gd, Gll, Gd, Gd, Gd, Gd^Edt, Gd^Edt, Chr^Edt, Chr, Chr, Gll^Qhhf, Gll^Qhhf, Gll^Fdf, Hhd^Fdf, Hhd^Fdf, Hhd^Qhux, Hhd, Md, Md, Md, Hhd^Qhux, Hhd^Qhux, Md, Md, Md, Hhd, Hhd, Gll^Qhhf, Gll^Fdf, Gll^Qhhf, Gll^Qhhf, Gll^Qhhf, Gll^Qhhf, Gll, Rb, Rp, Rb, Rb, Rb, Gll, Gll, Gll, Gll, Gd^Qhh, Hhd, Hhd, Hhd, Hhd, Hhd, Hhd, Hhd, Hhd, Hhd
Rb, Gll, Gll^Edt, Gll^Edt, Gll^Edt, Gll, Gd, Gd, Gd^Edt, Chr^Edt, Rb^Vu, Chr, Rb, Rb, Hhd^Qhhf, Hhd^Fdf, Hhd^Qhux, Hhd^Qhux, Hhd^Qhux, Hhd^Qhux, Hhd, Md, Hhd, Hhd^Qhux, Gll^Qhhf, Gll^Fdf, Hhd^Qhhf, Hhd^Qhhf, Hhd^Qhhf, Hhd^Qhhf, Gll, Gll^Qhhf, Gll, Gll, Gll, Gll, Rb, Rb, Rp, Rp, Rp, Gll, Gll^Qhh, Gll^Qhh, Gll^Qhh, Gll^Qhh, Gd^Qhhf, Gd^Qhh, Gd^Qhh, Hhd, Gll^Qhh, Hhd, Hhd, Gll^Efm, Gll^Qhh, Hhd
Rb^Edt, Rb, Rb^Edt, Rb^Edt, Gll, Gll, Gll, Gd^Edt, Gd^Edt, Chr^Edt, Chr^Edt, Rb, Rb^Ecf, Rb, Hhd^Qhhf, Hhd^Fdf, Hhd^Qhhf, Hhd^Qhhf, Gd^Qhhf, Gd^Fdf, Gd^Qhhf, Hhd, Gd^Qhhf, Hhd^Qhhf, Gll, Gll^Qhhf, Gll, Gd, Gll, Gll, Rb, Gll, Rb, Gll, Rb, Rb, Rb, Rp, Gd, Rp, Gd^Qhh, Gll^Qhh, Gll^Qhh, Gll^Qhh, Gll^Qhhf, Gll^Qhhf, Gll^Qhhf, Gd^Qhhf, Gd^Qhhf, Gll^Qhh, Gll^Qhh, Gll^Qhh, Gll^Qhh, Gll^Qhh, Gll^Qhh, Gll^Qhh
Gll^Edt, Rb^Edt, Rb^Edt, Rp, Rp, Rb, Rb, Rb, Rb, Gd, Rb, Rb^Edt, Rb, Rb, Chr, Hhd^Qhhf, Gll, Gll, Gll, Gd^Qhhf, Gll, Gd^Qhhf, Gd, Gd, Rp, Gll, Rb, Rb, Rp, Rb, Rp, Rb, Gd, Rb, Gll, Gd, Gd, Gll, Gll, Gd, Gll^Qhhf, Gll^Qhh, Gll^Qhhf, Gll^Qhhf, Rb^Qhhf, Gll^Fdf, Gll^Fdf, Gd^Fdf, Gll^Fdf, Gll^Qhhf, Gll^Qhhf, Gll^Qhhf, Gll^Qhhf, Gll^Qhh, Gll^Qhhf, Gg^Qhhf
Gll^Fdf, Gll^Edt, Gll, Rp, Rp, Rp, Gd, Rb, Rb, Rb, Rb, Gll, Rb, Chr, Rp, Rp, Rb, Rb, Rb, Rb, Rb, Rb, Rb, Rb, Rp, Rp, Gll, Rb, Rp, Rp, Rp, Rp, Gll, Gll, Gll, Gll, Gll^Qhhf, Gll^Qhhf, Gll^Qhhf, Gll^Qhhf, Re^Qhh, Gll^Qhhf, Gll^Qhhf, Gll^Fdf, Hhd^Fdf, Rb^Fdf, Rb^Fdf, Rb^Fdf, Rb^Fdf, Gll^Fdf, Gll^Fmf, Gll^Qhhf, Gll^Qhhf, Gll^Qhhf, Gll^Qhhf, Gll^Qhhf
Gll^Fmf, Gll^Fmf, Gll^Fdf, Gll, Gd, Gd, Gll, Gll, Gd, Rb, Gd, Rb, Gll^Edt, Rp, Rb, Rb, Rb, Gd, Gd, Gll, Gll, Gll, Gll, Rp, Gll, Rp, Gll, Gll, Gd, Hhd, Hhd, Hhd, Hhd, Gd, Hhd^Qhh, Gll^Qhhf, Hhd^Qhhf, Gll^Qhhf, Re^Qhh, Re^Qhh, Re^Qhh, Re^Qhh, Gll^Qhhf, Rb^Fdf, Hhd, Wwg^Qhu, Wwg^Qhu, Wwg^Qhu, Rb^Fdf, Gll^Fdf, Gll^Fmf, Gll^Fdf, Gll^Fdf, Gll^Qhhf, Gll^Qhhf, Gll^Qhhf
Gll^Fmf, Gll^Fmf, Gll^Fdf, Gll^Fdf, Gll^Fdf, Gd, Gll^Fdf, Gll^Fdf, Gll^Fdf, Gd, Gll^Fdf, Gll^Edt, Gll^Edt, Chr^Edt, Chr^Edt, Gd, Gd, Gd, Gll, Gll, Gll^Qhhf, Gll, Gd^Qhhf, Gll^Qhhf, Gll^Qhhf, Gll, Gll^Qhhf, Gll, Gd, Hhd, Hhd^Qhhf, Hhd, Hhd^Qhh, Hhd^Qhh, Hhd^Qhux, Hhd^Qhhf, Hhd^Qhhf, Hhd^Qhhf, Re^Qhh, Re^Qhh, Re^Qhh, Re^Qhh, Gll^Qhhf, Hhd, Wwg^Qhu, Wwg^Qhu, Wwg^Qhu, Rb, Rb, Rb^Fdf, Gll^Fmf, Gll^Fdf, Gll^Fdf, Gll^Fdf, Wwg^Qhu, Wwg^Qhu
Gll^Fdf, Gll^Fmf, Gll^Fmf, Gll^Fdf, Gll^Fdf, Gll^Fdf, Gll^Fdf, Gll^Fdf, Gll^Fdf, Gll^Fdf, Gll^Fdf, Gll^Edt, Gd, Gll^Edt, Hhd^Qhhf, Gll, Gd^Qhhf, Gll^Qhhf, Gll^Qhhf, Gll^Qhhf, Gll^Fdf, Gd^Qhhf, Gd^Fdf, Gd^Fdf, Gll^Fdf, Gll^Qhhf, Gll^Fdf, Gll^Qhhf, Gll^Qhhf, Hhd^Qhhf, Md^Qhh, Hhd^Qhhf, Hhd^Qhh, Hhd^Qhh, Hhd^Qhux, Hhd^Qhux, Hhd^Qhhf, Hhd^Qhhf, Gll^Qhhf, Re^Qhh, Gll^Qhhf, Re^Qhhf, Gll^Qhhf, Hhd, Hhd, Wwg^Qhu, Wwg^Qhu, Rb^Feth, Rb, Rb^Fdf, Rb^Fmf, Gll^Fmf, Gll^Fdf, Wwg^Qhu, Hhd^Qhu, Hhd^Qhu
Gll^Fdf, Gll^Fdf, Gll^Fdf, Gll^Fdf, Hhd^Qhh, Gll^Fdf, Gll^Fdf, Gll^Fdf, Gll^Fdf, Gll^Fdf, Gll^Fdf, Gll^Fdf, Hhd^Qhhf, Hhd^Qhhf, Hhd^Qhhf, Hhd^Qhhf, Hhd^Qhhf, Gd^Fdf, Gll^Fdf, Gll^Fdf, Gll^Fdf, Gd^Fdf, Gd^Fdf, Gd^Fdf, Gll^Fmf, Gll^Fmf, Gll^Fdf, Gll^Fdf, Gll^Fdf, Md^Qhh, Md^Qhh, Md^Qhh, Hhd^Qhh, Hhd^Qhux, Gll^Qhhf, Gll^Qhhf, Gll^Fdf, Gll^Qhhf, Gll^Qhhf, Gll^Qhhf, Gll^Qhhf, Gll^Qhhf, Gll^Fdf, Hhd, Wwg^Qhu, Wwg^Qhu, Wwg^Qhu, Wwg^Qhu, Wwg^Qhu, Rb^Fdf, Rb^Fdf, Gll^Fdf, Gll^Fmf, Wwg^Qhu, Gll^Fdf, Gll^Fmf
Gll^Fdf, Gll^Fdf, Gll^Fdf, Gll^Fdf, Hhd^Qhh, Gll^Fdf, Hhd^Qhh, Gll^Fdf, Hhd^Qhh, Gd^Fdf, Gd^Qhhf, Gll^Qhhf, Hhd^Qhhf, Hhd^Qhhf, Hhd^Qhhf, Hhd^Qhhf, Rb^Fmf, Rb^Fdf, Rb^Fdf, Rb^Fdf, Rb^Fdf, Rb^Fdf, Rb^Fdf, Gll^Fdf, Gll^Fmf, Gll^Fdf, Gll^Fdf, Gll^Fdf, Md^Qhh, Md^Qhh, Md^Qhh, Md^Qhh, Hhd^Qhux, Hhd^Qhh, Gll^Fmf, Gll^Fmf, Gll^Fmf, Gll^Fdf, Gll^Fdf, Gll^Qhhf, Gll^Qhhf, Gll^Qhhf, Gll^Fdf, Rb^Fmf, Rb^Fdf, Wwg^Qhu, Rb^Fdf, Wwg^Qhu, Rb^Fdf, Wwg^Qhu, Wwg^Qhu, Rb^Fmf, Wwg^Qhu, Wwg^Qhu, Gll^Fmf, Gll^Fdf
Gll^Fdf, Gll^Fdf, Gll^Fdf, Hhd^Qhh, Hhd^Qhh, Hhd^Qhh, Hhd^Qhh, Hhd^Qhh, Hhd^Qhh, Hhd^Qhh, Hhd^Qhux, Hhd^Qhux, Hhd^Qhhf, Hhd^Qhhf, Hhd^Qhhf, Rb, Rb, Rb, Rb, Rb, Rb, Rb, Rb^Fdf, Gll^Fmf, Gll^Fmf, Gll^Fmf, Gll^Fmf, Gll^Fdf, Gll^Qhh, Md^Qhh, Hhd^Qhh, Hhd^Qhux, Hhd^Qhux, Gll^Qhhf, Gll^Qhhf, Gll^Qhhf, Gll^Fdf, Gll^Fdf, Gll^Fdf, Gll^Fmf, Gll^Fmf, Gll^Fdf, Gll^Fdf, Gll^Fdf, Gll^Fmf, Rb^Fdf, Gll^Fdf, Rb^Fdf, Rb^Fdf, Rb^Fdf, Hhd^Qhuf, Wwg^Qhu, Wwg^Qhu, Gll^Fmf, Gll^Fdf, Gll^Fmf
Hhd^Qhh, Hhd^Qhh, Hhd^Qhh, Hhd^Qhh, Hhd^Qhux, Hhd^Qhux, Hhd^Qhh, Gll^Qhh, Hhd^Qhu, Gd^Qhhf, Gd^Qhhf, Hhd^Qhux, Gll^Qhhf, Hhd^Qhhf, Rb, Rb, Rb, Rb^Feth, Rb, Rb, Rb, Rb^Fdf, Gll^Fdf, Gll^Fdf, Gll^Fdf, Gll^Fdf, Gll^Fdf, Gll^Fdf, Gll^Qhhf, Hhd^Qhh, Hhd^Qhh, Hhd^Qhux, Hhd^Qhh, Gll^Qhhf, Gll^Qhhf, Gll^Qhhf, Gll^Qhhf, Gll^Fdf, Gll^Fdf, Gll^Fdf, Gll^Fmf, Gll^Fdf, Gll^Fdf, Gll^Fdf, Gll^Fdf, Gll^Fdf, Hhd^Fdf, Gll^Fmf, Hhd^Fdf, Hhd^Fmf, Wwg^Qhu, Wwg^Qhu, Gll^Fmf, Wwg^Qhu, Wwg^Qhu, Gll^Fmf
Hhd^Qhux, Hhd^Qhux, Hhd^Qhux, Hhd^Qhux, Hhd^Qhh, Hhd^Qhux, Hhd^Qhh, Hhd^Qhh, Hhd^Qhh, Hhd^Qhu, Hhd^Qhhf, Hhd^Qhh, Hhd^Qhh, Hhd^Qhh, Hhd^Qhhf, Hhd^Qhhf, Rb, Rb, Rb, Rb, Rb^Qhhf, Rb^Qhhf, Hhd^Qhh, Gll^Fdf, Gll^Fdf, Gll^Fdf, Hhd^Qhh, Gll^Qhhf, Gll^Qhhf, Hhd, Hhd^Qhh, Hhd^Qhh, Hhd^Qhh, Hhd^Qhux, Gll^Qhhf, Gll^Qhhf, Gll^Qhhf, Gll^Fdf, Gll^Qhhf, Gll^Fmf, Gll^Fmf, Gll^Fdf, Gll^Fmf, Gll^Fmf, Gll^Fdf, Hhd^Fdf, Hhd^Fdf, Hhd^Fdf, Wwg^Qhu, Wwg^Qhu, Hhd, Wwg^Qhu, Gll^Fmf, Gll^Fmf, Gll^Fmf, Wwg^Qhu
Hhd^Qhux, Hhd^Qhux, Hhd, Hhd^Qhh, Hhd^Qhh, Hhd^Qhh, Gll^Fdf, Gll^Fdf, Gll^Qhhf, Gd^Qhhf, Gll^Qhhf, Hhd^Qhhf, Gll^Fdf, Hhd^Qhh, Gll^Fdf, Hhd^Qhhf, Hhd^Qhhf, Rb, Rb^Qhhf, Rb^Qhhf, Gll^Qhhf, Gll^Qhhf, Hhd^Qhh, Hhd^Qhh, Hhd^Qhh, Hhd^Qhh, Hhd^Qhh, Gll^Qhhf, Hhd, Hhd, Hhd^Qhh, Hhd^Qhh, Hhd^Qhh, Hhd^Qhux, Hhd^Qhux, Gll^Qhhf, Gll^Qhhf, Gll^Qhhf, Gll^Qhhf, Gll^Fmf, Gll^Fmf, Gll^Fmf, Gll^Fmf, Gll^Fmf, Gll^Fdf, Gll^Fdf, Wwg^Qhu, Wwg^Qhu, Hhd, Wwg^Qhu, Hhd, Wwg^Qhu, Gll^Fdf, Gll^Fdf, Gll^Fdf, Gll^Fdf
Hhd^Qhux, Hhd, Hhd^Qhh, Hhd^Qhh, Hhd^Qhh, Gll^Fdf, Gll^Fdf, Gll^Fdf, Gll^Fdf, Gll^Fdf, Gll^Fdf, Gll^Fdf, Gll^Fdf, Gll^Fdf, Gll^Fdf, Hhd^Qhhf, Hhd^Qhhf, Hhd^Qhh, Hhd^Qhh, Hhd, Hhd, Hhd^Qhhf, Hhd^Qhhf, Hhd^Qhh, Gll^Qhh, Hhd^Qhh, Gll^Qhh, Hhd, Hhd, Hhd, Hhd, Hhd^Qhh, Hhd^Qhh, Hhd^Qhux, Hhd^Qhux, Hhd^Qhux, Gll^Qhhf, Gll^Qhhf, Gll^Fdf, Gll^Qhhf, Gll^Qhhf, Gll^Fdf, Gll^Fdf, Gll^Fdf, Gll^Fdf, Gll^Fdf, Gll^Fdf, Wwg^Qhu, Wwg^Qhu, Hhd, Hhd, Wwg^Qhu, Wwg^Qhu, Gll^Fdf, Gg, Gg
