Hh^Qhh, Hh^Qhh, Hh^Qhh, Hh^Qhh, Hh^Qhh, Hh^Qhh, Hh^Qhh, Wwg^Qhh, Wwg^Qhh, Wwg^Qhh, Wwg^Qhh, Gd^Qhh, Gd^Qhh, Gd^Qhh, Gd^Qhh, Rrc, Rr, Rr, Gd^Qhh, Gd^Qhh, Hh^Qhh, Hh^Qhh, Hh^Qhh, Hh^Qhh, Hh^Qhh, Hh^Qhh, Hh^Qhh, Gd^Qhh, Gd^Qhh, Gd, Gd, Hh, Hh, Md, Md, Md, Md, Gd, Md^Xm, Gd, Md^Xm, Md^Xm, Md^Xm, Md, Md, Md, Md, Mm, Mm, Mm, Ms, Ms, Ms^Xm, Ms^Xm, Ms^Xm
Gs^Qhh, Hh, Gd, Hh, Hh, Hh, Hh^Es, Gd^Fdf, Gs^Fdf, Gd^Fmf, Gd^Qhhf, Wwg^Qhh, Wwrg, Gd^Qhh, Wwg, Rrc, Rr, Rrc, Gd^Qhh, Gd^Dr, Gd^Efm, Hh^Efm, Hh^Efm, Hh, Gs^Es, Hh, Gll^Es, Gll, Gll^Qhh, Gd, Gll^Es, Hh, Hhd, Md, Md, Md, Md^Xm, Md^Xm, Md^Xm, Md, Md, Md^Xm, Md, Md^Xm, Md, Md, Md^Xm, Mm, Mm, Ms, Ms, Ms, Ms^Xm, Ms^Xm, Ms^Xm
Gd^Qhh, Gd^Dr, Gll^Efm, Gll^Efm, Gd^Fdf, Gd^Fdf, Gs^Fdf, Gs^Fdf, Gs^Vl, Gd^Fmf, Gd^Qhhf, Wwrg, Wwg, Wwg, Wwg, Rr, Rrc, Rrc, Rp, Gd^Qhh, Gd, Gd^Efm, Gd^Es, Gs^Vc, Gll^Fmf, Gd^Dr, Gd^Qhhf, Gll^Qhh, Gd, Gll^Es, Hh, Hhd, Hh, Md, Md, Md^Xm, Md^Xm, Md^Xm, Rb^Gvs, Rb^Wm, Rb^Gvs, Md, Md, Md, Md, Md^Xm, Mm, Mm, Mm, Md^Xm, Md^Xm, Ms, Ms, Ms^Xm, Ms^Xm
Gd^Qhh, Gd^Efm, Gll^Efm, Gll^Qhhf, Gll^Qhhf, Gll^Fdf, Gs^Fdf, Gs^Fdf, Gs^Fdf, Gs^_mhh, Rb^Gvs, Gd^Qhh, Gd^Qhh, Wwg, Gd^Qhh, Rrd, Rrd, Rp, Rp, Gd^Qhh, Gll^Qhh, Gd^_mh, Gd, Gll^Fmf, Gll^Fmf, Gd^Qhhf, Gd^Fmf, Gd^Fmf, Gd^Es, Hh, Hh, Hhd, Md, Md^Xm, Md, Md^Xm, Rb^Gvs, Rb^Gvs, Rb^Gvs, Rb^Gvs, Rb^Gvs, Md, Md, Md, Md^Xm, Md, Mm, Mm, Mm, Mm, Mm, Md^Xm, Mm, Ms, Ms
Gd^Dr, Gd^Qhh, Gd^Qhhf, Gll^Qhhf, Gll^Qhhf, Gd^Qhhf, Gd^Qhhf, Gd^Fdf, Gs^Qhhf, Rb^Gvs, Rb^Gvs, Rb^Gvs, Gll^Fmf, Gll^Qhhf, Gll^Qhhf, Gd^Qhh, Gd^Qhh, Rp, Rp, Rrd, Rrd, Gd^Qhh, Gd^Qhh, Gd^Qhh, Gd^Qhhf, Gd^Qhhf, Gd, Gd^Ebn, Co, Co, Hhd, Md^Xm, Md^Xm, Md, Md, Md, Re^Eff, Rb^Gvs, Rb^Gvs, Rb^Gvs, Re^Eff, Re^Eff, Md^Xm, Md^Xm, Md, Md, Mm, Mm, Mm, Mm, Md^Xm, Mm, Ms, Ms, Ms
Wwg, Gd, Gd, Gd^Qhhf, Gd^Fdf, Gd^Fdf, Gd^Fdf, Gd^Qhhf, Gd^Qhhf, Gd^Qhhf, Gd^Qhh, Gll^Qhh, Gll^Qhh, Gll^Qhhf, Gll^Qhhf, Gll^Qhhf, Gd^Qhh, Rr, Rr, Rrd, Rr, Rr, Rr, Rrd, Rr, Gd, Gs^Vc, Chr, Chr, Chr, Md, Md, Md, Md, Md, Gd, Gs, Re^Eff, Re, Re, Gd, Md, Md, Md, Md, Md, Mm, Mm, Mm, Mm, Mm, Md^Xm, Md^Xm, Ms, Ms
Wwg, Gs, Gd^Es, Gd, Gd, Gd^Es, Gd, Gd^Fdf, Gd, Gd^Qhh, Gd^Efm, Gll^Efm, Gd^Efm, Gll^Dr, Gd^Es, Gd^Qhh, Rr, Rp, Gs, Rrd, Gs, Rrd, Rrd, Rp, Rp, Rp, Rp, Chr, Ko, Md, Gs^Efm, Gd^Efm, Gd^Efm, Gll, Gd, Gd, Gll, Gll, Gll, Gd, Gd^Efm, Gd^Efm, Md, Md, Hh, Md, Mm, Mm, Mm, Ms, Ms, Mm, Mm, Mm, Mm
Wwg, Wwg, Wwg, Gd, Gd, Gd, Gd, Gd, Gd, Gd, Gd, Gd^Efm, Gd, Gd, Rr, Rr, Rrd, Rrd, Gd, Gs^Es, Gs^Es, Gs, Gs, Gll, Chr, Rp, Rrd, Rr, Rrd, Gs, Gd, Gd^Efm, Gd, Gs, Ce, Ce, Ket, Ce, Gll, Gll, Gll, Gd^Efm, Gll^Efm, Md, Hhd, Hh, Mm, Mm, Mm, Mm, Ms, Ms, Mm, Mm, Mm
Wwg, Wwg, Co, Gd, Ko, Gll, Ko, Gd, Co, Gd, Co, Gd, Gd, Gd^Es, Rp, Rp, Gs^Es, Gd, Gs^Vc, Gs, Gd^Efm, Gs, Gs^Es, Gs^Ebn, Chr, Co, Ko, Rrd, Rrd, Rp, Rr, Gd, Gll, Gll, Gs^Ebn, Ce, Ce, Ce, Gll, Gll, Re^Eff, Gll^Efm, Gs, Gll, Gs, Hhd, Hhd, Mm, Mm, Mm, Mm, Ms, Ms, Mm, Mm
Wog, Wwg, Ds, Co, Co, Ko, Co, Co, Re^Vhr, Co, Gd, Co, Xor, Rb, Rr, Rp, Gd, Gs, Gs^Es, Gs^Efm, Gd^Efm, Gd^Efm, Gd, Co, Chr, Co, Md, Hhd, Gs, Rr, Rrd, Rrd, Rp, Gll, Gs^Efm, Gs^Efm, Gd, Gd, Re^Eff, Re^Eff, Rb^Gvs, Re^Eff, Re^Eff, Gs, Gs^Efm, Gs, Hhd, Mm, Mm, Mm, Mm, Ms, Ms, Ms^Xm, Ms
Wog, Wwg, Ds^Es, Gs^Efm, Gd^Efm, Co, Rb^Gvs, Co, Gll^Em, Re, Gd^Es, Gll, Rr, Rr^Pr\, Xor, Co, Ko, Gd, Gll, Gll, Gd^Dr, Gll, Hhd, Chr, Md, Md, Md, Hhd, Re^Eff, Gs^Efm, Gs, Rrd, Rrd, Rp, Gs, Gll^Efm, Re^Eff, Re^Eff, Rb^Gvs, Rb^Gvs, Rb^Gvs, Rb^Gvs, Rb^Wm, Re^Eff, Re^Eff, Gll, Hhd, Mm, Mm, Md^Xm, Md^Xm, Mm, Mm, Ms, Ms
Wog, Wwg, Wwg, Ds, Rb^Gvs, Rb^Gvs, Rb^Gvs, Rb^Gvs, Rb^Gvs, Re, Re, Re, Wwg^Qhu, Re, Hhd, Co, Co, Co, Co, Hhd, Hhd, Hhd, Hhd, Md, Md^Xm, Md^Xm, Hhd, Hhd, Rb^Wm, Re^Eff, Re^Eff, Gs, Rrd, Rp, Gs, Gll, Rb^Gvs, Rb^Gvs, Wwg^Qhu, Rb^Gvs, Rb^Gvs, Rb^Gvs, Rb^Gvs, Rb^Gvs, Hh^Eff, Hhd^Eff, Hhd, Mm, Mm, Md^Xm, Md^Xm, Md^Xm, Mm, Mm, Ms
Wog, Wwg, Wwg, Ds, Ds^Eff, Rb^Gvs, Rb^Gvs, Rb^Gvs, Gd^Eff, Gs^Eff, Re, Gd^Es, Re, Re^Vhr, Hhd, Hhd, Gd^Es, Hhd, Hhd, Md, Mm, Mm, Mm^Xm, Md, Md, Md, Hhd, Rb^Gvs, Rb^Gvs, Rb^Gvs, Rb^Gvs, Re^Eff, Re, Rrd, Rr, Re^Eff, Re^Eff, Rb^Gvs, Rb^Gvs, Rb^Gvs, Rb^Gvs, Rb^Gvs, Re^Eff, Re^Eff, Hh, Hh, Mm, Mm, Mm, Mm, Mm, Md^Xm, Ms, Ms, Ms
Wog, Wog, Wwg, Ds^Es, Ds, Gd^Eff, Gll, Re^Vhr, Re, Gd^Efm, Re, Re, Re, Gd, Gd^Efm, Gd^Efm, Gd^Qhh, Gd^Es, Hhd, Md, Md, Mm, Mm, Mm^Xm, Mm^Xm, Mm, Hhd, Hhd, Rb^Gvs, Rb^Gvs, Re^Eff, Re^Eff, Gll^Efm, Rr, Rrd, Rp, Gd, Re^Eff, Re^Eff, Rb^Gvs, Re^Eff, Re^Eff, Hhd, Hhd, Mm, Mm, Mm, Mm, Mm, Mm, Mm, Mm, Mm, Ms, Ms
Wog, Wog, Wog, Wwg, Wwg, Ds^Es, Gll, Gd^Qhh, Gd^Qhh, Re^Es, Re^Es, Gd^Ecf, Re^Qhh, Re^Qhh, Re^Qhh, Re^Qhh, Re^Vhr, Gd^Qhh, Co^Qhh, Co^Qhh, Ko, Mm, Mm, Mm, Mm, Mm, Mm^Xm, Hhd, Hhd, Hhd, Mm^Xm, Gd^Efm, Gd^Efm, Rrd, Rrd, Rp, Gll, Gll, Gd, Re, Hhd, Hhd, Mm, Mm, Mm, Md^Xm, Md^Xm, Mm, Mm, Mm, Md^Xm, Mm, Mm, Mm, Mm
Wog, Wog, Wog, Wog, Wwg, Ds^Ewsh, Ds, Gd^Es, Gd^Qhh, Gd^Qhh, Re^Qhh, Re^Qhh, Gd^Es, Hhd, Hhd, Gd, Gll^Es, Gll, Co^Qhh, Co^Qhh, Ko, Hhd, Hhd, Hhd, Hhd, Mm^Xm, Mm^Xm, Mm, Mm, Mm^Xm, Mm^Xm, Gll, Chr, Rp, Rr, Rr, Gd, Gd^Efm, Gs, Gd, Hhd, Hhd, Mm, Mm, Mm, Mm, Mm, Md^Xm, Mm, Mm, Mm, Mm, Mm, Mm, Wwg
Re^Qhh, Wwg, Wwg, Wog, Wog, Wwg, Wwg, Ds^Es, Ds, Gd^Qhh, Re^Vhr, Gd^Dr, Gs^Es, Hhd, Co, Co, Co^Qhh, Co^Qhh, Wwrg, Ko, Wwg, Wwg, Wog, Wog, Wog^Ewl, Wog, Wog, Mm^Xm, Hhd, Mm, Mm, Ch, Khr, Rrd, Rr, Rp, Gs, Gs, Gll, Gd, Hhd, Hhd, Mm, Mm, Mm, Mm, Mm, Mm, Wwrg, Mm, Wwg, Wwg, Wwg, Wwg, Mm
Re^Qhh, Chr^Qhh, Wwg, Wog, Wog, Wwg, Wwg, Wwg, Khr, Re^Qhh, Re^_mhh, Gs^Efm, Gs^Efm, Co, Co, Ko^Qhh, Wwg, Wwg, Ss, Wwg, Gll^Qhh, Wwg, Wog, Wog^Ewl, Wog, Wog, Wog, Wog, Wwg, Hhd, Wwg, Chr, Kh, Rrd, Rp, Gd, Chr, Gll, Gll^Efm, Hhd, Hh, Mm, Mm, Mm, Mm^Xm, Mm, Mm, Mm, Wwg, Wwg, Mm, Mm, Mm, Mm, Mm
Rb^Qhh, Re^Qhh, Wwg, Wog, Wog, Wog, Wog, Wwg, Wwg, Chr^Qhh, Chw^Qhh, Gd^Efm, Chr^Qhh, Co^Qhh, Ko^Qhh, Ko^Qhh, Wwg, Ss, Ss, Gll^Qhh, Gll^Qhh, Ww^Ewl, Wwg, Wog, Wwg, Wwg, Wwg, Wwg^Ewf, Wwg, Wwg, Wwg, Wwg, Rp, Rp, Kh, Kh, Ch, Gs^Ebn, Gll^Efm, Gll^Efm, Hh, Hh, Mm^Xm, Mm^Xm, Mm, Mm, Mm, Wwg, Mm, Mm, Mm, Mm, Mm^Xm, Mm, Mm
Rb^Qhh, Rb^Qhh, Wwrg, Wwg, Wwg, Wog, Wog, Wwg, Wwg, Wwrg, Chw, Chw^Qhh, Wwg, Wwg, Wwg, Wwg, Sm, Sm, Sm, Ss, Exos^Qhh, Exos^Qhh, Wwg, Wwg, Ss, Ss, Ss, Wwg, Exos, Wwg, Wwg^Bsb/, Wwg^Bsb/, Wwg^Bsb/, Rr, Wwg, Ch, Mm, Hhd, Hhd, Hhd, Mm^Xm, Mm, Mm, Mm, Mm^Xm, Mm, Wwg, Wwg, Mm, Mm, Mm^Xm, Mm^Xm, Mm, Mm, Ms
Rb^Dr, Rb^Qhh, Rb^Qhh, Chr^Qhh, Wwg, Wog, Wog, Wog, Wog, Wwg, Wwg, Khw, Wwg, Sm, Sm, Sm, Exos^Qhh, Exos^Qhh, Exos^Qhh, Sm, Exos^Qhh, Wwg, Wwg, Ss, Ss, Ss, Exos, Exos, Rb^Dr, Rr, Rr, Wwg^Bsb/, Wwg, Wwg, Wwg, Wwg, Md^Xm, Md^Xm, Md^Xm, Mm, Mm, Mm, Mm, Mm, Mm, Mm, Wwg, Mm, Mm, Mm, Mm, Mm, Ms^Xm, Ms, Ms^Xm
Rb, Rb^Em, Exos, Rb^Qhh, Rb^Qhh, Wog, Wwg, Wog, Wog, Wog, Wog, Wwg, Ds, Sm, Rb^Qhh, Re^Qhh, Exos, Xor, Exos, Re^Qhh, Rb^Qhh, Wwg, Gll^Em, Ss, Gll^Tf, Ss, Ss, Rb^Vhcr, Rp, Rrd, Rrd, Ss, Ss, Ss, Wwg, Wwg, Wwg, Md^Xm, Wwrg, Md^Xm, Mm, Mm, Mm, Mm, Wwg, Wwg, Mm, Mm, Mm, Mm, Ms, Ms, Ms, Ms^Xm, Ms^Xm
Re, Exos, Exos, Rb^_mh, Rb^Es, Rb^Qhh, Chr^Qhh, Wog, Wwg, Wog, Wog, Wwg, Wwg, Ds, Rb^Qhh, Rb^Dr, Re^Es, Exos, Re^Dr, Rb^Es, Rb^Qhh, Wwg, Rb^Es, Gll^Tf, Tb^Tf, Xor, Xor, Rp^Es, Rrd, Rrd, Ss, Ss, Ss, Ss, Exos, Wwg, Wwg, Wwg, Wwg, Mm, Wwg, Wwg, Wwg, Mm, Wwg, Mm, Mm, Mm, Mm, Ms, Ms, Ms, Ms, Ms^Xm, Ms^Xm
Re, Exos^Es, Exos, Exos, Rb^Es, Re^Dr, Chr^Qhh, Khr^Qhh, Wwg, Wog, Wog, Wwg, Wwg, Ds, Ds, Rb^Qhh, Re^_mhh, Rb^Vhcr, Re^Qhh, Rb^Qhh, Wwg, Wwg^Bw\r, Ur, Ur, Ur, Xor, Ur, Rp, Rb^Fdw, Rb^Fdw, Xor, Xor, Exos, Exos, Tb, Exos^Dr, Ss, Ss, Wwg, Wwg, Wwg, Mm, Wwg, Wwg, Wwg, Mm, Mm, Mm, Mm, Mm, Mm, Ms, Mm, Ms, Ms
Re, Exos, Exos, Re^Fdw, Rp^Edb, Chr, Chr^Qhh, Wwg, Wwg, Wog, Wog, Wog, Wwg, Wwg, Ww^Ewl, Rb^Qhh, Exos^Qhh, Re^Dr, Exos^Qhh, Re^Qhh, Wwg, Uh, Uh, Exos, Xor, Ur, Rb^Fdw, Rrd, Rb^Fetd, Re^Fdw, Xor, Exos^Dr, Exos, Tb, Tb, Exos, Ss, Ss, Ss, Wwg, Ss, Wwg, Ss, Wwg, Md, Wwg, Wwg, Wwg, Wwg, Mm, Wwrg, Mm, Mm, Mm, Mm
Rb, Re^Fdw, Rb^Fdw, Rb^Fdw, Rp^Edb, Rp^Edb, Chr^Qhh, Wwrg, Wwg, Wog, Wog, Wwg, Wwg, Ds^Ewsh, Wwg, Exos^Dr, Wwg, Exos^Qhh, Wwg, Wwg, Uh, Uh^Tf, Tb^Tf, Exos, Exos, Rb^Fdw, Rb^Fdw, Rrd, Rrd, Re^Fdw, Re^Fdw, Exos, Exos^Dr, Exos, Exos, Exos, Ss, Ss, Ss, Ss, Ss, Ss, Mdd^Xm, Mm, Mm, Mm, Mm, Mm^Xm, Mm^Xm, Wwg, Mm, Wwrg, Mm, Mm, Mm
Rb, Rb^Fdw, Rb^Fdw, Rb^Fdw, Rp^Edb, Rb^Edb, Rb^Qhh, Ds^Es, Wwg, Wwg, Wog, Wog, Wwg, Wwg, Ds, Wwg, Ds, Wwg, Uh, Wwg, Uh, Uh^Tf, Rb^Em, Rb^Tf, Re^Es, Re^Fdw, Rb^Fdw, Rrd, Rp^Es, Re^Fdw, Rb^Fdw, Rb^Fdw, Rb^Fdw, Gll^Em, Gll^Tf, Gll^Tf, Xor, Xor, Uhe, Ss, Mdd, Mdd^Xm, Mdd^Xm, Mm, Mm, Mm, Mm, Mm, Mm, Mm^Xm, Mm, Wwg, Wwg, Mm, Mm
Rb^Edb, Rb^Dr, Rb^Em, Rp^Vhcr, Rd^Es, Rb^Qhh, Dd^Dc, Ds, Ds^Ewsh, Wwg, Wog, Wog, Wog, Wwg, Ds, Ds^Ewsh, Rb^Es, Rb, Rb^Fdw, Uh, Rb^Es, Rb^Fdw, Rb^Fdw, Rb^Edt, Rb^Edt, Re^Fdw, Rb^Vhcr, Rp, Rp, Rb^Vhcr, Rb^Es, Rb^Fetd, Rb^Edb, Rb^Em, Rb^Em, Uhe^Tf, Uhe^Vhhr, Uhe, Uhe, Uhe, Mdd, Mdd, Mdd^Xm, Mm, Mm, Mm, Mm, Mm, Mm, Mm, Mm, Mm, Wwg, Mm, Mm
Rb^Edb, Rb^Edb, Rb^Es, Rd^Edb, Rd^Edb, Re^Qhh, Rb^Qhh, Ds, Ds^Ewsh, Wwg, Wog, Wog, Wog, Wwg, Wwg, Ds, Rb, Rb^Fdw, Re^Fdw, Rb^Fdw, Rb^Fetd, Rb^Fdw, Rb, Rb^Edt, Rb^Ecf, Rb^Edt, Rb, Rb^Dr, Rp^Edb, Rb^Edb, Rb^Edb, Rb^Edb, Ce, Ce, Ce, Re^Es, Re^Fdw, Re^Fdw, Uhe, Uhe, Mdd, Mdd, Mdd^Xm, Mm, Mm, Md^Xm, Mm, Mm, Mm, Mm, Mm, Mm, Wwg, Mm, Mm
Rb, Rb^Em, Rp^Edb, Rp^Edb, Re^Edb, Rp^Vhcr, Tb, Chr^Qhh, Ds, Wwg, Wog, Wog, Wog, Wwg, Wwg, Ds^Ewsh, Ds, Rb, Re, Re^Fdw, Rb^Fdw, Rb^Fdw, Rb^Vdt, Rb, Rb^Dr, Rb, Rb, Rp, Rrd^Edb, Rrd, Rr, Rb^Edb, Rb, Ce, Ke, Re^Fdw, Re^Fdw, Re^Fdw, Uhe, Mdd, Mdd, Mdd^Xm, Mm, Mm, Mm, Mm, Mm, Mm, Mm, Mm, Mm, Mm, Wwg, Mm, Mm
Rd, Rd, Rp, Re^Edb, Exos, Tb, Tb, Re^Qhh, Rb^Qhh, Wwg, Wwg, Wog, Wog, Wog, Wog, Wwg, Wwg, Rb, Ss, Rb^Es, Ss, Rb, Ce, Ce, Ke, Ce, Rb^Es, Rb, Rb, Rrd, Rr^Es, Rrd, Rb, Rb^Ecf, Ce, Ce, Rb^Fdw, Uhe, Mdd, Mdd, Mm, Mm, Md^Xm, Mm, Mm, Mm, Mm, Md^Xm, Md^Xm, Mm, Mm, Mm, Mm, Wwg, Mm
Rd, Rp, Rb^Es, Exos, Tb, Exos, Exos^Edb, Rb^Edb, Rb^Qhh, Wwg, Wwg, Wog, Wog, Wog, Wog, Wog, Wog, Wwg, Ss, Ss, Rb^Es, Rb, Rb, Ce, Ce, Ce, Ds, Rb^Em, Re^Fdw, Re, Re^Em, Rr, Rb^Dr, Rb, Rb^Em, Rb^Fdw, Uhe, Uhe, Mdd, Mdd, Mm, Mm, Mm, Md^Xm, Md^Xm, Mm, Mm, Mm, Mm, Md^Xm, Ms, Mm, Mm, Wwg, Wwg
Re, Rb^Es, Rb^Es, Exos, Exos, Exos^Dr, Rb^Fdw, Rb^Edb, Rb^Fdw, Chr^Qhh, Wwrg, Wwg, Wwg, Wog, Wwg, Wog, Wog, Wwg, Wog, Wwg, Wwg, Wwg, Wwg, Ds, Ds^Ewsh, Ds, Ds, Rb^Fdw, Rb^Fdw, Re, Rb^Es, Rp, Rrd, Rb, Rb^Es, Uhe, Uhe, Mdd, Mdd, Mdd^Xm, Md^Xm, Md^Xm, Md^Xm, Md^Xm, Md^Xm, Md^Xm, Mm, Mm, Ms, Mm, Ms^Xm, Ms, Ms, Mm, Mm
Re, Re^Es, Re^Es, Exos, Rb, Exos^Qhh, Rb^_mh, Rb^Fdw, Rb^Fdw, Rb^Qhh, Rb^Qhh, Ds^Es, Ds^Es, Wwrg, Ds^Es, Wwg, Wwg, Wog, Wog, Wog, Wog, Wog, Wog, Wwg, Wog, Wwg, Wwg, Ds^Ewsh, Ds, Rb^Edb, Rb^Edb, Rrd, Rrd, Rb, Uhe, Uhe, Mdd, Mdd, Mdd, Mdd^Xm, Mdd^Xm, Md^Xm, Md^Xm, Md^Xm, Md^Xm, Md^Xm, Ms, Ms, Ms^Xm, Ms, Ms, Ms, Ms^Xm, Ms, Ms^Xm
Rb, Re^Es, Re, Rb, Rb, Rb^Qhh, Rb, Rb^Fdw, Rb^Fdw, Rb^Fdw, Rb^Qhh, Rb^Qhh, Rb, Ds^Ewsh, Ds, Ds, Ds, Wwg, Wog, Wog, Wog, Wog, Wog, Wog, Wog, Wog, Wwg, Wwg, Wwg, Rb^Edb, Rb^Edb, Rp, Rp, Rb, Uhe, Mdd, Mdd, Mdd, Mdd^Xm, Mdd^Xm, Mdd^Xm, Mm, Mm, Mm, Mm, Mm, Ms, Ms, Ms, Ms, Ms, Ms^Xm, Ms^Xm, Ms^Xm, Ms
