Ss, Rb^Fdw, Rb^Fdw, Uhe^Fdw, Uhe^Fdw, Uhe, Uhe^Tf, Mdd, Mdd, Uhe, Uhe, Rp, Rp, Rp, Rp, Rp, Rb, Rb, Mdd, Uhe, Uhe^Es, Sm, Sm, Sm, Sm^Edb, Sm, Rb^Dr, Rb^Em, Uhe^Tf, Uhe^Tf, Uhe, Uhe
Ss, Ss, Ss, Rb^Fdw, Rb^Tf, Tb, Mdd, Mdd, Re^Es, Uhe, Rb^Fdw, Rb^Es, Rb^Es, Rrd, Rrd, Rrd^Es, Rp^Es, Rb, Mdd, Mdd, Mdd, Uhe, Rb^Es, Rb, Re^Fdw, Sm^Edb, Rb^Edt, Rb^Em, Rb^Em, Rb^Tf, Uhe, Uhe
Wog, Ss, Wwg^Ewf, Ds^Em, Ds^Ewsh, Rb^Tf, Ds^Es, Rb^Em, Rb, Rb^Fdw, Rb^Fdw, Rb^Dr, Rb^Es, Rb^Fdw, Rb^Fdw, Rp^Es, Rp, Rb, Rb^Tf, Mdd, Mdd, Uhe^Es, Rb^Fdw, Re^Fdw, Re^Fdw, Rb^Edt, Rb^Es, Rb^Es, Rb^Es, Re^Em, Re, Re
Wog, Wwg^Ewl, Wwg^Ewl, Ds, Dd^Dc, Ds^Es, Ds^Es, Rb^Fdw, Rb^Fdw, Rb^Fetd, Re^Fdw, Rb^Fdw, Ds^Edb, Rb^Fdw, Ds^Edb, Rb^Fdw, Rr, Rrd, Rb^Tf, Uhe^Tf, Uhe, Mdd, Rb^Es, Rb^Fdw, Rb^Fdw, Rb^Fdw, Xor, Exos, Ds^Es, Ds^Ewsh, Wwg^Wkf, Wwg^Wkf
Wog, Wog, Wog, Wwg^Wkf, Wwg^Wkf, Ds^Ewsh, Wwrg, Ds^Fdw, Re^Fdw, Re^Fdw, Re^Fdw, Rb^Es, Ds^Edb, Ds^Edb, Ds^Ewsh, Rr, Exos, Rrd, Rrd^Es, Rb^Em, Uhe, Uhe^Es, Ds^Es, Rb^Dr, Rb^Fdw, Rb^Fdw, Exos, Exos, Ds^Ewsh, Ds^Ewsh, Wwg^Wkf, Wog
Wog, Wog, Wog, Wwg^Wkf, Wwg, Wwg^Wkf, Wwg, Wwrg, Wwg, Re^Fdw, Wwg, Ds^Ewsh, Wwg, Wwg, Wwg, Wwg, Wwg, Rrd^Es, Rrd^Es, Exos, Exos^Dr, Ds, Ds^Dc, Rb^Edb, Rb^Edb, Exos, Wwg^Wkf, Wwg^Wkf, Wwg^Ewl, Wwg^Ewl, Wog, Wog
Ds^Ewsh, Wog, Wog, Wog, Wog, Wwg, Wwg^Ewl, Wwg^Ewl, Wog, Wwg, Wog, Wwg, Wog, Wog, Wwrg, Wwf, Wwg^Dr, Wwf, Wwf^Es, Wwf, Wwg, Wwg, Wwg, Rb^Edb, Wwg^Wkf, Wwg^Wkf, Wwg^Wkf, Wwg, Wog, Wog^Ewl, Wog, Wog
Ds, Ds^Ewsh, Wog, Wog, Wog, Wog, Wog, Wwg^Ewl, Wog, Wog, Wog, Wog, Wog, Wog, Wwf, Wwf, Wwg, Wwg, Wog, Wwg, Wog, Wwg^Ewf, Wog^Ewl, Wwg, Wog, Wwg^Wkf, Wog, Wog, Wog, Wog, Wog, Wwg
Ds^Es, Wog, Ss, Wog, Wog^Ewf, Wog, Ss, Wog, Wog, Wog, Wog, Wog, Wog, Wwrg, Wwf, Wwf, Wwf^Es, Wwf, Wog, Wog, Wog, Wog^Ewl, Wog^Ewl, Wog, Wog, Wog, Wog, Wog, Wog^Ewl, Wog, Wwg^Wkf, Wwg^Wkf
Rb^Qhh, Ds^Es, Ds^Dr, Ss^Ewl, Ss, Ss, Ss, Wog, Ch^Qhh, Chr^Qhh, Chr^Qhh, Chr^Qhh, Chr^Qhh, Rp^Qhh, Rp^Qhh, Wwf^Es, Wwf^Es, Wwrg, Wwrg, Wwg, Wwg, Wog, Wog, Wog, Wog, Wog, Wwg, Ww^Ewl, Ww^Ewl, Wwg, Wwg^Wkf, Wwg^Wkf
Rb, Rb^Qhh, Exos^Qhh, Ss, Xor^Qhh, Exos^Qhh, Rb^Qhh, Chr^Qhh, Rp, Rrd, Rrd, Rr^Vhcr, Chr, Rrd, Rp^Qhh, Wwf^Es, Rb^Qhh, Wwrg, Ds^Es, Wwg, Wwrg, Rb^Qhh, Rb^Qhhf, Rb^Qhhf, Rb^Qhhf, Wwg, Ds^Ewsh, Ds, Ds^Es, Ds^Ewsh, Ds, Ds
Rb, Rb, Exos, Xor^Qhh, Rrd^Vhcr, Exos, Rrd^Edt, Rrd, Rp, Rp, Rrd, Rr, Rrd, Rrd, Rp^Es, Rb^Qhh, Chr^Qhh, Ds^Es, Chr^Qhh, Ds^Ewsh, Wwrg, Ds^Dr, Ds^Es, Ds^Es, Wwg^Wkf, Wwrg, Rb^Qhh, Rb^Qhh, Ds^Es, Dd^Dc, Rb^Qhhf, Rb^Qhhf
Rb, Rrd^Eb, Rrd, Exos, Rp^Edt, Rrd^Edt, Rrd^Edt, Rp^Dr, Wwg^Qhu, Wwg^Qhu, Rp, Rp, Rb, Rrd^Es, Rrd^Es, Rp^Eb, Chr, Chr^Qhh, Ch^Qhh, Ds^Es, Ds^Ewsh, Wwrg, Wwg^Wkf, Wwg^Wkf, Ds^Ewsh, Ds^Es, Rb^Qhh, Rb^Qhhf, Rb^Qhhf, Rb^Qhhf, Rb^Qhhf, Rb^Qhhf
Rp, Rp^Es, Rp^Es, Rp^Edt, Rr^Edt, Rp^Edt, Rr^Edt, Rb^Edt, Rrd^Vhcr, Wwg^Qhu, Rp^Edb, Rb^Edb, Rb^Edb, Rrd^Es, Rp^Edb, Chr, Wwg^Qhu, Khr, Ch^Qhh, Ds^Es, Rb^Qhh, Chr^Qhh, Wwg, Wwg^Wkf, Wwg, Ds^Es, Ds, Rb^Qhhf, Wwg, Rb^Qhh, Wwg, Wwg^Dr
Rb, Rr^Es, Rb^Dr, Rr, Sm^Qhu, Chr, Rrd^Edt, Rr^Edt, Rrd^Es, Rp^Es, Rp^Edt, Rrd^Edt, Rr^Edb, Rp^Edb, Rp^Edt, Rp^Edb, Rr, Rr, Rrd^Es, Rb^Qhh, Rb^Vhcr, Rb^Qhh, Wwg^Wkf, Ds^Ewsh, Ds^Ewsh, Wwg, Wwg, Wwg, Ds^Es, Wwg, Uhe^Qhh, Uhe^Qhh
Rb^Fdw, Rb, Re, Sm^Qhu, Sm^Qhu, Chr, Ch, Rrd, Chr, Rrd^Es, Rp^Edt, Rp^Edt, Rr^Edb, Rp^Edb, Rrd^Edt, Rrd, Xor, Rr, Rrd^_mh, Rp^Es, Rp, Rb^Qhh, Wwg^Wkf, Ds^Ewsh, Ds^Es, Ds^Ewsh, Ds, Wwg^Wkf, Ds^Es, Ds^Es, Re^Qhh, Uhe
Rb^Fdw, Re^Fdw, Re^Fdw, Re, Sm^Qhu, Chr, Ch, Ch, Chr, Rb^Eb, Rrd^Es, Rr^Edb, Rb^Edb, Rb^Edb, Rrd^Edb, Exos, Xor, Chr, Sm^Qhu, Rrd^Es, Rp^Pr/o, Xor^Qhh, Rb^Qhh, Wwg^Wkf, Wwg^Wkf, Ds, Rb^Qhhf, Ds^Es, Uhe^Qhh, Re^Qhh, Uhe, Uhe
Rb^Fdw, Rb^Fdw, Re^Fdw, Re^Fdw, Rb, Sm^Qhu, Sm^Qhu, Sm^Qhu, Sm^Qhu, Chr, Rp^Es, Rrd^Es, Rrd^Es, Chr, Ch, Xor, Chr, Chr, Sm^Qhu, Xor, Rrd, Rp, Rb^Qhh, Wwg^Wkf, Exos^Qhh, Wwg, Rb^Qhhf, Rb^Qhhf, Tb^Tf, Uhe, Mdd, Uhe^Fdw
Wwg^Qhu, Rb^Fdw, Rb^Fdw, Rb^Fdw, Wwg^Qhu, Sm^Qhu, Sm^Qhu, Sm^Qhu, Sm^Qhu, Sm^Qhu, Rp, Rr^Es, Rrd^Es, Sm^Qhu, Sm^Qhu, Ch, Sm^Qhu, Sm^Qhu, Uhe, Rb, Rp, Rrd, Rb^Qhhf, Rb^Qhhf, Wwg, Wwg, Re^Qhh, Rb^Fdw, Tb^Tf, Mdd, Mdd, Uhe
Re^Fdw, Wwg^Qhu, Wwg^Qhu, Wwg^Qhu, Rb^Fetd, Sm^Qhu, Sm^Qhu, Rb^Dr, Rb, Rb, Rr, Rr, Rp, Rb, Rb^Eb, Sm^Qhu, Uhe^Tf, Uhe^Tf, Xor, Xor, Rp, Exos, Xor, Rb^Qhhf, Wwg, Re^Qhh, Re^Fdw, Rb^Fdw, Rb^Fdw, Uhe^_mh, Uhe^Em, Uhe^Em
Re^Fdw, Re^Fdw, Rb^Fdw, Rb^Fdw, Wwg^Qhu, Wwg^Qhu, Wwg^Qhu, Wwg^Qhu, Rb, Rb^Vhcr, Rr^Es, Rp, Rb^Es, Rb, Wwg^Qhu, Sm^Qhu, Uhe, Uhe^Tf, Xor, Exos, Exos, Tb, Exos, Rb^Qhhf, Wwg, Rb^Qhhf, Rb^Qhhf, Re^Fdw, Rb^Fdw, Uhe^Em, Re^Dr, Uhe^Em
Rb^Fdw, Rb^Fdw, Rb^Fdw, Rb^Fdw, Wwg^Qhu, Re, Re, Wwg, Wwg, Rp, Rr, Rp^Es, Wwg, Rb, Xor, Wwg^Qhu, Wwg, Uhe, Re^Em, Exos, Rb^Em, Rr, Rrd, Rb^Qhh, Wwg, Rb^Qhhf, Wwg, Rb^Qhhf, Rb^Qhh, Re^Qhh, Re^Qhh, Re^Qhh
Wwg^Qhu, Rb^Fdw, Wwg^Qhu, Wwg^Qhu, Wwg^Qhu, Re, Re^Fdw, Rb, Wwg, Rp, Wwg^Bsb\, Wwg^Dr, Rb, Wwg, Exos, Wwg, Re^Es, Re^Es, Re^Es, Rb^Em, Rb^Em, Rrd, Rrd, Rp^Qhh, Rp^Qhh, Wwg, Rb^Qhh, Wwg, Wwg, Wwg, Wwg, Wwg
Rb, Wwg^Qhu, Rb, Rb, Rb, Re^Fdw, Re, Rb^Fdw, Rb, Wwg, Rb, Rb, Rb, Wwg, Wwg, Wwg, Ss^Wkf, Exos, Exos, Rb^Eb, Rr^Es, Rp^Vhcr, Rp, Rr, Rr, Rrd^Qhh, Rrd^Es, Rp^Qhh, Xor^Qhh, Exos^Qhh, Re^Qhh, Re^Qhhf
Rb^Fdw, Rb, Rb^Fdw, Rb^Fdw, Rb^Fdw, Rb^Fdw, Rb^Fdw, Rb^Fdw, Rb^Fdw, Rb, Rb^Fdw, Rb, Rb, Rr, Rb, Wwg, Wwg, Ss^Wkf, Exos, Rr^Es, Rr^Es, Rp^Es, Rb^Dr, Rp^Em, Rr, Rr, Rp^Es, Rp^Es, Rrd, Rb^Eb, Rb^Fdw, Re^Fdw
Re, Re^Fdw, Re^Fdw, Rb^Fdw, Re, Rb^Fdw, Rb^Fdw, Rb^Fdw, Rb, Rb^Fdw, Re^Fdw, Re^Fdw, Rb^Fdw, Rb, Rb, Rb, Wwg, Wwg, Wwg, Rb, Exos, Rb, Rb^Em, Rb^Em, Exos, Rb^Vhcr, Exos, Exos, Sm, Rrd, Rr^Es, Rb^Fdw
Re^Fdw, Re^Fdw, Rb^Fdw, Rb^Fdw, Rb^Fdw, Re, Re^Fdw, Rb^Fdw, Rb^Fdw, Rb^Fdw, Re^Fdw, Re^Fdw, Re^Fdw, Rb^Fdw, Rb, Rb, Wwg, Wwg, Rb^Qhh, Wwg, Wwg, Wwg, Wwg, Ss, Sm, Exos, Sm, Sm, Ss, Rrd, Rrd^Es, Rb
Re^Fdw, Rb^Fdw, Gll, Rb^Fdw, Rb^Fdw, Rb^Fdw, Re^Fdw, Re^Fdw, Rb, Rb^Fdw, Rb^Fdw, Re^Fetd, Re^Fdw, Rb, Rb, Rr, Rb, Wwg, Rb^Qhh, Rb^Vhr, Rb, Rb, Wwg, Wwg, Wwg, Sm, Ss, Ss, Rb, Rp, Rr^Es, Rrd^Es
Re^Fdw, Rb^Fdw, Gll^Fdw, Gll, Rb^Fdw, Rb, Rb, Re, Gll, Gll^Fdw, Rb^Fdw, Rb^Fdw, Rb, Rb, Rb, Rr, Rr, Wwg^Bw/r, Wwg, Wwg, Wwg, Wwg, Rb^Fdw, Rb^Fdw, Wwg, Wwg, Wwg, Ss, Sm, Rb, Rb, Rr^Es
Rb, Rb^Fdw, Gll, Rb^Fdw, Rb, Rb, Gd, Rb, Gd^Fdw, Gll^Fdw, Gll, Rb, Gll, Rb, Gll, Rb, Rb, Rb, Gll^Fdw, Gll, Gll^Fdw, Rb^Fdw, Rb^Fdw, Rb^Fdw, Ss, Wwg, Wwg, Ss, Ss, Re^Fdw, Rb^Fdw, Rrd^Es
Gll^Fdw, Rb^Fdw, Rb^Fdw, Gll^Fdw, Rb, Rb^Fdw, Rb, Rb, Gll, Gd, Gd, Gll, Rr, Rb, Rr, Rb, Rb, Gll^Fdw, Gll^Fdw, Gll^Fdw, Gll, Rb^Fdw, Gll^Fdw, Ss, Wwg, Wwg, Wwg, Uhe, Uhe^Em, Re^Fdw, Re^Fdw, Rb
Gll^Fdw, Rb^Fdw, Gd^Fdw, Rb^Fdw, Gd^Fdw, Gd, Rb, Gll, Gll, Gll, Gd, Rr, Gll, Rr, Gll, Gll, Gll^Fdw, Gll^Fdw, Rb^Fdw, Rb, Rb, Ss, Ss, Ss, Wwg, Wwg, Uhe, Uhe^Em, Uhe^Em, Mdd, Mdd, Re^Fdw
Gll^Fdw, Gll^Fdw, Gll^Fdw, Rb^Fdw, Gll, Gd, Rr, Rr, Rr, Rr, Gd, Gll, Gll^Fdw, Gll^Fdw, Gll^Fdw, Rb, Gll, Gll^Fdw, Gd^Fdw, Rb, Wwg, Wwg, Wwg, Wwg, Wwg, Wwg, Wwg, Uhe, Uhe, Mdd, Tb, Rb
Gll^Fdw, Gll^Fdw, Gll^Fdw, Gll^Fdw, Gll, Gll, Rr, Rr, Gll^Qhh, Gll, Gll^Fdw, Gll^Fdw, Hhd^Fdw, Hhd^Fdw, Gll^Fdw, Gll^Fdw, Wwg^Wkf, Rb, Rb^Fdw, Gd, Wwg, Ds^Ewsh, Ds, Ds, Ds^Ewsh, Wwg, Wwg^Wkf, Wwg, Wwg, Uhe^Tf, Tb^Tf, Wog
Gll, Gll^Fdw, Gll^Fdw, Gll, Gll, Rr, Gll, Gll^Qhh, Gll^Qhh, Gll^Qhh, Rb^Qhh, Gll^Fdw, Hhd^Fdw, Hhd^Fdw, Gll^Fdw, Gll, Wwg^Wkf, Gll, Rb, Rb, Wwg, Wwg^Wkf, Hd, Hd, Mdd, Ds, Ds^Ewsh, Wwg^Wkf, Wwg, Re^Fdw, Re^Fdw, Wog
Gll, Gll, Gd^Fdw, Gll, Rr, Gll, Gll, Gll^Qhh, Md, Md, Md^Xm, Hhd^Qhh, Hhd^Qhh, Hhd, Hhd, Gd, Wwg^Wkf, Wwg^Wkf, Wwg^Wkf, Wwg, Wog, Wwg^Wkf, Hd, Mdd, Mdd, Mdd, Ds, Wwg^Wkf, Wwg, Re^Fdw, Wwg, Wog
Gll^Fdw, Gll^Fdw, Gd^Fdw, Gd^Fdw, Gd, Rr, Gd, Gll^Qhh, Md, Md, Md^Xm, Md, Md, Hhd^Qhh, Hhd^Qhh, Wwg^Wkf, Hhd^Qhh, Wog, Wog, Wog, Wog, Hd, Hd, Mdd, Hd, Hd, Ds, Wwg^Wkf, Wwg, Wwg, Wog, Wog
Gll^Fdw, Gd, Gd, Gll^Fdw, Gd, Rr, Rr, Gll^Qhh, Gll, Md, Md, Md^Xm, Md^Xm, Md, Md, Hhd^Qhh, Hhd, Hhd^Qhh, Hhd^Qhh, Wog^Qhh, Hhd^Qhh, Hd, Uhe^Qhh, Hd, Uhe^Qhh, Uhe^Qhh, Uhe^Qhh, Ds^Ewsh, Ds, Ss, Ss, Ss
Gll^Fdw, Gll, Gll^Qhh, Gll^Qhh, Gll^Qhh, Gd^Qhh, Gll^Qhh, Gll^Qhh, Rr, Gll, Rr, Md, Md, Md^Xm, Md^Xm, Md, Md^Xm, Md, Md, Hhd^Qhh, Md, Hhd^Qhh, Hhd^Fdw, Uhe^Qhh, Hhd^Fdw, Uhe, Uhe^Qhh, Uhe^Qhh, Hhd^Qhh, Ss, Hhd^Qhh, Hhd^Qhh
Gll^Qhh, Gll^Qhh, Mm, Mm, Mm, Mm, Mm, Chr, Gll, Rr, Gll, Rr, Md, Md, Md^Xm, Md^Xm, Md^Xm, Md^Xm, Md^Xm, Md^Xm, Md, Hhd^Fdw, Md, Hhd^Fdw, Md, Md, Md, Md, Md, Hhd^Qhh, Md^Xm, Hhd
Wwg^Qhh, Gd, Wwg, Mm, Mm, Mm, Md^Xm, Mm, Gll, Gll, Gll, Gd, Gll, Md, Gll^Fmf, Md^Xm, Md, Md, Md, Md^Xm, Md^Xm, Md^Xm, Md^Xm, Md, Md^Xm, Md, Md, Md, Md, Md, Md, Md
Hh^Qhh, Wwg, Mm, Wwg, Hh, Md, Md, Md^Xm, Md^Xm, Gll, Gd, Gll, Gll^_mhh, Gll^Fdf, Gll^Fdf, Md, Gll^Fmf, Md, Gd^Fmf, Md, Md, Md, Md, Md^Xm, Md^Xm, Md^Xm, Md^Xm, Md^Xm, Md^Xm, Md^Xm, Md^Xm, Md
Hh^Qhh, Hh, Mm, Wwg, Hh, Hh, Md, Md, Md, Md, Gd, Gd, Gll, Gll, Gll^Fdf, Gll^Fdf, Gll^Fdf, Gll^Fmf, Gd^Fdf, Hhd^Fdf, Hhd^Fdf, Md, Md^Xm, Md, Md, Md^Xm, Md^Xm, Md^Xm, Md^Xm, Md^Xm, Md^Xm, Md
Hh^Qhh, Mm, Mm, Wwg, Wwg, Hh, Hh, Md, Md, Md^Xm, Md, Gd, Gd, Gll, Gd, Gll, Rr, Gll^Fdf, Gll, Gd^Fdf, Hhd, Hhd, Md, Md^Xm, Md^Xm, Md, Md, Md, Md, Md^Xm, Md^Xm, Md^Xm
Hh^Qhh, Md, Mm, Mm, Mm, Wwg, Hh, Md, Md, Md, Md, Gll, Gd, Gd, Gd, Gd, Rr, Gll, Gll^Qhh, Gll^Qhh, Gll^Qhh, Hhd, Gll^Fdf, Md, Hhd, Md, Hhd, Hhd, Hhd, Md, Md, Md^Xm
Hh^Qhh, Hh, Hh, Mm, Mm, Wwg, Hh, Hh, Md, Md, Md, Gd, Gll^Qhh, Gll, Gll^Qhh, Gd, Gd^Qhh, Gll^Qhh, Wwg, Wwg, Wwg, Gll^Qhh, Gll^Qhhf, Gll^Fmf, Gll^Fmf, Hhd, Gd^Qhh, Gd^Qhh, Hhd^Qhh, Hhd, Md, Md
Wwg, Hh^Qhh, Hh^Qhh, Hh^Qhh, Wwg^Qhh, Wwg, Hh, Hh, Md, Md^Xm, Md, Gd, Gd^Qhh, Gll^Qhh, Wwg, Gll^Qhh, Wwg, Wwg^Bw\r, Gd, Gll, Gll^Fdf, Wwg, Wwg, Gll^Qhhf, Gll^Qhhf, Gd^Qhhf, Wwg, Wwg, Wwg, Hhd^Qhh, Hhd, Md
Wwg, Wwg, Wwg, Wwg, Wwg, Wwg^Qhh, Gd^Qhh, Hh, Hh, Md, Md, Gd, Gd^Qhh, Wwg, Ds, Wwg, Gll, Gll, Gd, Gll, Gll^Fdf, Gll, Wwg, Gll^Qhhf, Gll^Qhhf, Wwg, Wwg, Gll, Wwg, Hhd^Qhh, Hhd^Qhh, Md
Wwg, Wwg, Wog, Wog, Wog, Wwg, Wwg, Gd^Qhh, Hh, Md, Md, Gd, Gd^Qhh, Wwg, Ds, Gll, Gll, Rr, Rr, Gd^Fdf, Gd^Fdf, Gd, Wwg, Gll^Qhhf, Gll^Fdf, Gll^Qhhf, Wwg, Gll, Gll, Wwg, Hhd^Qhh, Md
Wog, Wwg, Wog, Wog, Wwg, Wwg, Wwg, Gd^Qhh, Gd^Qhh, Md, Gd, Gd^Qhh, Wwg, Wwg, Ds, Ds, Gll, Gd, Rr, Gd^Fdf, Gll^Fdf, Gll^Fdf, Wwg, Gll^Qhhf, Gll^Qhhf, Gll^Qhhf, Wwg, Gll, Gll, Wwg, Gll^Qhh, Hhd^Qhh
Wog, Wog, Wog, Wog, Wog, Wwg, Wwg, Wwg, Gd^Qhh, Gd, Gd^Qhh, Gd^Qhh, Wwg, Wwg, Ds, Ds, Ds, Gd, Gd, Rr, Rr, Gll, Gll, Wwg, Wwg, Wwg, Gd, Gd, Gd, Wwg, Gll^Qhh, Hhd^Qhh
Wog, Wog, Wog, Wog, Wog, Wog, Wwg, Wwg, Wwg, Gd^Qhh, Wwg, Wwg, Wwg, Ds, Ds, Ds, Gd, Gd, Rr, Rr, Gll, Gll, Gll, Gll, Gd, Gd, Gd^Fdf, Gd, Gd, Wwg, Wwg, Gll^Qhh
Wwg, Wwg, Wog, Wog, Wog, Wog, Wog, Wwg, Wwg, Wwg, Wwg, Ds, Ds, Ds, Ds, Ds, Gll, Gd, Rr, Rr, Gll, Gll^Fdf, Gll^Fdf, Gd, Gd, Gd^Fdf, Gd^Fdf, Gd^Fdf, Gd, Gd, Gll, Wwg
Ds, Wwg, Wwg, Wog, Wwg, Wog, Wwg, Wog, Wwg, Wwg, Wwg, Ds, Ds, Gll, Gd^Fdf, Gll, Gll, Gll, Rr, Gll, Gll^Fdf, Gll^Fdf, Gll^Fdf, Gll, Gll, Gll^Fdf, Gd, Gd, Gd^Fdf, Gll, Gll^Fdf, Gll
Ds, Ds, Wwg, Wwg, Ds, Wwg, Wwg, Wog, Wog, Wwg, Wwg, Ds, Ds, Gd, Gll^Fdf, Gd, Rr, Rr, Gll, Gll, Gd, Gll^Fdf, Gd^Fdf, Gll, Gll, Gll^Fdf, Gll^Fmf, Gd, Gll^Fdf, Gll^Fdf, Gll^Fdf, Gll
Ds, Ds, Wwg, Wwg, Ds, Wwg, Wwg, Wwg, Wwg, Wwg, Ds, Ds, Gs, Gs^Fdf, Gs^Fdf, Gd, Rr, Gll, Gll, Gd, Gd, Gd, Gll^Fdf, Gll^Fdf, Gll^Fmf, Gll^Fmf, Gs^Fmf, Gll, Gll, Gll^Fdf, Gll^Fdf, Gd^Fdf
Gll, Ds, Ds, Wwg, Ds, Ds, Ds, Wwg, Ds, Ds, Ds, Ds, Gd^Fdf, Gd^Fdf, Gd, Rr, Gll, Gll, Gll, Gd, Gll^Fdf, Gd^Fdf, Gd^Fdf, Gd^Fdf, Gll^Fmf, Gs^Fdf, Gll^Fdf, Gd^Fmf, Gd^Fmf, Gd, Gd, Gd^Fdf
Gll, Ds, Ds, Ds, Ds, Ds, Ds, Wwg, Ds, Ds, Gs, Gs^Fdf, Gs^Fdf, Gd, Gd, Rr, Gll, Gll, Gll, Gd^Fdf, Gll^Fdf, Gll^Fdf, Gd^Fdf, Gd^Fdf, Gll^Fmf, Gll^Fdf, Gll^Fdf, Gs^Fdf, Gll^Fdf, Gd, Gd, Gd
Gll, Gll, Gll, Ds, Gll, Gd, Ds, Wwg, Wwg, Ds, Wwg, Gs, Gs, Gs^Fdf, Gs, Gll, Rr, Gll, Gll, Gll^Fdf, Gll, Gll^Fdf, Gll, Gd, Gd, Gs, Gll, Gll, Gs^Fdf, Gll, Gll, Gd
Gll, Gll^Fdf, Gll^Fdf, Gll, Gs^Fdf, Gll, Gll, Ds, Gll, Wwg, Gll, Wwg, Wwg, Gll, Gll, Gll, Rr, Gll, Gll, Gll^Fdf, Gll^Fdf, Gll^Fdf, Gll, Gd, Gs, Gs, Gll, Gll^Fdf, Gll^Fdf, Gll, Gll, Gd
Gd^Fmf, Gll^Fdf, Gll^Fdf, Gll^Fdf, Gll^Fdf, Gs^Fdf, Gd^Fdf, Gll, Gll^Fdf, Gll, Gll, Gll, Gll, Wwg, Gll, Gll, Rr, Gll, Gll, Gll^Fdf, Gll^Fmf, Gll^Fdf, Gll^Fmf, Gll^Fmf, Gll^Fmf, Gs, Gs, Gd, Gs^Fdf, Gs^Fdf, Gll, Gll
Gll^Fmf, Gd^Fmf, Gll^Fmf, Gll^Fmf, Gs^Fmf, Gs^Fdf, Gs^Fdf, Gd, Gs^Fdf, Gll^Fdf, Gll, Gll, Gd, Wwg, Gs^Fdf, Gll, Rr, Gll, Gs, Gll, Gs^Fdf, Gll^Fmf, Gll^Fmf, Gll^Fmf, Gd, Gd^Fdf, Gd, Gd^Fdf, Gs^Fdf, Gd^Fdf, Gll^Fdf, Gll^Fdf
Gll^Fdf, Gll^Fdf, Gd^Fdf, Gll^Fmf, Gs^Fmf, Gs^Fmf, Gs^Fdf, Gs^Fdf, Gs^Fdf, Gs^Fdf, Gd, Gd, Wwg, Wwg, Gs, Gs^Fdf, Gs, Rr, Gs, Gs, Gs^Fdf, Gs^Fmf, Gs^Fmf, Gll^Fmf, Gd^Fmf, Gll^Fdf, Gd, Gd^Fdf, Gd^Fdf, Gd^Fdf, Gd, Gd^Fdf
Gll, Gll^Fdf, Wwg, Gd^Fmf, Gd, Gs, Gll, Gs^Fdf, Gll, Gd, Wwg, Wwg, Gll, Gd, Gll^Fdf, Gll^Fdf, Gll, Rr, Gll, Gs, Gll, Gll^Fdf, Gll, Gs^Fmf, Gll, Gll, Gll, Gd, Gd, Gd^Fdf, Gll, Gll
