Gd, Gll^Fmf, Gd^Fetd, Gll^Fmf, Gll^Fmf, Gd^Qhhf, Gd^Qhhf, Gll^Fmf, Gll^Fmf, Gll^Fmf, Gll^Fmf, Gll, Gll, Re, Gll^Efm, Re, Gll^Fmf, Re, Re, Gll, Gll, Gd, Gll, Gll^Fmf, Gll^Fmf, Gll^Fmf, Gll^Fmf, Gll, Rb, Gd, Gd, Gd, Re, Re, Cer, Re, Re, Re, Gd, Gd, Gll, Gll, Ds, Ds, Ds, Ds, Wwg, Ds, Wwg, Wwg, Wwg, Wwg, Wwg, Hhd^Qhh, Md, Md^Fmf, Gd^Qhuf, Gll^Qhuf, Gll^Qhuf, Gll^Qhuf, Gll, Md
Gll^Fmf, Gll^Fmf, Gll^Fmf, Gll^Fmf, Gll^Qhhf, Gll^Qhux, Gll^Qhux, Gd^Qhhf, Gll^Qhux, Gll^Fmf, Gll^Fmf, Gd, Gd, Gll^Efm, Gd^Efm, Gd, Gd^Fmf, Gll^Fmf, Gll^Fmf, Re, Re, Gll, Re, Gll^Fmf, Gll, Gll^Fmf, Gll, Gll, Rb, Re, Re, Re, Gll, Gll, Wwg^Bw|, Gll, Gll, Gll, Gll, Gd, Cer, Ds, Wwg, Wwg, Wwg, Wwg, Wwg, Wwg, Wwg, Wwg, Wwg, Wwg, Gll^Qhhf, Md^Qhh, Md^Fmf, Md^Fmf, Gd^Qhuf, Gd^Qhuf, Gd, Gd^Qhuf, Md, Md
Gg, Gll^Fmf, Gll^Qhhf, Gll^Qhhf, Gll^Qhux, Gll^Fdf, Gll^Qhux, Gll^Qhux, Gll^Qhux, Gll^Fdf, Gll^Fmf, Gll^Fmf, Gll, Gd^Efm, Gll, Gd, Gll, Gll^Fmf, Gd, Gll, Gll, Re, Gd, Re, Re, Gll, Re^Edb, Gll^Edb, Rb^Edb, Gll, Wwg, Gll, Wwg, Wwg, Gll, Wwg, Wwg, Gll, Gll, Gll, Wwg^Bw|, Wwg, Gll^Qhhf, Gll^Qhhf, Gll^Qhhf, Gll^Qhhf, Wwg, Wwg, Gll^Qhh, Gll^Qhh, Gll^Qhh, Gll^Qhhf, Gll^Fmf, Md, Gd, Gd, Gll, Gll, Hhd, Gll, Md, Md
Wog, Gll^Fdf, Gll^Fdf, Gll^Qhhf, Gll^Qhhf, Gll^Qhux, Gll^Qhux, Gll^Qhux, Gll^Fmf, Gll^Fmf, Gll, Gll, Gll, Gll, Wwg, Gll, Gll, Gd, Gd, Gd, Gll, Gd, Gd, Gll, Gll, Re^Edb, Gll^Edb, Cer^Edb, Wwg^Bw\, Wwg, Gll, Wwg, Gll, Gll, Gll, Cer, Wwg^Bw\, Wwg, Wwg, Wwg, Gll^Qhhf, Wwg, Gll^Qhhf, Gll^Qhhf, Gll, Gll, Wwg, Wwg, Gll^Qhh, Gll^Qhh, Gll^Qhh, Gll^Fmf, Gll^Fmf, Gd, Gll, Gll, Gll, Hhd, Hhd^Qhh, Hhd, Md^Qhh, Md
Wog, Wwg, Wwg, Gll, Gll, Gll^Fdf, Gll^Fdf, Gll^Qhux, Gll, Gll^Fdf, Gll, Cer, Wwg^Bw\, Wwg, Gll, Wwg, Wwg, Wwg, Wwg, Wwg, Wwg, Gll, Wwg, Gll, Gll, Gll, Wwg, Wwg, Wwg, Rb, Cer, Gll, Gll, Gll, Wwg, Wwg, Wwg^Bw|, Wwg, Wwg, Gll^Qhhf, Gll^Qhhf, Gll^Qhhf, Gll^Qhhf, Gll^Qhhf, Gll, Wwg, Wwg, Wwg, Wwg, Wwg, Wwg, Gll^Qhh, Wwg, Gll, Gll, Gll, Wwg, Hhd, Hhd^Qhh, Md^Qhh, Hhd^Qhh, Hhd^Qhh
Wog, Wog, Gll^Qhh, Wwg, Wwg, Gll, Gll, Gll, Gll, Gll, Wwg, Wwg, Gll, Gd, Gll^Dr, Gll, Wog, Wog, Wog, Wwg, Wog, Wog, Wwg, Wwg, Wwg, Wwg, Wwg, Wwg, Wwg, Wwg, Wwg^Bw|, Wwg, Wwg, Wwg, Wwg, Wwg, Rb^Edb, Wwg, Wwg, Wwg, Wwg, Wwg, Wwg, Gll, Gll, Gll, Wwg, Wwg, Gd^Qhh, Gd^Qhh, Gd^Qhh, Wwg^Qhh, Gd, Wwg, Wwg, Wwg, Gll^Qhh, Wwg^Qhh, Hhd^Qhh, Hhd^Qhh, Md, Hhd
Wog, Wog, Gll^Qhh, Gll^Qhh, Wwg, Gll, Gd, Gll, Gll, Gll, Wwg, Wwg, Gll, Gll, Wwg^Bw|r, Gll, Wog, Wog, Wwg, Wog, Wwg, Wwg, Wwg, Wwg, Gll, Wwg, Gll, Gll, Gll, Gll, Rb, Gll, Gll, Wwg, Gll, Gll^Edb, Rb^Edb, Gll^Edb, Gll^Edb, Gll, Gll, Wwg, Wwg, Wwg, Wwg, Wwg, Gd^Qhh, Gd^Qhh, Gd^Fmf, Gd, Gd, Gd, Gll, Gll, Gll, Gll, Hhd, Wwg, Hhd, Md, Md, Md
Gll^Qhh, Gll^Qhh, Gll, Gll^Qhh, Wwg, Gll, Gll, Gll, Gll, Gll, Wwg, Wwg, Wwg, Wwg, Gll, Wwg, Wwg, Wwg, Wwg, Wwg, Gll, Wwg, Gll, Gll, Gll, Gll, Gll, Gll^Ecf, Gll, Gll, Cer, Rb, Rb^Vo, Gll, Gll, Gll^Edb, Rb^Edb, Gll^Edb, Gll^Edb, Gll^Edb, Wwg, Wwg, Gll, Wwg, Gd^Qhh, Gd^Qhh, Gd^Qhh, Gd^Fmf, Gd^Fmf, Hhd, Hhd, Hhd, Gll^Fp, Gd, Hhd, Hhd, Hhd^Qhh, Wwg^Qhh, Wwg^Qhh, Md, Md, Md
Gll^Qhh, Gll, Gll, Gll^Qhh, Wwg, Gll, Gll, Cer, Wwg^Bw\, Wwg, Gll, Gll, Gll, Gll, Gll, Gll, Gll, Gll, Gll^Fp, Gll, Gll, Gll, Gll, Gll, Gll, Gll, Rb, Gd, Cer^Edb, Cer^Dr, Cer^Edb, Rb, Gll, Rb, Rb, Gll^Edb, Rb, Gll^Edb, Gll, Gll, Gll, Gd, Gd^Qhh, Gll^Qhh, Gd^Qhh, Gd^Qhh, Hhd, Gd^Fmf, Gd^Fp, Gll^Fp, Hhd^Fmf, Hhd, Gg^Fmf, Gll^Fp, Hhd^Fp, Hhd, Md, Md, Md, Wwg^Qhh, Wwg^_mh, Md
Gll^Qhh, Gll, Gd, Gd^Qhh, Gll^Qhh, Wwg, Wwg, Wwg, Gll, Gll, Gll, Gll, Gll, Gll, Gll^Es, Gll, Gll, Gll^Fp, Gll, Gll^Fp, Gll, Gll, Gd^Efm, Gll^Efm, Gd^Efm, Rb^Vo, Gll^Edb, Rb^Edb, Cer^Edb, Cer^Edb, Ker^Edb, Cer^Edb, Gll^Edb, Gll, Rb, Rb, Gll^Efm, Rb, Rb, Gd, Rb, Rb, Rb, Gll^Qhh, Gd^Qhh, Gd^Qhh, Hhd, Hhd^Fp, Hhd, Hhd^Fmf, Gll^Fp, Gll^Fp, Gll^Fmf, Gll^Fmf, Hhd, Hhd, Md, Md, Md, Hhd^Qhh, Wwg, Wwg
Gll^Qhh, Gll, Gd^Vhr, Gll, Gd, Gll^Qhh, Wwg, Wwg, Gll, Gll, Gd, Gd, Gll, Gll, Gll, Gll, Gll, Gll, Gll^Fp, Gll^Fp, Gll, Gll, Gll^Efm, Gll^Efm, Gll^Efm, Gll, Gll^Edb, Gll^Edb, Cer^Edb, Cer^Edb, Cer^Edb, Cer^Edb, Gll^Edb, Rb, Gll, Gll, Gll^Efm, Gll^Efm, Gll^Efm, Rb, Hhd, Gll, Gd^Qhh, Rb, Gd^Qhh, Gd, Hhd, Hhd, Hhd, Hhd, Hhd^Fp, Hhd^Fp, Hhd, Gll^Fp, Hhd, Md, Md, Md^Xm, Md^Qhh, Wwg, Hhd, Hhd
Gll^Qhh, Gd, Gd, Gd, Gd^Qhh, Gll^Qhh, Wwg, Gll, Gll, Gll, Gd, Gd^Vhr, Gd, Gll, Gd, Gll, Gll, Gll, Gll^Fp, Gll^Fp, Gll, Gll^Efm, Gll, Gll^Fp, Gd^Fp, Gll^Fp, Gll, Gll, Gll^Edb, Cer^Dr, Rb^Edb, Cer^Edb, Rb, Rb, Gll, Gll^Es, Gll, Gll, Hhd, Hhd, Hhd, Hhd, Gll^Qhh, Rb, Gll^Qhh, Gll, Hhd, Hhd, Hhd, Hhd, Mm, Hhd, Mm, Hhd, Md, Md, Md^Qhh, Md, Hhd^Qhh, Wwg, Md, Hhd
Gll^Qhh, Gd, Gd, Gd^Qhh, Wwg, Wwg^Bw\, Cer, Gll, Gll, Gll, Gd, Gd, Gd^Qhh, Gd^Qhh, Gll^Qhh, Gll^Qhh, Gd, Gll, Gll, Gll^Fp, Gll^Fp, Gll, Gd^Fp, Gd^Fp, Gd^Fp, Gll^Fp, Gd, Gd, Gd, Rb^Edb, Rb^Vo, Rb, Gll, Gll, Gd, Gll, Gll, Gll, Hhd^Qhh, Gll^Qhh, Gll^Qhh, Gll^Qhh, Gll^Qhh, Rb, Ket^Qhh, Hhd, Hhd, Hhd, Mm, Mm, Md^Xm, Md^Xm, Md^Xm, Md, Md, Md, Hhd, Hhd^Qhh, Wwg, Wwg, Md, Hhd
Gll^Qhh, Gd^_mh, Gll, Gll^Qhh, Wwg, Gll, Gll, Gll, Gll, Gd, Gll^Qhh, Gll^Qhh, Hhd^Qhh, Md, Md, Gd^Qhh, Gll^Qhh, Gll, Gll, Gll^Fp, Hhd^Qhhf, Gd^Fp, Gd^Fp, Gd^Fp, Gll^Fp, Gd^Fp, Gd^Fp, Gd, Gd, Gd, Gd, Rb, Gd, Gd, Gd, Gd, Hhd, Hhd, Hhd, Hhd^Qhh, Hhd^Fmf, Gll^Fmf, Ket^Qhh, Rb, Re, Hhd^Qhh, Hhd, Hhd, Mm, Mm, Mm, Md^Xm, Md^Xm, Md, Mm, Hhd, Hhd, Wwg, Hhd^Qhh, Md, Md, Hhd
Gll^Qhh, Gll, Gll^Qhh, Gll^Qhh, Wwg, Gll, Gll^Qhh, Gll^Qhh, Gll^Qhh, Gll^Qhh, Gll^Qhhf, Gll^Qhh, Hhd^Qhh, Md^Qhh, Md^Qhh, Md^Qhh, Gll^Qhh, Gll, Gll, Hhd^Fp, Hhd^Fp, Hhd^Qhh, Hhd^Qhh, Gd^Fp, Hhd^Fp, Gd^Fp, Gd^Fp, Gd, Gd^Edb, Gd, Gd, Rb, Gd, Rb^Qhh, Rb^Qhh, Hhd, Hhd, Hhd, Hhd^Qhh, Hhd^Qhh, Gll^Fmf, Gll^Fmf, Hhd^Qhh, Rb, Rb, Mm^Qhh, Mm^Qhh, Mm^Qhh, Mm^Qhh, Re^Qhh, Re^Qhh, Mm^Qhh, Mm^Qhh, Hhd, Mm, Hhd, Hhd^Qhh, Wwg, Md, Md, Md, Md^Xm
Gll^Qhh, Gll, Gll^Qhh, Wwg, Gll, Gll, Gll, Gll^Qhh, Gll^Qhh, Gll^Qhhf, Gll^Qhhf, Gll^Qhhf, Gll^Qhh, Gll^Qhh, Hhd^Qhh, Hhd^Qhh, Gll^Qhhf, Gll^Fp, Gll, Gd, Gd, Hhd^Qhh, Hhd^Qhh, Md^Qhh, Md^Qhh, Gd, Gd, Gll^Edb, Gd^Edb, Gd^Edb, Gd^Edb, Rb, Rb, Gd^Dr, Rb^Qhh, Re^Qhh, Hhd^Qhh, Hhd^Qhh, Md^Qhh, Md^Fmf, Md^Fmf, Hhd^Fmf, Hhd^Fp, Hhd^Qhh, Hhd^Qhh, Rb, Rb, Rb^Vct, Rb, Re^Qhh, Re, Rb, Rb, Mm^Qhh, Mm^Qhh, Mm^Qhh, Wwg, Wwg, Md, Md, Md, Md^Xm
Gll^Efm, Gll^Efm, Gll^Qhh, Wwg, Gll, Gll, Gll, Gll^Qhh, Gll^Qhh, Gll^Qhhf, Gll^Qhhf, Gll^Qhh, Gll^Qhh, Gll^Qhh, Gll^Qhh, Gll^Qhhf, Gll^Qhhf, Gll^Qhhf, Gll, Gll, Gd, Gd, Hhd, Md^Qhh, Md^Qhh, Hhd^Qhh, Hhd^Qhh, Gd, Hhd, Cer^Edb, Cer^Edb, Gd^Edb, Rb, Gd, Md^Qhh, Md^Qhh, Md^Qhh, Hhd^Qhh, Md^Fp, Md, Hhd^Fp, Md^Fp, Hhd^Fp, Hhd^Qhh, Rb^Vct, Rb, Re^Es, Rb, Re, Re, Re, Re^Vhr, Wwg^Qhu, Mm^Qhh, Mm^Qhh, Mm, Wwg, Md, Md, Md^Xm, Md^Xm, Md^Xm
Gll^Qhh, Gll^Efm, Gll^Qhh, Wwg, Gll, Gll, Gll, Gll^Fp, Gll^Fp, Gll^Qhhf, Hhd^Fp, Hhd^Fp, Hhd, Hhd, Hhd, Hhd^Fp, Hhd^Fp, Gll^Fp, Gll, Gd^Edb, Gd^Edb, Gd, Hhd^Qhh, Hhd^Qhh, Md^Qhh, Md^Xm, Md^Qhh, Hhd^Qhh, Hhd^Qhh, Hhd^Qhh, Gd, Rb^Edb, Gd^Qhh, Md^Qhh, Md^Qhh, Md^Qhh, Md^Xm, Md^Qhh, Md^Qhh, Md^Qhh, Hhd^Fp, Hhd^Fmf, Hhd^Fmf, Hhd^Qhh, Hhd^Qhh, Rb, Re, Re, Ce, Re, Rb, Wwg^Qhu, Wwg^Qhu, Wwg^Qhu, Wwg^Qhu, Wwg^Qhh, Hhd, Wwg, Wwg, Wwg, Wwg, Md^Xm
Gll^Qhh, Gll^Es, Gll^Qhh, Wwg, Wwg, Gll, Gll, Gll^Fp, Hhd^Fp, Hhd^Fp, Hhd^Fp, Hhd^Fp, Gll, Gll, Gll, Gll, Gll, Gll, Gll^Edb, Gll^Edb, Gd^Edb, Gd^Edb, Hhd^Qhh, Md^Qhh, Md^Qhh, Md^Qhh, Md^Qhh, Md^Qhh, Md^Qhh, Hhd, Rb, Rb, Cer^Qhh, Md^Qhh, Md^Qhh, Md^Xm, Md^Qhh, Md^Qhh, Hhd, Gll^Qhh, Hhd^_mh, Hhd^Fmf, Hhd^Qhh, Hhd^Fp, Hhd^Qhh, Rb, Rb, Ce, Ket, Ce, Rb^Ecf, Re, Wwg^Qhu, Wwg^Qhu, Gd^Qhh, Gd^Qhh, Md, Md, Md, Md, Md, Wwg
Gll^Qhh, Gll, Gll, Gll^Qhh, Wwg, Gll, Gll, Gll, Gd, Gll^Fp, Gll^Efm, Gll^Efm, Gll^Efm, Rb^Vo, Rb, Gll, Cer, Cer, Rb, Gll^Edb, Gd^Edb, Gd^Edb, Gd, Hhd^Qhh, Hhd^Qhh, Md^Qhh, Md^Qhh, Md^Xm, Md^Qhh, Hhd, Rp^Edb, Cer^Edb, Gll^Edb, Md^Qhh, Gd^Qhh, Md^Qhh, Gd, Hhd, Hhd, Gll^Qhh, Gll^Qhh, Hhd^Qhh, Re, Hhd^Qhh, Rb, Rb, Rb, Ce, Ce, Ce, Re, Rb, Rb^Es, Wwg^Qhu, Gd^Qhh, Gd, Rb, Rb, Rb, Md, Md, Md
Hhd^Qhh, Gll, Gll, Gll^Qhh, Gll^Qhh, Wwg, Gll, Gll, Gd, Gd, Gd^Efm, Gll^Efm, Gll, Gll, Gll, Ker, Cer, Re^Dr, Gll, Rb^Vo, Gd, Gd, Gll, Hhd, Hhd, Hhd^Qhh, Hhd^Qhh, Md^Qhh, Md^Qhh, Hhd, Rp^Edb, Gll^Edb, Gll^Edb, Gd^Qhh, Gll^Qhh, Gd, Gll, Gll, Rb, Ket^Qhh, Rb, Re, Hhd^Qhh, Rb, Hhd^Qhh, Hhd^Qhh, Hhd^Qhh, Rb, Rb, Ce, Re, Re, Re, Re, Gll^Qhh, Gll^Fmf, Rb, Rb^Feth, Rb, Gll^Fp, Gll^Fp, Gll^Fp
Hhd^Qhh, Gll, Hhd, Gll, Gll^Qhh, Wwg, Gll, Gll, Gll, Gd, Gd^Es, Gll^Efm, Gll, Gll, Gll, Gll, Gll, Re, Re, Gd, Gll, Gll, Gll, Gll, Rb, Hhd, Rb^Dr, Md^Qhh, Hhd^Qhh, Md^Qhh, Rp, Gll^Edb, Gd, Gll, Gll, Gll, Rb, Rb, Gd, Rb, Ket^Qhh, Gll^Qhh, Md, Hhd^Qhh, Md, Hhd, Hhd^Qhh, Rb, Rb, Rb, Rb, Re^Vct, Re, Re, Gd^Qhh, Gll^Fmf, Gll^Fmf, Rb, Gll^Fmf, Gll^Fmf, Gll^Fp, Gll^Fp
Hhd^Qhh, Hhd, Hhd, Hhd, Gll^Qhh, Wwg, Wwg, Gll, Gll, Gll, Gll, Gll, Ds, Ds, Ds, Ds, Ds^Ewsh, Rb^Vhr, Ds, Re, Re, Re, Re, Re, Md, Rb, Md, Rp, Rp, Gll, Rp, Gd, Gd, Gll, Rb, Rb, Gd, Gd, Hhd^Qhh, Hhd, Gll^Qhh, Gll, Md, Md, Hhd, Hhd, Hhd^Qhh, Rb^Vct, Rb, Rb, Rb, Rb, Re, Gd^Qhh, Mm, Gd^Fmf, Mm, Mm, Hhd, Hhd^Fmf, Md, Md
Md^Qhh, Hhd, Hhd, Gll, Gll, Gll^Qhh, Gll^Qhh, Wwg, Wwg, Gll, Gll, Gll, Ds, Ds, Wwg, Wwg, Wwg, Ds, Wwg, Ds, Gll, Gll, Gll, Md, Md^Fp, Md, Md, Md^Xm, Md, Rp, Re, Rb, Rb, Gd, Rb, Gd, Gll, Hhd, Hhd^Qhh, Hhd^Qhh, Md^Qhh, Md, Md, Hhd, Hhd, Hhd, Hhd, Hhd^Qhh, Mm^Qhh, Re^Qhh, Re^Qhh, Re^Qhh, Re^Qhh, Mm^Qhh, Mm, Mm, Mm, Mm, Md, Md, Md, Md
Md^Qhh, Hhd, Hhd, Gll, Gll, Gll, Gll^Qhh, Gll^Qhh, Wwg, Wwg, Wwg, Gll, Wwg, Ds, Wwg, Wwg, Wog, Wwg, Wwg, Ds, Ds, Ds, Ds, Md^Fp, Hhd^Fp, Hhd^Fp, Md, Md^Xm, Md^Xm, Md, Md, Hhd, Gll, Rb, Rb, Gd, Gd, Gll, Hhd, Hhd^Qhh, Md^Qhh, Md, Md, Md, Hhd, Hhd, Hhd, Mm, Mm, Mm, Hhd, Hhd, Hhd^Qhh, Hhd, Mm, Mm, Md, Md, Md, Hhd, Md, Md
Md^Qhh, Md, Md, Hhd, Hhd, Gll, Gll^Qhh, Wwg, Gll^Qhh, Gll^Qhh, Gll^Qhh, Wwg, Gll^Qhh, Wwg, Wog, Wog, Wog, Wwg, Ds^Ewsh, Ds, Ds, Ds, Ds, Gll, Gll, Hhd, Hhd, Md, Md^Xm, Md^Xm, Md^Xm, Hhd, Hhd, Hhd, Rp, Rp, Gd, Gd, Gd, Gd, Gll^Qhh, Md^Qhh, Gll, Gll, Gs^Vh, Hhd, Hhd, Hhd, Mm, Mm, Mm, Hhd, Mm, Mm^Qhh, Hhd^Qhh, Mm, Md, Md, Hhd, Md, Wwg, Hhd
Md^Qhh, Md, Md, Hhd, Hhd^Qhh, Hhd^Qhh, Wwg, Wwg, Gll^Qhh, Gll, Gll, Gll^Qhh, Gll^Qhh, Wog, Wog, Wog, Wog, Wwg, Wog, Wwg, Wwg, Wwg, Ds^Ewsh, Ds, Gll, Rb^Vhr, Gll, Hhd, Hhd, Md^Xm, Md^Xm, Md, Md, Hhd, Gd, Rp, Rp, Gd, Gd, Gd, Gll, Gll^Qhh, Gll^Qhh, Gll, Gd^_mh, Gd, Hhd, Hhd, Mm, Mm, Mm, Mm, Mm, Hhd, Mm^Qhh, Md, Hhd, Hhd^_mh, Wwg, Wwg, Hhd, Wwg
Wwg, Md^Qhh, Md^Qhh, Hhd^Qhh, Hhd^Qhh, Wwg, Wwg, Hhd^Qhh, Hhd, Hhd, Hhd, Gll, Gll^Qhh, Wog, Wog, Wog, Wog, Wog, Wog, Wog, Wwg, Ds, Ds, Ds, Gll, Rb, Rb, Hhd, Gll^Es, Gll, Md, Md^Xm, Md^Xm, Hhd, Hhd, Gll, Rb^Edb, Gd^Edb, Gll, Gd, Gll, Gll, Gd^Qhh, Gd, Gd, Rb, Gd, Hhd, Hhd, Hhd, Md, Mm, Md, Md^Qhh, Md, Mm, Hhd, Hhd, Wwg, Hhd, Md, Md
Hhd^Qhh, Wwg, Wwg, Wwg, Wwg, Hhd^Qhh, Wwg, Hhd^Qhh, Hhd, Hhd, Md, Hhd, Hhd, Gll^Qhh, Gll^Qhh, Wog, Gll^Qhh, Wog, Wog, Wog, Wwg, Ds, Ds, Gll, Gll^Fp, Gll, Gll^Fp, Rb, Rb, Gll, Hhd, Md^Fp, Md^Fp, Md^Fp, Md^Fp, Hhd, Rp^Edb, Rb^Edb, Gll, Gll^Efm, Gd^Efm, Gll, Gll, Gd^Qhh, Gll^Qhh, Gll, Gll^Qhh, Hhd, Hhd, Hhd, Md, Md, Md^Qhh, Md^Qhh, Hhd, Hhd, Wwg, Wwg, Hhd, Md, Md, Md
Md^Qhh, Md^Qhh, Md^Qhh, Md^Qhh, Md^Qhh, Wwg, Md^Qhh, Hhd^Qhh, Hhd, Hhd, Md, Md, Hhd, Gll, Gll, Gll^Qhh, Gll, Gll^Qhh, Gll^Qhh, Wog, Gll^Qhh, Wwg, Gll^Qhhf, Gll^Fp, Gll^Fp, Gll^Fp, Gll^Fp, Gll, Hhd, Rb, Rb, Hhd, Hhd, Md^Fp, Hhd, Gll, Rb^Edb, Rb, Gll, Gll^Efm, Gll, Gll^Efm, Wwg, Wwg, Gll^Qhh, Gll^Qhh, Gll^Qhh, Hhd, Md, Md, Md, Md^Qhh, Md, Hhd, Hhd, Hhd, Wwg, Hhd, Md, Md, Md, Md
Md^Qhh, Md, Md, Md, Md, Md^Qhh, Md, Md, Md, Hhd, Hhd, Hhd, Hhd, Gll^Es, Mm, Gll, Mm, Mm, Mm, Gll^Qhh, Gll^Qhhf, Gll^Qhh, Gll^Fp, Gll^Qhhf, Gll^Qhhf, Gll^Fp, Gll^Fp, Gll^Fp, Hhd, Hhd, Hhd, Rb, Rb, Hhd, Rb, Hhd, Rp, Rb^Edb, Gd, Gd, Gd^Es, Gll, Wwg, Wwg, Gll^Qhh, Gll^Qhh, Hhd^Qhh, Hhd, Md^Qhh, Md, Md^Qhh, Md^Qhh, Md, Md, Wwg, Wwg, Wwg, Md, Md, Md, Md, Md
Md^Qhh, Md, Md, Md, Md, Md, Md, Md, Md, Hhd, Hhd, Hhd^_mh, Hhd, Hhd, Mm, Mm, Mm, Mm, Mm, Gll, Hhd, Gll^Fp, Mm, Gll^Fp, Hhd, Gll^Qhhf, Gll^Qhhf, Hhd, Mm^Qhh, Mm^Qhh, Mm^Qhh, Hhd^Qhh, Hhd^Qhh, Rb, Gll, Rb, Rb, Rp, Rb, Gd, Gd, Wwg, Wog, Wog, Gll^Qhh, Hhd^Qhh, Hhd, Hhd^Qhh, Hhd, Hhd, Wwg, Wwg, Wwg, Hhd, Wwg, Hhd^Vhhr, Md, Wwg, Md, Md, Md, Md
Md^Qhh, Md, Md, Md, Md, Md, Md, Md, Md, Hhd, Hhd, Hhd, Md, Hhd, Hhd, Mm, Mm, Mm, Mm, Mm, Mm, Hhd, Hhd, Mm, Mm, Gll^Fp, Gll^Fp, Gll^Qhhf, Gll, Mm, Mm, Mm, Mm, Hhd^Qhh, Gll, Gd, Rb, Rp, Rp, Gd, Gd, Wwg, Wog, Wog, Wog, Hhd^Qhh, Hhd, Hhd, Wwg, Hhd, Wwg, Hhd, Md, Wwg, Md, Md, Md, Wwg, Md, Md, Md, Md
Md^Qhh, Md, Md, Md, Md, Md, Md, Md, Md, Md, Md, Md, Md, Md, Hhd, Hhd, Hhd, Hhd, Hhd, Mm, Md, Md, Md, Mm, Hhd, Mm, Mm, Hhd, Hhd, Gll^_mh, Hhd, Mm, Mm, Mm^Qhh, Hhd^Qhh, Gll, Rb, Rb, Rp, Rb, Wwg, Wog, Gll^Qhh, Gll^Qhh, Hhd^Qhh, Wwg^Qhh, Wwg, Wwg, Hhd, Wwg, Md, Md, Md, Md, Md, Md, Md, Wwg, Wwg, Md, Wwg, Wwg
Md^Qhh, Md, Md, Md, Md, Md, Md, Md, Md, Md, Hhd, Md, Md, Md, Md, Md, Hhd, Hhd, Hhd, Md, Md, Md, Md, Md, Gll, Hhd, Hhd, Mm, Mm, Mm, Mm, Hhd, Hhd, Hhd, Hhd^Qhh, Gll, Rp, Rb, Rb, Gd, Wwg, Wog, Gll^Qhh, Hhd^Qhh, Hhd^Qhh, Hhd, Wwg, Hhd, Hhd, Hhd, Md, Md, Md, Md, Md, Md, Md, Md, Md, Wwg, Md, Md
