Ss, Rb^Fdw, Rb^Fdw, Uhe^Fdw, Uhe^Fdw, Uhe, Uhe^Tf, Mdd, Mdd, Uhe, Uhe, Rp, Rp, Rp, Rp, Rp, Rb, Rb, Mdd, Uhe, Uhe^Es, Sm, Sm, Sm, Sm^Edb, Sm, Rb^Dr, Rb^Em, Uhe^Tf, Uhe^Tf, Uhe, Uhe
Ss, Ss, Ss, Rb^Fdw, Rb^Tf, Tb, Mdd, Mdd, Re^Es, Uhe, Rb^Fdw, Rb^Es, Rb^Es, Rrd, Rrd, Rrd^Es, Rp^Es, Rb, Mdd, Mdd, Mdd, Uhe, Rb^Es, Rb, Re^Fdw, Sm^Edb, Rb^Edt, Rb^Em, Rb^Em, Rb^Tf, Uhe, Uhe
Wog, Ss, Wwg^Ewf, Ds^Em, Ds^Ewsh, Rb^Tf, Ds^Es, Rb^Em, Rb, Rb^Fdw, Rb^Fdw, Rb^Dr, Rb^Es, Rb^Fdw, Rb^Fdw, Rp^Es, Rp, Rb, Rb^Tf, Mdd, Mdd, Uhe^Es, Rb^Fdw, Re^Fdw, Re^Fdw, Rb^Edt, Rb^Es, Rb^Es, Rb^Es, Re^Em, Re, Re
Wog, Wwg^Ewl, Wwg^Ewl, Ds, Dd^Dc, Ds^Es, Ds^Es, Rb^Fdw, Rb^Fdw, Rb^Fetd, Re^Fdw, Rb^Fdw, Ds^Edb, Rb^Fdw, Ds^Edb, Rb^Fdw, Rr, Rrd, Rb^Tf, Uhe^Tf, Uhe, Mdd, Rb^Es, Rb^Fdw, Rb^Fdw, Rb^Fdw, Xor, Exos, Ds^Es, Ds^Ewsh, Wwg^Wkf, Wwg^Wkf
Wog, Wog, Wog, Wwg^Wkf, Wwg^Wkf, Ds^Ewsh, Wwrg, Ds^Fdw, Re^Fdw, Re^Fdw, Re^Fdw, Rb^Es, Ds^Edb, Ds^Edb, Ds^Ewsh, Rr, Exos, Rrd, Rrd^Es, Rb^Em, Uhe, Uhe^Es, Ds^Es, Rb^Dr, Rb^Fdw, Rb^Fdw, Exos, Exos, Ds^Ewsh, Ds^Ewsh, Wwg^Wkf, Wog
Wog, Wog, Wog, Wwg^Wkf, Wwg, Wwg^Wkf, Wwg, Wwrg, Wwg, Re^Fdw, Wwg, Ds^Ewsh, Wwg, Wwg, Wwg, Wwg, Wwg, Rrd^Es, Rrd^Es, Exos, Exos^Dr, Ds, Ds^Dc, Rb^Edb, Rb^Edb, Exos, Wwg^Wkf, Wwg^Wkf, Wwg^Ewl, Wwg^Ewl, Wog, Wog
Ds^Ewsh, Wog, Wog, Wog, Wog, Wwg, Wwg^Ewl, Wwg^Ewl, Wog, Wwg, Wog, Wwg, Wog, Wog, Wwrg, Wwf, Wwg^Dr, Wwf, Wwf^Es, Wwf, Wwg, Wwg, Wwg, Rb^Edb, Wwg^Wkf, Wwg^Wkf, Wwg^Wkf, Wwg, Wog, Wog^Ewl, Wog, Wog
Ds, Ds^Ewsh, Wog, Wog, Wog, Wog, Wog, Wwg^Ewl, Wog, Wog, Wog, Wog, Wog, Wog, Wwf, Wwf, Wwg, Wwg, Wog, Wwg, Wog, Wwg^Ewf, Wog^Ewl, Wwg, Wog, Wwg^Wkf, Wog, Wog, Wog, Wog, Wog, Wwg
Ds^Es, Wog, Ss, Wog, Wog^Ewf, Wog, Ss, Wog, Wog, Wog, Wog, Wog, Wog, Wwrg, Wwf, Wwf, Wwf^Es, Wwf, Wog, Wog, Wog, Wog^Ewl, Wog^Ewl, Wog, Wog, Wog, Wog, Wog, Wog^Ewl, Wog, Wwg^Wkf, Wwg^Wkf
Rb^Qhh, Ds^Es, Ds^Dr, Ss^Ewl, Ss, Ss, Ss, Wog, Ch^Qhh, Chr^Qhh, Chr^Qhh, Chr^Qhh, Chr^Qhh, Rp^Qhh, Rp^Qhh, Wwf^Es, Wwf^Es, Wwrg, Wwrg, Wwg, Wwg, Wog, Wog, Wog, Wog, Wog, Wwg, Ww^Ewl, Ww^Ewl, Wwg, Wwg^Wkf, Wwg^Wkf
Rb, Rb^Qhh, Exos^Qhh, Ss, Xor^Qhh, Exos^Qhh, Rb^Qhh, Chr^Qhh, Rp, Rrd, Rrd, Rr^Vhcr, Chr, Rrd, Rp^Qhh, Wwf^Es, Rb^Qhh, Wwrg, Ds^Es, Wwg, Wwrg, Rb^Qhh, Rb^Qhhf, Rb^Qhhf, Rb^Qhhf, Wwg, Ds^Ewsh, Ds, Ds^Es, Ds^Ewsh, Ds, Ds
Rb, Rb, Exos, Xor^Qhh, Rrd^Vhcr, Exos, Rrd^Edt, Rrd, Rp, Rp, Rrd, Rr, Rrd, Rrd, Rp^Es, Rb^Qhh, Chr^Qhh, Ds^Es, Chr^Qhh, Ds^Ewsh, Wwrg, Ds^Dr, Ds^Es, Ds^Es, Wwg^Wkf, Wwrg, Rb^Qhh, Rb^Qhh, Ds^Es, Dd^Dc, Rb^Qhhf, Rb^Qhhf
Rb, Rrd^Eb, Rrd, Exos, Rp^Edt, Rrd^Edt, Rrd^Edt, Rp^Dr, Wwg^Qhu, Wwg^Qhu, Rp, Rp, Rb, Rrd^Es, Rrd^Es, Rp^Eb, Chr, Chr^Qhh, Ch^Qhh, Ds^Es, Ds^Ewsh, Wwrg, Wwg^Wkf, Wwg^Wkf, Ds^Ewsh, Ds^Es, Rb^Qhh, Rb^Qhhf, Rb^Qhhf, Rb^Qhhf, Rb^Qhhf, Rb^Qhhf
Rp, Rp^Es, Rp^Es, Rp^Edt, Rr^Edt, Rp^Edt, Rr^Edt, Rb^Edt, Rrd^Vhcr, Wwg^Qhu, Rp^Edb, Rb^Edb, Rb^Edb, Rrd^Es, Rp^Edb, Chr, Wwg^Qhu, Khr, Ch^Qhh, Ds^Es, Rb^Qhh, Chr^Qhh, Wwg, Wwg^Wkf, Wwg, Ds^Es, Ds, Rb^Qhhf, Wwg, Rb^Qhh, Wwg, Wwg^Dr
Rb, Rr^Es, Rb^Dr, Rr, Sm^Qhu, Chr, Rrd^Edt, Rr^Edt, Rrd^Es, Rp^Es, Rp^Edt, Rrd^Edt, Rr^Edb, Rp^Edb, Rp^Edt, Rp^Edb, Rr, Rr, Rrd^Es, Rb^Qhh, Rb^Vhcr, Rb^Qhh, Wwg^Wkf, Ds^Ewsh, Ds^Ewsh, Wwg, Wwg, Wwg, Ds^Es, Wwg, Uhe^Qhh, Uhe^Qhh
Rb^Fdw, Rb, Re, Sm^Qhu, Sm^Qhu, Chr, Ch, Rrd, Chr, Rrd^Es, Rp^Edt, Rp^Edt, Rr^Edb, Rp^Edb, Rrd^Edt, Rrd, Xor, Rr, Rrd^_mh, Rp^Es, Rp, Rb^Qhh, Wwg^Wkf, Ds^Ewsh, Ds^Es, Ds^Ewsh, Ds, Wwg^Wkf, Ds^Es, Ds^Es, Re^Qhh, Uhe
Rb^Fdw, Re^Fdw, Re^Fdw, Re, Sm^Qhu, Chr, Ch, Ch, Chr, Rb^Eb, Rrd^Es, Rr^Edb, Rb^Edb, Rb^Edb, Rrd^Edb, Exos, Xor, Chr, Sm^Qhu, Rrd^Es, Rp^Pr/o, Xor^Qhh, Rb^Qhh, Wwg^Wkf, Wwg^Wkf, Ds, Rb^Qhhf, Ds^Es, Uhe^Qhh, Re^Qhh, Uhe, Uhe
Rb^Fdw, Rb^Fdw, Re^Fdw, Re^Fdw, Rb, Sm^Qhu, Sm^Qhu, Sm^Qhu, Sm^Qhu, Chr, Rp^Es, Rrd^Es, Rrd^Es, Chr, Ch, Xor, Chr, Chr, Sm^Qhu, Xor, Rrd, Rp, Rb^Qhh, Wwg^Wkf, Exos^Qhh, Wwg, Rb^Qhhf, Rb^Qhhf, Tb^Tf, Uhe, Mdd, Uhe^Fdw
Wwg^Qhu, Rb^Fdw, Rb^Fdw, Rb^Fdw, Wwg^Qhu, Sm^Qhu, Sm^Qhu, Sm^Qhu, Sm^Qhu, Sm^Qhu, Rp, Rr^Es, Rrd^Es, Sm^Qhu, Sm^Qhu, Ch, Sm^Qhu, Sm^Qhu, Uhe, Rb, Rp, Rrd, Rb^Qhhf, Rb^Qhhf, Wwg, Wwg, Re^Qhh, Rb^Fdw, Tb^Tf, Mdd, Mdd, Uhe
Re^Fdw, Wwg^Qhu, Wwg^Qhu, Wwg^Qhu, Rb^Fetd, Sm^Qhu, Sm^Qhu, Rb^Dr, Rb, Rb, Rr, Rr, Rp, Rb, Rb^Eb, Sm^Qhu, Uhe^Tf, Uhe^Tf, Xor, Xor, Rp, Exos, Xor, Rb^Qhhf, Wwg, Re^Qhh, Re^Fdw, Rb^Fdw, Rb^Fdw, Uhe^_mh, Uhe^Em, Uhe^Em
Re^Fdw, Re^Fdw, Rb^Fdw, Rb^Fdw, Wwg^Qhu, Wwg^Qhu, Wwg^Qhu, Wwg^Qhu, Rb, Rb^Vhcr, Rr^Es, Rp, Rb^Es, Rb, Wwg^Qhu, Sm^Qhu, Uhe, Uhe^Tf, Xor, Exos, Exos, Tb, Exos, Rb^Qhhf, Wwg, Rb^Qhhf, Rb^Qhhf, Re^Fdw, Rb^Fdw, Uhe^Em, Re^Dr, Uhe^Em
Rb^Fdw, Rb^Fdw, Rb^Fdw, Rb^Fdw, Wwg^Qhu, Rb, Rb, Wwg, Wwg, Rp, Rr, Rp^Es, Wwg, Rb, Xor, Wwg^Qhu, Wwg, Uhe, Re^Em, Exos, Rb^Em, Rr, Rrd, Rb^Qhh, Wwg, Rb^Qhhf, Wwg, Rb^Qhhf, Rb^Qhh, Re^Qhh, Re^Qhh, Re^Qhh
Wwg^Qhu, Rb^Fdw, Wwg^Qhu, Wwg^Qhu, Wwg^Qhu, Rb, Gll, Rb, Wwg, Rp, Wwg^Bsb\, Wwg^Dr, Rb, Wwg, Exos, Wwg, Re^Es, Re^Es, Re^Es, Rb^Em, Rb^Em, Rrd, Rrd, Rp^Qhh, Rp^Qhh, Wwg, Rb^Qhh, Wwg, Wwg, Wwg, Wwg, Wwg
Rb, Wwg^Qhu, Rb, Rb, Rb, Rb, Rb, Rb, Rb, Wwg, Rb, Rb, Rb, Wwg, Wwg, Wwg, Ss^Wkf, Exos, Exos, Rb^Eb, Rr^Es, Rp^Vhcr, Rp, Rr, Rr, Rrd^Qhh, Rrd^Es, Rp^Qhh, Xor^Qhh, Exos^Qhh, Re^Qhh, Re^Qhhf
Rb, Rb, Rb, Rb, Gll, Rb, Rb, Rb, Rb, Rb, Rb, Rb, Rb, Rr, Rb, Wwg, Wwg, Ss^Wkf, Exos, Rr^Es, Rr^Es, Rp^Es, Rb^Dr, Rp^Em, Rr, Rr, Rp^Es, Rp^Es, Rrd, Rb^Eb, Rb^Fdw, Re^Fdw
Rb, Rb, Rb, Rb, Rb, Rb, Rb, Gll, Rb, Rb, Rb, Gll, Rb, Rb, Gll, Rb, Wwg, Wwg, Wwg, Rb, Exos, Rb, Rb^Em, Rb^Em, Exos, Rb^Vhcr, Exos, Exos, Sm, Rrd, Rr^Es, Rb^Fdw
Gll, Rb, Rb, Rb, Rb, Rb, Gd, Rb, Rb, Rb, Gll, Rb, Rb, Gll, Rb, Rb, Wwg, Rb^Qhh, Rb^Qhh, Wwg, Wwg, Wwg, Wwg, Ss, Sm, Exos, Sm, Sm, Ss, Rrd, Rrd^Es, Rb
Gll, Gll, Gll, Rb, Rb, Rb, Rb, Gll, Rb, Rb, Rb, Gll, Rb, Rb, Rb, Gll, Rb, Wwg, Rb^Qhh, Rb^Qhh, Gll, Rb, Wwg, Wwg, Wwg, Sm, Ss, Ss, Rb, Rp, Rr^Es, Rrd^Es
Gll, Gll, Gll, Gll, Rb, Rb, Rb, Rb, Gll, Gll, Rb, Gll, Rb, Rb, Rb, Rb, Rb, Wwg, Wwg, Wwg, Wwg, Wwg, Gll, Gll, Wwg, Wwg, Wwg, Ss, Sm, Rb, Rb, Rr^Es
Gll, Gll, Gll, Rb, Rb, Rb, Gd, Rb, Gd, Gll, Gll, Rb, Gll, Rb, Gll, Rb, Rb, Rb, Gll, Gll, Gll, Gll, Gll, Gll, Gll, Wwg, Wwg, Ss, Ss, Re^Fdw, Rb^Fdw, Rrd^Es
Gll, Gll, Gd, Gll, Rb, Rb, Rb, Rb, Gll, Gd, Gd, Gll, Rb, Rb, Rb, Rb, Rb, Gll, Gll, Gll, Gll, Gll, Gll, Gll, Wwg, Wwg, Wwg, Uhe, Uhe^Em, Re^Fdw, Re^Fdw, Rb
Gll, Gll, Gd, Rb, Gd, Gd, Rb, Gll, Gll, Gll, Gd, Gll, Gll, Rb, Gll, Gll, Gll, Gll, Gd, Gd, Gd, Gll, Gll, Gll, Wwg, Wwg, Uhe, Uhe^Em, Uhe^Em, Mdd, Mdd, Re^Fdw
Gll, Gll, Gll, Rb, Gll, Gd, Gll, Gll, Gd, Gll, Gd, Gll, Gll, Gll, Gll, Rb, Gll, Gll, Gd, Gd, Gd, Gd, Gd, Gd, Wwg, Wwg, Wwg, Uhe, Uhe, Mdd, Tb, Rb
Gll, Gll, Gll, Gll, Gll, Gll, Gll, Gll, Gll, Gll, Gll, Gll, Gll, Gll, Gll, Gll, Gll, Gll, Gll, Gd, Gd, Gd, Gll, Gll, Gll, Wwg, Wwg, Wwg, Wwg, Uhe^Tf, Tb^Tf, Wwg
Gll, Gll, Gll, Gll, Gll, Gll, Gll, Gll, Gll, Gll, Gll, Gll, Gll, Gll, Gll, Gll, Gll, Gll, Gll, Gll, Gll, Gll, Gll, Gll, Gll, Gll, Gll, Wwg, Wwg, Re^Fdw, Re^Fdw, Wwg
Gll, Gll, Gd, Gll, Gll, Gll, Gll, Gll, Gll, Gll, Gll, Gll, Gll, Gll, Gd, Gd, Gd, Gll, Gll, Gll, Gll, Gll, Gll, Gll, Gll, Gll, Gll, Wwg, Wwg, Re^Fdw, Wwg, Wwg
Gll, Gll, Gd, Gd, Gd, Gll, Gd, Gll, Gll, Gll, Gll, Gll, Gll, Gd, Gd, Gll, Gd, Gll, Gll, Gll, Gll, Gll, Gll, Gll, Gll, Gd, Gll, Wwg, Wwg, Wwg, Wwg, Wwg
Gll, Gd, Gd, Gll, Gd, Gd, Gll, Gll, Gll, Gll, Gll, Gd, Gll, Gd, Gd, Gd, Gll, Gd, Gll, Gll, Gll, Gll, Gll, Gd, Gd, Gd, Gd, Gd, Gll, Wwg, Gll, Gll
Gll, Gll, Gll, Gll, Gll, Gd, Gll, Gll, Gll, Gll, Gd, Gd, Gd, Gd, Gd, Gll, Gll, Gll, Gll, Gll, Gll, Gll, Gll, Gll, Gd, Gd, Gll, Gll, Gll, Gll, Gll, Gll
Gll, Gll, Gll, Gll, Gll, Gll, Gll, Gll, Gll, Gll, Gll, Gd, Gd, Gd, Gd, Gll, Gll, Gll, Gll, Gll, Gd, Gll, Gll, Gll, Gd, Gll, Gll, Gll, Gll, Gll, Gll, Gll
Gll, Gd, Gd, Gd, Gd, Gll, Gd, Gll, Gll, Gll, Gll, Gd, Gll, Gll, Gd, Gd, Gd, Gll, Gd, Gd, Gd, Gll, Gll, Gll, Gd, Gll, Gll, Gll, Gll, Gll, Gll, Gll
Gll, Gd, Gd, Gll, Gd, Gd, Gll, Gd, Gll, Gll, Gd, Gll, Gll, Gll, Gll, Gll, Gll, Gd, Gd, Gd, Gd, Gll, Gll, Gll, Gll, Gll, Gll, Gll, Gd, Gll, Gll, Gll
Gll, Gd, Gll, Gll, Gll, Gll, Gll, Gll, Gll, Gll, Gd, Gd, Gll, Gll, Gll, Gll, Gll, Gd, Gd, Gd, Gd, Gll, Gll, Gll, Gll, Gll, Gll, Gd, Gd, Gll, Gll, Gll
Gll, Gll, Gll, Gll, Gll, Gll, Gll, Gll, Gll, Gll, Gll, Gd, Gd, Gll, Gd, Gll, Gll, Gll, Gll, Gd, Gll, Gll, Gll, Gll, Gll, Gll, Gd, Gd, Gd, Gll, Gll, Gll
Gll, Gll, Gll, Gll, Gll, Gll, Gll, Gll, Gll, Gll, Gll, Gll, Gd, Gd, Gd, Gd, Gd, Gll, Gll, Gll, Gll, Gll, Gll, Gll, Gll, Gd, Gd, Gll, Gd, Gll, Gll, Gll
Gll, Gll, Gll, Gll, Gd, Gd, Gll, Gll, Gll, Gll, Gll, Gd, Gll, Gll, Gll, Gd, Gd, Gll, Gll, Gll, Gll, Gll, Gll, Gll, Gll, Gd, Gd, Gd, Gll, Gll, Gll, Gll
Gll, Gll, Gll, Gd, Gll, Gd, Gd, Gll, Gll, Gll, Gll, Gd, Gll, Gll, Gll, Gll, Gll, Gll, Gd, Gll, Gll, Gll, Gll, Gll, Gll, Gd, Gll, Gll, Gll, Gll, Gll, Gll
Gll, Gll, Gll, Gd, Gd, Gd, Gll, Gd, Gll, Gll, Gll, Gll, Gll, Gll, Gll, Gll, Gll, Gll, Gd, Gll, Gll, Gll, Gll, Gll, Gll, Gll, Gll, Gll, Gll, Gll, Gll, Gll
Gll, Gll, Gll, Gll, Gd, Gll, Gd, Gd, Gd, Gll, Gll, Gll, Gll, Gll, Gll, Gll, Gll, Gd, Gll, Gd, Gd, Gd, Gll, Gll, Gll, Gll, Gll, Gll, Gll, Gll, Gll, Gll
Gll, Gll, Gll, Gll, Gll, Gll, Gll, Gd, Gll, Gll, Gll, Gll, Gll, Gll, Gll, Gll, Gll, Gd, Gd, Gd, Gll, Gll, Gll, Gll, Gll, Gll, Gd, Gll, Gll, Gll, Gll, Gll
Gll, Gll, Gll, Gll, Gll, Gll, Gll, Gll, Gll, Gll, Gll, Gll, Gll, Gll, Gll, Gll, Gd, Gd, Gd, Gd, Gd, Gll, Gll, Gll, Gll, Gd, Gd, Gd, Gd, Gll, Gll, Gd
Gll, Gll, Gll, Gll, Gll, Gll, Gll, Gll, Gd, Gd, Gll, Gd, Gll, Gll, Gll, Gll, Gd, Gd, Gd, Gll, Gll, Gll, Gll, Gll, Gd, Gd, Gd, Gd, Gd, Gll, Gll, Gll
Gll, Gll, Gll, Gll, Gll, Gll, Gd, Gd, Gd, Gd, Gll, Gll, Gll, Gll, Gll, Gll, Gll, Gd, Gll, Gll, Gll, Gll, Gll, Gd, Gd, Gd, Gd, Gd, Gd, Gd, Gll, Gll
Gll, Gll, Gs, Gs, Gll, Gd, Gs, Gs, Gd, Gd, Gll, Gll, Gll, Gll, Gd, Gll, Gll, Gll, Gll, Gll, Gll, Gll, Gll, Gll, Gll, Gll, Gd, Gd, Gd, Gll, Gll, Gll
Gll, Gll, Gll, Gs, Gd, Gll, Gll, Gll, Gll, Gll, Gll, Gll, Gd, Gd, Gll, Gd, Gll, Gll, Gll, Gll, Gd, Gll, Gd, Gll, Gll, Gll, Gll, Gd, Gll, Gll, Gll, Gll
Gll, Gd, Gd, Gs, Gs, Gll, Gs, Gll, Gll, Gll, Gs, Gll, Gs, Gs, Gs, Gd, Gll, Gll, Gll, Gd, Gd, Gd, Gll, Gll, Gs, Gll, Gs, Gll, Gll, Gll, Gll, Gd
Gll, Gd, Gd, Gd, Gs, Gd, Gll, Gll, Gll, Gll, Gll, Gs, Gd, Gd, Gd, Gs, Gll, Gll, Gll, Gd, Gll, Gd, Gd, Gd, Gs, Gs, Gll, Gd, Gd, Gd, Gd, Gd
Gll, Gll, Gll, Gd, Gd, Gs, Gll, Gll, Gll, Gll, Gs, Gs, Gs, Gd, Gd, Gs, Gll, Gll, Gll, Gd, Gll, Gll, Gd, Gd, Gll, Gll, Gll, Gs, Gll, Gd, Gd, Gd
Gll, Gll, Gll, Gll, Gll, Gd, Gd, Gd, Gd, Gll, Gll, Gs, Gs, Gs, Gs, Gll, Gll, Gll, Gll, Gll, Gll, Gll, Gll, Gd, Gd, Gs, Gll, Gll, Gs, Gll, Gll, Gd
Gll, Gll, Gll, Gll, Gs, Gll, Gll, Gll, Gll, Gll, Gll, Gll, Gll, Gll, Gll, Gll, Gll, Gll, Gll, Gll, Gll, Gll, Gll, Gd, Gs, Gs, Gll, Gll, Gll, Gll, Gll, Gd
Gd, Gll, Gll, Gll, Gll, Gs, Gd, Gll, Gll, Gll, Gll, Gll, Gll, Gll, Gll, Gll, Gll, Gll, Gll, Gll, Gll, Gll, Gll, Gll, Gd, Gs, Gs, Gd, Gs, Gs, Gll, Gll
Gd, Gd, Gd, Gll, Gs, Gs, Gs, Gd, Gs, Gll, Gll, Gll, Gd, Gs, Gs, Gll, Gd, Gll, Gs, Gll, Gs, Gll, Gll, Gll, Gd, Gd, Gd, Gd, Gs, Gd, Gll, Gll
Gll, Gd, Gd, Gd, Gs, Gs, Gs, Gs, Gs, Gs, Gd, Gd, Gd, Gd, Gs, Gs, Gs, Gs, Gs, Gs, Gs, Gs, Gs, Gll, Gd, Gll, Gd, Gd, Gd, Gd, Gd, Gd
Gll, Gll, Gll, Gd, Gd, Gs, Gll, Gs, Gll, Gd, Gll, Gll, Gll, Gd, Gll, Gll, Gll, Gd, Gll, Gs, Gll, Gll, Gll, Gs, Gll, Gll, Gll, Gd, Gd, Gd, Gll, Gll
