Ss, Rb^Fdw, Rb^Fdw, Uhe^Fdw, Uhe^Fdw, Uhe, Uhe^Tf, Mdd, Mdd, Uhe, Uhe, Rp, Rp, Rp, Rp, Rp, Rb, Rb, Mdd, Uhe, Uhe^Es, Sm, Sm, Sm, Sm^Edb, Sm, Rb^Dr, Rb^Em, Uhe^Tf, Uhe^Tf, Uhe, Uhe
Ss, Ss, Ss, Rb^Fdw, Rb^Tf, Tb, Mdd, Mdd, Re^Es, Uhe, Rb^Fdw, Rb^Es, Rb^Es, Rrd, Rrd, Rrd, Rp, Rb, Mdd, Mdd, Mdd, Uhe, Rb^Es, Rb, Re^Fdw, Sm^Edb, Rb^Edt, Rb^Em, Rb^Em, Rb^Tf, Uhe, Uhe
Wog, Ss, Wwg^Ewf, Ds^Em, Ds^Ewsh, Rb^Tf, Ds^Es, Rb^Em, Rb, Rb^Fdw, Rb^Fdw, Rb^Dr, Rb^Es, Rb^Fdw, Rb^Fdw, Rp, Rp, Rb, Rb^Tf, Mdd, Mdd, Uhe^Es, Rb^Fdw, Re^Fdw, Re^Fdw, Rb^Edt, Rb^Es, Rb^Es, Rb^Es, Re^Em, Re, Re
Wog, Wwg^Ewl, Wwg^Ewl, Ds, Dd^Dc, Ds^Es, Ds^Es, Rb^Fdw, Rb^Fdw, Rb^Fetd, Re^Fdw, Rb^Fdw, Ds^Edb, Rb^Fdw, Ds^Edb, Rb^Fdw, Rr, Rrd, Rb^Tf, Uhe^Tf, Uhe, Mdd, Rb^Es, Rb^Fdw, Rb^Fdw, Rb^Fdw, Xor, Exos, Ds^Es, Ds^Ewsh, Wwg^Wkf, Wwg^Wkf
Wog, Wog, Wog, Wwg^Wkf, Wwg^Wkf, Ds^Ewsh, Wwrg, Ds^Fdw, Re^Fdw, Re^Fdw, Re^Fdw, Rb^Es, Ds^Edb, Ds^Edb, Ds^Ewsh, Rr, Exos, Rrd, Rrd, Rb^Em, Uhe, Uhe^Es, Ds^Es, Rb^Dr, Rb^Fdw, Rb^Fdw, Exos, Exos, Ds^Ewsh, Ds^Ewsh, Wwg^Wkf, Wog
Wog, Wog, Wog, Wwg^Wkf, Wwg, Wwg^Wkf, Wwg, Wwrg, Wwg, Re^Fdw, Wwg, Ds^Ewsh, Wwg, Wwg, Wwg, Wwg, Wwg, Rrd, Rrd, Exos, Exos^Dr, Ds, Ds^Dc, Rb^Edb, Rb^Edb, Exos, Wwg^Wkf, Wwg^Wkf, Wwg^Ewl, Wwg^Ewl, Wog, Wog
Ds^Ewsh, Wog, Wog, Wog, Wog, Wwg, Wwg^Ewl, Wwg^Ewl, Wog, Wwg, Wog, Wwg, Wog, Wog, Wwrg, Wwf, Wwg^Dr, Wwf, Wwf, Wwf, Wwg, Wwg, Wwg, Rb^Edb, Wwg^Wkf, Wwg^Wkf, Wwg^Wkf, Wwg, Wog, Wog^Ewl, Wog, Wog
Ds, Ds^Ewsh, Wog, Wog, Wog, Wog, Wog, Wwg^Ewl, Wog, Wog, Wog, Wog, Wog, Wog, Wwf, Wwf, Wwg, Wwg, Wog, Wwg, Wog, Wwg^Ewf, Wog^Ewl, Wwg, Wog, Wwg^Wkf, Wog, Wog, Wog, Wog, Wog, Wwg
Ds^Es, Wog, Ss, Wog, Wog^Ewf, Wog, Ss, Wog, Wog, Wog, Wog, Wog, Wog, Wwrg, Wwf, Wwf, Wwf, Wwf, Wog, Wog, Wog, Wog^Ewl, Wog^Ewl, Wog, Wog, Wog, Wog, Wog, Wog^Ewl, Wog, Wwg^Wkf, Wwg^Wkf
Rb^Qhh, Ds^Es, Ds^Dr, Ss^Ewl, Ss, Ss, Ss, Wog, Rb^Qhh, Rb^Qhh, Rb^Qhh, Rb^Qhh, Rb^Qhh, Rb^Qhh, Rb^Qhh, Wwf, Wwf, Wwrg, Wwrg, Wwg, Wwg, Wog, Wog, Wog, Wog, Wog, Wwg, Ww^Ewl, Ww^Ewl, Wwg^Wkf, Wwg^Wkf, Wwg^Wkf
Rb^Qhh, Rb^Qhh, Rb^Qhh, Ss, Rb^Qhh, Rb^Qhh, Rb^Qhh, Rb^Qhh, Rb, Rb, Rb, Rb, Rb, Rb, Rb^Qhh, Wwf, Rb^Qhh, Wwrg, Ds, Wwg, Wwrg, Rb^Qhh, Rb^Qhhf, Rb^Qhhf, Rb^Qhhf, Wwg, Ds^Ewsh, Ds, Ds^Es, Ds^Ewsh, Ds, Ds
Rb^Qhh, Rb, Rb, Rb^Qhh, Rb, Rb, Rb, Rb, Rb, Rb, Rb, Rb, Rb, Rb, Rb, Rb^Qhh, Rb^Qhh, Ds, Rb^Qhh, Ds^Ewsh, Wwrg, Ds^Dr, Ds^Es, Ds^Es, Wwg, Wwrg, Rb^Qhh, Rb^Qhh, Ds^Es, Dd^Dc, Rb^Qhhf, Rb^Qhhf
Rb, Rb, Rb, Rb, Rb, Rb, Rb, Rb, Rb, Rb, Rb, Rb, Rb, Rb, Rb, Rb, Rb, Rb^Qhh, Rb^Qhh, Ds, Ds^Ewsh, Wwrg, Wwg, Wwg, Ds^Es, Ds^Es, Rb^Qhh, Rb^Qhhf, Rb^Qhhf, Rb^Qhhf, Rb^Qhhf, Rb^Qhhf
Rb, Rb, Rb, Rb, Rb, Rb, Rb, Rb, Rb, Rb, Rb, Rb, Rb, Rb, Rb, Rb, Rb, Rb, Rb^Qhh, Ds, Rb^Qhh, Rb^Qhh, Wwg, Wwg, Wwg, Ds^Es, Ds, Rb^Qhhf, Wwg, Rb^Qhh, Wwg, Wwg
Rb, Rb, Rb, Rb, Rb, Rb, Rb, Rb, Rb, Rb, Rb, Rb, Rb, Rb, Rb, Rb, Rb, Rb, Rb^Qhh, Rb^Qhh, Rb, Rb^Qhh, Wwg, Rb, Rb, Wwg, Wwg, Wwg, Rb, Wwg, Rb, Rb
Rb, Rb, Rb, Rb, Rb, Rb, Rb, Rb, Rb, Rb, Rb, Rb, Rb, Rb, Rb^_mh, Rb, Rb, Rb, Rb, Rb, Rb, Rb^Qhh, Wwg, Rb, Rb, Rb, Rb, Wwg, Rb, Rb, Rb, Rb
Rb, Rb, Rb, Rb, Gll, Gll, Rb, Rb, Rb, Rb, Rb, Rb, Rb, Rb, Rb, Rb, Rb, Rb, Rb, Rb, Rb, Rb^Qhh, Rb^Qhh, Wwg, Wwg, Rb, Rb, Rb, Rb, Rb, Rb, Rb
Gll, Rb, Gll, Gll, Gll, Gll, Gll, Rb, Rb, Rb, Rb, Rb, Rb, Rb, Rb, Rb, Rb, Rb, Gll, Gll, Gll, Rb, Rb^Qhh, Wwg, Rb^Qhh, Wwg, Rb, Rb, Rb, Rb, Rb, Rb
Gll, Gll, Gll, Gll, Gll, Gll, Gll, Gll, Gll, Rb, Gll, Gll, Gll, Rb, Rb, Rb, Gll, Gll, Gll, Gll, Gll, Gll, Gll, Gll^Qhh, Wwg, Wwg, Gd, Gd, Gd, Rb, Rb, Rb
Gll, Gll, Gll, Gll, Gll, Gll, Gll, Gll, Gll, Gll, Gll, Gll, Gll, Gll, Gll, Gll, Gll, Gll, Gll, Gll, Gd, Gll, Gll, Gll^Qhh, Wwg, Gll, Gll, Gd, Gd, Gll, Gll, Gll
Gll, Gll, Gll, Gll, Gd, Gll, Gll, Gll, Gll, Gll, Gll, Gll, Gll, Gll, Gd, Gll, Gd, Gd, Gll, Gd, Gll, Gll, Gll, Gd^Qhh, Wwg, Gd, Gd, Gd, Gll, Gll, Gll, Gll
Gll, Gll, Gd, Gd, Gd, Gd, Gll, Gll, Gll, Gll, Gll, Gd, Gd, Gd, Gd, Gd, Gd, Gll, Gll, Gll, Gll, Gll, Gll, Gd^Qhh, Gll^Qhh, Wwg, Wwg, Gll, Gll, Gll, Gll, Gll
Gll, Gll, Gll, Gd, Gd, Gd, Gll, Gll, Gll, Gll, Gll, Gll, Gll, Gd, Gll, Gd, Gll, Gll, Gll, Gll, Gll, Gll, Gll, Gd, Gll, Gll^Qhh, Gll^Qhh, Wwg, Wwg, Wwg, Wwg, Wwg
Gll, Gll, Gll, Gll, Gd, Gll, Gll, Gd, Gll, Gll, Gll, Gll, Gll, Gll, Gll, Gd, Gll, Gll, Gll, Gll, Gll, Gll, Gd, Gll, Gll, Gll, Gll, Gll^Qhh, Gll^Qhh, Gll^Qhh, Gll^Qhh, Gll^Qhh
Gll, Gll, Gll, Gll, Gll, Gll, Gd, Gll, Gll, Gll, Gll, Gll, Gll, Gll, Gll, Gll, Gll, Gll, Gll, Gll, Gll, Gll, Gll, Gll, Gll, Gll, Gd, Gll, Gll, Gll, Gll, Gll
Gll, Gll, Gll, Gll, Gll, Gll, Gd, Gll, Gll, Gll, Gll, Gll, Gll, Gll, Gll, Gll, Gll, Gll, Gll, Gll, Gll, Gll, Gll, Gll, Gll, Gll, Gd, Gll, Gll, Gll, Gll, Gll
Gll, Gll, Gll, Gll, Gll, Gll, Gd, Gll, Gll, Gll, Gll, Gll, Gll, Gll, Gll, Gll, Gll, Gd, Gll, Gll, Gll, Gll, Gll, Gll, Gll, Gll, Gll, Gll, Gll, Gll, Gll, Gll
Gll, Gll, Gll, Gll, Gll, Gll, Gll, Gll, Gll, Gll, Gll, Gll, Gll, Gd, Gd, Gll, Gd, Gd, Gll, Gll, Gll, Gll, Gll, Gll, Gll, Gd, Gd, Gd, Gll, Gll, Gll, Gll
Gll, Gll, Gll, Gll, Gll, Gll, Gll, Gll, Gll, Gll, Gll, Gll, Gll, Gd, Gll, Gll, Gll, Gd, Gd, Gll, Gll, Gll, Gll, Gll, Gll, Gd, Gd, Gll, Gll, Gll, Gll, Gll
Gll, Gll, Gll, Gll, Gll, Gll, Gd, Gll, Gd, Gll, Gll, Gll, Gll, Gd, Gll, Gll, Gll, Gd, Gll, Gll, Gll, Gll, Gll, Gll, Gll, Gll, Gd, Gd, Gd, Gll, Gll, Gll
Gll, Gll, Gd, Gll, Gd, Gd, Gd, Gd, Gll, Gd, Gd, Gll, Gll, Gll, Gll, Gll, Gll, Gll, Gll, Gll, Gll, Gll, Gll, Gll, Gll, Gll, Gll, Gd, Gll, Gll, Gll, Gll
Gll, Gll, Gd, Gll, Gd, Gd, Gll, Gll, Gll, Gll, Gd, Gll, Gll, Gll, Gll, Gll, Gll, Gll, Gd, Gd, Gd, Gll, Gll, Gll, Gll, Gll, Gll, Gll, Gll, Gll, Gll, Gll
Gll, Gll, Gll, Gd, Gll, Gd, Gll, Gll, Gd, Gll, Gd, Gll, Gll, Gll, Gll, Gll, Gll, Gll, Gd, Gd, Gd, Gd, Gd, Gd, Gll, Gll, Gll, Gll, Gll, Gll, Gll, Gll
Gll, Gll, Gll, Gll, Gll, Gll, Gll, Gll, Gll, Gll, Gll, Gll, Gll, Gll, Gll, Gll, Gll, Gll, Gll, Gd, Gd, Gd, Gll, Gll, Gll, Gll, Gll, Gll, Gll, Gll, Gll, Gll
Gll, Gll, Gll, Gll, Gll, Gll, Gll, Gll, Gll, Gll, Gll, Gll, Gll, Gll, Gll, Gll, Gll, Gll, Gll, Gll, Gll, Gll, Gll, Gll, Gll, Gll, Gll, Gll, Gll, Gll, Gll, Gll
Gll, Gll, Gd, Gll, Gll, Gll, Gll, Gll, Gll, Gll, Gll, Gll, Gll, Gll, Gd, Gd, Gd, Gll, Gll, Gll, Gll, Gll, Gll, Gll, Gll, Gll, Gll, Gll, Gll, Gll, Gll, Gll
Gll, Gll, Gd, Gd, Gd, Gll, Gd, Gll, Gll, Gll, Gll, Gll, Gll, Gd, Gd, Gll, Gd, Gll, Gll, Gll, Gll, Gll, Gll, Gll, Gll, Gd, Gll, Gll, Gd, Gll, Gll, Gll
Gll, Gd, Gd, Gll, Gd, Gd, Gll, Gll, Gll, Gll, Gll, Gd, Gll, Gd, Gd, Gd, Gll, Gd, Gll, Gll, Gll, Gll, Gll, Gd, Gd, Gd, Gd, Gd, Gll, Gll, Gll, Gll
Gll, Gll, Gll, Gll, Gll, Gd, Gll, Gll, Gll, Gll, Gd, Gd, Gd, Gd, Gd, Gll, Gll, Gll, Gll, Gll, Gll, Gll, Gll, Gll, Gd, Gd, Gll, Gll, Gll, Gll, Gll, Gll
Gll, Gll, Gll, Gll, Gll, Gll, Gll, Gll, Gll, Gll, Gll, Gd, Gd, Gd, Gd, Gll, Gll, Gll, Gll, Gll, Gd, Gll, Gll, Gll, Gd, Gll, Gll, Gll, Gll, Gll, Gll, Gll
Gll, Gd, Gd, Gd, Gd, Gll, Gd, Gll, Gll, Gll, Gll, Gd, Gll, Gll, Gd, Gd, Gd, Gll, Gd, Gd, Gd, Gll, Gll, Gll, Gd, Gll, Gll, Gll, Gll, Gll, Gll, Gll
Gll, Gd, Gd, Gll, Gd, Gd, Gll, Gd, Gll, Gll, Gd, Gll, Gll, Gll, Gll, Gll, Gll, Gd, Gd, Gd, Gd, Gll, Gll, Gll, Gll, Gll, Gll, Gll, Gd, Gll, Gll, Gll
Gll, Gd, Gll, Gll, Gll, Gll, Gll, Gll, Gll, Gll, Gd, Gd, Gll, Gll, Gll, Gll, Gll, Gd, Gd, Gd, Gd, Gll, Gll, Gll, Gll, Gll, Gll, Gd, Gd, Gll, Gll, Gll
Gll, Gll, Gll, Gll, Gll, Gll, Gll, Gll, Gll, Gll, Gll, Gd, Gd, Gll, Gd, Gll, Gll, Gll, Gll, Gd, Gll, Gll, Gll, Gll, Gll, Gll, Gd, Gd, Gd, Gll, Gll, Gll
Gll, Gll, Gll, Gll, Gll, Gll, Gll, Gll, Gll, Gll, Gll, Gll, Gd, Gd, Gd, Gd, Gd, Gll, Gll, Gll, Gll, Gll, Gll, Gll, Gll, Gd, Gd, Gll, Gd, Gll, Gll, Gll
Gll, Gll, Gll, Gll, Gd, Gd, Gll, Gll, Gll, Gll, Gll, Gd, Gll, Gll, Gll, Gd, Gd, Gll, Gll, Gll, Gll, Gll, Gll, Gll, Gll, Gd, Gd, Gd, Gll, Gll, Gll, Gll
Gll, Gll, Gll, Gd, Gll, Gd, Gd, Gll, Gll, Gll, Gll, Gd, Gll, Gll, Gll, Gll, Gll, Gll, Gd, Gll, Gll, Gll, Gll, Gll, Gll, Gd, Gll, Gll, Gll, Gll, Gll, Gll
Gll, Gll, Gll, Gd, Gd, Gd, Gll, Gd, Gll, Gll, Gll, Gll, Gll, Gll, Gll, Gll, Gll, Gll, Gd, Gll, Gll, Gll, Gll, Gll, Gll, Gll, Gll, Gll, Gll, Gll, Gll, Gll
Gll, Gll, Gll, Gll, Gd, Gll, Gd, Gd, Gd, Gll, Gll, Gll, Gll, Gll, Gll, Gll, Gll, Gd, Gll, Gd, Gd, Gd, Gll, Gll, Gll, Gll, Gll, Gll, Gll, Gll, Gll, Gll
Gll, Gll, Gll, Gll, Gll, Gll, Gll, Gd, Gll, Gll, Gll, Gll, Gll, Gll, Gll, Gll, Gll, Gd, Gd, Gd, Gll, Gll, Gll, Gll, Gll, Gll, Gd, Gll, Gll, Gll, Gll, Gll
Gll, Gll, Gll, Gll, Gll, Gll, Gll, Gll, Gll, Gll, Gll, Gll, Gll, Gll, Gll, Gll, Gd, Gd, Gd, Gd, Gd, Gll, Gll, Gll, Gll, Gd, Gd, Gd, Gd, Gll, Gll, Gd
Gll, Gll, Gll, Gll, Gll, Gll, Gll, Gll, Gd, Gd, Gll, Gd, Gll, Gll, Gll, Gll, Gd, Gd, Gd, Gll, Gll, Gll, Gll, Gll, Gd, Gd, Gd, Gd, Gd, Gll, Gll, Gll
Gll, Gll, Gll, Gll, Gll, Gll, Gd, Gd, Gd, Gd, Gll, Gll, Gll, Gll, Gll, Gll, Gll, Gd, Gll, Gll, Gll, Gll, Gll, Gd, Gd, Gd, Gd, Gd, Gd, Gd, Gll, Gll
Gll, Gll, Gll, Gll, Gll, Gd, Gd, Gd, Gd, Gd, Gll, Gll, Gll, Gll, Gll, Gll, Gll, Gll, Gll, Gll, Gll, Gll, Gll, Gll, Gll, Gll, Gd, Gd, Gd, Gll, Gll, Gll
Gll, Gll, Gll, Gll, Gll, Gll, Gll, Gll, Gll, Gll, Gll, Gll, Gll, Gll, Gll, Gll, Gll, Gll, Gll, Gll, Gll, Gll, Gll, Gll, Gll, Gll, Gll, Gd, Gll, Gll, Gll, Gll
