Gll^Fmf, Gll, Gll^Fdf, Re, Gll^Fdf, Re, Gll^Fmf, Re, Gll^Fmf, Gll, Gll, Ss, Ss, Ss, Ss, Ss, Ss, Ww, Ww, Ss, Ss, Ss, Ss, Gll^Fdf, Gll^Fmf, Gll^Fmf, Gll^Fmf, Gll^Fdf, Gll^Fdf, Gll^Fdf, Gll^Fdf, Ds, Ds, Ds, Ds^Ewsh, Ww, Wo, Wo, Wo, Wo, Wo, Wo, Wo, Hhd^Qhh, Md, Md^Fmf, Gd^Qhuf, Gll^Qhuf, Gll^Qhuf, Gll^Qhuf, Gll, Md
Gd^Fdf, Gd^Fdf, Gd^Fdf, Gll^Fdf, Gll^Fdf, Re, Gll^Fdf, Gll^Fmf, Gll^Fmf, Gll^Fmf, Gll^Fmf, Gll^Fmf, Gll^Fdf, Ss, Gll^Fdf, Gll^Fmf, Ss, Ss, Ww, Ss, Ww, Ss, Gd^Edb, Gll^Fdf, Gll^Fdf, Gll^Fdf, Gll^Fmf, Gll^Fdf, Gll^Fdf, Gll^Fdf, Ds, Ds, Wwg, Wwg^Wkf, Ww, Ww, Wo^Ewl, Wo^Ewl, Wwg, Wwg, Wwg, Wo, Gll^Qhhf, Md^Qhh, Md^Fmf, Md^Fmf, Gd^Qhuf, Gd^Qhuf, Gd, Gd^Qhuf, Md, Md
Gll, Gd^Fdf, Gd^Fdf, Gll^Fdf, Gll^Fdf, Re, Re, Gll^Fmf, Gll^Fmf, Gll^Fmf, Gll^Es, Gll^Fmf, Gll^Fmf, Gll^Fmf, Gll^Fdf, Gll^Fdf, Re^Edb, Ss, Gll^Fdf, Ww, Gd^Fetd, Ww, Ww, Gd^Edb, Ds, Ds, Ds, Gll^Fmf, Ds, Gll^Em, Ds, Wwg, Ww, Ww, Wo, Wo, Wo, Wo, Gll^Qhh, Gll^Qhh, Gll^Qhh, Gll^Qhhf, Gll^Fmf, Md, Gd^Efm, Gd^Efm, Gll, Gll, Hhd, Gll, Md, Md
Gll, Gll, Gd^Fdf, Gd^Fdf, Gll^Fdf, Gll^Fmf, Gll^Fmf, Re, Gll^Fmf, Gll^Fdf, Gll^Fmf, Gll^Fmf, Gd^Em, Gll^Em, Gll^Fdf, Gll^Fdf, Gll^Edb, Gd, Gll^Fdf, Gll^Fdf, Gll^Fmf, Gll^Fmf, Ww, Ww, Ds, Ds^Ewsh, Ww^Wkf, Ds, Wwg^Wkf, Ds, Ww, Ww, Ww^Ewl, Wo, Wo, Wo, Wwg, Wwg, Gll^Qhh, Gll^Qhh, Gll^Qhh, Gll^Fmf, Gll^Fmf, Gd, Gll, Gll^Es, Gll^Qhh, Hhd, Hhd^Qhh, Hhd^Dr, Md^Qhh, Md
Gll, Gll^Fdf, Gll^Fdf, Gll^Fdf, Gll^Fdf, Gll^Fdf, Gll^Fdf, Re, Re, Gll^Fmf, Gll^Fdf, Gll^Fdf, Gd, Gll^Fmf, Gll^Fmf, Gll^Fdf, Gd^Edb, Gll^Fdf, Gll^Fdf, Gll^Fdf, Gd, Gll^Fmf, Ds, Ww, Ww, Ww, Ww, Wwg^Wkf, Ww^Wkf, Ds, Ww, Ww, Ww, Wo, Wo, Wwg, Wwg, Wwg, Wwrg, Wwrg, Wwg, Gll^Qhh, Wwg, Gll^Qhh, Gll^Dr, Gll^Qhh, Wwg, Hhd^Qhh, Hh^Qhh, Md^_mh, Hh, Hhd
Ss, Gll^Fdf, Ss, Gll, Gll^Fdf, Gll^Fdf, Gll^Fdf, Gll^Fdf, Gd^Edb, Re, Gd, Gd^Es, Gd, Gll^Fmf, Gll^Fmf, Gd^Dr, Gd^Edb, Gd^Edb, Gd, Gd, Gd, Gd, Ds^Ewsh, Wwrg, Ds, Ds, Ww, Ww, Ww, Ww, Wwg, Wwg, Wwg, Ww, Ww, Ww, Wwg, Wwg, Gd^Qhh, Gd^Qhh, Gd^Qhh, Wwg, Gd^Qhh, Wwg^Qhh, Wwg, Wwg, Gll^Qhh, Wwg^Qhh, Hh^Qhh, Hh, Md, Hhd
Ss, Ss, Gll^Fmf, Gll^Fmf, Gll^Fmf, Gll^Fmf, Gll^Fmf, Gll^Fmf, Gd^Edb, Re^Edb, Re, Re, Re, Gd, Re, Gd, Gll, Gll, Gll, Gd, Rb, Gll^Es, Gll, Ds, Gll^Es, Ds, Ds, Ww, Ww, Ww, Ds, Ds^Ewsh, Gd^Qhh, Wwg^Wkf, Wwg^Wkf, Wwg^Wkf, Gd^Qhh, Gd^Qhh, Gd^Fmf, Gd, Gd, Gd^Qhh, Gll^Efm, Gll^Efm, Gll^Efm, Gll^Efm, Hhd, Wwg, Hhd^Qhh, Md, Md, Md
Gll^Fdf, Ss, Gll^Fmf, Gll^Fmf, Gll^Fmf, Gll, Gll^Fdf, Gll^Fdf, Gd^Es, Gd^Edb, Gll^Fdf, Gll^Fdf, Gll^Fdf, Re, Gll, Re, Re, Gll^Ecf, Gll, Gll, Cer, Rb, Rb^Vo, Gll, Gll, Ds, Gll, Ww, Ww, Ds, Gd^Edb, Ds^Dc, Gll^Qhh, Gd^Qhh, Gd^Qhh, Gd^Qhh, Gd^Qhh, Gd^Fmf, Gd^Fmf, Hhd, Hhd, Hhd, Gll^Fp, Gd^Efm, Hh, Hh, Hh^Qhh, Wwg^Qhh, Wwg^Qhh, Md^Qhh, Md^Qhh, Md
Gll^Fdf, Gll^Fdf, Gll^Em, Gll^Fmf, Gd^Fmf, Gll^Fdf, Gll^Fdf, Gll^Fdf, Gll^Fdf, Gll, Gll, Gll^Fdf, Gll, Gll, Gll, Gll, Rb, Gd, Cer^Edb, Cer^Dr, Cer^Edb, Rb, Gll, Rb, Rb, Gll^Edb, Cer, Ww, Ds, Ds^Edb, Gll^Edb, Gd^Edb, Gd^Qhh, Gll^Qhh, Gd^Efm, Gd^Efm, Hh, Gd^Fmf, Gd^Fp, Gll^Fp, Hhd^Fmf, Hhd, Gg^Fmf, Gll^Fp, Hh^Fp, Hh, Md, Md, Md, Wwg^Qhh, Wwg^_mh, Md^Qhh
Gll, Gll^Fdf, Gll, Gll, Gd, Gll^Fdf, Gll, Gll, Gll, Gll, Gll, Gll, Gd^Efm, Gll^Efm, Gd^Efm, Rb^Vo, Gll^Edb, Rb^Edb, Cer^Edb, Cer^Edb, Ker^Edb, Cer^Edb, Gll^Edb, Gll, Rb, Rb, Gll^Efm, Ww^Bw\, Rb, Gd^Edb, Rb, Rb, Rb, Gll^Qhh, Gd^Qhh, Gd^Efm, Gll^Dr, Hh^Fp, Hh, Hhd^Fmf, Gll^Fp, Gll^Fp, Gll^Fmf, Gll^Fmf, Hhd, Hhd, Md, Md, Md, Hhd^Qhh, Wwg, Wwg
Gll^Fdf, Gll, Gll^Fdf, Gll^Fdf, Gll^Fdf, Gd, Gd^Es, Gd, Gll, Gll^Es, Gll, Gll, Gll^Efm, Gll^Efm, Gll^Efm, Gll, Gll^Edb, Gll^Edb, Cer^Edb, Cer^Edb, Cer^Edb, Cer^Edb, Gll^Edb, Rb, Gll, Gll, Gll^Efm, Ww, Ww, Rb, Hhd^Edb, Gll^Edb, Gd^Qhh, Rb, Gd^Qhh, Gd^Efm, Hhd, Hh, Hhd^Es, Hhd^Es, Hhd^Fp, Hhd^Fp, Hhd, Gll^Fp, Hhd, Md, Md, Md^Xm, Md^Qhh, Wwg, Hhd, Hhd
Gll^Fdf, Gll^Fdf, Gll^Em, Gll^Fdf, Gll^Fdf, Gd, Gd^Efm, Gd, Gd, Gll^Dr, Gll, Gll^Efm, Gll, Gll, Gll, Gll, Gll, Gll, Gll^Edb, Cer^Dr, Rb^Edb, Cer^Edb, Rb, Rb, Gll, Gll^Es, Hhd, Gll, Ww, Hhd, Hhd^Edb, Hhd^Edb, Gll^Qhh, Rb, Rb^Qhh, Gll, Hhd, Hhd, Hhd, Hhd^Es, Mm, Hhd, Mm, Hhd, Md, Md, Md^Qhh, Md, Hhd^Qhh, Wwg, Md, Hhd
Gll, Gll^Fdf, Gd, Gll^Fdf, Gll^Fdf, Gll^Efm, Gll^Efm, Gll^Efm, Gll, Gll, Ww, Gll, Ww, Hhd, Hh, Hh, Hhd^Qhh, Gd, Gd, Rb^Edb, Rb^Vo, Rb, Gll, Gll, Gd^Qhh, Hhd^Qhh, Hhd^Qhh, Ww, Gll^Qhhf, Gd^Qhhf, Gd^Qhh, Gd^Qhh, Rb^Qhh, Rb, Ket^Qhh, Hhd, Hhd, Hhd^Eb, Mm, Mm, Md^Xm, Md^Xm, Md^Xm, Md, Md, Md, Hhd, Hhd^Qhh, Wwg, Wwg, Md, Hhd
Gll, Gd^Fdf, Gd, Gd, Gll, Gll, Gll, Gll, Ww, Ww, Hhd^Qhhf, Ww, Gll^Dr, Ww, Ww, Hh^Qhh, Hh^Qhh, Wwr, Ww, Gd, Cer, Rb, Ww, Ww, Ww, Gd^Qhh, Hhd^Qhh, Ww, Hhd^Fmf, Hhd^Qhhf, Hhd^Fmf, Rb^Edb, Ket^Qhh, Rb, Re, Hhd^Qhh, Hhd, Hhd, Mm, Mm, Mm, Md^Xm, Md^Xm, Md, Md, Hh, Hhd, Wwg, Hhd^Qhh, Md, Md, Hhd
Gll^Em, Gd^Em, Gd, Gll, Gll, Gll, Gll^Qhhf, Gll^Fdf, Ww, Hhd^Fp, Ww, Hhd^Qhh, Hhd^Qhh, Gll^Dr, Ww, Ww, Hhd^Qhh, Ww, Sm, Ww, Ww, Ww^Bw\, Re, Rb^Qhh, Rb^Qhh, Ww, Ww, Ww, Hhd^Qhhf, Hhd^Qhhf, Gll^Fmf, Rb^Edb, Rb^Qhh, Rb, Rb, Mm^Qhh, Mm^Qhh, Mm^Qhh, Mm^Qhh, Hh, Hh^Qhh, Mm^Qhh, Mm^Qhh, Hh, Md, Md, Hhd^Qhh, Wwg, Md, Md, Md, Md^Xm
Gll, Gll^Em, Gll, Gll^Es, Gll^Fdf, Gll^Fdf, Gll^Qhhf, Wwr, Ww, Ww, Gll^Fdf, Ww, Ww, Ww, Md^Qhh, Ww, Ww, Ww, Sm, Sm, Gd^Edb, Gll, Rb, Gd^Dr, Rb^Qhh, Re^Qhh, Hhd^Qhh, Hhd^Qhh, Md^Qhh, Gll^Fmf, Mm, Mm^Xm, Mm^Xm, Gll^Qhh, Gd^Qhh, Rb, Rb, Rb^Vct, Rb, Hh^Qhh, Re, Rb, Rb, Mm^Qhh, Md, Md, Wwg, Wwg, Md, Md, Md, Md^Xm
Gll^Fdf, Gll^Fdf, Gll^Fdf, Gll, Gll^Fdf, Gll^Fdf, Ww, Gll^Qhhf, Ww, Gll^Fdf, Gll^Fdf, Ww, Hhd, Md^Qhh, Mm^Xm, Hhd^Qhh, Hhd^Qhh, Sm, Sm, Cer^Edb, Cer^Edb, Gd^Edb, Rb, Gd, Md^Qhh, Md^Qhh, Mm^Xm, Mm^Xm, Mm, Mm^Eb, Mm, Mm^Xm, Mm, Gll^Qhh, Rb^Vct, Rb, Re^Es, Rb, Re, Re, Re, Re^Vhr, Wwg^Qhu, Mm^Qhh, Mm^Qhh, Md, Wwg, Md, Md, Md^Xm, Md^Xm, Md^Xm
Gll^Fdf, Gll^Fdf, Ww, Ww, Ww, Ww, Gll^Fmf, Ww, Gll, Ww, Ww, Ww, Hhd^Qhhf, Hhd^Qhh, Mm^Xm, Mm^Xm, Mm^Xm, Hhd^Qhh, Hhd^Qhh, Hhd^Qhh, Gd, Rb^Edb, Gd^Qhh, Md^Qhh, Mm^Xm, Mm^Xm, Hhd, Mm^Xm, Hhd^Qhh, Mm, Hhd^Fp, Hhd^Fmf, Hhd^Fmf, Hhd^Qhh, Hhd^Qhh, Rb, Re, Re, Ce, Re, Rb, Wwg^Qhu, Wog^Qhu, Wwg^Qhu, Wwg^Qhu, Wwg^Qhh, Hhd, Wwg, Wwg, Wwg, Wwg, Md^Xm
Gll, Ww, Ss, Ss, Gll^Fmf, Gll^Fmf, Gll^Fdf, Gll, Gll^Fdf, Gll^Fdf, Gll^Fmf, Gll^Fmf, Hhd^Qhhf, Mm, Mm, Mm^Xm, Mm, Mm^Xm, Md^Qhh, Hhd, Rb, Rb, Cer^Qhh, Md^Qhh, Hh^Qhh, Md^Xm, Hhd^Qhh, Hhd^Qhh, Hhd^Eb, Gll^Qhh, Gd^_mh, Hhd^Fmf, Hhd^Qhh, Hhd^Fp, Hhd^Qhh, Rb, Rb, Ce, Ket, Ce, Rb^Ecf, Re, Wog^Qhu, Wog^Qhu, Gd^Qhh, Gd^Qhh, Md, Md, Md, Md, Md, Wwg
Sm, Ww, Ss, Ss, Gll^Fdf, Gll^Fdf, Hhd^Fmf, Gll^Fmf, Hh, Gll^Fdf, Gll^Fmf, Gll^Fmf, Gll^Fdf, Hhd^Qhhf, Mm, Mm, Md^_mh, Mm^Xm, Md^Qhh, Hhd, Rp^Edb, Cer^Edb, Gll^Edb, Md^Qhh, Hh^Qhh, Hh^Qhh, Gd, Hhd, Hhd, Gll^Qhh, Gll^Qhh, Hhd^Qhh, Re, Hhd^Qhh, Rb, Rb, Rb, Ce, Ce, Ce, Re, Rb, Rb^Es, Wwg^Qhu, Gd^Qhh, Hhd, Mm, Mm, Mm, Md, Md, Md
Sm, Ww, Ss, Ss, Gll^Fmf, Hhd^Fdf, Hhd, Hh^Fmf, Hhd, Hh, Gd, Gll^Fdf, Gll, Gll^Qhhf, Gll^Qhh, Mm, Gd^Qhh, Mm, Md^Qhh, Hhd, Rp^Edb, Gll^Edb, Gll^Edb, Gd^Qhh, Gll^Qhh, Gd, Gll, Gll, Rb, Ket^Qhh, Rb, Re, Hh^Qhh, Rb, Hhd^Qhh, Hhd^Qhh, Hhd^Qhh, Rb, Rb, Ce, Re, Re, Re, Re, Hhd^Qhh, Hhd^Fmf, Mm, Mm, Mm, Mm, Mm, Mm
Ww, Ww, Ss, Ss, Gll, Re^Vc, Gll, Hhd, Gd, Hhd, Gd, Gd, Gd, Cer, Rb, Gll^Qhh, Rb, Gd^Qhh, Hh^Qhh, Hhd^Qhh, Rp, Gll^Edb, Gd, Gll^Efm, Gll^Efm, Gll^Efm, Rb, Rb, Gd, Rb, Ket^Qhh, Gll^Qhh, Md, Hh^Qhh, Md, Hhd, Hhd^Qhh, Rb, Rb, Rb, Rb, Re^Vct, Re, Re, Hhd^Qhh, Hhd^Fmf, Hhd^Fmf, Mm, Mm, Mm, Mm, Mm
Ww, Ss, Ss, Gll^Fdf, Gd, Re, Cer, Gd, Gd, Gd^Es, Rb, Rb, Rb, Rb, Md, Rb, Md, Rp, Rp, Gll, Rp, Gd, Gd, Gll^Efm, Rb, Rb, Gd, Gd, Hhd^Qhh, Hhd, Gll^Qhh, Gll, Md, Md, Hh, Hhd, Hhd^Qhh, Rb^Vct, Rb, Rb, Rb, Rb, Re, Gd^Qhh, Mm, Hhd^Fmf, Mm, Mm, Hhd, Mm, Md, Md
Ss, Ss, Gll^Fmf, Gd, Re, Re, Cer, Cer, Ker, Rb, Gd^Dr, Rb, Gll, Md, Md, Md, Md, Md^Xm, Md, Hhd, Hhd, Rb, Rb, Gd, Rb, Gd, Gll, Hh, Hhd^Qhh, Hhd^Qhh, Md^Qhh, Md, Md^Eb, Hh, Hh, Hhd, Hhd, Hhd^Qhh, Mm^Qhh, Re^Qhh, Re^Qhh, Re^Qhh, Re^Qhh, Mm^Qhh, Mm, Mm, Mm, Mm, Md, Md, Md, Md
Gll^Fdf, Gll^Fmf, Gll^Fmf, Re^Vc, Gll, Cer, Cer, Cer, Cer, Re, Gd^Efm, Re, Gd, Md, Hhd^Fp, Hhd^Fp, Md, Md^Xm, Md^Xm, Md, Md, Gd, Rb, Rb, Rb, Gd, Gd^Edb, Gll^Edb, Hh, Hhd^Qhh, Md^Qhh, Md, Md, Md, Hhd, Hhd, Hh, Md, Mm^Xm, Mm, Hhd, Hhd, Hhd^Qhh, Hhd, Mm, Mm, Md, Md, Md, Hhd, Md, Md
Hhd^Fdf, Gll^Fdf, Gll, Gll, Gll, Gll, Gll, Re^Vc, Gd, Gd^Efm, Gd^Efm, Re, Re, Gd^Es, Hhd, Hhd, Hhd, Md, Md^Xm, Md^Xm, Rb, Rb, Hhd, Hhd, Rp, Rp, Gd, Gd^Edb, Gd, Gd^Dr, Gll^Qhh, Md^Qhh, Gll, Gll, Gs^Vh, Hhd, Hhd, Mm^Xm, Mm^Xm, Mm, Mm^Xm, Hhd, Mm, Mm^Qhh, Hhd^Qhh, Mm, Md, Md, Hhd, Md, Wwg, Hhd
Hhd^Fdf, Hhd^Fdf, Hhd^Fmf, Gll^Es, Gd^Fdf, Gd, Gd, Gll, Hhd^Fdf, Hhd, Gll, Gll, Wwg^Qhu, Wwg^Qhu, Gll, Rb^Vhr, Gll, Hhd, Cer, Rb, Gd, Gll, Md, Hhd, Gd, Rp, Rp, Gd, Gd, Gd, Gll, Gll^Qhh, Gll^Qhh, Gll^Es, Gd^_mh, Gd^Eb, Hhd, Hh, Mm, Mm, Mm, Mm^Xm, Mm^Xm, Hhd, Md, Md, Hhd, Hhd^_mh, Wwg, Wwg, Hhd, Wwg
Hhd, Hhd^Fdf, Gll^Fmf, Gll^Fdf, Gll^Fmf, Gd^Fdf, Gd, Gll, Gll^Fdf, Gll^Fdf, Gll^Fmf, Gll, Gd, Wwg^Qhu, Gll, Rb, Rb, Rb, Rb, Rb, Md, Md^Xm, Md^Xm, Hhd, Hhd, Gll, Rb^Edb, Gd^Edb, Gll, Gd, Gll, Gll^Dr, Gd^Qhh, Gd, Gd, Rb, Gd^Efm, Hhd, Hhd, Hhd, Md, Mm^Xm, Mm^Xm, Md, Md, Md, Hhd, Hhd, Wwg, Hhd, Md, Md
Hhd, Hhd, Ss, Gll^Fdf, Ss, Gd^Edb, Gll^Edb, Gll, Gll, Gll, Gll, Rb^Vc, Rb, Gll, Cer, Cer, Rb, Gll, Gd^Edb, Md, Md, Md, Md^Xm, Md^Xm, Md, Hhd, Rp^Edb, Rb^Edb, Gll, Gll^Efm, Gd^Efm, Gll, Gll, Gd^Qhh, Gll^Qhh, Gll^Efm, Gll^Efm, Hhd, Hhd, Hhd, Md, Mm^Xm, Md, Md, Hh, Hhd, Wwg, Wwg, Hh, Md, Md, Md
Gll^Efm, Gll, Gd^Efm, Ss, Hhd, Gll^Edb, Gll^Edb, Gll^Edb, Rb^Eff, Rb^Eff, Rb^Eff, Gll, Re, Ker, Cer, Re^Dr, Gll, Re^Vc, Gll^Efm, Hh, Hh, Md, Hhd, Md, Hhd, Gll, Rb^Edb, Rb, Gll, Gll^Efm, Gll, Gll^Efm, Ww^Wkf, Ww^Wkf, Gll^Qhh, Gll^Efm, Gll^Es, Hhd, Md, Md, Md, Md, Md, Hh, Hh, Hhd, Wwg, Hh, Md, Md, Md, Md
Gll, Gd^Efm, Gd^Efm, Gd, Gll, Gll, Rb^Eff, Rb^Wm, Rb^Gvs, Rb^Gvs, Rb^Gvs, Rb, Rb^Eff, Gll, Gll, Re, Re, Gd, Gll^Efm, Gll^Efm, Gll, Gll, Rb, Cer, Rb^Dr, Hhd, Rp, Rb^Edb, Gd, Gd, Gd^Es, Gll, Wwg, Wwg, Gll^Qhh, Gll^Qhh, Hh^Qhh, Hhd, Md^Qhh, Md, Md^Qhh, Md, Md, Md, Wwg, Wwg, Wwg, Md, Md, Md, Md, Md
Gll, Gll^Fdf, Gll, Gd, Rb^Eff, Rb^Eff, Rb^Gvs, Rb^Gvs, Rb^Gvs, Rb^Gvs, Rb^Gvs, Rb^Gvs, Rb^Eff, Rb^Eff, Gll, Re^Vhr, Gll, Re, Re, Re, Re, Re, Cer, Rb, Gll, Rb, Rb, Rp, Rb, Gd, Gd, Wwg, Wog, Ww^Ewl, Gll^Qhh, Hhd^Qhh, Hh, Hh^Qhh, Hhd, Hhd, Wwg, Wwg, Wwg, Hhd, Wwg, Hhd^Vhhr, Md, Wwg, Md, Md, Md, Md
Gll, Gll, Gll, Gll^Es, Gll, Rb^Eff, Rb^Eff, Rb^Gvs, Rb^Gvs, Rb^Gvs, Rb^Eff, Rb^Eff, Gd, Gd, Hhd, Hhd, Md, Md^Xm, Md, Md, Md, Hhd, Md, Hhd, Hhd, Gd, Rb, Rp, Rp, Gd, Gd^Em, Wwg, Wog, Wog, Wwrg, Hhd^Qhh, Hhd, Hhd, Wwg, Hhd, Wwg, Hh, Md, Wwg, Md, Md, Md, Wwg, Md, Md, Md, Md
Gll^Fmf, Gll^Fdf, Hhd, Hhd, Hhd, Hhd, Gll, Rb^Eff, Rb^Eff, Rb^Eff, Gll^Es, Gll, Gd^Fdf, Gd, Gll, Hhd, Hh, Md, Md, Md^Xm, Md^Xm, Md^Xm, Md^Xm, Hhd, Hhd, Gll, Rb, Rb, Rp, Rb, Wwg, Wog, Gll^Qhh, Gll^Qhh, Hhd^Qhh, Wwg^Qhh, Wwg, Wwg, Hhd, Wwg, Md, Md, Md, Md, Md, Md, Md, Wwg, Wwg, Md, Wwg, Wwg
Gll^Fmf, Gll^Fdf, Gll^Fdf, Gll^Fmf, Hhd, Hhd, Hhd, Gll, Gll, Gll, Gll, Gll^Fdf, Gll^Fdf, Gd^Fmf, Gll^Fmf, Hh, Hh, Hh, Hhd, Hhd, Hhd, Md^Xm, Md, Md, Md^Xm, Hhd, Rp, Rb, Rb, Gd, Wwg, Wog, Gll^Qhh, Hh^Qhh, Hhd^Qhh, Hhd, Wwg, Hhd, Hhd, Hhd, Md, Md, Md, Md, Md, Md, Md, Md, Md, Wwg, Md, Md
