Gg, Gg, Gg, Gg, Gg, Gg, Gg, Gg, Gg, Gg, Gg, Gg, Gg, Gg, Gg, Gg, Gg
Gg, Gg, Gg, Gg, Gg, Gg, Gg, Gg, Rrc, Gg, Gg, Gg, Gg, Gg, Gg, Gg, Gg
Gg, Gg, Gg, Gg, Gg, Gg, Rrc, Rrc, Gg, Rrc, Rrc, Gg, Gg, Gg, Gg, Gg, Gg
Gg, Gg, Gg, Gg, Rrc, Rrc, Wog, Gg, Rrc, Gg, Gg, Hd, Mdd, Gg, Gg, Gg, Gg
Gg, Gg, Rrc, Rrc, Wot, Wo, Wog, Rrc, Gg, Rrc, Rrc, Ha, Ms, Mdd^Xm, Xu, Gg, Gg
Gg, Gg, Rrc, Gg, Wot, Wo, Wwg, Gg, Rrc, Gg, Gg, Hhd, Md, Ms^Xm, Xu, Xom, Gg
Gg, Gg, Rrc, Gg, Wwt, Ww, Wwg, Rrc, Gg, Rrc, Rrc, Hh, Mm, Md^Xm, Xu, Xoi, Gg
Gg, Gg, Rrc, Gg, Wwt, Ww, Wwf, Gg, 1 Rrc, Gg, Rrc, Gg, Rrc, Mm^Xm, Xu, Xoa, Gg
Gg, Gg, Rrc, Gg, Wwr, Wwrg, Wwf, Gg, Gg, Gg, Rrc, Gg, Rrc, Gg, Rrc, Xoc, Gg
Gg, Gg, Rrc, Wwrt, Wwr, Wwrg, Ss, Rrc, Rrc, Rrc, Gg, Gg, Rrc, Gg, Rrc, Gg, Gg
Gg, Gg, Rrc, Wwrt, Gg, Sm, Ss, Gg, Qxu, Qxu, Qxu, Rrc, Gg, Gg, Rrc, Gg, Gg
Gg, Gg, Gg, Rrc, Rrc, Sm, Gg, Rrc, Qxu, Qxu, Qxu, Gg, Rrc, Rrc, Gg, Gg, Gg
Gg, Gg, Gg, Gg, Gg, Rrc, Rrc, Gg, Gg, Qxu, Rrc, Rrc, Gg, Gg, Gg, Gg, Gg
Gg, Gg, Gg, Gg, Gg, Gg, Gg, Rrc, Rrc, Rrc, Gg, Gg, Gg, Gg, Gg, Gg, Gg
Gg, Gg, Gg, Gg, Gg, Gg, Gg, Gg, Gg, Gg, Gg, Gg, Gg, Gg, Gg, Gg, Gg
