Gg, Rb^Eqp, Rb^Eqp, Rb, Rb, Gd, Gd^Gvs, Gd, Gd^Gvs, Rb, Rb, Sm, Sm^Efm, Sm^Efm, Sm^Efm, Rb, Rb, Gd, Gd^Gvs, Gd, Gd^Gvs, Rb, Rb, Sm^Efm, Sm^Efm
Gg, Gg^Efm, Gg^Fds, Rb^Eqp, Rb^Eqp, Re, Re, Gd^Gvs, Gd^Gvs, Gd^Gvs, Gd^Gvs, Rb, Rb, Sm^Efm, Sm^Efm, Sm^Efm, Sm^Efm, Rb, Rb, Gd^Gvs, Gd^Gvs, Gd^Gvs, Gd^Gvs, Rb, Rb
Gg^Fds, Gg^Efm, Gg^Efm, Gg, Gg, Rb^Eqp, Rb^Eqp, Rb, Re, Gd^Gvs, Gd^Gvs, Gd^Gvs, Gd^Gvs, Rb, Rb, Sm^Efm, Sm^Efm, Sm^Efm, Sm^Efm, Rb, Rb, Gd^Gvs, Rb, Re, Rb
Gg^Fmf, Gg^Fmf, Gg^Fds, Gg^Fds, Gs, Gg, Gg, Rb^Eqp, Rb^Eqp, Rb, Rb, Gd^Gvs, Gd^Gvs, Gd^Gvs, Gd^Gvs, Rb, Rb, Sm^Efm, Sm^Efm, Sm^Efm, Re, Re, Re, Re, Gd^Gvs
Gg^Efm, Gg^Fmf, Gs^Fdf, Gg^Fdf, Gg^Fds, Gg, Gg^Efm, Gg^Fmf, Gs, Rb^Eqp, Rb^Eqp, Re, Rb, Gd^Gvs, Gd^Gvs, Gd^Gvs, Gd^Gvs, Rb, Rb, Rb, Re, Re, Sm^Efm, Rb, Rb
Gg^Fdf, Gg^Fds, Gg, Gg^Fmf, Gs^Fds, Gg, Gg, Gg^Fds, Gg^Edp, Gg^Fds, Gg^Efm, Rb^Eqp, Rb^Eqp, Rb, Rb, Gd^Gvs, Re, Re, Re, Re, Rb, Sm^Efm, Sm^Efm, Sm^Efm, Sm^Efm
Gg^Fmf, Gg^Fdf, Gg^Fmf, Gg^Edp, Gg^Fmf, Gg^Fds, Gg^Efm, Gg^Edp, Gg^Fmf, Gs, Gg^Edp, Gg, Gg^Edp, Rb^Eqp, Re, Re, Rb, Re, Gd^Gvs, Gd^Gvs, Gd^Gvs, Rb, Rb, Sm^Efm, Sm^Efm
Gg^Fds, Gg, Gg, Gg^Fds, Gg^Edp, Gg, Gg^Edp, Gg, Rb^Eff, Rb^Eff, Rb^Eff, Gs, Gg^Efm, Re^Efs, Re, Re, Rb^Eqp, Rb, Rb, Gd^Gvs, Gd^Gvs, Gd^Gvs, Gd^Gvs, Rb, Rb
Gg, Gs^Fmf, Gg, Gg^Efm, Gg^Fmf, Gg, Rb^Eff, Rb^Eff, Rb^Gvs, Sm^Efm, Rb^Gvs, Rb^Eff, Xoi, Rb, Re, Re, Rb^Efs, Rb^Eqp, Rb^Eqp, Rb, Rb, Gd^Gvs, Gd^Gvs, Gd^Gvs, Gd^Gvs
Gg, Gg^Efm, Gg^Fds, Gs, Rb^Eff, Rb^Eff, Rb^Gvs, Sm^Efm, Rb, Rb, Xoi^Exw, Xoi, Iwo, Xoi, Xoi, Re, Re, Re, Re, Rb^Eqp, Rb^Eqp, Rb, Rb, Gd^Gvs, Gd^Gvs
Gg, Gs^Edp, Rb^Eff, Rb^Eff, Rb^Gvs, Sm^Efm, Rb, Rb, Xoi, Xoi, Iwo^Pw\o, Iwo, Iwo^Pw/, Xoi, Iwc^Eb, Xoi^Exw, Xoi, Re, Re, Rb, Re, Rb^Eqp, Rb^Eqp, Rb, Rb
Rb^Eff, Rb^Eff, Rb^Gvs, Sm^Efm, Rb, Rb, Xoi, Xoi^Exw, Iwo^Qhh, Iwo, Iwo^Ebn, Xoi, Xoi, Iwc, Iwc, Iwc, Iwc, Xoi, Xoa, Rb, Re^Edp, Re, Re^Edp, Rb^Eqp, Rb^Eqp
Sm^Efm, Rb, Rb, Rb, Sm^Efm, Xoa, Xoc^Efs, Iwo^Qhh, Iwo^Qhh, Iwo^Qhh, Iwo, Iwr, Iwo^Pw/, Xoi, Xoi, Iwc, Xoc^Exw, Xoc^Exw, Re, Re^Eff, Rb^Eff, Rb, Re, Re, Rb
Sm^Efm, Rb^Gvs, Sm^Efm, Rb, Rb, Rb^Gvs, Rb^Eff, Xoc^Eff, Iwo^Pw\o, Iwo, Xoi, Xoi, Urc, Iwo, Xoc, Xoc, Re, Rb, Tb^Emf, Sm^Gvs, Sm^Gvs, Re^Eff, Re^Eff, Re, Rb
Rb^Eff, Rb^Gvs, Sm^Efm, Rb^Gvs, Re, Re, Isa, Isa, Isa, Xoc^Efs, Xoc, Urc^Qhh, Xoc^Exw, Xoc^Exw, Rb, Rb^Efs, Tb^Emf, Sm^Gvs, Sm^Gvs, Tb^Emf, Re^Eff, Re^Eff, Re, Rb, Xuf
Gg, Rb^Eff, Rb^Eff, Rb^Eff, Gg^Edp, Rp, Rr, Rp, Xuf, Rb, Rb, Xoa, Re, Re^Exw, Tb^Emf, Sm^Gvs, Sm^Gvs, Tb^Emf, Re^Eff, Rb^Eff, Re, Re, Gg^Efm, Xuf, Gs
Gg, Gg^Efm, Gg^Edp, Gg^Efm, Gg^Fmf, Isa, Rp, Isa, Isa, Gg^Efm, Xuf, Rb^Eff, Re^Eff, Sm^Gvs, Sm^Gvs, Tb^Emf, Re^Eff, Re^Eff, Re, Re, Xuf, Gg, Gg, Gg, Gg
Gg^Fmf, Gg, Gs, Gg, Gs^Edp, Rp, Isa, Rr, Re, Re, Re, Xuf, Gg^Efm, Re^Eff, Rb^Eff, Re^Eff, Re, Rb, Xuf, Gg^Efm, Hh, Hh, Gg, Hh^Efm, Gg^Fmf
Gg^Fmf, Gg^Fmf, Gg^Efm, Gg^Eb, Isa, Rr, Rp, Rp, Gg^Efm, Re, Rb, Re, Re, Rb, Re^Edp, Re^Edp, Gg, Xuf, Gg, Gg, Gg, Hh^Fmf, Gg, Hh, Hh^Fdf
Gs, Gg^Edp, Isa, Rp, Isa, Rp, Gg^Eb, Gg, Gg^Efm, Gg^Edp, Gs, Re, Re, Re, Gs, Xuf, Gg^Efm, Hh, Hh^Fmf, Hh^Efm, Gg^Fmf, Gg^Fdf, Hh^Fds, Hh^Fmf, Hh^Fdf
Gg, Isa, Re, Isa, Gg, Gs, Gg, Gg^Fmf, Gg, Gg, Gg, Gg^Edp, Gg, Gg, Gg, Hh, Gg, Hh, Hh^Fmf, Hh, Gg, Hh^Fds, Gg, Gs^Fmf, Gg
