Wo, Wo, Wo, Wo, Wo, Wo, Wo, Wo, Wo, Wo, Wo, Wo, Wo, Wo, Ww, Ss, Gs, Hh, Gs^Fdf, Gs, Gs, Gs^Fdf, Rd, Hh, Hh
Wo, Wo, Wo, Wo^Wkf, Wo, Wo, Wo, Wo^Wkf, Wo^Wkf, Wo, Wo, Wo^Wkf, Ww^Wkf, Wo, Ww^Ewf, Ww^Ewf, Gs^Es, Gs^Fdf, Gs^Es, Hh, Hh^Fmf, Gs, Rd, Gs^Fdf, Hh
Wo, Wo, Wo, Wo, Wo^Wkf, Wo, Wo, Wo^Wkf, Wo^Wkf, Wo^Wkf, Ww, Wo, Ww^Wkf, Wo^Wkf, Ww^Wkf, Ww^Es, Ss, Hh, Gs^Fdf, Hh^Efm, Gs^Efm, Gs^Es, Rd, Hh, Hh
Wo, Wo, Wo^Wkf, Wo^Wkf, Wo^Wkf, Wo, Wo, Wo, Wo, Ww^Wkf, Mdd, Ds, Ds, Ww^Wkf, Ww, Ww^Wkf, Wo^Wkf, Wwr, Hh, Gs^Fmf, Gs^Es, Rd, Hh^Efm, Hh^Fmf, Hh
Wo, Wo, Wo, Wo, Ww^Wkf, Wo, Wo, Ww, Ww^Es, Ds, Hhd^Es, Mdd^Es, Hhd, Ww^Es, Ww^Wkf, Wo, Ww, Ss^Es, Gs^Fmf, Hh, Rd, Rd, Gs^Fmf, Hh^Fmf, Hh
Wo, Wo^Wkf, Wo^Wkf, Wo, Ww^Es, Ww^Wkf, Ww^Wkf, Ww, Wo, Rd, Hd, Mdd, Ds^Es, Wwr, Wwr, Wo, Ss, Ww^Ewf, Gs^Fmf, Hh, Rd, Hh, Gs^Feth, Gs^Fdf, Hh
Wo, Wo, Wo^Wkf, Wo, Ww, Ww^Wkf, Ww^Wkf, Ww^Es, Ww, Ds, Rd^Dr, Hd^Es, Rd, Ds, Dd^Es, Ww^Ewf, Gs^Efm, Gs^Fdf, Hh, Gs^Efm, Rd, Gs^Efm, Gs^Fdf, Hh^Fmf, Hh^Fmf
Wo, Wo, Ww^Es, Ww^Wkf, Ww^Wkf, Ww^Es, Xom^Efs, Xom^Exw, Xom, Wwr, Re^Eff, Re^Eff, Re^Eff, Hd, Rd, Ds, Rd, Rd, Rd, Rd^Efs, Hh, Rd^Efs, Rd^Es, Hh^Es, Hh
Wo, Wo, Ww, Ww, Xom, Xom, Urc, Urc, Xom^Efs, Xom, Xom, Rb, Rb, Re^Eff, Re^Eff, Dd, Rd^Es, Hh, Hh, Hh^Fmf, Gs^Qhh, Hh^Fmf, Hh, Rd, Rd
Wo, Ww, Wwr, Xom^Exw, Xom^Exw, Urc, Urc^Pw/o, Xom, Urc, Urc^Ebn, Xom, Xom^Exw, Rd, Rb, Re^Eff, Rd^Eff, Dd^Es, Dd, Hhd^Qhh, Gs^Qhh, Gs^Qhhf, Hh^Fmf, Hh^Qhh, Hh, Hh
Wo, Ww, Ww, Wwr, Rd, Xom^Exw, Xom, Urc, Xom, Urc^Pw/, Rd, Rd, Dd, Rd, Hd^Efm, Rd^Es, Rd, Dd, Hhd^Es, Mdd^Qhh, Mdd^Qhh, Hh^Qhhf, Gs^Qhhf, Gs^Qhh, Gs^Qhh
Wo, Wo, Ww^Es, Ds, Dd^Eff, Rd^Eff, Rd, Xom^Exw, Rd^Efm, Rd, Rd^Es, Ds^Ecf, Ds, Dd^Es, Hd, Hd, Rd^Es, Dd, Hhd, Hhd, Hh^Qhhf, Hh^Qhhf, Gs^Qhhf, Gs^Fmf, Gs^Qhh
Wo, Wo^Wkf, Ww^Wkf, Ds, Dd, Rd^Eff, Hd, Dd^Es, Rd, Rd^Es, Ww^Wkf, Wwr, Ww, Dd^Es, Hd, Hd^Efm, Dd^Es, Rd, Dd, Hhd^Qhh, Hh^Qhhf, Gll^Fdf, Gs^Qhhf, Gs^Qhhf, Gs^Qhh
Wo, Wo, Wo, Wwr, Ds, Hd, Hd, Rd, Rd, Wo^Wkf, Wo, Wo, Wo, Wo^Wkf, Wwr, Ds, Dd, Rd, Dd, Hd^Qhh, Mdd^Qhh, Gs^Qhhf, Gs^Qhh, Gs^Qhh, Hh^Fmf
Wo, Wo, Ww, Ww, Wwr, Ds^Es, Rd^Es, Dd, Rd^Es, Wo^Bw\, Wo^Bw\, Wo, Wo, Wo^Wkf, Wo, Wwr, Ww, Wwr, Hhd^Qhh, Gs^Qhhf, Gs^Fmf, Hh^Qhhf, Gs^Qhhf, Hh^Qhhf, Hh^Qhh
Wo, Wo, Wo, Wo^Wkf, Ww^Wkf, Ds, Dd, Rd, Rd^Es, Rd, Ww^Es, Wo^Bw\, Wo^Bw\, Wo, Wo, Wo, Wo^Wkf, Ww^Ewl, Hh^Qhh, Hh^Qhhf, Hh^Qhhf, Hh^Qhh, Ss^Qhh, Ss^Qhh, Ss^Qhh
Wo^Wkf, Wo, Wo^Wkf, Wo^Wkf, Wo^Wkf, Dd, Ds, Dd^Es, Ds^Es, Dd, Rd^Es, Wo, Wo, Wo, Wo, Wo, Wo, Wwr, Hhd^Qhh, Gs^Qhhf, Gll^Fdf, Ss^Qhh, Hh^Qhh, Hh^Qhhf, Hh^Qhh
Wo, Wo, Wo^Wkf, Wo^Wkf, Wo^Wkf, Ww, Ww^Es, Dd, Ww^Wkf, Ds, Ww^Es, Ww^Es, Wo, Wo, Wo, Wo^Wkf, Wo, Ww^Wkf, Ww^Ewf, Hh^Qhhf, Ww^Qhh, Ww^Qhh, Hh^Qhhf, Gs^Fmf, Hh^Qhh
Wo, Wo, Wo, Wo, Wo, Wo, Ww, Wo^Wkf, Wo^Wkf, Ww, Wo, Wo, Wo, Wo, Wo, Wo, Ww, Wo^Wkf, Ww, Ww^Qhh, Hh^Qhhf, Gs^Qhhf, Gll^Fdf, Gs^Qhhf, Gs^Efm
Wo, Wo, Wo, Wo^Wkf, Wo, Wo, Wo, Wo^Wkf, Wo^Wkf, Wo, Wo, Wo, Wo, Wo^Wkf, Wo^Wkf, Wo, Wo, Wo, Ww, Ww^Ewl, Hh^Qhh, Hh^Qhh, Hh^Qhh, Gs^Qhhf, Gs
Wo, Wo, Wo, Wo, Wo, Wo, Wo, Wo, Wo, Wo^Wkf, Wo, Wo, Wo, Wo^Wkf, Wo^Wkf, Wo, Wo, Wo, Wo, Ww, Hh^Qhh, Hh^Qhh, Hh^Qhh, Hh^Qhh, Hh
